Archive member included to satisfy reference by file (symbol)

c:/program files (x86)/atmel/studio/7.0/toolchain/avr8/avr8-gnu-toolchain/bin/../lib/gcc/avr/5.4.0/../../../../avr/lib/avr6\libm.a(fixunssfsi.o)
                              Drivers/ADC2518.o (__fixunssfsi)
c:/program files (x86)/atmel/studio/7.0/toolchain/avr8/avr8-gnu-toolchain/bin/../lib/gcc/avr/5.4.0/../../../../avr/lib/avr6\libm.a(floatsisf.o)
                              Drivers/ADC2518.o (__floatsisf)
c:/program files (x86)/atmel/studio/7.0/toolchain/avr8/avr8-gnu-toolchain/bin/../lib/gcc/avr/5.4.0/../../../../avr/lib/avr6\libm.a(fp_split3.o)
                              c:/program files (x86)/atmel/studio/7.0/toolchain/avr8/avr8-gnu-toolchain/bin/../lib/gcc/avr/5.4.0/../../../../avr/lib/avr6\libm.a(fixunssfsi.o) (__fp_splitA)
c:/program files (x86)/atmel/studio/7.0/toolchain/avr8/avr8-gnu-toolchain/bin/../lib/gcc/avr/5.4.0/../../../../avr/lib/avr6\libm.a(fp_zero.o)
                              c:/program files (x86)/atmel/studio/7.0/toolchain/avr8/avr8-gnu-toolchain/bin/../lib/gcc/avr/5.4.0/../../../../avr/lib/avr6\libm.a(fixunssfsi.o) (__fp_zero)
c:/program files (x86)/atmel/studio/7.0/toolchain/avr8/avr8-gnu-toolchain/bin/../lib/gcc/avr/5.4.0/../../../../avr/lib/avr6\libm.a(mulsf3.o)
                              Drivers/ADC2518.o (__mulsf3)
c:/program files (x86)/atmel/studio/7.0/toolchain/avr8/avr8-gnu-toolchain/bin/../lib/gcc/avr/5.4.0/../../../../avr/lib/avr6\libm.a(mulsf3x.o)
                              c:/program files (x86)/atmel/studio/7.0/toolchain/avr8/avr8-gnu-toolchain/bin/../lib/gcc/avr/5.4.0/../../../../avr/lib/avr6\libm.a(mulsf3.o) (__mulsf3x)
c:/program files (x86)/atmel/studio/7.0/toolchain/avr8/avr8-gnu-toolchain/bin/../lib/gcc/avr/5.4.0/../../../../avr/lib/avr6\libm.a(fp_inf.o)
                              c:/program files (x86)/atmel/studio/7.0/toolchain/avr8/avr8-gnu-toolchain/bin/../lib/gcc/avr/5.4.0/../../../../avr/lib/avr6\libm.a(mulsf3x.o) (__fp_inf)
c:/program files (x86)/atmel/studio/7.0/toolchain/avr8/avr8-gnu-toolchain/bin/../lib/gcc/avr/5.4.0/../../../../avr/lib/avr6\libm.a(fp_nan.o)
                              c:/program files (x86)/atmel/studio/7.0/toolchain/avr8/avr8-gnu-toolchain/bin/../lib/gcc/avr/5.4.0/../../../../avr/lib/avr6\libm.a(mulsf3x.o) (__fp_nan)
c:/program files (x86)/atmel/studio/7.0/toolchain/avr8/avr8-gnu-toolchain/bin/../lib/gcc/avr/5.4.0/../../../../avr/lib/avr6\libm.a(fp_pscA.o)
                              c:/program files (x86)/atmel/studio/7.0/toolchain/avr8/avr8-gnu-toolchain/bin/../lib/gcc/avr/5.4.0/../../../../avr/lib/avr6\libm.a(mulsf3x.o) (__fp_pscA)
c:/program files (x86)/atmel/studio/7.0/toolchain/avr8/avr8-gnu-toolchain/bin/../lib/gcc/avr/5.4.0/../../../../avr/lib/avr6\libm.a(fp_pscB.o)
                              c:/program files (x86)/atmel/studio/7.0/toolchain/avr8/avr8-gnu-toolchain/bin/../lib/gcc/avr/5.4.0/../../../../avr/lib/avr6\libm.a(mulsf3x.o) (__fp_pscB)
c:/program files (x86)/atmel/studio/7.0/toolchain/avr8/avr8-gnu-toolchain/bin/../lib/gcc/avr/5.4.0/../../../../avr/lib/avr6\libm.a(fp_round.o)
                              c:/program files (x86)/atmel/studio/7.0/toolchain/avr8/avr8-gnu-toolchain/bin/../lib/gcc/avr/5.4.0/../../../../avr/lib/avr6\libm.a(mulsf3.o) (__fp_round)
c:/program files (x86)/atmel/studio/7.0/toolchain/avr8/avr8-gnu-toolchain/bin/../lib/gcc/avr/5.4.0/../../../../avr/lib/avr6\libprintf_flt.a(vfprintf_flt.o)
                              (vfprintf)
c:/program files (x86)/atmel/studio/7.0/toolchain/avr8/avr8-gnu-toolchain/bin/../lib/gcc/avr/5.4.0/avr6\libgcc.a(_mulsi3.o)
                              Drivers/LowLevelFlashDriver/spi-nand-base.o (__mulsi3)
c:/program files (x86)/atmel/studio/7.0/toolchain/avr8/avr8-gnu-toolchain/bin/../lib/gcc/avr/5.4.0/avr6\libgcc.a(_divmodsi4.o)
                              Drivers/RH_T.o (__divmodsi4)
c:/program files (x86)/atmel/studio/7.0/toolchain/avr8/avr8-gnu-toolchain/bin/../lib/gcc/avr/5.4.0/avr6\libgcc.a(_negsi2.o)
                              c:/program files (x86)/atmel/studio/7.0/toolchain/avr8/avr8-gnu-toolchain/bin/../lib/gcc/avr/5.4.0/avr6\libgcc.a(_divmodsi4.o) (__negsi2)
c:/program files (x86)/atmel/studio/7.0/toolchain/avr8/avr8-gnu-toolchain/bin/../lib/gcc/avr/5.4.0/avr6\libgcc.a(_exit.o)
                              C:/Program Files (x86)/Atmel/Studio/7.0/Packs/atmel/ATmega_DFP/2.0.401/gcc/dev/atmega2560/avr6/crtatmega2560.o (exit)
c:/program files (x86)/atmel/studio/7.0/toolchain/avr8/avr8-gnu-toolchain/bin/../lib/gcc/avr/5.4.0/avr6\libgcc.a(_copy_data.o)
                              Commands/testCommand1.o (__do_copy_data)
c:/program files (x86)/atmel/studio/7.0/toolchain/avr8/avr8-gnu-toolchain/bin/../lib/gcc/avr/5.4.0/avr6\libgcc.a(_clear_bss.o)
                              Commands/testCommand1.o (__do_clear_bss)
c:/program files (x86)/atmel/studio/7.0/toolchain/avr8/avr8-gnu-toolchain/bin/../lib/gcc/avr/5.4.0/avr6\libgcc.a(_umulhisi3.o)
[...]
Memory Configuration

Name             Origin             Length             Attributes
text             0x00000000         0x00040000         xr
data             0x00800200         0x00002000         rw !x
eeprom           0x00810000         0x00001000         rw !x
fuse             0x00820000         0x00000003         rw !x
lock             0x00830000         0x00000400         rw !x
signature        0x00840000         0x00000400         rw !x
user_signatures  0x00850000         0x00000400         rw !x
*default*        0x00000000         0xffffffff

Linker script and memory map

Address of section .data set to 0x800200
LOAD C:/Program Files (x86)/Atmel/Studio/7.0/Packs/atmel/ATmega_DFP/2.0.401/gcc/dev/atmega2560/avr6/crtatmega2560.o
LOAD Commands/testCommand1.o
LOAD CountersAndTimers.o
LOAD Drivers/ADC2518.o
LOAD Drivers/ADC_uC.o
LOAD Drivers/FETS.o
LOAD Drivers/LowLevelFlashDriver/spi-nand-base.o
LOAD Drivers/LowLevelFlashDriver/spi-nand-cmd.o
LOAD Drivers/NPA700.o
LOAD Drivers/RH_T.o
LOAD Drivers/spi_ADC2518.o
LOAD Drivers/EnablesAndCSs.o
LOAD Drivers/FLASH_Driver.o
LOAD Drivers/RTC.o
LOAD Drivers/spi.o
LOAD Drivers/spi_DACs.o
LOAD Drivers/spi_FRAM.o
LOAD Drivers/spi_RTC.o
LOAD Drivers/TWI_MUX.o
LOAD Drivers/twi_utils.o
LOAD Initialize.o
LOAD main.o
LOAD majorGeneral.o
LOAD uart.o
START GROUP
LOAD c:/program files (x86)/atmel/studio/7.0/toolchain/avr8/avr8-gnu-toolchain/bin/../lib/gcc/avr/5.4.0/../../../../avr/lib/avr6\libm.a
END GROUP
LOAD c:/program files (x86)/atmel/studio/7.0/toolchain/avr8/avr8-gnu-toolchain/bin/../lib/gcc/avr/5.4.0/../../../../avr/lib/avr6\libprintf_flt.a
LOAD c:/program files (x86)/atmel/studio/7.0/toolchain/avr8/avr8-gnu-toolchain/bin/../lib/gcc/avr/5.4.0/../../../../avr/lib/avr6\libm.a
START GROUP
LOAD c:/program files (x86)/atmel/studio/7.0/toolchain/avr8/avr8-gnu-toolchain/bin/../lib/gcc/avr/5.4.0/avr6\libgcc.a
LOAD c:/program files (x86)/atmel/studio/7.0/toolchain/avr8/avr8-gnu-toolchain/bin/../lib/gcc/avr/5.4.0/../../../../avr/lib/avr6\libm.a
LOAD c:/program files (x86)/atmel/studio/7.0/toolchain/avr8/avr8-gnu-toolchain/bin/../lib/gcc/avr/5.4.0/../../../../avr/lib/avr6\libc.a
LOAD C:/Program Files (x86)/Atmel/Studio/7.0/Packs/atmel/ATmega_DFP/2.0.401/gcc/dev/atmega2560/avr6\libatmega2560.a
END GROUP
                0x00000000                __TEXT_REGION_ORIGIN__ = DEFINED (__TEXT_REGION_ORIGIN__)?__TEXT_REGION_ORIGIN__:0x0
                [0x00800200]                __DATA_REGION_ORIGIN__ = DEFINED (__DATA_REGION_ORIGIN__)?__DATA_REGION_ORIGIN__:0x800200
                [0x00040000]                __TEXT_REGION_LENGTH__ = DEFINED (__TEXT_REGION_LENGTH__)?__TEXT_REGION_LENGTH__:0x100000
                [0x00002000]                __DATA_REGION_LENGTH__ = DEFINED (__DATA_REGION_LENGTH__)?__DATA_REGION_LENGTH__:0xfe00
                [0x00001000]                __EEPROM_REGION_LENGTH__ = DEFINED (__EEPROM_REGION_LENGTH__)?__EEPROM_REGION_LENGTH__:0x10000
                [0x00000003]                __FUSE_REGION_LENGTH__ = DEFINED (__FUSE_REGION_LENGTH__)?__FUSE_REGION_LENGTH__:0x400
                0x00000400                __LOCK_REGION_LENGTH__ = DEFINED (__LOCK_REGION_LENGTH__)?__LOCK_REGION_LENGTH__:0x400
                0x00000400                __SIGNATURE_REGION_LENGTH__ = DEFINED (__SIGNATURE_REGION_LENGTH__)?__SIGNATURE_REGION_LENGTH__:0x400
                0x00000400                __USER_SIGNATURE_REGION_LENGTH__ = DEFINED (__USER_SIGNATURE_REGION_LENGTH__)?__USER_SIGNATURE_REGION_LENGTH__:0x400

.hash
 *(.hash)

.dynsym
 *(.dynsym)

.dynstr
 *(.dynstr)

.gnu.version
 *(.gnu.version)

.gnu.version_d
 *(.gnu.version_d)

.gnu.version_r
 *(.gnu.version_r)

.rel.init
 *(.rel.init)

.rela.init
 *(.rela.init)

.rel.text
 *(.rel.text)
 *(.rel.text.*)
 *(.rel.gnu.linkonce.t*)

.rela.text
 *(.rela.text)
 *(.rela.text.*)
 *(.rela.gnu.linkonce.t*)

.rel.fini
 *(.rel.fini)

.rela.fini
 *(.rela.fini)

.rel.rodata
 *(.rel.rodata)
 *(.rel.rodata.*)
 *(.rel.gnu.linkonce.r*)

.rela.rodata
 *(.rela.rodata)
 *(.rela.rodata.*)
 *(.rela.gnu.linkonce.r*)

.rel.data
 *(.rel.data)
 *(.rel.data.*)
 *(.rel.gnu.linkonce.d*)

.rela.data
 *(.rela.data)
 *(.rela.data.*)
 *(.rela.gnu.linkonce.d*)

.rel.ctors
 *(.rel.ctors)

.rela.ctors
 *(.rela.ctors)

.rel.dtors
 *(.rel.dtors)

.rela.dtors
 *(.rela.dtors)

.rel.got
 *(.rel.got)

.rela.got
 *(.rela.got)

.rel.bss
 *(.rel.bss)

.rela.bss
 *(.rela.bss)

.rel.plt
 *(.rel.plt)

.rela.plt
 *(.rela.plt)

.text           0x00000000     0x9da4
 *(.vectors)
 .vectors       0x00000000       0xe4 C:/Program Files (x86)/Atmel/Studio/7.0/Packs/atmel/ATmega_DFP/2.0.401/gcc/dev/atmega2560/avr6/crtatmega2560.o
                0x00000000                __vector_default
                0x00000000                __vectors
 *(.vectors)
 *(.progmem.gcc*)
                0x000000e4                . = ALIGN (0x2)
                0x000000e4                __trampolines_start = .
 *(.trampolines)
 .trampolines   0x000000e4        0x0 linker stubs
 *(.trampolines*)
                0x000000e4                __trampolines_end = .
 *libprintf_flt.a:*(.progmem.data)
 .progmem.data  0x000000e4        0x8 c:/program files (x86)/atmel/studio/7.0/toolchain/avr8/avr8-gnu-toolchain/bin/../lib/gcc/avr/5.4.0/../../../../avr/lib/avr6\libprintf_flt.a(vfprintf_flt.o)
 *libc.a:*(.progmem.data)
 .progmem.data  0x000000ec       0xfa c:/program files (x86)/atmel/studio/7.0/toolchain/avr8/avr8-gnu-toolchain/bin/../lib/gcc/avr/5.4.0/../../../../avr/lib/avr6\libc.a(ftoa_engine.o)
 *(.progmem*)
 .progmem.data.__c.2541
                0x000001e6       0x14 Commands/testCommand1.o
 .progmem.data.__c.2557
                0x000001fa       0x13 Commands/testCommand1.o
 .progmem.data.__c.2046
                0x0000020d       0x20 Drivers/ADC2518.o
 .progmem.data.__c.2037
                0x0000022d       0x15 Drivers/ADC2518.o
 .progmem.data.__c.2082
                0x00000242        0x2 Drivers/ADC_uC.o
 .progmem.data.__c.2077
                0x00000244        0x4 Drivers/ADC_uC.o
 .progmem.data.__c.2071
                0x00000248       0x1f Drivers/ADC_uC.o
 .progmem.data.__c.2042
                0x00000267       0x23 Drivers/NPA700.o
 .progmem.data.__c.2040
                0x0000028a       0x1c Drivers/NPA700.o
 .progmem.data.__c.2038
                0x000002a6       0x20 Drivers/NPA700.o
 .progmem.data.__c.2435
                0x000002c6       0x3f Drivers/FLASH_Driver.o
 .progmem.data.__c.2453
                0x00000305       0x3f Drivers/FLASH_Driver.o
 .progmem.data.__c.2579
                0x00000344       0x27 Drivers/FLASH_Driver.o
 .progmem.data.__c.2585
                0x0000036b       0x39 Drivers/FLASH_Driver.o
 .progmem.data.__c.2587
                0x000003a4       0x30 Drivers/FLASH_Driver.o
 .progmem.data.__c.2589
                0x000003d4       0x39 Drivers/FLASH_Driver.o
 .progmem.data.__c.2591
                0x0000040d       0x29 Drivers/FLASH_Driver.o
 .progmem.data.__c.2593
                0x00000436       0x3e Drivers/FLASH_Driver.o
 .progmem.data.__c.2631
                0x00000474       0x18 Drivers/FLASH_Driver.o
 .progmem.data.__c.2633
                0x0000048c       0x27 Drivers/FLASH_Driver.o
 .progmem.data.__c.2635
                0x000004b3       0x31 Drivers/FLASH_Driver.o
 .progmem.data.__c.2637
                0x000004e4       0x27 Drivers/FLASH_Driver.o
 .progmem.data.__c.2649
                0x0000050b       0x18 Drivers/FLASH_Driver.o
 .progmem.data.__c.2651
                0x00000523       0x2e Drivers/FLASH_Driver.o
 .progmem.data.__c.2653
                0x00000551       0x38 Drivers/FLASH_Driver.o
 .progmem.data.__c.2655
                0x00000589       0x2e Drivers/FLASH_Driver.o
 .progmem.data.__c.2669
                0x000005b7       0x2d Drivers/FLASH_Driver.o
 .progmem.data.__c.2675
                0x000005e4       0x3a Drivers/FLASH_Driver.o
 .progmem.data.__c.2677
                0x0000061e       0x2a Drivers/FLASH_Driver.o
 .progmem.data.__c.2679
                0x00000648       0x3f Drivers/FLASH_Driver.o
 .progmem.data.__c.2704
                0x00000687       0x25 Drivers/FLASH_Driver.o
 .progmem.data.__c.2706
                0x000006ac       0x3c Drivers/FLASH_Driver.o
 .progmem.data.__c.2708
                0x000006e8       0x25 Drivers/FLASH_Driver.o
 .progmem.data.__c.2710
                0x0000070d       0x33 Drivers/FLASH_Driver.o
 .progmem.data.__c.2717
                0x00000740       0x3a Drivers/FLASH_Driver.o
 .progmem.data.__c.2719
                0x0000077a       0x2f Drivers/FLASH_Driver.o
 .progmem.data.__c.2721
                0x000007a9       0x28 Drivers/FLASH_Driver.o
 .progmem.data.__c.2723
                0x000007d1       0x37 Drivers/FLASH_Driver.o
 .progmem.data.majorGeneral
                0x00000808     0x11ae majorGeneral.o
                0x00000808                majorGeneral
                0x000019b6                . = ALIGN (0x2)
 *(.jumptables)
 *(.jumptables*)
 *(.lowtext)
 *(.lowtext*)
                0x000019b6                __ctors_start = .
 *(.ctors)
                0x000019b6                __ctors_end = .
                0x000019b6                __dtors_start = .
 *(.dtors)
                0x000019b6                __dtors_end = .
 SORT(*)(.ctors)
 SORT(*)(.dtors)
 *(.init0)
 .init0         0x000019b6        0x0 C:/Program Files (x86)/Atmel/Studio/7.0/Packs/atmel/ATmega_DFP/2.0.401/gcc/dev/atmega2560/avr6/crtatmega2560.o
                0x000019b6                __init
 *(.init0)
 *(.init1)
 *(.init1)
 *(.init2)
 .init2         0x000019b6       0x10 C:/Program Files (x86)/Atmel/Studio/7.0/Packs/atmel/ATmega_DFP/2.0.401/gcc/dev/atmega2560/avr6/crtatmega2560.o
 *(.init2)
 *(.init3)
 *(.init3)
 *(.init4)
 .init4         0x000019c6       0x1a c:/program files (x86)/atmel/studio/7.0/toolchain/avr8/avr8-gnu-toolchain/bin/../lib/gcc/avr/5.4.0/avr6\libgcc.a(_copy_data.o)
                0x000019c6                __do_copy_data
 .init4         0x000019e0       0x10 c:/program files (x86)/atmel/studio/7.0/toolchain/avr8/avr8-gnu-toolchain/bin/../lib/gcc/avr/5.4.0/avr6\libgcc.a(_clear_bss.o)
                0x000019e0                __do_clear_bss
 *(.init4)
 *(.init5)
 *(.init5)
 *(.init6)
 *(.init6)
 *(.init7)
 *(.init7)
 *(.init8)
 *(.init8)
 *(.init9)
 .init9         0x000019f0        0x8 C:/Program Files (x86)/Atmel/Studio/7.0/Packs/atmel/ATmega_DFP/2.0.401/gcc/dev/atmega2560/avr6/crtatmega2560.o
 *(.init9)
 *(.text)
 .text          0x000019f8        0x4 C:/Program Files (x86)/Atmel/Studio/7.0/Packs/atmel/ATmega_DFP/2.0.401/gcc/dev/atmega2560/avr6/crtatmega2560.o
                0x000019f8                __vector_38
                0x000019f8                __vector_22
                0x000019f8                __vector_28
                0x000019f8                __vector_1
                0x000019f8                __vector_32
                0x000019f8                __vector_34
                0x000019f8                __vector_24
                0x000019f8                __vector_12
                0x000019f8                __vector_55
                0x000019f8                __vector_46
                0x000019f8                __bad_interrupt
                0x000019f8                __vector_6
                0x000019f8                __vector_31
                0x000019f8                __vector_35
                0x000019f8                __vector_39
                0x000019f8                __vector_3
                0x000019f8                __vector_23
                0x000019f8                __vector_30
                0x000019f8                __vector_45
                0x000019f8                __vector_11
                0x000019f8                __vector_54
                0x000019f8                __vector_17
                0x000019f8                __vector_19
                0x000019f8                __vector_56
                0x000019f8                __vector_7
                0x000019f8                __vector_49
                0x000019f8                __vector_41
                0x000019f8                __vector_43
                0x000019f8                __vector_27
                0x000019f8                __vector_5
                0x000019f8                __vector_33
                0x000019f8                __vector_47
                0x000019f8                __vector_52
                0x000019f8                __vector_37
                0x000019f8                __vector_4
                0x000019f8                __vector_44
                0x000019f8                __vector_51
                0x000019f8                __vector_9
                0x000019f8                __vector_2
                0x000019f8                __vector_21
                0x000019f8                __vector_15
                0x000019f8                __vector_40
                0x000019f8                __vector_26
                0x000019f8                __vector_48
                0x000019f8                __vector_14
                0x000019f8                __vector_53
                0x000019f8                __vector_10
                0x000019f8                __vector_50
                0x000019f8                __vector_16
                0x000019f8                __vector_18
                0x000019f8                __vector_20
                0x000019f8                __vector_42
                0x000019fc                . = ALIGN (0x2)
 *(.text.*)
 .text.processCommand
                0x000019fc      0x5ba Commands/testCommand1.o
                0x000019fc                processCommand
 .text.setTestBlock
                0x00001fb6       0x5c Commands/testCommand1.o
                0x00001fb6                setTestBlock
 .text.doFlashWriteTest
                0x00002012       0xec Commands/testCommand1.o
                0x00002012                doFlashWriteTest
 .text.doFlashReadTest
                0x000020fe       0xf8 Commands/testCommand1.o
                0x000020fe                doFlashReadTest
 .text.doFlashEraseTest
                0x000021f6       0x1c Commands/testCommand1.o
                0x000021f6                doFlashEraseTest
 .text.doFlashMarkBlockBad
                0x00002212       0x72 Commands/testCommand1.o
                0x00002212                doFlashMarkBlockBad
 .text.doFlashTestReadAll
                0x00002284      0x1e0 Commands/testCommand1.o
                0x00002284                doFlashTestReadAll
 .text.toggleMicron
                0x00002464       0x48 Commands/testCommand1.o
                0x00002464                toggleMicron
 .text.testRandomWR
                0x000024ac      0x516 Commands/testCommand1.o
                0x000024ac                testRandomWR
 .text.FlashABTest
                0x000029c2      0x2c0 Commands/testCommand1.o
                0x000029c2                FlashABTest
 .text.FlashReadBlocksTest
                0x00002c82      0x1a0 Commands/testCommand1.o
                0x00002c82                FlashReadBlocksTest
 .text.FlashReadBlocksTest_micron
                0x00002e22      0x14c Commands/testCommand1.o
                0x00002e22                FlashReadBlocksTest_micron
 .text.dumpBuffer
                0x00002f6e       0x7c Commands/testCommand1.o
                0x00002f6e                dumpBuffer
 .text.FlashBasicTest
                0x00002fea      0x140 Commands/testCommand1.o
                0x00002fea                FlashBasicTest
 .text.__vector_8
                0x0000312a       0x14 CountersAndTimers.o
                0x0000312a                __vector_8
 .text.__vector_13
                0x0000313e       0x8c CountersAndTimers.o
                0x0000313e                __vector_13
 .text.init_timer2
                0x000031ca       0x30 CountersAndTimers.o
                0x000031ca                init_timer2
 .text.init_CountersIimers
                0x000031fa       0x16 CountersAndTimers.o
                0x000031fa                init_CountersIimers
 .text.ADC_rdSystemStatus
                0x00003210       0x22 Drivers/ADC2518.o
                0x00003210                ADC_rdSystemStatus
 .text.ADC_wrGPO
                0x00003232       0x3e Drivers/ADC2518.o
                0x00003232                ADC_wrGPO
 .text.initADC2518
                0x00003270       0x20 Drivers/ADC2518.o
                0x00003270                initADC2518
 .text.ADC_OverSample
                0x00003290       0x24 Drivers/ADC2518.o
                0x00003290                ADC_OverSample
 .text.ADC_OscSpeed
                0x000032b4       0x3c Drivers/ADC2518.o
                0x000032b4                ADC_OscSpeed
 .text.ADC_manualMode
                0x000032f0        0xa Drivers/ADC2518.o
                0x000032f0                ADC_manualMode
 .text.ADC_ReadManualModeAnalogCh
                0x000032fa       0x68 Drivers/ADC2518.o
                0x000032fa                ADC_ReadManualModeAnalogCh
 .text.nextADC  0x00003362       0x5c Drivers/ADC_uC.o
                0x00003362                nextADC
 .text.showActiveADCs
                0x000033be       0x78 Drivers/ADC_uC.o
                0x000033be                showActiveADCs
 .text.incADC_MUX
                0x00003436       0x32 Drivers/ADC_uC.o
                0x00003436                incADC_MUX
 .text.__vector_29
                0x00003468      0x106 Drivers/ADC_uC.o
                0x00003468                __vector_29
 .text.doAdc    0x0000356e       0x56 Drivers/ADC_uC.o
                0x0000356e                doAdc
 .text.startADCcycle
                0x000035c4       0x2c Drivers/ADC_uC.o
                0x000035c4                startADCcycle
 .text.init_adc
                0x000035f0       0x3e Drivers/ADC_uC.o
                0x000035f0                init_adc
 .text.spi_nand_ecc_status
                0x0000362e       0x60 Drivers/LowLevelFlashDriver/spi-nand-base.o
 .text.ilog2    0x0000368e       0x36 Drivers/LowLevelFlashDriver/spi-nand-base.o
 .text.spi_nand_scan_id_table
                0x000036c4      0x224 Drivers/LowLevelFlashDriver/spi-nand-base.o
 .text.onfi_crc16
                0x000038e8       0x52 Drivers/LowLevelFlashDriver/spi-nand-base.o
 .text.sanitize_string
                0x0000393a       0x58 Drivers/LowLevelFlashDriver/spi-nand-base.o
 .text.spi_nand_set_rd_wr_op
                0x00003992       0x3c Drivers/LowLevelFlashDriver/spi-nand-base.o
 .text.spi_nand_read_page_to_cache
                0x000039ce       0x48 Drivers/LowLevelFlashDriver/spi-nand-base.o
 .text.spi_nand_read_page_cache_random
                0x00003a16       0x48 Drivers/LowLevelFlashDriver/spi-nand-base.o
 .text.spi_nand_read_page_cache_last
                0x00003a5e       0x3e Drivers/LowLevelFlashDriver/spi-nand-base.o
 .text.spi_nand_read_from_cache
                0x00003a9c       0xcc Drivers/LowLevelFlashDriver/spi-nand-base.o
 .text.spi_nand_program_data_to_cache
                0x00003b68       0xe0 Drivers/LowLevelFlashDriver/spi-nand-base.o
 .text.spi_nand_write_enable
                0x00003c48       0x3e Drivers/LowLevelFlashDriver/spi-nand-base.o
 .text.spi_nand_program_execute
                0x00003c86       0x48 Drivers/LowLevelFlashDriver/spi-nand-base.o
 .text.spi_nand_read_id
                0x00003cce       0x5a Drivers/LowLevelFlashDriver/spi-nand-base.o
 .text.spi_nand_write_reg
                0x00003d28       0x8e Drivers/LowLevelFlashDriver/spi-nand-base.o
 .text.spi_nand_set_cfg
                0x00003db6        0x8 Drivers/LowLevelFlashDriver/spi-nand-base.o
 .text.spi_nand_set_ds
                0x00003dbe        0x8 Drivers/LowLevelFlashDriver/spi-nand-base.o
 .text.spi_nand_lun_select
                0x00003dc6       0x48 Drivers/LowLevelFlashDriver/spi-nand-base.o
 .text.spi_nand_read_reg
                0x00003e0e       0x8e Drivers/LowLevelFlashDriver/spi-nand-base.o
 .text.spi_nand_get_cfg
                0x00003e9c        0x8 Drivers/LowLevelFlashDriver/spi-nand-base.o
 .text.spi_nand_disable_ecc
                0x00003ea4       0x40 Drivers/LowLevelFlashDriver/spi-nand-base.o
 .text.spi_nand_enable_ecc
                0x00003ee4       0x40 Drivers/LowLevelFlashDriver/spi-nand-base.o
 .text.spi_nand_change_mode
                0x00003f24       0x6c Drivers/LowLevelFlashDriver/spi-nand-base.o
 .text.spi_nand_read_status
                0x00003f90        0x8 Drivers/LowLevelFlashDriver/spi-nand-base.o
 .text.spi_nand_wait_crbusy
                0x00003f98       0x92 Drivers/LowLevelFlashDriver/spi-nand-base.o
 .text.spi_nand_wait
                0x0000402a       0xa8 Drivers/LowLevelFlashDriver/spi-nand-base.o
 .text.spi_nand_do_read_page
                0x000040d2      0x110 Drivers/LowLevelFlashDriver/spi-nand-base.o
 .text.spi_nand_do_write_page
                0x000041e2       0xf6 Drivers/LowLevelFlashDriver/spi-nand-base.o
 .text.spi_nand_transfer_oob
                0x000042d8      0x136 Drivers/LowLevelFlashDriver/spi-nand-base.o
 .text.spi_nand_read_pages_fast
                0x0000440e      0x57a Drivers/LowLevelFlashDriver/spi-nand-base.o
 .text.spi_nand_read_pages
                0x00004988      0x37a Drivers/LowLevelFlashDriver/spi-nand-base.o
 .text.spi_nand_do_read_ops
                0x00004d02      0x4b0 Drivers/LowLevelFlashDriver/spi-nand-base.o
 .text.spi_nand_fill_oob
                0x000051b2      0x144 Drivers/LowLevelFlashDriver/spi-nand-base.o
 .text.spi_nand_do_write_ops
                0x000052f6      0x550 Drivers/LowLevelFlashDriver/spi-nand-base.o
 .text.spi_nand_reset
                0x00005846       0x54 Drivers/LowLevelFlashDriver/spi-nand-base.o
 .text.spi_nand_detect_onfi
                0x0000589a      0x1f8 Drivers/LowLevelFlashDriver/spi-nand-base.o
 .text.spi_nand_lock_block
                0x00005a92       0x20 Drivers/LowLevelFlashDriver/spi-nand-base.o
                0x00005a92                spi_nand_lock_block
 .text.spi_nand_read
                0x00005ab2       0x74 Drivers/LowLevelFlashDriver/spi-nand-base.o
                0x00005ab2                spi_nand_read
 .text.spi_nand_write
                0x00005b26       0x74 Drivers/LowLevelFlashDriver/spi-nand-base.o
                0x00005b26                spi_nand_write
 .text.spi_nand_init
                0x00005b9a      0x19e Drivers/LowLevelFlashDriver/spi-nand-base.o
                0x00005b9a                spi_nand_init
 .text.spi_nand_lookup_cmd_cfg_table
                0x00005d38       0x34 Drivers/LowLevelFlashDriver/spi-nand-cmd.o
 .text.spi_nand_xfer
                0x00005d6c       0x26 Drivers/LowLevelFlashDriver/spi-nand-cmd.o
 .text.spi_nand_issue_cmd
                0x00005d92      0x210 Drivers/LowLevelFlashDriver/spi-nand-cmd.o
                0x00005d92                spi_nand_issue_cmd
 .text.readDiff_CH
                0x00005fa2       0x1e Drivers/NPA700.o
                0x00005fa2                readDiff_CH
 .text.readNPA700
                0x00005fc0      0x154 Drivers/NPA700.o
                0x00005fc0                readNPA700
 .text.initPressureSensors
                0x00006114       0x86 Drivers/NPA700.o
                0x00006114                initPressureSensors
 .text.readDiffPress
                0x0000619a       0x1c Drivers/NPA700.o
                0x0000619a                readDiffPress
 .text.readABSPress
                0x000061b6       0x1c Drivers/NPA700.o
                0x000061b6                readABSPress
 .text.readU47  0x000061d2       0x1c Drivers/NPA700.o
                0x000061d2                readU47
 .text.startRH_T_conversion
                0x000061ee       0x2a Drivers/RH_T.o
                0x000061ee                startRH_T_conversion
 .text.readRH_T
                0x00006218      0x102 Drivers/RH_T.o
                0x00006218                readRH_T
 .text.ADC_RegisterWrite
                0x0000631a       0x24 Drivers/spi_ADC2518.o
                0x0000631a                ADC_RegisterWrite
 .text.ADC_RegisterRead
                0x0000633e       0x3c Drivers/spi_ADC2518.o
                0x0000633e                ADC_RegisterRead
 .text.ADC_RegisterReadWrite
                0x0000637a       0x5a Drivers/spi_ADC2518.o
                0x0000637a                ADC_RegisterReadWrite
 .text.enableBuck014
                0x000063d4        0xe Drivers/EnablesAndCSs.o
                0x000063d4                enableBuck014
 .text.disableBuck014
                0x000063e2        0xe Drivers/EnablesAndCSs.o
                0x000063e2                disableBuck014
 .text.enableBuck2
                0x000063f0        0x8 Drivers/EnablesAndCSs.o
                0x000063f0                enableBuck2
 .text.disableBuck2
                0x000063f8        0x8 Drivers/EnablesAndCSs.o
                0x000063f8                disableBuck2
 .text.enableBuck3
                0x00006400        0x8 Drivers/EnablesAndCSs.o
                0x00006400                enableBuck3
 .text.disableBuck3
                0x00006408        0x8 Drivers/EnablesAndCSs.o
                0x00006408                disableBuck3
 .text.enableBuck5
                0x00006410        0xc Drivers/EnablesAndCSs.o
                0x00006410                enableBuck5
 .text.disableBuck5
                0x0000641c        0xc Drivers/EnablesAndCSs.o
                0x0000641c                disableBuck5
 .text.powerUpWickSensor
                0x00006428        0x8 Drivers/EnablesAndCSs.o
                0x00006428                powerUpWickSensor
 .text.powerDownWickSensor
                0x00006430        0x8 Drivers/EnablesAndCSs.o
                0x00006430                powerDownWickSensor
 .text.selectFRAM
                0x00006438        0x8 Drivers/EnablesAndCSs.o
                0x00006438                selectFRAM
 .text.deSelectFRAM
                0x00006440        0x8 Drivers/EnablesAndCSs.o
                0x00006440                deSelectFRAM
 .text.selectOpticsDAC
                0x00006448        0xc Drivers/EnablesAndCSs.o
                0x00006448                selectOpticsDAC
 .text.deSelectOpticsDAC
                0x00006454        0xc Drivers/EnablesAndCSs.o
                0x00006454                deSelectOpticsDAC
 .text.selectADC2518
                0x00006460        0xc Drivers/EnablesAndCSs.o
                0x00006460                selectADC2518
 .text.deSelectADC2518
                0x0000646c        0xc Drivers/EnablesAndCSs.o
                0x0000646c                deSelectADC2518
 .text.selectBuckCtrlDAC
                0x00006478        0xc Drivers/EnablesAndCSs.o
                0x00006478                selectBuckCtrlDAC
 .text.deSelectBuckCtrlDAC
                0x00006484        0xc Drivers/EnablesAndCSs.o
                0x00006484                deSelectBuckCtrlDAC
 .text.selectFlash
                0x00006490        0xc Drivers/EnablesAndCSs.o
                0x00006490                selectFlash
 .text.deSelectFlash
                0x0000649c        0xc Drivers/EnablesAndCSs.o
                0x0000649c                deSelectFlash
 .text.deSelectRTC
                0x000064a8        0xc Drivers/EnablesAndCSs.o
                0x000064a8                deSelectRTC
 .text.selectRTC
                0x000064b4        0xc Drivers/EnablesAndCSs.o
                0x000064b4                selectRTC
 .text.selectSDcard
                0x000064c0        0xc Drivers/EnablesAndCSs.o
                0x000064c0                selectSDcard
 .text.deSelectSDcard
                0x000064cc        0xc Drivers/EnablesAndCSs.o
                0x000064cc                deSelectSDcard
 .text.spi_FlashInitBadBlockTable
                0x000064d8       0x52 Drivers/FLASH_Driver.o
                0x000064d8                spi_FlashInitBadBlockTable
 .text.spi_FlashSortBadBlockTable
                0x0000652a      0x144 Drivers/FLASH_Driver.o
                0x0000652a                spi_FlashSortBadBlockTable
 .text.spi_FlashAddBadBlockToTable
                0x0000666e       0x44 Drivers/FLASH_Driver.o
                0x0000666e                spi_FlashAddBadBlockToTable
 .text.spi_FlashWriteBadBlockTable
                0x000066b2       0xbe Drivers/FLASH_Driver.o
                0x000066b2                spi_FlashWriteBadBlockTable
 .text.spi_FlashScanForMarkedBadBlocks
                0x00006770       0x48 Drivers/FLASH_Driver.o
                0x00006770                spi_FlashScanForMarkedBadBlocks
 .text.spi_FlashReadBadBlockTable
                0x000067b8       0xc6 Drivers/FLASH_Driver.o
                0x000067b8                spi_FlashReadBadBlockTable
 .text.spi_FlashInitialize
                0x0000687e       0x52 Drivers/FLASH_Driver.o
                0x0000687e                spi_FlashInitialize
 .text.spi_FlashBlockIsMarkedBad
                0x000068d0       0xde Drivers/FLASH_Driver.o
                0x000068d0                spi_FlashBlockIsMarkedBad
 .text.spi_FlashMarkBlockBad
                0x000069ae       0xbc Drivers/FLASH_Driver.o
                0x000069ae                spi_FlashMarkBlockBad
 .text.spi_FlashDelay
                0x00006a6a       0x6e Drivers/FLASH_Driver.o
                0x00006a6a                spi_FlashDelay
 .text.spi_FlashReadID
                0x00006ad8       0x80 Drivers/FLASH_Driver.o
                0x00006ad8                spi_FlashReadID
 .text.spi_FlashWaitUntilReady
                0x00006b58       0x4c Drivers/FLASH_Driver.o
                0x00006b58                spi_FlashWaitUntilReady
 .text.spi_FlashIsBusy
                0x00006ba4       0x30 Drivers/FLASH_Driver.o
                0x00006ba4                spi_FlashIsBusy
 .text.spi_FlashGetStatusRegister
                0x00006bd4       0x12 Drivers/FLASH_Driver.o
                0x00006bd4                spi_FlashGetStatusRegister
 .text.spi_FlashDisplayFeatureRegisters
                0x00006be6       0xb0 Drivers/FLASH_Driver.o
                0x00006be6                spi_FlashDisplayFeatureRegisters
 .text.spi_FlashDisplayStatusRegister
                0x00006c96       0x38 Drivers/FLASH_Driver.o
                0x00006c96                spi_FlashDisplayStatusRegister
 .text.spi_FlashGetFeatures
                0x00006cce       0x32 Drivers/FLASH_Driver.o
                0x00006cce                spi_FlashGetFeatures
 .text.spi_FlashSetFeatures
                0x00006d00       0x34 Drivers/FLASH_Driver.o
                0x00006d00                spi_FlashSetFeatures
 .text.spi_FlashUnlockAllBlocks
                0x00006d34       0x46 Drivers/FLASH_Driver.o
                0x00006d34                spi_FlashUnlockAllBlocks
 .text.spi_FlashEnableWrite
                0x00006d7a       0x34 Drivers/FLASH_Driver.o
                0x00006d7a                spi_FlashEnableWrite
 .text.spi_FlashWriteToPage
                0x00006dae      0x204 Drivers/FLASH_Driver.o
                0x00006dae                spi_FlashWriteToPage
 .text.spi_FlashWriteToPage_micron
                0x00006fb2      0x10e Drivers/FLASH_Driver.o
                0x00006fb2                spi_FlashWriteToPage_micron
 .text.spi_FlashMapAddress
                0x000070c0      0x184 Drivers/FLASH_Driver.o
                0x000070c0                spi_FlashMapAddress
 .text.spi_FlashMaxAddress
                0x00007244       0xae Drivers/FLASH_Driver.o
                0x00007244                spi_FlashMaxAddress
 .text.spi_FlashWrite
                0x000072f2      0x1ac Drivers/FLASH_Driver.o
                0x000072f2                spi_FlashWrite
 .text.spi_FlashWrite_micron
                0x0000749e      0x1ac Drivers/FLASH_Driver.o
                0x0000749e                spi_FlashWrite_micron
 .text.spi_FlashReadFromPage
                0x0000764a      0x1ca Drivers/FLASH_Driver.o
                0x0000764a                spi_FlashReadFromPage
 .text.spi_FlashReadFromPage_micron
                0x00007814      0x10c Drivers/FLASH_Driver.o
                0x00007814                spi_FlashReadFromPage_micron
 .text.spi_FlashRead
                0x00007920      0x176 Drivers/FLASH_Driver.o
                0x00007920                spi_FlashRead
 .text.spi_FlashEraseBlock
                0x00007a96       0xe2 Drivers/FLASH_Driver.o
                0x00007a96                spi_FlashEraseBlock
 .text.spi_FlashReset
                0x00007b78       0x24 Drivers/FLASH_Driver.o
                0x00007b78                spi_FlashReset
 .text.spi_MT_flash_xfer
                0x00007b9c      0x1f4 Drivers/FLASH_Driver.o
                0x00007b9c                spi_MT_flash_xfer
 .text.spi_MT_flash_allocate_mem
                0x00007d90       0x5c Drivers/FLASH_Driver.o
                0x00007d90                spi_MT_flash_allocate_mem
 .text.spi_MT_flash_get_ticks
                0x00007dec       0x62 Drivers/FLASH_Driver.o
                0x00007dec                spi_MT_flash_get_ticks
 .text.spi_MT_flash_udelay
                0x00007e4e       0x66 Drivers/FLASH_Driver.o
                0x00007e4e                spi_MT_flash_udelay
 .text.RTC_config
                0x00007eb4       0x8c Drivers/RTC.o
                0x00007eb4                RTC_config
 .text.RTC_readCLKF
                0x00007f40       0x38 Drivers/RTC.o
                0x00007f40                RTC_readCLKF
 .text.init_spi
                0x00007f78       0x20 Drivers/spi.o
                0x00007f78                init_spi
 .text.spiTransferByte
                0x00007f98        0xc Drivers/spi.o
                0x00007f98                spiTransferByte
 .text.spiSendBytes
                0x00007fa4       0x24 Drivers/spi.o
                0x00007fa4                spiSendBytes
 .text.spiGetBytes
                0x00007fc8       0x22 Drivers/spi.o
                0x00007fc8                spiGetBytes
 .text.spiSend2ByteBigEndian
                0x00007fea       0x2e Drivers/spi.o
                0x00007fea                spiSend2ByteBigEndian
 .text.spi_buckCtrlDac
                0x00008018       0x72 Drivers/spi_DACs.o
                0x00008018                spi_buckCtrlDac
 .text.spi_OpticsDAC
                0x0000808a       0x72 Drivers/spi_DACs.o
                0x0000808a                spi_OpticsDAC
 .text.spi_OpticsDAC_BroadCast
                0x000080fc       0x28 Drivers/spi_DACs.o
                0x000080fc                spi_OpticsDAC_BroadCast
 .text.spi_OpticsBuckCtl_BroadCast
                0x00008124       0x28 Drivers/spi_DACs.o
                0x00008124                spi_OpticsBuckCtl_BroadCast
 .text.spi_FRAM_writeEnable
                0x0000814c        0xe Drivers/spi_FRAM.o
                0x0000814c                spi_FRAM_writeEnable
 .text.FRAM_ReadStatusRegister
                0x0000815a       0x32 Drivers/spi_FRAM.o
                0x0000815a                FRAM_ReadStatusRegister
 .text.spi_FRAM_write
                0x0000818c       0x4a Drivers/spi_FRAM.o
                0x0000818c                spi_FRAM_write
 .text.spi_FRAM_read
                0x000081d6       0x5e Drivers/spi_FRAM.o
                0x000081d6                spi_FRAM_read
 .text.read_FRAM_DeviceID
                0x00008234       0x5e Drivers/spi_FRAM.o
                0x00008234                read_FRAM_DeviceID
 .text.wrFRAM   0x00008292       0x86 Drivers/spi_FRAM.o
                0x00008292                wrFRAM
 .text.framSaveSerialNumber
                0x00008318       0x18 Drivers/spi_FRAM.o
                0x00008318                framSaveSerialNumber
 .text.framReadSerialNumber
                0x00008330       0x30 Drivers/spi_FRAM.o
                0x00008330                framReadSerialNumber
 .text.spi_RTC_Write
                0x00008360       0x30 Drivers/spi_RTC.o
                0x00008360                spi_RTC_Write
 .text.spi_RTC_Read
                0x00008390       0x30 Drivers/spi_RTC.o
                0x00008390                spi_RTC_Read
 .text.getMuxConfiguration
                0x000083c0       0x2e Drivers/TWI_MUX.o
                0x000083c0                getMuxConfiguration
 .text.setI2Cmux
                0x000083ee       0xda Drivers/TWI_MUX.o
                0x000083ee                setI2Cmux
 .text.setStatus
                0x000084c8       0x1a Drivers/twi_utils.o
                0x000084c8                setStatus
 .text.showERRORcode
                0x000084e2       0x1a Drivers/twi_utils.o
                0x000084e2                showERRORcode
 .text.init_twi
                0x000084fc       0x8a Drivers/twi_utils.o
                0x000084fc                init_twi
 .text.twi_start
                0x00008586       0x64 Drivers/twi_utils.o
                0x00008586                twi_start
 .text.twi_write_bytes
                0x000085ea       0xee Drivers/twi_utils.o
                0x000085ea                twi_write_bytes
 .text.twi_read_bytes
                0x000086d8      0x118 Drivers/twi_utils.o
                0x000086d8                twi_read_bytes
 .text.init_Ports
                0x000087f0       0x36 Initialize.o
                0x000087f0                init_Ports
 .text.initialize
                0x00008826       0x6e Initialize.o
                0x00008826                initialize
 .text.main     0x00008894       0x5c main.o
                0x00008894                main
 .text.majorGeneral_num_lines
                0x000088f0        0x4 majorGeneral.o
                0x000088f0                majorGeneral_num_lines
 .text.majorGeneral_get_line
                0x000088f4       0x18 majorGeneral.o
                0x000088f4                majorGeneral_get_line
 .text.majorGeneral_get_line_len
                0x0000890c       0x12 majorGeneral.o
                0x0000890c                majorGeneral_get_line_len
 .text.ringbuf_init
                0x0000891e       0x16 uart.o
 .text.ringbuf_get
                0x00008934       0x52 uart.o
 .text.ringbuf_put
                0x00008986       0x56 uart.o
 .text.init_uart
                0x000089dc       0x7a uart.o
                0x000089dc                init_uart
 .text.uart0_putchar
                0x00008a56       0x28 uart.o
                0x00008a56                uart0_putchar
 .text.uart1_put
                0x00008a7e       0x20 uart.o
                0x00008a7e                uart1_put
 .text.uarts_getchar
                0x00008a9e        0x6 uart.o
                0x00008a9e                uarts_getchar
 .text.__vector_25
                0x00008aa4      0x1be uart.o
                0x00008aa4                __vector_25
 .text.__vector_36
                0x00008c62       0x9e uart.o
                0x00008c62                __vector_36
 .text.doUart   0x00008d00       0xcc uart.o
                0x00008d00                doUart
 .text.avr-libc.fplib
                0x00008dcc       0x58 c:/program files (x86)/atmel/studio/7.0/toolchain/avr8/avr8-gnu-toolchain/bin/../lib/gcc/avr/5.4.0/../../../../avr/lib/avr6\libm.a(fixunssfsi.o)
                0x00008dcc                __fixunssfsi
 .text.avr-libc.fplib
                0x00008e24       0x7a c:/program files (x86)/atmel/studio/7.0/toolchain/avr8/avr8-gnu-toolchain/bin/../lib/gcc/avr/5.4.0/../../../../avr/lib/avr6\libm.a(floatsisf.o)
                0x00008e24                __floatunsisf
                0x00008e28                __floatsisf
 .text.avr-libc.fplib
                0x00008e9e       0x44 c:/program files (x86)/atmel/studio/7.0/toolchain/avr8/avr8-gnu-toolchain/bin/../lib/gcc/avr/5.4.0/../../../../avr/lib/avr6\libm.a(fp_split3.o)
                0x00008e9e                __fp_split3
                0x00008eae                __fp_splitA
 .text.avr-libc.fplib
                0x00008ee2        0xe c:/program files (x86)/atmel/studio/7.0/toolchain/avr8/avr8-gnu-toolchain/bin/../lib/gcc/avr/5.4.0/../../../../avr/lib/avr6\libm.a(fp_zero.o)
                0x00008ee2                __fp_zero
                0x00008ee4                __fp_szero
 .text.avr-libc.fplib
                0x00008ef0        0x4 c:/program files (x86)/atmel/studio/7.0/toolchain/avr8/avr8-gnu-toolchain/bin/../lib/gcc/avr/5.4.0/../../../../avr/lib/avr6\libm.a(mulsf3.o)
                0x00008ef0                __mulsf3
 .text.avr-libc.fplib
                0x00008ef4       0xc2 c:/program files (x86)/atmel/studio/7.0/toolchain/avr8/avr8-gnu-toolchain/bin/../lib/gcc/avr/5.4.0/../../../../avr/lib/avr6\libm.a(mulsf3x.o)
                0x00008f08                __mulsf3x
                0x00008f0c                __mulsf3_pse
 .text.avr-libc.fplib
                0x00008fb6        0xc c:/program files (x86)/atmel/studio/7.0/toolchain/avr8/avr8-gnu-toolchain/bin/../lib/gcc/avr/5.4.0/../../../../avr/lib/avr6\libm.a(fp_inf.o)
                0x00008fb6                __fp_inf
 .text.avr-libc.fplib
                0x00008fc2        0x6 c:/program files (x86)/atmel/studio/7.0/toolchain/avr8/avr8-gnu-toolchain/bin/../lib/gcc/avr/5.4.0/../../../../avr/lib/avr6\libm.a(fp_nan.o)
                0x00008fc2                __fp_nan
 .text.avr-libc.fplib
                0x00008fc8        0xe c:/program files (x86)/atmel/studio/7.0/toolchain/avr8/avr8-gnu-toolchain/bin/../lib/gcc/avr/5.4.0/../../../../avr/lib/avr6\libm.a(fp_pscA.o)
                0x00008fc8                __fp_pscA
 .text.avr-libc.fplib
                0x00008fd6        0xe c:/program files (x86)/atmel/studio/7.0/toolchain/avr8/avr8-gnu-toolchain/bin/../lib/gcc/avr/5.4.0/../../../../avr/lib/avr6\libm.a(fp_pscB.o)
                0x00008fd6                __fp_pscB
 .text.avr-libc.fplib
                0x00008fe4       0x22 c:/program files (x86)/atmel/studio/7.0/toolchain/avr8/avr8-gnu-toolchain/bin/../lib/gcc/avr/5.4.0/../../../../avr/lib/avr6\libm.a(fp_round.o)
                0x00008fe4                __fp_round
 .text.avr-libc
                0x00009006      0x712 c:/program files (x86)/atmel/studio/7.0/toolchain/avr8/avr8-gnu-toolchain/bin/../lib/gcc/avr/5.4.0/../../../../avr/lib/avr6\libprintf_flt.a(vfprintf_flt.o)
                0x00009006                vfprintf
 .text.libgcc.mul
                0x00009718       0x1e c:/program files (x86)/atmel/studio/7.0/toolchain/avr8/avr8-gnu-toolchain/bin/../lib/gcc/avr/5.4.0/avr6\libgcc.a(_mulsi3.o)
                0x00009718                __mulsi3
 .text.libgcc.div
                0x00009736       0x28 c:/program files (x86)/atmel/studio/7.0/toolchain/avr8/avr8-gnu-toolchain/bin/../lib/gcc/avr/5.4.0/avr6\libgcc.a(_divmodsi4.o)
                0x00009736                __divmodsi4
 .text.libgcc.div
                0x0000975e       0x10 c:/program files (x86)/atmel/studio/7.0/toolchain/avr8/avr8-gnu-toolchain/bin/../lib/gcc/avr/5.4.0/avr6\libgcc.a(_negsi2.o)
                0x0000975e                __negsi2
 .text.libgcc.mul
                0x0000976e       0x1e c:/program files (x86)/atmel/studio/7.0/toolchain/avr8/avr8-gnu-toolchain/bin/../lib/gcc/avr/5.4.0/avr6\libgcc.a(_umulhisi3.o)
                0x0000976e                __umulhisi3
 .text.libgcc.mul
                0x0000978c        0xc c:/program files (x86)/atmel/studio/7.0/toolchain/avr8/avr8-gnu-toolchain/bin/../lib/gcc/avr/5.4.0/avr6\libgcc.a(_usmulhisi3.o)
                0x0000978c                __usmulhisi3
                0x0000978e                __usmulhisi3_tail
 .text.libgcc.mul
                0x00009798       0x14 c:/program files (x86)/atmel/studio/7.0/toolchain/avr8/avr8-gnu-toolchain/bin/../lib/gcc/avr/5.4.0/avr6\libgcc.a(_muluhisi3.o)
                0x00009798                __muluhisi3
 .text.libgcc.mul
                0x000097ac       0x92 c:/program files (x86)/atmel/studio/7.0/toolchain/avr8/avr8-gnu-toolchain/bin/../lib/gcc/avr/5.4.0/avr6\libgcc.a(_muldi3.o)
                0x000097ac                __muldi3
 .text.libgcc.mul
                0x0000983e       0x10 c:/program files (x86)/atmel/studio/7.0/toolchain/avr8/avr8-gnu-toolchain/bin/../lib/gcc/avr/5.4.0/avr6\libgcc.a(_muldi3_6.o)
                0x0000983e                __muldi3_6
 .text.libgcc.builtins
                0x0000984e       0x3c c:/program files (x86)/atmel/studio/7.0/toolchain/avr8/avr8-gnu-toolchain/bin/../lib/gcc/avr/5.4.0/avr6\libgcc.a(_ashrdi3.o)
                0x0000984e                __ashrdi3
                0x00009852                __lshrdi3
 .text.libgcc   0x0000988a       0x12 c:/program files (x86)/atmel/studio/7.0/toolchain/avr8/avr8-gnu-toolchain/bin/../lib/gcc/avr/5.4.0/avr6\libgcc.a(_adddi3.o)
                0x0000988a                __adddi3
 .text.libgcc   0x0000989c       0x12 c:/program files (x86)/atmel/studio/7.0/toolchain/avr8/avr8-gnu-toolchain/bin/../lib/gcc/avr/5.4.0/avr6\libgcc.a(_subdi3.o)
                0x0000989c                __subdi3
 .text.libgcc   0x000098ae       0x12 c:/program files (x86)/atmel/studio/7.0/toolchain/avr8/avr8-gnu-toolchain/bin/../lib/gcc/avr/5.4.0/avr6\libgcc.a(_cmpdi2.o)
                0x000098ae                __cmpdi2
 .text.libgcc.div
                0x000098c0       0x44 c:/program files (x86)/atmel/studio/7.0/toolchain/avr8/avr8-gnu-toolchain/bin/../lib/gcc/avr/5.4.0/avr6\libgcc.a(_udivmodsi4.o)
                0x000098c0                __udivmodsi4
 .text.avr-libc
                0x00009904       0x3a c:/program files (x86)/atmel/studio/7.0/toolchain/avr8/avr8-gnu-toolchain/bin/../lib/gcc/avr/5.4.0/../../../../avr/lib/avr6\libc.a(atoi.o)
                0x00009904                atoi
 .text.avr-libc
                0x0000993e      0x1b0 c:/program files (x86)/atmel/studio/7.0/toolchain/avr8/avr8-gnu-toolchain/bin/../lib/gcc/avr/5.4.0/../../../../avr/lib/avr6\libc.a(ftoa_engine.o)
                0x0000993e                __ftoa_engine
 .text.avr-libc
                0x00009aee        0xe c:/program files (x86)/atmel/studio/7.0/toolchain/avr8/avr8-gnu-toolchain/bin/../lib/gcc/avr/5.4.0/../../../../avr/lib/avr6\libc.a(strcpy_P.o)
                0x00009aee                strcpy_P
 .text.avr-libc
                0x00009afc       0x12 c:/program files (x86)/atmel/studio/7.0/toolchain/avr8/avr8-gnu-toolchain/bin/../lib/gcc/avr/5.4.0/../../../../avr/lib/avr6\libc.a(strlen_P.o)
                0x00009afc                __strlen_P
 .text.avr-libc
                0x00009b0e       0x16 c:/program files (x86)/atmel/studio/7.0/toolchain/avr8/avr8-gnu-toolchain/bin/../lib/gcc/avr/5.4.0/../../../../avr/lib/avr6\libc.a(strnlen_P.o)
                0x00009b0e                strnlen_P
 .text.avr-libc
                0x00009b24       0x12 c:/program files (x86)/atmel/studio/7.0/toolchain/avr8/avr8-gnu-toolchain/bin/../lib/gcc/avr/5.4.0/../../../../avr/lib/avr6\libc.a(memcpy.o)
                0x00009b24                memcpy
 .text.avr-libc
                0x00009b36        0xe c:/program files (x86)/atmel/studio/7.0/toolchain/avr8/avr8-gnu-toolchain/bin/../lib/gcc/avr/5.4.0/../../../../avr/lib/avr6\libc.a(memset.o)
                0x00009b36                memset
 .text.avr-libc
                0x00009b44       0x12 c:/program files (x86)/atmel/studio/7.0/toolchain/avr8/avr8-gnu-toolchain/bin/../lib/gcc/avr/5.4.0/../../../../avr/lib/avr6\libc.a(strcmp.o)
                0x00009b44                strcmp
 .text.avr-libc
                0x00009b56       0x12 c:/program files (x86)/atmel/studio/7.0/toolchain/avr8/avr8-gnu-toolchain/bin/../lib/gcc/avr/5.4.0/../../../../avr/lib/avr6\libc.a(strlen.o)
                0x00009b56                strlen
 .text.avr-libc
                0x00009b68       0x16 c:/program files (x86)/atmel/studio/7.0/toolchain/avr8/avr8-gnu-toolchain/bin/../lib/gcc/avr/5.4.0/../../../../avr/lib/avr6\libc.a(strnlen.o)
                0x00009b68                strnlen
 .text.avr-libc
                0x00009b7e       0x10 c:/program files (x86)/atmel/studio/7.0/toolchain/avr8/avr8-gnu-toolchain/bin/../lib/gcc/avr/5.4.0/../../../../avr/lib/avr6\libc.a(mul10.o)
                0x00009b7e                __mulhi_const_10
 .text.avr-libc
                0x00009b8e       0x78 c:/program files (x86)/atmel/studio/7.0/toolchain/avr8/avr8-gnu-toolchain/bin/../lib/gcc/avr/5.4.0/../../../../avr/lib/avr6\libc.a(fputc.o)
                0x00009b8e                fputc
 .text.avr-libc
                0x00009c06       0x26 c:/program files (x86)/atmel/studio/7.0/toolchain/avr8/avr8-gnu-toolchain/bin/../lib/gcc/avr/5.4.0/../../../../avr/lib/avr6\libc.a(printf.o)
                0x00009c06                printf
 .text.avr-libc
                0x00009c2c       0x4e c:/program files (x86)/atmel/studio/7.0/toolchain/avr8/avr8-gnu-toolchain/bin/../lib/gcc/avr/5.4.0/../../../../avr/lib/avr6\libc.a(printf_p.o)
                0x00009c2c                printf_P
 .text.avr-libc
                0x00009c7a        0xa c:/program files (x86)/atmel/studio/7.0/toolchain/avr8/avr8-gnu-toolchain/bin/../lib/gcc/avr/5.4.0/../../../../avr/lib/avr6\libc.a(putchar.o)
                0x00009c7a                putchar
 .text.avr-libc
                0x00009c84       0x60 c:/program files (x86)/atmel/studio/7.0/toolchain/avr8/avr8-gnu-toolchain/bin/../lib/gcc/avr/5.4.0/../../../../avr/lib/avr6\libc.a(puts.o)
                0x00009c84                puts
 .text.avr-libc
                0x00009ce4       0xbc c:/program files (x86)/atmel/studio/7.0/toolchain/avr8/avr8-gnu-toolchain/bin/../lib/gcc/avr/5.4.0/../../../../avr/lib/avr6\libc.a(ultoa_invert.o)
                0x00009ce4                __ultoa_invert
                0x00009da0                . = ALIGN (0x2)
 *(.fini9)
 .fini9         0x00009da0        0x0 c:/program files (x86)/atmel/studio/7.0/toolchain/avr8/avr8-gnu-toolchain/bin/../lib/gcc/avr/5.4.0/avr6\libgcc.a(_exit.o)
                0x00009da0                _exit
                0x00009da0                exit
 *(.fini9)
 *(.fini8)
 *(.fini8)
 *(.fini7)
 *(.fini7)
 *(.fini6)
 *(.fini6)
 *(.fini5)
 *(.fini5)
 *(.fini4)
 *(.fini4)
 *(.fini3)
 *(.fini3)
 *(.fini2)
 *(.fini2)
 *(.fini1)
 *(.fini1)
 *(.fini0)
 .fini0         0x00009da0        0x4 c:/program files (x86)/atmel/studio/7.0/toolchain/avr8/avr8-gnu-toolchain/bin/../lib/gcc/avr/5.4.0/avr6\libgcc.a(_exit.o)
 *(.fini0)
                0x00009da4                _etext = .

.data           0x00800200     0x12a2 load address 0x00009da4
                0x00800200                PROVIDE (__data_start, .)
 *(.data)
 *(.data*)
 .data.i        0x00800200        0x1 Commands/testCommand1.o
                0x00800200                i
 .data.micron_ecc_layout_128
                0x00800201      0x208 Drivers/LowLevelFlashDriver/spi-nand-base.o
 .data.micron_ecc_layout_64
                0x00800409      0x208 Drivers/LowLevelFlashDriver/spi-nand-base.o
 .data.spi_nand_table
                0x00800611       0xa0 Drivers/LowLevelFlashDriver/spi-nand-base.o
 .data.micron_cmd_cfg_table
                0x008006b1       0x6e Drivers/LowLevelFlashDriver/spi-nand-cmd.o
 .data.uart_str
                0x0080071f        0xe Initialize.o
 *(.gnu.linkonce.d*)
 *(.rodata)
 .rodata        0x0080072d      0x2d5 Commands/testCommand1.o
 .rodata        0x00800a02      0x140 Drivers/FLASH_Driver.o
 *(.rodata*)
 .rodata.str1.1
                0x00800b42       0x30 CountersAndTimers.o
 .rodata.str1.1
                0x00800b72       0x4a Drivers/ADC2518.o
 .rodata.str1.1
                0x00800bbc       0x4b Drivers/ADC_uC.o
 .rodata.str1.1
                0x00800c07      0x481 Drivers/LowLevelFlashDriver/spi-nand-base.o
 .rodata.__func__.2615
                0x00801088       0x16 Drivers/LowLevelFlashDriver/spi-nand-base.o
 .rodata.__func__.2556
                0x0080109e       0x14 Drivers/LowLevelFlashDriver/spi-nand-base.o
 .rodata.__func__.2599
                0x008010b2       0x15 Drivers/LowLevelFlashDriver/spi-nand-base.o
 .rodata.str1.1
                0x008010c7       0x1c Drivers/LowLevelFlashDriver/spi-nand-cmd.o
 .rodata.str1.1
                0x008010e3       0x30 Drivers/NPA700.o
 .rodata.str1.1
                0x00801113       0x7b Drivers/RH_T.o
 .rodata.str1.1
                0x0080118e       0x15 Drivers/spi_ADC2518.o
 .rodata.str1.1
                0x008011a3       0x70 Drivers/RTC.o
 .rodata.str1.1
                0x00801213       0x8f Drivers/spi_DACs.o
 .rodata.str1.1
                0x008012a2       0x4a Drivers/spi_FRAM.o
                                 0x52 (size before relaxing)
 .rodata.str1.1
                0x008012ec       0xa3 Drivers/TWI_MUX.o
 .rodata.numErrors.1817
                0x0080138f        0x4 Drivers/TWI_MUX.o
 .rodata.str1.1
                0x00801393       0xb9 Drivers/twi_utils.o
 .rodata.str1.1
                0x0080144c       0x11 Initialize.o
 .rodata.str1.1
                0x0080145d        0xc main.o
 .rodata.str1.1
                0x00801469       0x39 uart.o
 *(.gnu.linkonce.r*)
                0x008014a2                . = ALIGN (0x2)
                0x008014a2                _edata = .
                0x008014a2                PROVIDE (__data_end, .)

.bss            0x008014a2      0x31a
                0x008014a2                PROVIDE (__bss_start, .)
 *(.bss)
 *(.bss*)
 .bss.test_block
                0x008014a2        0x2 Commands/testCommand1.o
                0x008014a2                test_block
 .bss.useMicron
                0x008014a4        0x1 Commands/testCommand1.o
                0x008014a4                useMicron
 .bss.ms_twiCount
                0x008014a5        0x2 CountersAndTimers.o
                0x008014a5                ms_twiCount
 .bss.halfSecFlag
                0x008014a7        0x1 CountersAndTimers.o
                0x008014a7                halfSecFlag
 .bss.oneSecFlag
                0x008014a8        0x1 CountersAndTimers.o
                0x008014a8                oneSecFlag
 .bss.counter1024Hz
                0x008014a9        0x2 CountersAndTimers.o
                0x008014a9                counter1024Hz
 .bss.numReadings.2095
                0x008014ab        0x2 Drivers/ADC_uC.o
 .bss.currentADCchannel
                0x008014ad        0x1 Drivers/ADC_uC.o
 .bss.firstADCchannel
                0x008014ae        0x1 Drivers/ADC_uC.o
 .bss.adcCompleteFlag
                0x008014af        0x1 Drivers/ADC_uC.o
                0x008014af                adcCompleteFlag
 .bss.adcReadings
                0x008014b0       0x20 Drivers/ADC_uC.o
 .bss.npaU47    0x008014d0        0x6 Drivers/NPA700.o
 .bss.npaAbsP   0x008014d6        0x6 Drivers/NPA700.o
 .bss.npaFlow   0x008014dc        0x6 Drivers/NPA700.o
 .bss.rhStarted
                0x008014e2        0x1 Drivers/RH_T.o
 .bss.flash_spi
                0x008014e3        0x5 Drivers/FLASH_Driver.o
 .bss.badBlockTable
                0x008014e8       0x2a Drivers/FLASH_Driver.o
 .bss.serialNumber
                0x00801512        0x2 Drivers/spi_FRAM.o
                0x00801512                serialNumber
 .bss.verbose   0x00801514        0x1 Drivers/twi_utils.o
 .bss.currentUart
                0x00801515        0x1 uart.o
                0x00801515                currentUart
 .bss.pauseOutputForCmdCnt
                0x00801516        0x1 uart.o
                0x00801516                pauseOutputForCmdCnt
 .bss.outputCharacters
                0x00801517        0x1 uart.o
                0x00801517                outputCharacters
 .bss.commandSize
                0x00801518        0x1 uart.o
                0x00801518                commandSize
 .bss.bufIndex0
                0x00801519        0x1 uart.o
                0x00801519                bufIndex0
 .bss.clrError  0x0080151a        0x2 uart.o
                0x0080151a                clrError
 .bss.commandCompleteFlag0
                0x0080151c        0x1 uart.o
                0x0080151c                commandCompleteFlag0
 *(COMMON)
 COMMON         0x0080151d      0x1b0 Drivers/FLASH_Driver.o
                0x0080151d                flash_chip_ptr
                0x0080151f                MT_flash_chipBuff
                0x0080164b                MT_flash_paramPageBuffer
                0x0080164d                MT_flash_oobBuff
 COMMON         0x008016cd       0x40 main.o
                0x008016cd                userSettings
                0x008016d2                readings
                0x00801704                hdwConfig
 COMMON         0x0080170d       0xa9 uart.o
                0x0080170d                rb
                0x00801715                buf1
                0x00801795                commandCompleteFlag1
                0x00801796                buf
 COMMON         0x008017b6        0x6 c:/program files (x86)/atmel/studio/7.0/toolchain/avr8/avr8-gnu-toolchain/bin/../lib/gcc/avr/5.4.0/../../../../avr/lib/avr6\libc.a(iob.o)
                0x008017b6                __iob
                0x008017bc                PROVIDE (__bss_end, .)
                0x00009da4                __data_load_start = LOADADDR (.data)
                0x0000b046                __data_load_end = (__data_load_start + SIZEOF (.data))

.noinit         0x008017bc        0x0
                [!provide]                PROVIDE (__noinit_start, .)
 *(.noinit*)
                [!provide]                PROVIDE (__noinit_end, .)
                0x008017bc                _end = .
                [!provide]                PROVIDE (__heap_start, .)

.eeprom         0x00810000        0x0
 *(.eeprom*)
                0x00810000                __eeprom_end = .

.fuse
 *(.fuse)
 *(.lfuse)
 *(.hfuse)
 *(.efuse)

.lock
 *(.lock*)

.signature
 *(.signature*)

.user_signatures
 *(.user_signatures*)

.stab
 *(.stab)

.stabstr
 *(.stabstr)

.stab.excl
 *(.stab.excl)

.stab.exclstr
 *(.stab.exclstr)

.stab.index
 *(.stab.index)

.stab.indexstr
 *(.stab.indexstr)

.comment        0x00000000       0x5c
 *(.comment)
 .comment       0x00000000       0x30 Commands/testCommand1.o
                                 0x31 (size before relaxing)
 .comment       0x00000030       0x31 CountersAndTimers.o
 .comment       0x00000030       0x31 Drivers/ADC2518.o
 .comment       0x00000030       0x31 Drivers/ADC_uC.o
 .comment       0x00000030       0x31 Drivers/LowLevelFlashDriver/spi-nand-base.o
 .comment       0x00000030       0x31 Drivers/LowLevelFlashDriver/spi-nand-cmd.o
 .comment       0x00000030       0x31 Drivers/NPA700.o
 .comment       0x00000030       0x31 Drivers/RH_T.o
 .comment       0x00000030       0x31 Drivers/spi_ADC2518.o
 .comment       0x00000030       0x31 Drivers/EnablesAndCSs.o
 .comment       0x00000030       0x31 Drivers/FLASH_Driver.o
 .comment       0x00000030       0x31 Drivers/RTC.o
 .comment       0x00000030       0x31 Drivers/spi.o
 .comment       0x00000030       0x31 Drivers/spi_DACs.o
 .comment       0x00000030       0x31 Drivers/spi_FRAM.o
 .comment       0x00000030       0x31 Drivers/spi_RTC.o
 .comment       0x00000030       0x31 Drivers/TWI_MUX.o
 .comment       0x00000030       0x31 Drivers/twi_utils.o
 .comment       0x00000030       0x31 Initialize.o
 .comment       0x00000030       0x31 main.o
 .comment       0x00000030       0x31 majorGeneral.o
 .comment       0x00000030       0x31 uart.o
 .comment       0x00000030       0x2c c:/program files (x86)/atmel/studio/7.0/toolchain/avr8/avr8-gnu-toolchain/bin/../lib/gcc/avr/5.4.0/../../../../avr/lib/avr6\libprintf_flt.a(vfprintf_flt.o)
                                 0x2d (size before relaxing)
 .comment       0x0000005c       0x31 c:/program files (x86)/atmel/studio/7.0/toolchain/avr8/avr8-gnu-toolchain/bin/../lib/gcc/avr/5.4.0/../../../../avr/lib/avr6\libc.a(fputc.o)
 .comment       0x0000005c       0x31 c:/program files (x86)/atmel/studio/7.0/toolchain/avr8/avr8-gnu-toolchain/bin/../lib/gcc/avr/5.4.0/../../../../avr/lib/avr6\libc.a(iob.o)
 .comment       0x0000005c       0x31 c:/program files (x86)/atmel/studio/7.0/toolchain/avr8/avr8-gnu-toolchain/bin/../lib/gcc/avr/5.4.0/../../../../avr/lib/avr6\libc.a(printf.o)
 .comment       0x0000005c       0x31 c:/program files (x86)/atmel/studio/7.0/toolchain/avr8/avr8-gnu-toolchain/bin/../lib/gcc/avr/5.4.0/../../../../avr/lib/avr6\libc.a(printf_p.o)
 .comment       0x0000005c       0x31 c:/program files (x86)/atmel/studio/7.0/toolchain/avr8/avr8-gnu-toolchain/bin/../lib/gcc/avr/5.4.0/../../../../avr/lib/avr6\libc.a(putchar.o)
 .comment       0x0000005c       0x31 c:/program files (x86)/atmel/studio/7.0/toolchain/avr8/avr8-gnu-toolchain/bin/../lib/gcc/avr/5.4.0/../../../../avr/lib/avr6\libc.a(puts.o)

.note.gnu.avr.deviceinfo
                0x00000000       0x40
 .note.gnu.avr.deviceinfo
                0x00000000       0x40 C:/Program Files (x86)/Atmel/Studio/7.0/Packs/atmel/ATmega_DFP/2.0.401/gcc/dev/atmega2560/avr6/crtatmega2560.o

.note.gnu.build-id
 *(.note.gnu.build-id)

.debug
 *(.debug)

.line
 *(.line)

.debug_srcinfo
 *(.debug_srcinfo)

.debug_sfnames
 *(.debug_sfnames)

.debug_aranges  0x00000000      0x938
 *(.debug_aranges)
 .debug_aranges
                0x00000000       0x90 Commands/testCommand1.o
 .debug_aranges
                0x00000090       0x38 CountersAndTimers.o
 .debug_aranges
                0x000000c8       0x58 Drivers/ADC2518.o
 .debug_aranges
                0x00000120       0x50 Drivers/ADC_uC.o
 .debug_aranges
                0x00000170      0x1d0 Drivers/LowLevelFlashDriver/spi-nand-base.o
 .debug_aranges
                0x00000340       0x30 Drivers/LowLevelFlashDriver/spi-nand-cmd.o
 .debug_aranges
                0x00000370       0x50 Drivers/NPA700.o
 .debug_aranges
                0x000003c0       0x38 Drivers/RH_T.o
 .debug_aranges
                0x000003f8       0x30 Drivers/spi_ADC2518.o
 .debug_aranges
                0x00000428       0xf0 Drivers/EnablesAndCSs.o
 .debug_aranges
                0x00000518      0x150 Drivers/FLASH_Driver.o
 .debug_aranges
                0x00000668       0x30 Drivers/RTC.o
 .debug_aranges
                0x00000698       0x58 Drivers/spi.o
 .debug_aranges
                0x000006f0       0x48 Drivers/spi_DACs.o
 .debug_aranges
                0x00000738       0x58 Drivers/spi_FRAM.o
 .debug_aranges
                0x00000790       0x28 Drivers/spi_RTC.o
 .debug_aranges
                0x000007b8       0x28 Drivers/TWI_MUX.o
 .debug_aranges
                0x000007e0       0x50 Drivers/twi_utils.o
 .debug_aranges
                0x00000830       0x30 Initialize.o
 .debug_aranges
                0x00000860       0x20 main.o
 .debug_aranges
                0x00000880       0x38 majorGeneral.o
 .debug_aranges
                0x000008b8       0x80 uart.o

.debug_pubnames
 *(.debug_pubnames)

.debug_info     0x00000000     0xdafa
 *(.debug_info .gnu.linkonce.wi.*)
 .debug_info    0x00000000      0xbbc C:/Program Files (x86)/Atmel/Studio/7.0/Packs/atmel/ATmega_DFP/2.0.401/gcc/dev/atmega2560/avr6/crtatmega2560.o
 .debug_info    0x00000bbc     0x1739 Commands/testCommand1.o
 .debug_info    0x000022f5      0x17d CountersAndTimers.o
 .debug_info    0x00002472      0x358 Drivers/ADC2518.o
 .debug_info    0x000027ca      0x40a Drivers/ADC_uC.o
 .debug_info    0x00002bd4     0x3d8f Drivers/LowLevelFlashDriver/spi-nand-base.o
 .debug_info    0x00006963      0xb98 Drivers/LowLevelFlashDriver/spi-nand-cmd.o
 .debug_info    0x000074fb      0x430 Drivers/NPA700.o
 .debug_info    0x0000792b      0x3e3 Drivers/RH_T.o
 .debug_info    0x00007d0e      0x2c2 Drivers/spi_ADC2518.o
 .debug_info    0x00007fd0      0x32e Drivers/EnablesAndCSs.o
 .debug_info    0x000082fe     0x2baf Drivers/FLASH_Driver.o
 .debug_info    0x0000aead      0x37a Drivers/RTC.o
 .debug_info    0x0000b227      0x2ee Drivers/spi.o
 .debug_info    0x0000b515      0x553 Drivers/spi_DACs.o
 .debug_info    0x0000ba68      0x521 Drivers/spi_FRAM.o
 .debug_info    0x0000bf89      0x1d0 Drivers/spi_RTC.o
 .debug_info    0x0000c159      0x21a Drivers/TWI_MUX.o
 .debug_info    0x0000c373      0x5fc Drivers/twi_utils.o
 .debug_info    0x0000c96f      0x402 Initialize.o
 .debug_info    0x0000cd71      0x33f main.o
 .debug_info    0x0000d0b0      0x20c majorGeneral.o
 .debug_info    0x0000d2bc      0x83e uart.o

.debug_abbrev   0x00000000     0x2f87
 *(.debug_abbrev)
 .debug_abbrev  0x00000000      0xb1a C:/Program Files (x86)/Atmel/Studio/7.0/Packs/atmel/ATmega_DFP/2.0.401/gcc/dev/atmega2560/avr6/crtatmega2560.o
 .debug_abbrev  0x00000b1a      0x25b Commands/testCommand1.o
 .debug_abbrev  0x00000d75       0xba CountersAndTimers.o
 .debug_abbrev  0x00000e2f      0x110 Drivers/ADC2518.o
 .debug_abbrev  0x00000f3f      0x1b9 Drivers/ADC_uC.o
 .debug_abbrev  0x000010f8      0x443 Drivers/LowLevelFlashDriver/spi-nand-base.o
 .debug_abbrev  0x0000153b      0x23e Drivers/LowLevelFlashDriver/spi-nand-cmd.o
 .debug_abbrev  0x00001779      0x196 Drivers/NPA700.o
 .debug_abbrev  0x0000190f      0x1b2 Drivers/RH_T.o
 .debug_abbrev  0x00001ac1       0xef Drivers/spi_ADC2518.o
 .debug_abbrev  0x00001bb0       0xc2 Drivers/EnablesAndCSs.o
 .debug_abbrev  0x00001c72      0x343 Drivers/FLASH_Driver.o
 .debug_abbrev  0x00001fb5      0x11a Drivers/RTC.o
 .debug_abbrev  0x000020cf      0x10a Drivers/spi.o
 .debug_abbrev  0x000021d9      0x102 Drivers/spi_DACs.o
 .debug_abbrev  0x000022db      0x164 Drivers/spi_FRAM.o
 .debug_abbrev  0x0000243f       0xa3 Drivers/spi_RTC.o
 .debug_abbrev  0x000024e2      0x103 Drivers/TWI_MUX.o
 .debug_abbrev  0x000025e5      0x27e Drivers/twi_utils.o
 .debug_abbrev  0x00002863      0x1fc Initialize.o
 .debug_abbrev  0x00002a5f      0x112 main.o
 .debug_abbrev  0x00002b71      0x12c majorGeneral.o
 .debug_abbrev  0x00002c9d      0x2ea uart.o

.debug_line     0x00000000     0x6b0f
 *(.debug_line .debug_line.* .debug_line_end)
 .debug_line    0x00000000      0x1fa C:/Program Files (x86)/Atmel/Studio/7.0/Packs/atmel/ATmega_DFP/2.0.401/gcc/dev/atmega2560/avr6/crtatmega2560.o
 .debug_line    0x000001fa      0xf84 Commands/testCommand1.o
 .debug_line    0x0000117e      0x171 CountersAndTimers.o
 .debug_line    0x000012ef      0x235 Drivers/ADC2518.o
 .debug_line    0x00001524      0x2cd Drivers/ADC_uC.o
 .debug_line    0x000017f1     0x1af5 Drivers/LowLevelFlashDriver/spi-nand-base.o
 .debug_line    0x000032e6      0x21a Drivers/LowLevelFlashDriver/spi-nand-cmd.o
 .debug_line    0x00003500      0x2bf Drivers/NPA700.o
 .debug_line    0x000037bf      0x242 Drivers/RH_T.o
 .debug_line    0x00003a01      0x192 Drivers/spi_ADC2518.o
 .debug_line    0x00003b93      0x2fd Drivers/EnablesAndCSs.o
 .debug_line    0x00003e90     0x1020 Drivers/FLASH_Driver.o
 .debug_line    0x00004eb0      0x1be Drivers/RTC.o
 .debug_line    0x0000506e      0x273 Drivers/spi.o
 .debug_line    0x000052e1      0x284 Drivers/spi_DACs.o
 .debug_line    0x00005565      0x29f Drivers/spi_FRAM.o
 .debug_line    0x00005804      0x120 Drivers/spi_RTC.o
 .debug_line    0x00005924      0x17a Drivers/TWI_MUX.o
 .debug_line    0x00005a9e      0x475 Drivers/twi_utils.o
 .debug_line    0x00005f13      0x255 Initialize.o
 .debug_line    0x00006168      0x191 main.o
 .debug_line    0x000062f9      0x1d9 majorGeneral.o
 .debug_line    0x000064d2      0x63d uart.o

.debug_frame    0x00000000     0x2630
 *(.debug_frame)
 .debug_frame   0x00000000      0x244 Commands/testCommand1.o
 .debug_frame   0x00000244       0x7c CountersAndTimers.o
 .debug_frame   0x000002c0      0x104 Drivers/ADC2518.o
 .debug_frame   0x000003c4      0x154 Drivers/ADC_uC.o
 .debug_frame   0x00000518      0xe58 Drivers/LowLevelFlashDriver/spi-nand-base.o
 .debug_frame   0x00001370       0xc0 Drivers/LowLevelFlashDriver/spi-nand-cmd.o
 .debug_frame   0x00001430       0xd8 Drivers/NPA700.o
 .debug_frame   0x00001508       0x78 Drivers/RH_T.o
 .debug_frame   0x00001580       0x88 Drivers/spi_ADC2518.o
 .debug_frame   0x00001608      0x1c4 Drivers/EnablesAndCSs.o
 .debug_frame   0x000017cc      0x65c Drivers/FLASH_Driver.o
 .debug_frame   0x00001e28       0x84 Drivers/RTC.o
 .debug_frame   0x00001eac       0xb4 Drivers/spi.o
 .debug_frame   0x00001f60      0x104 Drivers/spi_DACs.o
 .debug_frame   0x00002064      0x120 Drivers/spi_FRAM.o
 .debug_frame   0x00002184       0x5c Drivers/spi_RTC.o
 .debug_frame   0x000021e0       0x54 Drivers/TWI_MUX.o
 .debug_frame   0x00002234      0x130 Drivers/twi_utils.o
 .debug_frame   0x00002364       0x50 Initialize.o
 .debug_frame   0x000023b4       0x24 main.o
 .debug_frame   0x000023d8       0x54 majorGeneral.o
 .debug_frame   0x0000242c      0x204 uart.o

.debug_str      0x00000000     0x26a6
 *(.debug_str)
 .debug_str     0x00000000      0x3e6 C:/Program Files (x86)/Atmel/Studio/7.0/Packs/atmel/ATmega_DFP/2.0.401/gcc/dev/atmega2560/avr6/crtatmega2560.o
 .debug_str     0x000003e6      0x73b Commands/testCommand1.o
                                0x7a2 (size before relaxing)
 .debug_str     0x00000b21       0x81 CountersAndTimers.o
                                0x208 (size before relaxing)
 .debug_str     0x00000ba2       0xbe Drivers/ADC2518.o
                                0x29a (size before relaxing)
 .debug_str     0x00000c60      0x11d Drivers/ADC_uC.o
                                0x325 (size before relaxing)
 .debug_str     0x00000d7d      0xba2 Drivers/LowLevelFlashDriver/spi-nand-base.o
                                0xe20 (size before relaxing)
 .debug_str     0x0000191f       0xe5 Drivers/LowLevelFlashDriver/spi-nand-cmd.o
                                0x736 (size before relaxing)
 .debug_str     0x00001a04      0x119 Drivers/NPA700.o
                                0x2d2 (size before relaxing)
 .debug_str     0x00001b1d       0x48 Drivers/RH_T.o
                                0x261 (size before relaxing)
 .debug_str     0x00001b65       0x50 Drivers/spi_ADC2518.o
                                0x20d (size before relaxing)
 .debug_str     0x00001bb5       0xd4 Drivers/EnablesAndCSs.o
                                0x310 (size before relaxing)
 .debug_str     0x00001c89      0x440 Drivers/FLASH_Driver.o
                                0xcc6 (size before relaxing)
 .debug_str     0x000020c9       0xc9 Drivers/RTC.o
                                0x28c (size before relaxing)
 .debug_str     0x00002192       0x89 Drivers/spi.o
                                0x28d (size before relaxing)
 .debug_str     0x0000221b       0x27 Drivers/spi_DACs.o
                                0x29e (size before relaxing)
 .debug_str     0x00002242       0x40 Drivers/spi_FRAM.o
                                0x2ba (size before relaxing)
 .debug_str     0x00002282       0x15 Drivers/spi_RTC.o
                                0x1ec (size before relaxing)
 .debug_str     0x00002297       0x3c Drivers/TWI_MUX.o
                                0x20f (size before relaxing)
 .debug_str     0x000022d3       0xf2 Drivers/twi_utils.o
                                0x2fe (size before relaxing)
 .debug_str     0x000023c5       0x6d Initialize.o
                                0x326 (size before relaxing)
 .debug_str     0x00002432       0xdf main.o
                                0x35d (size before relaxing)
 .debug_str     0x00002511       0x53 majorGeneral.o
                                0x22d (size before relaxing)
 .debug_str     0x00002564      0x142 uart.o
                                0x3a3 (size before relaxing)

.debug_loc      0x00000000     0xbacb
 *(.debug_loc)
 .debug_loc     0x00000000      0xfcf Commands/testCommand1.o
 .debug_loc     0x00000fcf       0x85 CountersAndTimers.o
 .debug_loc     0x00001054      0x37e Drivers/ADC2518.o
 .debug_loc     0x000013d2      0x422 Drivers/ADC_uC.o
 .debug_loc     0x000017f4     0x5600 Drivers/LowLevelFlashDriver/spi-nand-base.o
 .debug_loc     0x00006df4      0x4ef Drivers/LowLevelFlashDriver/spi-nand-cmd.o
 .debug_loc     0x000072e3      0x284 Drivers/NPA700.o
 .debug_loc     0x00007567       0xee Drivers/RH_T.o
 .debug_loc     0x00007655      0x286 Drivers/spi_ADC2518.o
 .debug_loc     0x000078db     0x266b Drivers/FLASH_Driver.o
 .debug_loc     0x00009f46      0x12c Drivers/RTC.o
 .debug_loc     0x0000a072      0x22d Drivers/spi.o
 .debug_loc     0x0000a29f      0x33a Drivers/spi_DACs.o
 .debug_loc     0x0000a5d9      0x3f0 Drivers/spi_FRAM.o
 .debug_loc     0x0000a9c9      0x1a8 Drivers/spi_RTC.o
 .debug_loc     0x0000ab71      0x109 Drivers/TWI_MUX.o
 .debug_loc     0x0000ac7a      0x653 Drivers/twi_utils.o
 .debug_loc     0x0000b2cd       0x53 Initialize.o
 .debug_loc     0x0000b320       0xbd majorGeneral.o
 .debug_loc     0x0000b3dd      0x6ee uart.o

.debug_macinfo
 *(.debug_macinfo)

.debug_weaknames
 *(.debug_weaknames)

.debug_funcnames
 *(.debug_funcnames)

.debug_typenames
 *(.debug_typenames)

.debug_varnames
 *(.debug_varnames)

.debug_pubtypes
 *(.debug_pubtypes)

.debug_ranges   0x00000000      0x850
 *(.debug_ranges)
 .debug_ranges  0x00000000       0x98 Commands/testCommand1.o
 .debug_ranges  0x00000098       0x28 CountersAndTimers.o
 .debug_ranges  0x000000c0       0x48 Drivers/ADC2518.o
 .debug_ranges  0x00000108       0x40 Drivers/ADC_uC.o
 .debug_ranges  0x00000148      0x1c0 Drivers/LowLevelFlashDriver/spi-nand-base.o
 .debug_ranges  0x00000308       0x20 Drivers/LowLevelFlashDriver/spi-nand-cmd.o
 .debug_ranges  0x00000328       0x40 Drivers/NPA700.o
 .debug_ranges  0x00000368       0x28 Drivers/RH_T.o
 .debug_ranges  0x00000390       0x20 Drivers/spi_ADC2518.o
 .debug_ranges  0x000003b0       0xe0 Drivers/EnablesAndCSs.o
 .debug_ranges  0x00000490      0x170 Drivers/FLASH_Driver.o
 .debug_ranges  0x00000600       0x20 Drivers/RTC.o
 .debug_ranges  0x00000620       0x60 Drivers/spi.o
 .debug_ranges  0x00000680       0x38 Drivers/spi_DACs.o
 .debug_ranges  0x000006b8       0x48 Drivers/spi_FRAM.o
 .debug_ranges  0x00000700       0x18 Drivers/spi_RTC.o
 .debug_ranges  0x00000718       0x18 Drivers/TWI_MUX.o
 .debug_ranges  0x00000730       0x58 Drivers/twi_utils.o
 .debug_ranges  0x00000788       0x20 Initialize.o
 .debug_ranges  0x000007a8       0x10 main.o
 .debug_ranges  0x000007b8       0x28 majorGeneral.o
 .debug_ranges  0x000007e0       0x70 uart.o

.debug_macro
 *(.debug_macro)
OUTPUT(SchuylerBoardTest.elf elf32-avr)
LOAD linker stubs
