Archive member included to satisfy reference by file (symbol)

c:/program files (x86)/atmel/studio/7.0/toolchain/avr8/avr8-gnu-toolchain/bin/../lib/gcc/avr/5.4.0/../../../../avr/lib/avr6\libm.a(fixunssfsi.o)
                              Drivers/ADC2518.o (__fixunssfsi)
c:/program files (x86)/atmel/studio/7.0/toolchain/avr8/avr8-gnu-toolchain/bin/../lib/gcc/avr/5.4.0/../../../../avr/lib/avr6\libm.a(floatsisf.o)
                              Drivers/ADC2518.o (__floatsisf)
c:/program files (x86)/atmel/studio/7.0/toolchain/avr8/avr8-gnu-toolchain/bin/../lib/gcc/avr/5.4.0/../../../../avr/lib/avr6\libm.a(fp_split3.o)
                              c:/program files (x86)/atmel/studio/7.0/toolchain/avr8/avr8-gnu-toolchain/bin/../lib/gcc/avr/5.4.0/../../../../avr/lib/avr6\libm.a(fixunssfsi.o) (__fp_splitA)
c:/program files (x86)/atmel/studio/7.0/toolchain/avr8/avr8-gnu-toolchain/bin/../lib/gcc/avr/5.4.0/../../../../avr/lib/avr6\libm.a(fp_zero.o)
                              c:/program files (x86)/atmel/studio/7.0/toolchain/avr8/avr8-gnu-toolchain/bin/../lib/gcc/avr/5.4.0/../../../../avr/lib/avr6\libm.a(fixunssfsi.o) (__fp_zero)
c:/program files (x86)/atmel/studio/7.0/toolchain/avr8/avr8-gnu-toolchain/bin/../lib/gcc/avr/5.4.0/../../../../avr/lib/avr6\libm.a(mulsf3.o)
                              Drivers/ADC2518.o (__mulsf3)
c:/program files (x86)/atmel/studio/7.0/toolchain/avr8/avr8-gnu-toolchain/bin/../lib/gcc/avr/5.4.0/../../../../avr/lib/avr6\libm.a(mulsf3x.o)
                              c:/program files (x86)/atmel/studio/7.0/toolchain/avr8/avr8-gnu-toolchain/bin/../lib/gcc/avr/5.4.0/../../../../avr/lib/avr6\libm.a(mulsf3.o) (__mulsf3x)
c:/program files (x86)/atmel/studio/7.0/toolchain/avr8/avr8-gnu-toolchain/bin/../lib/gcc/avr/5.4.0/../../../../avr/lib/avr6\libm.a(fp_inf.o)
                              c:/program files (x86)/atmel/studio/7.0/toolchain/avr8/avr8-gnu-toolchain/bin/../lib/gcc/avr/5.4.0/../../../../avr/lib/avr6\libm.a(mulsf3x.o) (__fp_inf)
c:/program files (x86)/atmel/studio/7.0/toolchain/avr8/avr8-gnu-toolchain/bin/../lib/gcc/avr/5.4.0/../../../../avr/lib/avr6\libm.a(fp_nan.o)
                              c:/program files (x86)/atmel/studio/7.0/toolchain/avr8/avr8-gnu-toolchain/bin/../lib/gcc/avr/5.4.0/../../../../avr/lib/avr6\libm.a(mulsf3x.o) (__fp_nan)
c:/program files (x86)/atmel/studio/7.0/toolchain/avr8/avr8-gnu-toolchain/bin/../lib/gcc/avr/5.4.0/../../../../avr/lib/avr6\libm.a(fp_pscA.o)
                              c:/program files (x86)/atmel/studio/7.0/toolchain/avr8/avr8-gnu-toolchain/bin/../lib/gcc/avr/5.4.0/../../../../avr/lib/avr6\libm.a(mulsf3x.o) (__fp_pscA)
c:/program files (x86)/atmel/studio/7.0/toolchain/avr8/avr8-gnu-toolchain/bin/../lib/gcc/avr/5.4.0/../../../../avr/lib/avr6\libm.a(fp_pscB.o)
                              c:/program files (x86)/atmel/studio/7.0/toolchain/avr8/avr8-gnu-toolchain/bin/../lib/gcc/avr/5.4.0/../../../../avr/lib/avr6\libm.a(mulsf3x.o) (__fp_pscB)
c:/program files (x86)/atmel/studio/7.0/toolchain/avr8/avr8-gnu-toolchain/bin/../lib/gcc/avr/5.4.0/../../../../avr/lib/avr6\libm.a(fp_round.o)
                              c:/program files (x86)/atmel/studio/7.0/toolchain/avr8/avr8-gnu-toolchain/bin/../lib/gcc/avr/5.4.0/../../../../avr/lib/avr6\libm.a(mulsf3.o) (__fp_round)
c:/program files (x86)/atmel/studio/7.0/toolchain/avr8/avr8-gnu-toolchain/bin/../lib/gcc/avr/5.4.0/../../../../avr/lib/avr6\libprintf_flt.a(vfprintf_flt.o)
                              (vfprintf)
c:/program files (x86)/atmel/studio/7.0/toolchain/avr8/avr8-gnu-toolchain/bin/../lib/gcc/avr/5.4.0/avr6\libgcc.a(_udivmodsi4.o)
                              Drivers/FLASH_Driver.o (__udivmodsi4)
c:/program files (x86)/atmel/studio/7.0/toolchain/avr8/avr8-gnu-toolchain/bin/../lib/gcc/avr/5.4.0/avr6\libgcc.a(_divmodsi4.o)
                              Drivers/RH_T.o (__divmodsi4)
c:/program files (x86)/atmel/studio/7.0/toolchain/avr8/avr8-gnu-toolchain/bin/../lib/gcc/avr/5.4.0/avr6\libgcc.a(_negsi2.o)
                              c:/program files (x86)/atmel/studio/7.0/toolchain/avr8/avr8-gnu-toolchain/bin/../lib/gcc/avr/5.4.0/avr6\libgcc.a(_divmodsi4.o) (__negsi2)
c:/program files (x86)/atmel/studio/7.0/toolchain/avr8/avr8-gnu-toolchain/bin/../lib/gcc/avr/5.4.0/avr6\libgcc.a(_exit.o)
                              C:/Program Files (x86)/Atmel/Studio/7.0/Packs/atmel/ATmega_DFP/2.0.401/gcc/dev/atmega2560/avr6/crtatmega2560.o (exit)
c:/program files (x86)/atmel/studio/7.0/toolchain/avr8/avr8-gnu-toolchain/bin/../lib/gcc/avr/5.4.0/avr6\libgcc.a(_copy_data.o)
                              Commands/testCommand1.o (__do_copy_data)
c:/program files (x86)/atmel/studio/7.0/toolchain/avr8/avr8-gnu-toolchain/bin/../lib/gcc/avr/5.4.0/avr6\libgcc.a(_clear_bss.o)
                              Commands/testCommand1.o (__do_clear_bss)
c:/program files (x86)/atmel/studio/7.0/toolchain/avr8/avr8-gnu-toolchain/bin/../lib/gcc/avr/5.4.0/avr6\libgcc.a(_umulhisi3.o)
[...]
Memory Configuration

Name             Origin             Length             Attributes
text             0x00000000         0x00040000         xr
data             0x00800200         0x00002000         rw !x
eeprom           0x00810000         0x00001000         rw !x
fuse             0x00820000         0x00000003         rw !x
lock             0x00830000         0x00000400         rw !x
signature        0x00840000         0x00000400         rw !x
user_signatures  0x00850000         0x00000400         rw !x
*default*        0x00000000         0xffffffff

Linker script and memory map

Address of section .data set to 0x800200
LOAD C:/Program Files (x86)/Atmel/Studio/7.0/Packs/atmel/ATmega_DFP/2.0.401/gcc/dev/atmega2560/avr6/crtatmega2560.o
LOAD Commands/testCommand1.o
LOAD CountersAndTimers.o
LOAD Drivers/ADC2518.o
LOAD Drivers/ADC_uC.o
LOAD Drivers/FETS.o
LOAD Drivers/NPA700.o
LOAD Drivers/RH_T.o
LOAD Drivers/spi_ADC2518.o
LOAD Drivers/EnablesAndCSs.o
LOAD Drivers/FLASH_Driver.o
LOAD Drivers/RTC.o
LOAD Drivers/spi.o
LOAD Drivers/spi_DACs.o
LOAD Drivers/spi_FRAM.o
LOAD Drivers/spi_RTC.o
LOAD Drivers/TWI_MUX.o
LOAD Drivers/twi_utils.o
LOAD Initialize.o
LOAD main.o
LOAD uart.o
START GROUP
LOAD c:/program files (x86)/atmel/studio/7.0/toolchain/avr8/avr8-gnu-toolchain/bin/../lib/gcc/avr/5.4.0/../../../../avr/lib/avr6\libm.a
END GROUP
LOAD c:/program files (x86)/atmel/studio/7.0/toolchain/avr8/avr8-gnu-toolchain/bin/../lib/gcc/avr/5.4.0/../../../../avr/lib/avr6\libprintf_flt.a
LOAD c:/program files (x86)/atmel/studio/7.0/toolchain/avr8/avr8-gnu-toolchain/bin/../lib/gcc/avr/5.4.0/../../../../avr/lib/avr6\libm.a
START GROUP
LOAD c:/program files (x86)/atmel/studio/7.0/toolchain/avr8/avr8-gnu-toolchain/bin/../lib/gcc/avr/5.4.0/avr6\libgcc.a
LOAD c:/program files (x86)/atmel/studio/7.0/toolchain/avr8/avr8-gnu-toolchain/bin/../lib/gcc/avr/5.4.0/../../../../avr/lib/avr6\libm.a
LOAD c:/program files (x86)/atmel/studio/7.0/toolchain/avr8/avr8-gnu-toolchain/bin/../lib/gcc/avr/5.4.0/../../../../avr/lib/avr6\libc.a
LOAD C:/Program Files (x86)/Atmel/Studio/7.0/Packs/atmel/ATmega_DFP/2.0.401/gcc/dev/atmega2560/avr6\libatmega2560.a
END GROUP
                0x00000000                __TEXT_REGION_ORIGIN__ = DEFINED (__TEXT_REGION_ORIGIN__)?__TEXT_REGION_ORIGIN__:0x0
                [0x00800200]                __DATA_REGION_ORIGIN__ = DEFINED (__DATA_REGION_ORIGIN__)?__DATA_REGION_ORIGIN__:0x800200
                [0x00040000]                __TEXT_REGION_LENGTH__ = DEFINED (__TEXT_REGION_LENGTH__)?__TEXT_REGION_LENGTH__:0x100000
                [0x00002000]                __DATA_REGION_LENGTH__ = DEFINED (__DATA_REGION_LENGTH__)?__DATA_REGION_LENGTH__:0xfe00
                [0x00001000]                __EEPROM_REGION_LENGTH__ = DEFINED (__EEPROM_REGION_LENGTH__)?__EEPROM_REGION_LENGTH__:0x10000
                [0x00000003]                __FUSE_REGION_LENGTH__ = DEFINED (__FUSE_REGION_LENGTH__)?__FUSE_REGION_LENGTH__:0x400
                0x00000400                __LOCK_REGION_LENGTH__ = DEFINED (__LOCK_REGION_LENGTH__)?__LOCK_REGION_LENGTH__:0x400
                0x00000400                __SIGNATURE_REGION_LENGTH__ = DEFINED (__SIGNATURE_REGION_LENGTH__)?__SIGNATURE_REGION_LENGTH__:0x400
                0x00000400                __USER_SIGNATURE_REGION_LENGTH__ = DEFINED (__USER_SIGNATURE_REGION_LENGTH__)?__USER_SIGNATURE_REGION_LENGTH__:0x400

.hash
 *(.hash)

.dynsym
 *(.dynsym)

.dynstr
 *(.dynstr)

.gnu.version
 *(.gnu.version)

.gnu.version_d
 *(.gnu.version_d)

.gnu.version_r
 *(.gnu.version_r)

.rel.init
 *(.rel.init)

.rela.init
 *(.rela.init)

.rel.text
 *(.rel.text)
 *(.rel.text.*)
 *(.rel.gnu.linkonce.t*)

.rela.text
 *(.rela.text)
 *(.rela.text.*)
 *(.rela.gnu.linkonce.t*)

.rel.fini
 *(.rel.fini)

.rela.fini
 *(.rela.fini)

.rel.rodata
 *(.rel.rodata)
 *(.rel.rodata.*)
 *(.rel.gnu.linkonce.r*)

.rela.rodata
 *(.rela.rodata)
 *(.rela.rodata.*)
 *(.rela.gnu.linkonce.r*)

.rel.data
 *(.rel.data)
 *(.rel.data.*)
 *(.rel.gnu.linkonce.d*)

.rela.data
 *(.rela.data)
 *(.rela.data.*)
 *(.rela.gnu.linkonce.d*)

.rel.ctors
 *(.rel.ctors)

.rela.ctors
 *(.rela.ctors)

.rel.dtors
 *(.rel.dtors)

.rela.dtors
 *(.rela.dtors)

.rel.got
 *(.rel.got)

.rela.got
 *(.rela.got)

.rel.bss
 *(.rel.bss)

.rela.bss
 *(.rela.bss)

.rel.plt
 *(.rel.plt)

.rela.plt
 *(.rela.plt)

.text           0x00000000     0x3d4e
 *(.vectors)
 .vectors       0x00000000       0xe4 C:/Program Files (x86)/Atmel/Studio/7.0/Packs/atmel/ATmega_DFP/2.0.401/gcc/dev/atmega2560/avr6/crtatmega2560.o
                0x00000000                __vector_default
                0x00000000                __vectors
 *(.vectors)
 *(.progmem.gcc*)
                0x000000e4                . = ALIGN (0x2)
                0x000000e4                __trampolines_start = .
 *(.trampolines)
 .trampolines   0x000000e4        0x0 linker stubs
 *(.trampolines*)
                0x000000e4                __trampolines_end = .
 *libprintf_flt.a:*(.progmem.data)
 .progmem.data  0x000000e4        0x8 c:/program files (x86)/atmel/studio/7.0/toolchain/avr8/avr8-gnu-toolchain/bin/../lib/gcc/avr/5.4.0/../../../../avr/lib/avr6\libprintf_flt.a(vfprintf_flt.o)
 *libc.a:*(.progmem.data)
 .progmem.data  0x000000ec       0xfa c:/program files (x86)/atmel/studio/7.0/toolchain/avr8/avr8-gnu-toolchain/bin/../lib/gcc/avr/5.4.0/../../../../avr/lib/avr6\libc.a(ftoa_engine.o)
 *(.progmem*)
 .progmem.data.__c.2497
                0x000001e6       0x13 Commands/testCommand1.o
 .progmem.data.__c.2481
                0x000001f9       0x14 Commands/testCommand1.o
 .progmem.data.__c.2046
                0x0000020d       0x20 Drivers/ADC2518.o
 .progmem.data.__c.2037
                0x0000022d       0x15 Drivers/ADC2518.o
 .progmem.data.__c.2082
                0x00000242        0x2 Drivers/ADC_uC.o
 .progmem.data.__c.2077
                0x00000244        0x4 Drivers/ADC_uC.o
 .progmem.data.__c.2071
                0x00000248       0x1f Drivers/ADC_uC.o
 .progmem.data.__c.2042
                0x00000267       0x23 Drivers/NPA700.o
 .progmem.data.__c.2040
                0x0000028a       0x1c Drivers/NPA700.o
 .progmem.data.__c.2038
                0x000002a6       0x20 Drivers/NPA700.o
 .progmem.data.__c.2114
                0x000002c6       0x31 Drivers/FLASH_Driver.o
 .progmem.data.__c.2116
                0x000002f7       0x39 Drivers/FLASH_Driver.o
 .progmem.data.__c.2118
                0x00000330       0x39 Drivers/FLASH_Driver.o
 .progmem.data.__c.2120
                0x00000369       0x30 Drivers/FLASH_Driver.o
 .progmem.data.__c.2122
                0x00000399       0x39 Drivers/FLASH_Driver.o
 .progmem.data.__c.2124
                0x000003d2       0x29 Drivers/FLASH_Driver.o
 .progmem.data.__c.2126
                0x000003fb       0x34 Drivers/FLASH_Driver.o
 .progmem.data.__c.2138
                0x0000042f       0x27 Drivers/FLASH_Driver.o
 .progmem.data.__c.2140
                0x00000456       0x27 Drivers/FLASH_Driver.o
 .progmem.data.__c.2155
                0x0000047d       0x3a Drivers/FLASH_Driver.o
 .progmem.data.__c.2157
                0x000004b7       0x2a Drivers/FLASH_Driver.o
 .progmem.data.__c.2159
                0x000004e1       0x35 Drivers/FLASH_Driver.o
 .progmem.data.__c.2171
                0x00000516       0x25 Drivers/FLASH_Driver.o
 .progmem.data.__c.2173
                0x0000053b       0x25 Drivers/FLASH_Driver.o
 .progmem.data.__c.2180
                0x00000560       0x2b Drivers/FLASH_Driver.o
 .progmem.data.__c.2182
                0x0000058b       0x3a Drivers/FLASH_Driver.o
 .progmem.data.__c.2184
                0x000005c5       0x2f Drivers/FLASH_Driver.o
 .progmem.data.__c.2186
                0x000005f4       0x28 Drivers/FLASH_Driver.o
 .progmem.data.__c.2188
                0x0000061c       0x37 Drivers/FLASH_Driver.o
 .progmem.data.__c.2196
                0x00000653       0x12 Drivers/FLASH_Driver.o
 .progmem.data.__c.2198
                0x00000665       0x34 Drivers/FLASH_Driver.o
                0x0000069a                . = ALIGN (0x2)
 *fill*         0x00000699        0x1 
 *(.jumptables)
 *(.jumptables*)
 *(.lowtext)
 *(.lowtext*)
                0x0000069a                __ctors_start = .
 *(.ctors)
                0x0000069a                __ctors_end = .
                0x0000069a                __dtors_start = .
 *(.dtors)
                0x0000069a                __dtors_end = .
 SORT(*)(.ctors)
 SORT(*)(.dtors)
 *(.init0)
 .init0         0x0000069a        0x0 C:/Program Files (x86)/Atmel/Studio/7.0/Packs/atmel/ATmega_DFP/2.0.401/gcc/dev/atmega2560/avr6/crtatmega2560.o
                0x0000069a                __init
 *(.init0)
 *(.init1)
 *(.init1)
 *(.init2)
 .init2         0x0000069a       0x10 C:/Program Files (x86)/Atmel/Studio/7.0/Packs/atmel/ATmega_DFP/2.0.401/gcc/dev/atmega2560/avr6/crtatmega2560.o
 *(.init2)
 *(.init3)
 *(.init3)
 *(.init4)
 .init4         0x000006aa       0x1a c:/program files (x86)/atmel/studio/7.0/toolchain/avr8/avr8-gnu-toolchain/bin/../lib/gcc/avr/5.4.0/avr6\libgcc.a(_copy_data.o)
                0x000006aa                __do_copy_data
 .init4         0x000006c4       0x10 c:/program files (x86)/atmel/studio/7.0/toolchain/avr8/avr8-gnu-toolchain/bin/../lib/gcc/avr/5.4.0/avr6\libgcc.a(_clear_bss.o)
                0x000006c4                __do_clear_bss
 *(.init4)
 *(.init5)
 *(.init5)
 *(.init6)
 *(.init6)
 *(.init7)
 *(.init7)
 *(.init8)
 *(.init8)
 *(.init9)
 .init9         0x000006d4        0x8 C:/Program Files (x86)/Atmel/Studio/7.0/Packs/atmel/ATmega_DFP/2.0.401/gcc/dev/atmega2560/avr6/crtatmega2560.o
 *(.init9)
 *(.text)
 .text          0x000006dc        0x2 C:/Program Files (x86)/Atmel/Studio/7.0/Packs/atmel/ATmega_DFP/2.0.401/gcc/dev/atmega2560/avr6/crtatmega2560.o
                0x000006dc                __vector_38
                0x000006dc                __vector_22
                0x000006dc                __vector_28
                0x000006dc                __vector_1
                0x000006dc                __vector_32
                0x000006dc                __vector_34
                0x000006dc                __vector_24
                0x000006dc                __vector_12
                0x000006dc                __vector_55
                0x000006dc                __vector_46
                0x000006dc                __bad_interrupt
                0x000006dc                __vector_6
                0x000006dc                __vector_31
                0x000006dc                __vector_35
                0x000006dc                __vector_39
                0x000006dc                __vector_3
                0x000006dc                __vector_23
                0x000006dc                __vector_30
                0x000006dc                __vector_45
                0x000006dc                __vector_11
                0x000006dc                __vector_54
                0x000006dc                __vector_17
                0x000006dc                __vector_19
                0x000006dc                __vector_56
                0x000006dc                __vector_7
                0x000006dc                __vector_49
                0x000006dc                __vector_41
                0x000006dc                __vector_43
                0x000006dc                __vector_27
                0x000006dc                __vector_5
                0x000006dc                __vector_33
                0x000006dc                __vector_47
                0x000006dc                __vector_52
                0x000006dc                __vector_37
                0x000006dc                __vector_4
                0x000006dc                __vector_44
                0x000006dc                __vector_51
                0x000006dc                __vector_9
                0x000006dc                __vector_2
                0x000006dc                __vector_21
                0x000006dc                __vector_15
                0x000006dc                __vector_40
                0x000006dc                __vector_26
                0x000006dc                __vector_48
                0x000006dc                __vector_14
                0x000006dc                __vector_53
                0x000006dc                __vector_10
                0x000006dc                __vector_50
                0x000006dc                __vector_16
                0x000006dc                __vector_18
                0x000006dc                __vector_20
                0x000006dc                __vector_42
                0x000006de                . = ALIGN (0x2)
 *(.text.*)
 .text.doFlashWriteTest
                0x000006de       0xb8 Commands/testCommand1.o
                0x000006de                doFlashWriteTest
 .text.doFlashReadTest
                0x00000796       0xc8 Commands/testCommand1.o
                0x00000796                doFlashReadTest
 .text.doFlashEraseTest
                0x0000085e        0x6 Commands/testCommand1.o
                0x0000085e                doFlashEraseTest
 .text.processCommand
                0x00000864      0x3b8 Commands/testCommand1.o
                0x00000864                processCommand
 .text.__vector_8
                0x00000c1c       0x14 CountersAndTimers.o
                0x00000c1c                __vector_8
 .text.__vector_13
                0x00000c30       0x8c CountersAndTimers.o
                0x00000c30                __vector_13
 .text.init_timer2
                0x00000cbc       0x30 CountersAndTimers.o
                0x00000cbc                init_timer2
 .text.init_CountersIimers
                0x00000cec       0x16 CountersAndTimers.o
                0x00000cec                init_CountersIimers
 .text.ADC_rdSystemStatus
                0x00000d02       0x20 Drivers/ADC2518.o
                0x00000d02                ADC_rdSystemStatus
 .text.ADC_wrGPO
                0x00000d22       0x3c Drivers/ADC2518.o
                0x00000d22                ADC_wrGPO
 .text.initADC2518
                0x00000d5e       0x1a Drivers/ADC2518.o
                0x00000d5e                initADC2518
 .text.ADC_OverSample
                0x00000d78       0x22 Drivers/ADC2518.o
                0x00000d78                ADC_OverSample
 .text.ADC_OscSpeed
                0x00000d9a       0x38 Drivers/ADC2518.o
                0x00000d9a                ADC_OscSpeed
 .text.ADC_manualMode
                0x00000dd2        0x8 Drivers/ADC2518.o
                0x00000dd2                ADC_manualMode
 .text.ADC_ReadManualModeAnalogCh
                0x00000dda       0x66 Drivers/ADC2518.o
                0x00000dda                ADC_ReadManualModeAnalogCh
 .text.nextADC  0x00000e40       0x5c Drivers/ADC_uC.o
                0x00000e40                nextADC
 .text.showActiveADCs
                0x00000e9c       0x78 Drivers/ADC_uC.o
                0x00000e9c                showActiveADCs
 .text.incADC_MUX
                0x00000f14       0x32 Drivers/ADC_uC.o
                0x00000f14                incADC_MUX
 .text.__vector_29
                0x00000f46      0x106 Drivers/ADC_uC.o
                0x00000f46                __vector_29
 .text.doAdc    0x0000104c       0x56 Drivers/ADC_uC.o
                0x0000104c                doAdc
 .text.startADCcycle
                0x000010a2       0x2c Drivers/ADC_uC.o
                0x000010a2                startADCcycle
 .text.init_adc
                0x000010ce       0x3e Drivers/ADC_uC.o
                0x000010ce                init_adc
 .text.readDiff_CH
                0x0000110c       0x1e Drivers/NPA700.o
                0x0000110c                readDiff_CH
 .text.readNPA700
                0x0000112a      0x154 Drivers/NPA700.o
                0x0000112a                readNPA700
 .text.initPressureSensors
                0x0000127e       0x86 Drivers/NPA700.o
                0x0000127e                initPressureSensors
 .text.readDiffPress
                0x00001304       0x1c Drivers/NPA700.o
                0x00001304                readDiffPress
 .text.readABSPress
                0x00001320       0x1c Drivers/NPA700.o
                0x00001320                readABSPress
 .text.readU47  0x0000133c       0x1c Drivers/NPA700.o
                0x0000133c                readU47
 .text.startRH_T_conversion
                0x00001358       0x2a Drivers/RH_T.o
                0x00001358                startRH_T_conversion
 .text.readRH_T
                0x00001382      0x102 Drivers/RH_T.o
                0x00001382                readRH_T
 .text.ADC_RegisterWrite
                0x00001484       0x1e Drivers/spi_ADC2518.o
                0x00001484                ADC_RegisterWrite
 .text.ADC_RegisterRead
                0x000014a2       0x30 Drivers/spi_ADC2518.o
                0x000014a2                ADC_RegisterRead
 .text.ADC_RegisterReadWrite
                0x000014d2       0x54 Drivers/spi_ADC2518.o
                0x000014d2                ADC_RegisterReadWrite
 .text.enableBuck014
                0x00001526        0xc Drivers/EnablesAndCSs.o
                0x00001526                enableBuck014
 .text.disableBuck014
                0x00001532        0xc Drivers/EnablesAndCSs.o
                0x00001532                disableBuck014
 .text.enableBuck2
                0x0000153e        0x8 Drivers/EnablesAndCSs.o
                0x0000153e                enableBuck2
 .text.disableBuck2
                0x00001546        0x8 Drivers/EnablesAndCSs.o
                0x00001546                disableBuck2
 .text.enableBuck3
                0x0000154e        0x8 Drivers/EnablesAndCSs.o
                0x0000154e                enableBuck3
 .text.disableBuck3
                0x00001556        0x8 Drivers/EnablesAndCSs.o
                0x00001556                disableBuck3
 .text.enableBuck5
                0x0000155e        0xc Drivers/EnablesAndCSs.o
                0x0000155e                enableBuck5
 .text.disableBuck5
                0x0000156a        0xc Drivers/EnablesAndCSs.o
                0x0000156a                disableBuck5
 .text.powerUpWickSensor
                0x00001576        0x8 Drivers/EnablesAndCSs.o
                0x00001576                powerUpWickSensor
 .text.powerDownWickSensor
                0x0000157e        0x8 Drivers/EnablesAndCSs.o
                0x0000157e                powerDownWickSensor
 .text.selectFRAM
                0x00001586        0x8 Drivers/EnablesAndCSs.o
                0x00001586                selectFRAM
 .text.deSelectFRAM
                0x0000158e        0x8 Drivers/EnablesAndCSs.o
                0x0000158e                deSelectFRAM
 .text.selectOpticsDAC
                0x00001596        0xc Drivers/EnablesAndCSs.o
                0x00001596                selectOpticsDAC
 .text.deSelectOpticsDAC
                0x000015a2        0xc Drivers/EnablesAndCSs.o
                0x000015a2                deSelectOpticsDAC
 .text.selectADC2518
                0x000015ae        0xc Drivers/EnablesAndCSs.o
                0x000015ae                selectADC2518
 .text.deSelectADC2518
                0x000015ba        0xc Drivers/EnablesAndCSs.o
                0x000015ba                deSelectADC2518
 .text.selectBuckCtrlDAC
                0x000015c6        0xc Drivers/EnablesAndCSs.o
                0x000015c6                selectBuckCtrlDAC
 .text.deSelectBuckCtrlDAC
                0x000015d2        0xc Drivers/EnablesAndCSs.o
                0x000015d2                deSelectBuckCtrlDAC
 .text.selectFlash
                0x000015de        0xc Drivers/EnablesAndCSs.o
                0x000015de                selectFlash
 .text.deSelectFlash
                0x000015ea        0xc Drivers/EnablesAndCSs.o
                0x000015ea                deSelectFlash
 .text.deSelectRTC
                0x000015f6        0xc Drivers/EnablesAndCSs.o
                0x000015f6                deSelectRTC
 .text.selectRTC
                0x00001602        0xc Drivers/EnablesAndCSs.o
                0x00001602                selectRTC
 .text.selectSDcard
                0x0000160e        0xc Drivers/EnablesAndCSs.o
                0x0000160e                selectSDcard
 .text.deSelectSDcard
                0x0000161a        0xc Drivers/EnablesAndCSs.o
                0x0000161a                deSelectSDcard
 .text.spi_FlashReadID
                0x00001626       0x66 Drivers/FLASH_Driver.o
                0x00001626                spi_FlashReadID
 .text.spi_FlashWaitUntilReady
                0x0000168c       0x32 Drivers/FLASH_Driver.o
                0x0000168c                spi_FlashWaitUntilReady
 .text.spi_FlashIsBusy
                0x000016be       0x50 Drivers/FLASH_Driver.o
                0x000016be                spi_FlashIsBusy
 .text.spi_FlashGetStatusRegister
                0x0000170e       0x12 Drivers/FLASH_Driver.o
                0x0000170e                spi_FlashGetStatusRegister
 .text.spi_FlashDisplayFeatureRegisters
                0x00001720       0xb0 Drivers/FLASH_Driver.o
                0x00001720                spi_FlashDisplayFeatureRegisters
 .text.spi_FlashGetFeatures
                0x000017d0       0x2c Drivers/FLASH_Driver.o
                0x000017d0                spi_FlashGetFeatures
 .text.spi_FlashSetFeatures
                0x000017fc       0x2e Drivers/FLASH_Driver.o
                0x000017fc                spi_FlashSetFeatures
 .text.spi_FlashUnlockAllBlocks
                0x0000182a       0x46 Drivers/FLASH_Driver.o
                0x0000182a                spi_FlashUnlockAllBlocks
 .text.spi_FlashEnableWrite
                0x00001870       0x58 Drivers/FLASH_Driver.o
                0x00001870                spi_FlashEnableWrite
 .text.spi_FlashDisableWrite
                0x000018c8       0x58 Drivers/FLASH_Driver.o
                0x000018c8                spi_FlashDisableWrite
 .text.spi_FlashWriteToPage
                0x00001920      0x18e Drivers/FLASH_Driver.o
                0x00001920                spi_FlashWriteToPage
 .text.spi_FlashWrite
                0x00001aae      0x150 Drivers/FLASH_Driver.o
                0x00001aae                spi_FlashWrite
 .text.spi_FlashReadFromPage
                0x00001bfe      0x11a Drivers/FLASH_Driver.o
                0x00001bfe                spi_FlashReadFromPage
 .text.spi_FlashRead
                0x00001d18      0x150 Drivers/FLASH_Driver.o
                0x00001d18                spi_FlashRead
 .text.spi_FlashEraseBlock
                0x00001e68       0xf2 Drivers/FLASH_Driver.o
                0x00001e68                spi_FlashEraseBlock
 .text.spi_FlashEraseAllBlocks
                0x00001f5a       0xbc Drivers/FLASH_Driver.o
                0x00001f5a                spi_FlashEraseAllBlocks
 .text.spi_FlashReset
                0x00002016       0x46 Drivers/FLASH_Driver.o
                0x00002016                spi_FlashReset
 .text.RTC_config
                0x0000205c       0x8c Drivers/RTC.o
                0x0000205c                RTC_config
 .text.RTC_readCLKF
                0x000020e8       0x38 Drivers/RTC.o
                0x000020e8                RTC_readCLKF
 .text.init_spi
                0x00002120       0x14 Drivers/spi.o
                0x00002120                init_spi
 .text.spiTransferByte
                0x00002134        0xc Drivers/spi.o
                0x00002134                spiTransferByte
 .text.spiSendBytes
                0x00002140       0x24 Drivers/spi.o
                0x00002140                spiSendBytes
 .text.spiGetBytes
                0x00002164       0x22 Drivers/spi.o
                0x00002164                spiGetBytes
 .text.spiSend2ByteBigEndian
                0x00002186       0x2e Drivers/spi.o
                0x00002186                spiSend2ByteBigEndian
 .text.spi_buckCtrlDac
                0x000021b4       0x6e Drivers/spi_DACs.o
                0x000021b4                spi_buckCtrlDac
 .text.spi_OpticsDAC
                0x00002222       0x6e Drivers/spi_DACs.o
                0x00002222                spi_OpticsDAC
 .text.spi_OpticsDAC_BroadCast
                0x00002290       0x24 Drivers/spi_DACs.o
                0x00002290                spi_OpticsDAC_BroadCast
 .text.spi_OpticsBuckCtl_BroadCast
                0x000022b4       0x24 Drivers/spi_DACs.o
                0x000022b4                spi_OpticsBuckCtl_BroadCast
 .text.spi_FRAM_writeEnable
                0x000022d8        0xa Drivers/spi_FRAM.o
                0x000022d8                spi_FRAM_writeEnable
 .text.FRAM_ReadStatusRegister
                0x000022e2       0x2e Drivers/spi_FRAM.o
                0x000022e2                FRAM_ReadStatusRegister
 .text.spi_FRAM_write
                0x00002310       0x46 Drivers/spi_FRAM.o
                0x00002310                spi_FRAM_write
 .text.spi_FRAM_read
                0x00002356       0x5a Drivers/spi_FRAM.o
                0x00002356                spi_FRAM_read
 .text.read_FRAM_DeviceID
                0x000023b0       0x5a Drivers/spi_FRAM.o
                0x000023b0                read_FRAM_DeviceID
 .text.wrFRAM   0x0000240a       0x86 Drivers/spi_FRAM.o
                0x0000240a                wrFRAM
 .text.framSaveSerialNumber
                0x00002490       0x18 Drivers/spi_FRAM.o
                0x00002490                framSaveSerialNumber
 .text.framReadSerialNumber
                0x000024a8       0x30 Drivers/spi_FRAM.o
                0x000024a8                framReadSerialNumber
 .text.spi_RTC_Write
                0x000024d8       0x2c Drivers/spi_RTC.o
                0x000024d8                spi_RTC_Write
 .text.spi_RTC_Read
                0x00002504       0x2c Drivers/spi_RTC.o
                0x00002504                spi_RTC_Read
 .text.getMuxConfiguration
                0x00002530       0x2e Drivers/TWI_MUX.o
                0x00002530                getMuxConfiguration
 .text.setI2Cmux
                0x0000255e       0xda Drivers/TWI_MUX.o
                0x0000255e                setI2Cmux
 .text.setStatus
                0x00002638       0x1a Drivers/twi_utils.o
                0x00002638                setStatus
 .text.showERRORcode
                0x00002652       0x1a Drivers/twi_utils.o
                0x00002652                showERRORcode
 .text.init_twi
                0x0000266c       0x8a Drivers/twi_utils.o
                0x0000266c                init_twi
 .text.twi_start
                0x000026f6       0x64 Drivers/twi_utils.o
                0x000026f6                twi_start
 .text.twi_write_bytes
                0x0000275a       0xee Drivers/twi_utils.o
                0x0000275a                twi_write_bytes
 .text.twi_read_bytes
                0x00002848      0x118 Drivers/twi_utils.o
                0x00002848                twi_read_bytes
 .text.init_Ports
                0x00002960       0x36 Initialize.o
                0x00002960                init_Ports
 .text.initialize
                0x00002996       0x6e Initialize.o
                0x00002996                initialize
 .text.main     0x00002a04       0x5c main.o
                0x00002a04                main
 .text.ringbuf_init
                0x00002a60       0x16 uart.o
 .text.ringbuf_get
                0x00002a76       0x52 uart.o
 .text.ringbuf_put
                0x00002ac8       0x56 uart.o
 .text.init_uart
                0x00002b1e       0x7a uart.o
                0x00002b1e                init_uart
 .text.uart0_putchar
                0x00002b98       0x28 uart.o
                0x00002b98                uart0_putchar
 .text.uart1_put
                0x00002bc0       0x20 uart.o
                0x00002bc0                uart1_put
 .text.uarts_getchar
                0x00002be0        0x6 uart.o
                0x00002be0                uarts_getchar
 .text.__vector_25
                0x00002be6      0x1be uart.o
                0x00002be6                __vector_25
 .text.__vector_36
                0x00002da4       0x9e uart.o
                0x00002da4                __vector_36
 .text.doUart   0x00002e42       0xcc uart.o
                0x00002e42                doUart
 .text.avr-libc.fplib
                0x00002f0e       0x58 c:/program files (x86)/atmel/studio/7.0/toolchain/avr8/avr8-gnu-toolchain/bin/../lib/gcc/avr/5.4.0/../../../../avr/lib/avr6\libm.a(fixunssfsi.o)
                0x00002f0e                __fixunssfsi
 .text.avr-libc.fplib
                0x00002f66       0x7a c:/program files (x86)/atmel/studio/7.0/toolchain/avr8/avr8-gnu-toolchain/bin/../lib/gcc/avr/5.4.0/../../../../avr/lib/avr6\libm.a(floatsisf.o)
                0x00002f66                __floatunsisf
                0x00002f6a                __floatsisf
 .text.avr-libc.fplib
                0x00002fe0       0x44 c:/program files (x86)/atmel/studio/7.0/toolchain/avr8/avr8-gnu-toolchain/bin/../lib/gcc/avr/5.4.0/../../../../avr/lib/avr6\libm.a(fp_split3.o)
                0x00002fe0                __fp_split3
                0x00002ff0                __fp_splitA
 .text.avr-libc.fplib
                0x00003024        0xe c:/program files (x86)/atmel/studio/7.0/toolchain/avr8/avr8-gnu-toolchain/bin/../lib/gcc/avr/5.4.0/../../../../avr/lib/avr6\libm.a(fp_zero.o)
                0x00003024                __fp_zero
                0x00003026                __fp_szero
 .text.avr-libc.fplib
                0x00003032        0x4 c:/program files (x86)/atmel/studio/7.0/toolchain/avr8/avr8-gnu-toolchain/bin/../lib/gcc/avr/5.4.0/../../../../avr/lib/avr6\libm.a(mulsf3.o)
                0x00003032                __mulsf3
 .text.avr-libc.fplib
                0x00003036       0xc2 c:/program files (x86)/atmel/studio/7.0/toolchain/avr8/avr8-gnu-toolchain/bin/../lib/gcc/avr/5.4.0/../../../../avr/lib/avr6\libm.a(mulsf3x.o)
                0x0000304a                __mulsf3x
                0x0000304e                __mulsf3_pse
 .text.avr-libc.fplib
                0x000030f8        0xc c:/program files (x86)/atmel/studio/7.0/toolchain/avr8/avr8-gnu-toolchain/bin/../lib/gcc/avr/5.4.0/../../../../avr/lib/avr6\libm.a(fp_inf.o)
                0x000030f8                __fp_inf
 .text.avr-libc.fplib
                0x00003104        0x6 c:/program files (x86)/atmel/studio/7.0/toolchain/avr8/avr8-gnu-toolchain/bin/../lib/gcc/avr/5.4.0/../../../../avr/lib/avr6\libm.a(fp_nan.o)
                0x00003104                __fp_nan
 .text.avr-libc.fplib
                0x0000310a        0xe c:/program files (x86)/atmel/studio/7.0/toolchain/avr8/avr8-gnu-toolchain/bin/../lib/gcc/avr/5.4.0/../../../../avr/lib/avr6\libm.a(fp_pscA.o)
                0x0000310a                __fp_pscA
 .text.avr-libc.fplib
                0x00003118        0xe c:/program files (x86)/atmel/studio/7.0/toolchain/avr8/avr8-gnu-toolchain/bin/../lib/gcc/avr/5.4.0/../../../../avr/lib/avr6\libm.a(fp_pscB.o)
                0x00003118                __fp_pscB
 .text.avr-libc.fplib
                0x00003126       0x22 c:/program files (x86)/atmel/studio/7.0/toolchain/avr8/avr8-gnu-toolchain/bin/../lib/gcc/avr/5.4.0/../../../../avr/lib/avr6\libm.a(fp_round.o)
                0x00003126                __fp_round
 .text.avr-libc
                0x00003148      0x712 c:/program files (x86)/atmel/studio/7.0/toolchain/avr8/avr8-gnu-toolchain/bin/../lib/gcc/avr/5.4.0/../../../../avr/lib/avr6\libprintf_flt.a(vfprintf_flt.o)
                0x00003148                vfprintf
 .text.libgcc.div
                0x0000385a       0x44 c:/program files (x86)/atmel/studio/7.0/toolchain/avr8/avr8-gnu-toolchain/bin/../lib/gcc/avr/5.4.0/avr6\libgcc.a(_udivmodsi4.o)
                0x0000385a                __udivmodsi4
 .text.libgcc.div
                0x0000389e       0x28 c:/program files (x86)/atmel/studio/7.0/toolchain/avr8/avr8-gnu-toolchain/bin/../lib/gcc/avr/5.4.0/avr6\libgcc.a(_divmodsi4.o)
                0x0000389e                __divmodsi4
 .text.libgcc.div
                0x000038c6       0x10 c:/program files (x86)/atmel/studio/7.0/toolchain/avr8/avr8-gnu-toolchain/bin/../lib/gcc/avr/5.4.0/avr6\libgcc.a(_negsi2.o)
                0x000038c6                __negsi2
 .text.libgcc.mul
                0x000038d6       0x1e c:/program files (x86)/atmel/studio/7.0/toolchain/avr8/avr8-gnu-toolchain/bin/../lib/gcc/avr/5.4.0/avr6\libgcc.a(_umulhisi3.o)
                0x000038d6                __umulhisi3
 .text.libgcc.mul
                0x000038f4        0xc c:/program files (x86)/atmel/studio/7.0/toolchain/avr8/avr8-gnu-toolchain/bin/../lib/gcc/avr/5.4.0/avr6\libgcc.a(_usmulhisi3.o)
                0x000038f4                __usmulhisi3
                0x000038f6                __usmulhisi3_tail
 .text.avr-libc
                0x00003900       0x3a c:/program files (x86)/atmel/studio/7.0/toolchain/avr8/avr8-gnu-toolchain/bin/../lib/gcc/avr/5.4.0/../../../../avr/lib/avr6\libc.a(atoi.o)
                0x00003900                atoi
 .text.avr-libc
                0x0000393a      0x1b0 c:/program files (x86)/atmel/studio/7.0/toolchain/avr8/avr8-gnu-toolchain/bin/../lib/gcc/avr/5.4.0/../../../../avr/lib/avr6\libc.a(ftoa_engine.o)
                0x0000393a                __ftoa_engine
 .text.avr-libc
                0x00003aea       0x16 c:/program files (x86)/atmel/studio/7.0/toolchain/avr8/avr8-gnu-toolchain/bin/../lib/gcc/avr/5.4.0/../../../../avr/lib/avr6\libc.a(strnlen_P.o)
                0x00003aea                strnlen_P
 .text.avr-libc
                0x00003b00       0x12 c:/program files (x86)/atmel/studio/7.0/toolchain/avr8/avr8-gnu-toolchain/bin/../lib/gcc/avr/5.4.0/../../../../avr/lib/avr6\libc.a(strcmp.o)
                0x00003b00                strcmp
 .text.avr-libc
                0x00003b12       0x16 c:/program files (x86)/atmel/studio/7.0/toolchain/avr8/avr8-gnu-toolchain/bin/../lib/gcc/avr/5.4.0/../../../../avr/lib/avr6\libc.a(strnlen.o)
                0x00003b12                strnlen
 .text.avr-libc
                0x00003b28       0x10 c:/program files (x86)/atmel/studio/7.0/toolchain/avr8/avr8-gnu-toolchain/bin/../lib/gcc/avr/5.4.0/../../../../avr/lib/avr6\libc.a(mul10.o)
                0x00003b28                __mulhi_const_10
 .text.avr-libc
                0x00003b38       0x78 c:/program files (x86)/atmel/studio/7.0/toolchain/avr8/avr8-gnu-toolchain/bin/../lib/gcc/avr/5.4.0/../../../../avr/lib/avr6\libc.a(fputc.o)
                0x00003b38                fputc
 .text.avr-libc
                0x00003bb0       0x26 c:/program files (x86)/atmel/studio/7.0/toolchain/avr8/avr8-gnu-toolchain/bin/../lib/gcc/avr/5.4.0/../../../../avr/lib/avr6\libc.a(printf.o)
                0x00003bb0                printf
 .text.avr-libc
                0x00003bd6       0x4e c:/program files (x86)/atmel/studio/7.0/toolchain/avr8/avr8-gnu-toolchain/bin/../lib/gcc/avr/5.4.0/../../../../avr/lib/avr6\libc.a(printf_p.o)
                0x00003bd6                printf_P
 .text.avr-libc
                0x00003c24        0xa c:/program files (x86)/atmel/studio/7.0/toolchain/avr8/avr8-gnu-toolchain/bin/../lib/gcc/avr/5.4.0/../../../../avr/lib/avr6\libc.a(putchar.o)
                0x00003c24                putchar
 .text.avr-libc
                0x00003c2e       0x60 c:/program files (x86)/atmel/studio/7.0/toolchain/avr8/avr8-gnu-toolchain/bin/../lib/gcc/avr/5.4.0/../../../../avr/lib/avr6\libc.a(puts.o)
                0x00003c2e                puts
 .text.avr-libc
                0x00003c8e       0xbc c:/program files (x86)/atmel/studio/7.0/toolchain/avr8/avr8-gnu-toolchain/bin/../lib/gcc/avr/5.4.0/../../../../avr/lib/avr6\libc.a(ultoa_invert.o)
                0x00003c8e                __ultoa_invert
                0x00003d4a                . = ALIGN (0x2)
 *(.fini9)
 .fini9         0x00003d4a        0x0 c:/program files (x86)/atmel/studio/7.0/toolchain/avr8/avr8-gnu-toolchain/bin/../lib/gcc/avr/5.4.0/avr6\libgcc.a(_exit.o)
                0x00003d4a                _exit
                0x00003d4a                exit
 *(.fini9)
 *(.fini8)
 *(.fini8)
 *(.fini7)
 *(.fini7)
 *(.fini6)
 *(.fini6)
 *(.fini5)
 *(.fini5)
 *(.fini4)
 *(.fini4)
 *(.fini3)
 *(.fini3)
 *(.fini2)
 *(.fini2)
 *(.fini1)
 *(.fini1)
 *(.fini0)
 .fini0         0x00003d4a        0x4 c:/program files (x86)/atmel/studio/7.0/toolchain/avr8/avr8-gnu-toolchain/bin/../lib/gcc/avr/5.4.0/avr6\libgcc.a(_exit.o)
 *(.fini0)
                0x00003d4e                _etext = .

.data           0x00800200      0x6da load address 0x00003d4e
                0x00800200                PROVIDE (__data_start, .)
 *(.data)
 *(.data*)
 .data.i        0x00800200        0x1 Commands/testCommand1.o
                0x00800200                i
 .data.uart_str
                0x00800201        0xe Initialize.o
 *(.gnu.linkonce.d*)
 *(.rodata)
 .rodata        0x0080020f      0x124 Drivers/FLASH_Driver.o
 *(.rodata*)
 .rodata.str1.1
                0x00800333      0x122 Commands/testCommand1.o
 .rodata.str1.1
                0x00800455       0x30 CountersAndTimers.o
 .rodata.str1.1
                0x00800485       0x4a Drivers/ADC2518.o
 .rodata.str1.1
                0x008004cf       0x4b Drivers/ADC_uC.o
 .rodata.str1.1
                0x0080051a       0x30 Drivers/NPA700.o
 .rodata.str1.1
                0x0080054a       0x7b Drivers/RH_T.o
 .rodata.str1.1
                0x008005c5       0x15 Drivers/spi_ADC2518.o
 .rodata.str1.1
                0x008005da       0x70 Drivers/RTC.o
 .rodata.str1.1
                0x0080064a       0x8f Drivers/spi_DACs.o
 .rodata.str1.1
                0x008006d9       0x4a Drivers/spi_FRAM.o
                                 0x52 (size before relaxing)
 .rodata.str1.1
                0x00800723       0xa3 Drivers/TWI_MUX.o
 .rodata.numErrors.1817
                0x008007c6        0x4 Drivers/TWI_MUX.o
 .rodata.str1.1
                0x008007ca       0xb9 Drivers/twi_utils.o
 .rodata.str1.1
                0x00800883       0x11 Initialize.o
 .rodata.str1.1
                0x00800894        0xc main.o
 .rodata.str1.1
                0x008008a0       0x39 uart.o
 *(.gnu.linkonce.r*)
                0x008008da                . = ALIGN (0x2)
 *fill*         0x008008d9        0x1 
                0x008008da                _edata = .
                0x008008da                PROVIDE (__data_end, .)

.bss            0x008008da      0x138
                0x008008da                PROVIDE (__bss_start, .)
 *(.bss)
 *(.bss*)
 .bss.ms_twiCount
                0x008008da        0x2 CountersAndTimers.o
                0x008008da                ms_twiCount
 .bss.halfSecFlag
                0x008008dc        0x1 CountersAndTimers.o
                0x008008dc                halfSecFlag
 .bss.oneSecFlag
                0x008008dd        0x1 CountersAndTimers.o
                0x008008dd                oneSecFlag
 .bss.counter1024Hz
                0x008008de        0x2 CountersAndTimers.o
                0x008008de                counter1024Hz
 .bss.numReadings.2095
                0x008008e0        0x2 Drivers/ADC_uC.o
 .bss.currentADCchannel
                0x008008e2        0x1 Drivers/ADC_uC.o
 .bss.firstADCchannel
                0x008008e3        0x1 Drivers/ADC_uC.o
 .bss.adcCompleteFlag
                0x008008e4        0x1 Drivers/ADC_uC.o
                0x008008e4                adcCompleteFlag
 .bss.adcReadings
                0x008008e5       0x20 Drivers/ADC_uC.o
 .bss.npaU47    0x00800905        0x6 Drivers/NPA700.o
 .bss.npaAbsP   0x0080090b        0x6 Drivers/NPA700.o
 .bss.npaFlow   0x00800911        0x6 Drivers/NPA700.o
 .bss.rhStarted
                0x00800917        0x1 Drivers/RH_T.o
 .bss.serialNumber
                0x00800918        0x2 Drivers/spi_FRAM.o
                0x00800918                serialNumber
 .bss.verbose   0x0080091a        0x1 Drivers/twi_utils.o
 .bss.currentUart
                0x0080091b        0x1 uart.o
                0x0080091b                currentUart
 .bss.pauseOutputForCmdCnt
                0x0080091c        0x1 uart.o
                0x0080091c                pauseOutputForCmdCnt
 .bss.outputCharacters
                0x0080091d        0x1 uart.o
                0x0080091d                outputCharacters
 .bss.commandSize
                0x0080091e        0x1 uart.o
                0x0080091e                commandSize
 .bss.bufIndex0
                0x0080091f        0x1 uart.o
                0x0080091f                bufIndex0
 .bss.clrError  0x00800920        0x2 uart.o
                0x00800920                clrError
 .bss.commandCompleteFlag0
                0x00800922        0x1 uart.o
                0x00800922                commandCompleteFlag0
 *(COMMON)
 COMMON         0x00800923       0x40 main.o
                0x00800923                userSettings
                0x00800928                readings
                0x0080095a                hdwConfig
 COMMON         0x00800963       0xa9 uart.o
                0x00800963                rb
                0x0080096b                buf1
                0x008009eb                commandCompleteFlag1
                0x008009ec                buf
 COMMON         0x00800a0c        0x6 c:/program files (x86)/atmel/studio/7.0/toolchain/avr8/avr8-gnu-toolchain/bin/../lib/gcc/avr/5.4.0/../../../../avr/lib/avr6\libc.a(iob.o)
                0x00800a0c                __iob
                0x00800a12                PROVIDE (__bss_end, .)
                0x00003d4e                __data_load_start = LOADADDR (.data)
                0x00004428                __data_load_end = (__data_load_start + SIZEOF (.data))

.noinit         0x00800a12        0x0
                [!provide]                PROVIDE (__noinit_start, .)
 *(.noinit*)
                [!provide]                PROVIDE (__noinit_end, .)
                0x00800a12                _end = .
                [!provide]                PROVIDE (__heap_start, .)

.eeprom         0x00810000        0x0
 *(.eeprom*)
                0x00810000                __eeprom_end = .

.fuse
 *(.fuse)
 *(.lfuse)
 *(.hfuse)
 *(.efuse)

.lock
 *(.lock*)

.signature
 *(.signature*)

.user_signatures
 *(.user_signatures*)

.stab
 *(.stab)

.stabstr
 *(.stabstr)

.stab.excl
 *(.stab.excl)

.stab.exclstr
 *(.stab.exclstr)

.stab.index
 *(.stab.index)

.stab.indexstr
 *(.stab.indexstr)

.comment        0x00000000       0x5c
 *(.comment)
 .comment       0x00000000       0x30 Commands/testCommand1.o
                                 0x31 (size before relaxing)
 .comment       0x00000030       0x31 CountersAndTimers.o
 .comment       0x00000030       0x31 Drivers/ADC2518.o
 .comment       0x00000030       0x31 Drivers/ADC_uC.o
 .comment       0x00000030       0x31 Drivers/NPA700.o
 .comment       0x00000030       0x31 Drivers/RH_T.o
 .comment       0x00000030       0x31 Drivers/spi_ADC2518.o
 .comment       0x00000030       0x31 Drivers/EnablesAndCSs.o
 .comment       0x00000030       0x31 Drivers/FLASH_Driver.o
 .comment       0x00000030       0x31 Drivers/RTC.o
 .comment       0x00000030       0x31 Drivers/spi.o
 .comment       0x00000030       0x31 Drivers/spi_DACs.o
 .comment       0x00000030       0x31 Drivers/spi_FRAM.o
 .comment       0x00000030       0x31 Drivers/spi_RTC.o
 .comment       0x00000030       0x31 Drivers/TWI_MUX.o
 .comment       0x00000030       0x31 Drivers/twi_utils.o
 .comment       0x00000030       0x31 Initialize.o
 .comment       0x00000030       0x31 main.o
 .comment       0x00000030       0x31 uart.o
 .comment       0x00000030       0x2c c:/program files (x86)/atmel/studio/7.0/toolchain/avr8/avr8-gnu-toolchain/bin/../lib/gcc/avr/5.4.0/../../../../avr/lib/avr6\libprintf_flt.a(vfprintf_flt.o)
                                 0x2d (size before relaxing)
 .comment       0x0000005c       0x31 c:/program files (x86)/atmel/studio/7.0/toolchain/avr8/avr8-gnu-toolchain/bin/../lib/gcc/avr/5.4.0/../../../../avr/lib/avr6\libc.a(fputc.o)
 .comment       0x0000005c       0x31 c:/program files (x86)/atmel/studio/7.0/toolchain/avr8/avr8-gnu-toolchain/bin/../lib/gcc/avr/5.4.0/../../../../avr/lib/avr6\libc.a(iob.o)
 .comment       0x0000005c       0x31 c:/program files (x86)/atmel/studio/7.0/toolchain/avr8/avr8-gnu-toolchain/bin/../lib/gcc/avr/5.4.0/../../../../avr/lib/avr6\libc.a(printf.o)
 .comment       0x0000005c       0x31 c:/program files (x86)/atmel/studio/7.0/toolchain/avr8/avr8-gnu-toolchain/bin/../lib/gcc/avr/5.4.0/../../../../avr/lib/avr6\libc.a(printf_p.o)
 .comment       0x0000005c       0x31 c:/program files (x86)/atmel/studio/7.0/toolchain/avr8/avr8-gnu-toolchain/bin/../lib/gcc/avr/5.4.0/../../../../avr/lib/avr6\libc.a(putchar.o)
 .comment       0x0000005c       0x31 c:/program files (x86)/atmel/studio/7.0/toolchain/avr8/avr8-gnu-toolchain/bin/../lib/gcc/avr/5.4.0/../../../../avr/lib/avr6\libc.a(puts.o)

.note.gnu.avr.deviceinfo
                0x00000000       0x40
 .note.gnu.avr.deviceinfo
                0x00000000       0x40 C:/Program Files (x86)/Atmel/Studio/7.0/Packs/atmel/ATmega_DFP/2.0.401/gcc/dev/atmega2560/avr6/crtatmega2560.o

.note.gnu.build-id
 *(.note.gnu.build-id)

.debug
 *(.debug)

.line
 *(.line)

.debug_srcinfo
 *(.debug_srcinfo)

.debug_sfnames
 *(.debug_sfnames)

.debug_aranges  0x00000000      0x600
 *(.debug_aranges)
 .debug_aranges
                0x00000000       0x38 Commands/testCommand1.o
 .debug_aranges
                0x00000038       0x38 CountersAndTimers.o
 .debug_aranges
                0x00000070       0x58 Drivers/ADC2518.o
 .debug_aranges
                0x000000c8       0x50 Drivers/ADC_uC.o
 .debug_aranges
                0x00000118       0x50 Drivers/NPA700.o
 .debug_aranges
                0x00000168       0x38 Drivers/RH_T.o
 .debug_aranges
                0x000001a0       0x30 Drivers/spi_ADC2518.o
 .debug_aranges
                0x000001d0       0xf0 Drivers/EnablesAndCSs.o
 .debug_aranges
                0x000002c0       0xa8 Drivers/FLASH_Driver.o
 .debug_aranges
                0x00000368       0x30 Drivers/RTC.o
 .debug_aranges
                0x00000398       0x58 Drivers/spi.o
 .debug_aranges
                0x000003f0       0x48 Drivers/spi_DACs.o
 .debug_aranges
                0x00000438       0x58 Drivers/spi_FRAM.o
 .debug_aranges
                0x00000490       0x28 Drivers/spi_RTC.o
 .debug_aranges
                0x000004b8       0x28 Drivers/TWI_MUX.o
 .debug_aranges
                0x000004e0       0x50 Drivers/twi_utils.o
 .debug_aranges
                0x00000530       0x30 Initialize.o
 .debug_aranges
                0x00000560       0x20 main.o
 .debug_aranges
                0x00000580       0x80 uart.o

.debug_pubnames
 *(.debug_pubnames)

.debug_info     0x00000000     0x687e
 *(.debug_info .gnu.linkonce.wi.*)
 .debug_info    0x00000000      0xbbc C:/Program Files (x86)/Atmel/Studio/7.0/Packs/atmel/ATmega_DFP/2.0.401/gcc/dev/atmega2560/avr6/crtatmega2560.o
 .debug_info    0x00000bbc      0x970 Commands/testCommand1.o
 .debug_info    0x0000152c      0x17d CountersAndTimers.o
 .debug_info    0x000016a9      0x358 Drivers/ADC2518.o
 .debug_info    0x00001a01      0x40a Drivers/ADC_uC.o
 .debug_info    0x00001e0b      0x430 Drivers/NPA700.o
 .debug_info    0x0000223b      0x3e3 Drivers/RH_T.o
 .debug_info    0x0000261e      0x2c2 Drivers/spi_ADC2518.o
 .debug_info    0x000028e0      0x32e Drivers/EnablesAndCSs.o
 .debug_info    0x00002c0e     0x122f Drivers/FLASH_Driver.o
 .debug_info    0x00003e3d      0x37a Drivers/RTC.o
 .debug_info    0x000041b7      0x2ee Drivers/spi.o
 .debug_info    0x000044a5      0x553 Drivers/spi_DACs.o
 .debug_info    0x000049f8      0x521 Drivers/spi_FRAM.o
 .debug_info    0x00004f19      0x1d0 Drivers/spi_RTC.o
 .debug_info    0x000050e9      0x21a Drivers/TWI_MUX.o
 .debug_info    0x00005303      0x5fc Drivers/twi_utils.o
 .debug_info    0x000058ff      0x402 Initialize.o
 .debug_info    0x00005d01      0x33f main.o
 .debug_info    0x00006040      0x83e uart.o

.debug_abbrev   0x00000000     0x25af
 *(.debug_abbrev)
 .debug_abbrev  0x00000000      0xb1a C:/Program Files (x86)/Atmel/Studio/7.0/Packs/atmel/ATmega_DFP/2.0.401/gcc/dev/atmega2560/avr6/crtatmega2560.o
 .debug_abbrev  0x00000b1a      0x191 Commands/testCommand1.o
 .debug_abbrev  0x00000cab       0xba CountersAndTimers.o
 .debug_abbrev  0x00000d65      0x110 Drivers/ADC2518.o
 .debug_abbrev  0x00000e75      0x1b9 Drivers/ADC_uC.o
 .debug_abbrev  0x0000102e      0x196 Drivers/NPA700.o
 .debug_abbrev  0x000011c4      0x1b2 Drivers/RH_T.o
 .debug_abbrev  0x00001376       0xef Drivers/spi_ADC2518.o
 .debug_abbrev  0x00001465       0xc2 Drivers/EnablesAndCSs.o
 .debug_abbrev  0x00001527      0x1e2 Drivers/FLASH_Driver.o
 .debug_abbrev  0x00001709      0x11a Drivers/RTC.o
 .debug_abbrev  0x00001823      0x10a Drivers/spi.o
 .debug_abbrev  0x0000192d      0x102 Drivers/spi_DACs.o
 .debug_abbrev  0x00001a2f      0x164 Drivers/spi_FRAM.o
 .debug_abbrev  0x00001b93       0xa3 Drivers/spi_RTC.o
 .debug_abbrev  0x00001c36      0x103 Drivers/TWI_MUX.o
 .debug_abbrev  0x00001d39      0x27e Drivers/twi_utils.o
 .debug_abbrev  0x00001fb7      0x1fc Initialize.o
 .debug_abbrev  0x000021b3      0x112 main.o
 .debug_abbrev  0x000022c5      0x2ea uart.o

.debug_line     0x00000000     0x3a1a
 *(.debug_line .debug_line.* .debug_line_end)
 .debug_line    0x00000000      0x1fa C:/Program Files (x86)/Atmel/Studio/7.0/Packs/atmel/ATmega_DFP/2.0.401/gcc/dev/atmega2560/avr6/crtatmega2560.o
 .debug_line    0x000001fa      0x67e Commands/testCommand1.o
 .debug_line    0x00000878      0x171 CountersAndTimers.o
 .debug_line    0x000009e9      0x235 Drivers/ADC2518.o
 .debug_line    0x00000c1e      0x2cd Drivers/ADC_uC.o
 .debug_line    0x00000eeb      0x2bf Drivers/NPA700.o
 .debug_line    0x000011aa      0x242 Drivers/RH_T.o
 .debug_line    0x000013ec      0x192 Drivers/spi_ADC2518.o
 .debug_line    0x0000157e      0x2fd Drivers/EnablesAndCSs.o
 .debug_line    0x0000187b      0x719 Drivers/FLASH_Driver.o
 .debug_line    0x00001f94      0x1be Drivers/RTC.o
 .debug_line    0x00002152      0x273 Drivers/spi.o
 .debug_line    0x000023c5      0x284 Drivers/spi_DACs.o
 .debug_line    0x00002649      0x29f Drivers/spi_FRAM.o
 .debug_line    0x000028e8      0x120 Drivers/spi_RTC.o
 .debug_line    0x00002a08      0x17a Drivers/TWI_MUX.o
 .debug_line    0x00002b82      0x475 Drivers/twi_utils.o
 .debug_line    0x00002ff7      0x255 Initialize.o
 .debug_line    0x0000324c      0x191 main.o
 .debug_line    0x000033dd      0x63d uart.o

.debug_frame    0x00000000     0x11c0
 *(.debug_frame)
 .debug_frame   0x00000000      0x124 Commands/testCommand1.o
 .debug_frame   0x00000124       0x7c CountersAndTimers.o
 .debug_frame   0x000001a0      0x104 Drivers/ADC2518.o
 .debug_frame   0x000002a4      0x154 Drivers/ADC_uC.o
 .debug_frame   0x000003f8       0xd8 Drivers/NPA700.o
 .debug_frame   0x000004d0       0x78 Drivers/RH_T.o
 .debug_frame   0x00000548       0x88 Drivers/spi_ADC2518.o
 .debug_frame   0x000005d0      0x1c4 Drivers/EnablesAndCSs.o
 .debug_frame   0x00000794      0x278 Drivers/FLASH_Driver.o
 .debug_frame   0x00000a0c       0x84 Drivers/RTC.o
 .debug_frame   0x00000a90       0xb4 Drivers/spi.o
 .debug_frame   0x00000b44      0x104 Drivers/spi_DACs.o
 .debug_frame   0x00000c48      0x120 Drivers/spi_FRAM.o
 .debug_frame   0x00000d68       0x5c Drivers/spi_RTC.o
 .debug_frame   0x00000dc4       0x54 Drivers/TWI_MUX.o
 .debug_frame   0x00000e18      0x130 Drivers/twi_utils.o
 .debug_frame   0x00000f48       0x50 Initialize.o
 .debug_frame   0x00000f98       0x24 main.o
 .debug_frame   0x00000fbc      0x204 uart.o

.debug_str      0x00000000     0x15ab
 *(.debug_str)
 .debug_str     0x00000000      0x3e6 C:/Program Files (x86)/Atmel/Studio/7.0/Packs/atmel/ATmega_DFP/2.0.401/gcc/dev/atmega2560/avr6/crtatmega2560.o
 .debug_str     0x000003e6      0x4ff Commands/testCommand1.o
                                0x545 (size before relaxing)
 .debug_str     0x000008e5       0xde CountersAndTimers.o
                                0x222 (size before relaxing)
 .debug_str     0x000009c3       0xbe Drivers/ADC2518.o
                                0x2b4 (size before relaxing)
 .debug_str     0x00000a81      0x12f Drivers/ADC_uC.o
                                0x33f (size before relaxing)
 .debug_str     0x00000bb0      0x119 Drivers/NPA700.o
                                0x2ec (size before relaxing)
 .debug_str     0x00000cc9       0x48 Drivers/RH_T.o
                                0x27b (size before relaxing)
 .debug_str     0x00000d11       0x50 Drivers/spi_ADC2518.o
                                0x227 (size before relaxing)
 .debug_str     0x00000d61       0xd4 Drivers/EnablesAndCSs.o
                                0x32a (size before relaxing)
 .debug_str     0x00000e35      0x1e1 Drivers/FLASH_Driver.o
                                0x443 (size before relaxing)
 .debug_str     0x00001016       0xc9 Drivers/RTC.o
                                0x2a6 (size before relaxing)
 .debug_str     0x000010df       0x89 Drivers/spi.o
                                0x2a7 (size before relaxing)
 .debug_str     0x00001168       0x27 Drivers/spi_DACs.o
                                0x2b8 (size before relaxing)
 .debug_str     0x0000118f       0x40 Drivers/spi_FRAM.o
                                0x2d4 (size before relaxing)
 .debug_str     0x000011cf       0x15 Drivers/spi_RTC.o
                                0x206 (size before relaxing)
 .debug_str     0x000011e4       0x3c Drivers/TWI_MUX.o
                                0x229 (size before relaxing)
 .debug_str     0x00001220       0xf2 Drivers/twi_utils.o
                                0x318 (size before relaxing)
 .debug_str     0x00001312       0x78 Initialize.o
                                0x340 (size before relaxing)
 .debug_str     0x0000138a       0xdf main.o
                                0x377 (size before relaxing)
 .debug_str     0x00001469      0x142 uart.o
                                0x3bd (size before relaxing)

.debug_loc      0x00000000     0x3b54
 *(.debug_loc)
 .debug_loc     0x00000000      0x45c Commands/testCommand1.o
 .debug_loc     0x0000045c       0x85 CountersAndTimers.o
 .debug_loc     0x000004e1      0x37e Drivers/ADC2518.o
 .debug_loc     0x0000085f      0x422 Drivers/ADC_uC.o
 .debug_loc     0x00000c81      0x284 Drivers/NPA700.o
 .debug_loc     0x00000f05       0xee Drivers/RH_T.o
 .debug_loc     0x00000ff3      0x286 Drivers/spi_ADC2518.o
 .debug_loc     0x00001279      0xe13 Drivers/FLASH_Driver.o
 .debug_loc     0x0000208c      0x12c Drivers/RTC.o
 .debug_loc     0x000021b8      0x22d Drivers/spi.o
 .debug_loc     0x000023e5      0x33a Drivers/spi_DACs.o
 .debug_loc     0x0000271f      0x3f0 Drivers/spi_FRAM.o
 .debug_loc     0x00002b0f      0x1a8 Drivers/spi_RTC.o
 .debug_loc     0x00002cb7      0x109 Drivers/TWI_MUX.o
 .debug_loc     0x00002dc0      0x653 Drivers/twi_utils.o
 .debug_loc     0x00003413       0x53 Initialize.o
 .debug_loc     0x00003466      0x6ee uart.o

.debug_macinfo
 *(.debug_macinfo)

.debug_weaknames
 *(.debug_weaknames)

.debug_funcnames
 *(.debug_funcnames)

.debug_typenames
 *(.debug_typenames)

.debug_varnames
 *(.debug_varnames)

.debug_pubtypes
 *(.debug_pubtypes)

.debug_ranges   0x00000000      0x560
 *(.debug_ranges)
 .debug_ranges  0x00000000       0x88 Commands/testCommand1.o
 .debug_ranges  0x00000088       0x28 CountersAndTimers.o
 .debug_ranges  0x000000b0       0x48 Drivers/ADC2518.o
 .debug_ranges  0x000000f8       0x40 Drivers/ADC_uC.o
 .debug_ranges  0x00000138       0x40 Drivers/NPA700.o
 .debug_ranges  0x00000178       0x28 Drivers/RH_T.o
 .debug_ranges  0x000001a0       0x20 Drivers/spi_ADC2518.o
 .debug_ranges  0x000001c0       0xe0 Drivers/EnablesAndCSs.o
 .debug_ranges  0x000002a0       0x98 Drivers/FLASH_Driver.o
 .debug_ranges  0x00000338       0x20 Drivers/RTC.o
 .debug_ranges  0x00000358       0x60 Drivers/spi.o
 .debug_ranges  0x000003b8       0x38 Drivers/spi_DACs.o
 .debug_ranges  0x000003f0       0x48 Drivers/spi_FRAM.o
 .debug_ranges  0x00000438       0x18 Drivers/spi_RTC.o
 .debug_ranges  0x00000450       0x18 Drivers/TWI_MUX.o
 .debug_ranges  0x00000468       0x58 Drivers/twi_utils.o
 .debug_ranges  0x000004c0       0x20 Initialize.o
 .debug_ranges  0x000004e0       0x10 main.o
 .debug_ranges  0x000004f0       0x70 uart.o

.debug_macro
 *(.debug_macro)
OUTPUT(SchuylerBoardTest.elf elf32-avr)
LOAD linker stubs
