Archive member included to satisfy reference by file (symbol)

c:/program files (x86)/atmel/studio/7.0/toolchain/avr8/avr8-gnu-toolchain/bin/../lib/gcc/avr/5.4.0/../../../../avr/lib/avr6\libm.a(fixunssfsi.o)
                              Drivers/ADC2518.o (__fixunssfsi)
c:/program files (x86)/atmel/studio/7.0/toolchain/avr8/avr8-gnu-toolchain/bin/../lib/gcc/avr/5.4.0/../../../../avr/lib/avr6\libm.a(floatsisf.o)
                              Drivers/ADC2518.o (__floatsisf)
c:/program files (x86)/atmel/studio/7.0/toolchain/avr8/avr8-gnu-toolchain/bin/../lib/gcc/avr/5.4.0/../../../../avr/lib/avr6\libm.a(fp_split3.o)
                              c:/program files (x86)/atmel/studio/7.0/toolchain/avr8/avr8-gnu-toolchain/bin/../lib/gcc/avr/5.4.0/../../../../avr/lib/avr6\libm.a(fixunssfsi.o) (__fp_splitA)
c:/program files (x86)/atmel/studio/7.0/toolchain/avr8/avr8-gnu-toolchain/bin/../lib/gcc/avr/5.4.0/../../../../avr/lib/avr6\libm.a(fp_zero.o)
                              c:/program files (x86)/atmel/studio/7.0/toolchain/avr8/avr8-gnu-toolchain/bin/../lib/gcc/avr/5.4.0/../../../../avr/lib/avr6\libm.a(fixunssfsi.o) (__fp_zero)
c:/program files (x86)/atmel/studio/7.0/toolchain/avr8/avr8-gnu-toolchain/bin/../lib/gcc/avr/5.4.0/../../../../avr/lib/avr6\libm.a(mulsf3.o)
                              Drivers/ADC2518.o (__mulsf3)
c:/program files (x86)/atmel/studio/7.0/toolchain/avr8/avr8-gnu-toolchain/bin/../lib/gcc/avr/5.4.0/../../../../avr/lib/avr6\libm.a(mulsf3x.o)
                              c:/program files (x86)/atmel/studio/7.0/toolchain/avr8/avr8-gnu-toolchain/bin/../lib/gcc/avr/5.4.0/../../../../avr/lib/avr6\libm.a(mulsf3.o) (__mulsf3x)
c:/program files (x86)/atmel/studio/7.0/toolchain/avr8/avr8-gnu-toolchain/bin/../lib/gcc/avr/5.4.0/../../../../avr/lib/avr6\libm.a(fp_inf.o)
                              c:/program files (x86)/atmel/studio/7.0/toolchain/avr8/avr8-gnu-toolchain/bin/../lib/gcc/avr/5.4.0/../../../../avr/lib/avr6\libm.a(mulsf3x.o) (__fp_inf)
c:/program files (x86)/atmel/studio/7.0/toolchain/avr8/avr8-gnu-toolchain/bin/../lib/gcc/avr/5.4.0/../../../../avr/lib/avr6\libm.a(fp_nan.o)
                              c:/program files (x86)/atmel/studio/7.0/toolchain/avr8/avr8-gnu-toolchain/bin/../lib/gcc/avr/5.4.0/../../../../avr/lib/avr6\libm.a(mulsf3x.o) (__fp_nan)
c:/program files (x86)/atmel/studio/7.0/toolchain/avr8/avr8-gnu-toolchain/bin/../lib/gcc/avr/5.4.0/../../../../avr/lib/avr6\libm.a(fp_pscA.o)
                              c:/program files (x86)/atmel/studio/7.0/toolchain/avr8/avr8-gnu-toolchain/bin/../lib/gcc/avr/5.4.0/../../../../avr/lib/avr6\libm.a(mulsf3x.o) (__fp_pscA)
c:/program files (x86)/atmel/studio/7.0/toolchain/avr8/avr8-gnu-toolchain/bin/../lib/gcc/avr/5.4.0/../../../../avr/lib/avr6\libm.a(fp_pscB.o)
                              c:/program files (x86)/atmel/studio/7.0/toolchain/avr8/avr8-gnu-toolchain/bin/../lib/gcc/avr/5.4.0/../../../../avr/lib/avr6\libm.a(mulsf3x.o) (__fp_pscB)
c:/program files (x86)/atmel/studio/7.0/toolchain/avr8/avr8-gnu-toolchain/bin/../lib/gcc/avr/5.4.0/../../../../avr/lib/avr6\libm.a(fp_round.o)
                              c:/program files (x86)/atmel/studio/7.0/toolchain/avr8/avr8-gnu-toolchain/bin/../lib/gcc/avr/5.4.0/../../../../avr/lib/avr6\libm.a(mulsf3.o) (__fp_round)
c:/program files (x86)/atmel/studio/7.0/toolchain/avr8/avr8-gnu-toolchain/bin/../lib/gcc/avr/5.4.0/../../../../avr/lib/avr6\libprintf_flt.a(vfprintf_flt.o)
                              (vfprintf)
c:/program files (x86)/atmel/studio/7.0/toolchain/avr8/avr8-gnu-toolchain/bin/../lib/gcc/avr/5.4.0/avr6\libgcc.a(_divmodsi4.o)
                              Drivers/RH_T.o (__divmodsi4)
c:/program files (x86)/atmel/studio/7.0/toolchain/avr8/avr8-gnu-toolchain/bin/../lib/gcc/avr/5.4.0/avr6\libgcc.a(_negsi2.o)
                              c:/program files (x86)/atmel/studio/7.0/toolchain/avr8/avr8-gnu-toolchain/bin/../lib/gcc/avr/5.4.0/avr6\libgcc.a(_divmodsi4.o) (__negsi2)
c:/program files (x86)/atmel/studio/7.0/toolchain/avr8/avr8-gnu-toolchain/bin/../lib/gcc/avr/5.4.0/avr6\libgcc.a(_exit.o)
                              C:/Program Files (x86)/Atmel/Studio/7.0/Packs/atmel/ATmega_DFP/2.0.401/gcc/dev/atmega2560/avr6/crtatmega2560.o (exit)
c:/program files (x86)/atmel/studio/7.0/toolchain/avr8/avr8-gnu-toolchain/bin/../lib/gcc/avr/5.4.0/avr6\libgcc.a(_copy_data.o)
                              Commands/testCommand1.o (__do_copy_data)
c:/program files (x86)/atmel/studio/7.0/toolchain/avr8/avr8-gnu-toolchain/bin/../lib/gcc/avr/5.4.0/avr6\libgcc.a(_clear_bss.o)
                              Commands/testCommand1.o (__do_clear_bss)
c:/program files (x86)/atmel/studio/7.0/toolchain/avr8/avr8-gnu-toolchain/bin/../lib/gcc/avr/5.4.0/avr6\libgcc.a(_umulhisi3.o)
                              Drivers/ADC2518.o (__umulhisi3)
c:/program files (x86)/atmel/studio/7.0/toolchain/avr8/avr8-gnu-toolchain/bin/../lib/gcc/avr/5.4.0/avr6\libgcc.a(_usmulhisi3.o)
[...]
Memory Configuration

Name             Origin             Length             Attributes
text             0x00000000         0x00040000         xr
data             0x00800200         0x00002000         rw !x
eeprom           0x00810000         0x00001000         rw !x
fuse             0x00820000         0x00000003         rw !x
lock             0x00830000         0x00000400         rw !x
signature        0x00840000         0x00000400         rw !x
user_signatures  0x00850000         0x00000400         rw !x
*default*        0x00000000         0xffffffff

Linker script and memory map

Address of section .data set to 0x800200
LOAD C:/Program Files (x86)/Atmel/Studio/7.0/Packs/atmel/ATmega_DFP/2.0.401/gcc/dev/atmega2560/avr6/crtatmega2560.o
LOAD Commands/testCommand1.o
LOAD CountersAndTimers.o
LOAD Drivers/ADC2518.o
LOAD Drivers/ADC_uC.o
LOAD Drivers/FETS.o
LOAD Drivers/NPA700.o
LOAD Drivers/RH_T.o
LOAD Drivers/spi_ADC2518.o
LOAD Drivers/EnablesAndCSs.o
LOAD Drivers/FLASH_Driver.o
LOAD Drivers/RTC.o
LOAD Drivers/spi.o
LOAD Drivers/spi_DACs.o
LOAD Drivers/spi_FRAM.o
LOAD Drivers/spi_RTC.o
LOAD Drivers/TWI_MUX.o
LOAD Drivers/twi_utils.o
LOAD Initialize.o
LOAD main.o
LOAD majorGeneral.o
LOAD uart.o
START GROUP
LOAD c:/program files (x86)/atmel/studio/7.0/toolchain/avr8/avr8-gnu-toolchain/bin/../lib/gcc/avr/5.4.0/../../../../avr/lib/avr6\libm.a
END GROUP
LOAD c:/program files (x86)/atmel/studio/7.0/toolchain/avr8/avr8-gnu-toolchain/bin/../lib/gcc/avr/5.4.0/../../../../avr/lib/avr6\libprintf_flt.a
LOAD c:/program files (x86)/atmel/studio/7.0/toolchain/avr8/avr8-gnu-toolchain/bin/../lib/gcc/avr/5.4.0/../../../../avr/lib/avr6\libm.a
START GROUP
LOAD c:/program files (x86)/atmel/studio/7.0/toolchain/avr8/avr8-gnu-toolchain/bin/../lib/gcc/avr/5.4.0/avr6\libgcc.a
LOAD c:/program files (x86)/atmel/studio/7.0/toolchain/avr8/avr8-gnu-toolchain/bin/../lib/gcc/avr/5.4.0/../../../../avr/lib/avr6\libm.a
LOAD c:/program files (x86)/atmel/studio/7.0/toolchain/avr8/avr8-gnu-toolchain/bin/../lib/gcc/avr/5.4.0/../../../../avr/lib/avr6\libc.a
LOAD C:/Program Files (x86)/Atmel/Studio/7.0/Packs/atmel/ATmega_DFP/2.0.401/gcc/dev/atmega2560/avr6\libatmega2560.a
END GROUP
                0x00000000                __TEXT_REGION_ORIGIN__ = DEFINED (__TEXT_REGION_ORIGIN__)?__TEXT_REGION_ORIGIN__:0x0
                [0x00800200]                __DATA_REGION_ORIGIN__ = DEFINED (__DATA_REGION_ORIGIN__)?__DATA_REGION_ORIGIN__:0x800200
                [0x00040000]                __TEXT_REGION_LENGTH__ = DEFINED (__TEXT_REGION_LENGTH__)?__TEXT_REGION_LENGTH__:0x100000
                [0x00002000]                __DATA_REGION_LENGTH__ = DEFINED (__DATA_REGION_LENGTH__)?__DATA_REGION_LENGTH__:0xfe00
                [0x00001000]                __EEPROM_REGION_LENGTH__ = DEFINED (__EEPROM_REGION_LENGTH__)?__EEPROM_REGION_LENGTH__:0x10000
                [0x00000003]                __FUSE_REGION_LENGTH__ = DEFINED (__FUSE_REGION_LENGTH__)?__FUSE_REGION_LENGTH__:0x400
                0x00000400                __LOCK_REGION_LENGTH__ = DEFINED (__LOCK_REGION_LENGTH__)?__LOCK_REGION_LENGTH__:0x400
                0x00000400                __SIGNATURE_REGION_LENGTH__ = DEFINED (__SIGNATURE_REGION_LENGTH__)?__SIGNATURE_REGION_LENGTH__:0x400
                0x00000400                __USER_SIGNATURE_REGION_LENGTH__ = DEFINED (__USER_SIGNATURE_REGION_LENGTH__)?__USER_SIGNATURE_REGION_LENGTH__:0x400

.hash
 *(.hash)

.dynsym
 *(.dynsym)

.dynstr
 *(.dynstr)

.gnu.version
 *(.gnu.version)

.gnu.version_d
 *(.gnu.version_d)

.gnu.version_r
 *(.gnu.version_r)

.rel.init
 *(.rel.init)

.rela.init
 *(.rela.init)

.rel.text
 *(.rel.text)
 *(.rel.text.*)
 *(.rel.gnu.linkonce.t*)

.rela.text
 *(.rela.text)
 *(.rela.text.*)
 *(.rela.gnu.linkonce.t*)

.rel.fini
 *(.rel.fini)

.rela.fini
 *(.rela.fini)

.rel.rodata
 *(.rel.rodata)
 *(.rel.rodata.*)
 *(.rel.gnu.linkonce.r*)

.rela.rodata
 *(.rela.rodata)
 *(.rela.rodata.*)
 *(.rela.gnu.linkonce.r*)

.rel.data
 *(.rel.data)
 *(.rel.data.*)
 *(.rel.gnu.linkonce.d*)

.rela.data
 *(.rela.data)
 *(.rela.data.*)
 *(.rela.gnu.linkonce.d*)

.rel.ctors
 *(.rel.ctors)

.rela.ctors
 *(.rela.ctors)

.rel.dtors
 *(.rel.dtors)

.rela.dtors
 *(.rela.dtors)

.rel.got
 *(.rel.got)

.rela.got
 *(.rela.got)

.rel.bss
 *(.rel.bss)

.rela.bss
 *(.rela.bss)

.rel.plt
 *(.rel.plt)

.rela.plt
 *(.rela.plt)

.text           0x00000000     0x5284
 *(.vectors)
 .vectors       0x00000000       0xe4 C:/Program Files (x86)/Atmel/Studio/7.0/Packs/atmel/ATmega_DFP/2.0.401/gcc/dev/atmega2560/avr6/crtatmega2560.o
                0x00000000                __vector_default
                0x00000000                __vectors
 *(.vectors)
 *(.progmem.gcc*)
                0x000000e4                . = ALIGN (0x2)
                0x000000e4                __trampolines_start = .
 *(.trampolines)
 .trampolines   0x000000e4        0x0 linker stubs
 *(.trampolines*)
                0x000000e4                __trampolines_end = .
 *libprintf_flt.a:*(.progmem.data)
 .progmem.data  0x000000e4        0x8 c:/program files (x86)/atmel/studio/7.0/toolchain/avr8/avr8-gnu-toolchain/bin/../lib/gcc/avr/5.4.0/../../../../avr/lib/avr6\libprintf_flt.a(vfprintf_flt.o)
 *libc.a:*(.progmem.data)
 .progmem.data  0x000000ec       0xfa c:/program files (x86)/atmel/studio/7.0/toolchain/avr8/avr8-gnu-toolchain/bin/../lib/gcc/avr/5.4.0/../../../../avr/lib/avr6\libc.a(ftoa_engine.o)
 *(.progmem*)
 .progmem.data.__c.2515
                0x000001e6       0x13 Commands/testCommand1.o
 .progmem.data.__c.2499
                0x000001f9       0x14 Commands/testCommand1.o
 .progmem.data.__c.2046
                0x0000020d       0x20 Drivers/ADC2518.o
 .progmem.data.__c.2037
                0x0000022d       0x15 Drivers/ADC2518.o
 .progmem.data.__c.2082
                0x00000242        0x2 Drivers/ADC_uC.o
 .progmem.data.__c.2077
                0x00000244        0x4 Drivers/ADC_uC.o
 .progmem.data.__c.2071
                0x00000248       0x1f Drivers/ADC_uC.o
 .progmem.data.__c.2042
                0x00000267       0x23 Drivers/NPA700.o
 .progmem.data.__c.2040
                0x0000028a       0x1c Drivers/NPA700.o
 .progmem.data.__c.2038
                0x000002a6       0x20 Drivers/NPA700.o
 .progmem.data.__c.2140
                0x000002c6       0x31 Drivers/FLASH_Driver.o
 .progmem.data.__c.2142
                0x000002f7       0x39 Drivers/FLASH_Driver.o
 .progmem.data.__c.2144
                0x00000330       0x39 Drivers/FLASH_Driver.o
 .progmem.data.__c.2146
                0x00000369       0x30 Drivers/FLASH_Driver.o
 .progmem.data.__c.2148
                0x00000399       0x39 Drivers/FLASH_Driver.o
 .progmem.data.__c.2150
                0x000003d2       0x29 Drivers/FLASH_Driver.o
 .progmem.data.__c.2152
                0x000003fb       0x34 Drivers/FLASH_Driver.o
 .progmem.data.__c.2164
                0x0000042f       0x27 Drivers/FLASH_Driver.o
 .progmem.data.__c.2166
                0x00000456       0x27 Drivers/FLASH_Driver.o
 .progmem.data.__c.2183
                0x0000047d       0x3a Drivers/FLASH_Driver.o
 .progmem.data.__c.2185
                0x000004b7       0x2a Drivers/FLASH_Driver.o
 .progmem.data.__c.2187
                0x000004e1       0x35 Drivers/FLASH_Driver.o
 .progmem.data.__c.2199
                0x00000516       0x25 Drivers/FLASH_Driver.o
 .progmem.data.__c.2201
                0x0000053b       0x25 Drivers/FLASH_Driver.o
 .progmem.data.__c.2208
                0x00000560       0x2b Drivers/FLASH_Driver.o
 .progmem.data.__c.2210
                0x0000058b       0x3a Drivers/FLASH_Driver.o
 .progmem.data.__c.2212
                0x000005c5       0x2f Drivers/FLASH_Driver.o
 .progmem.data.__c.2214
                0x000005f4       0x28 Drivers/FLASH_Driver.o
 .progmem.data.__c.2216
                0x0000061c       0x37 Drivers/FLASH_Driver.o
 .progmem.data.__c.2224
                0x00000653       0x12 Drivers/FLASH_Driver.o
 .progmem.data.__c.2226
                0x00000665       0x34 Drivers/FLASH_Driver.o
 .progmem.data.majorGeneral
                0x00000699     0x11ae majorGeneral.o
                0x00000699                majorGeneral
                0x00001848                . = ALIGN (0x2)
 *fill*         0x00001847        0x1 
 *(.jumptables)
 *(.jumptables*)
 *(.lowtext)
 *(.lowtext*)
                0x00001848                __ctors_start = .
 *(.ctors)
                0x00001848                __ctors_end = .
                0x00001848                __dtors_start = .
 *(.dtors)
                0x00001848                __dtors_end = .
 SORT(*)(.ctors)
 SORT(*)(.dtors)
 *(.init0)
 .init0         0x00001848        0x0 C:/Program Files (x86)/Atmel/Studio/7.0/Packs/atmel/ATmega_DFP/2.0.401/gcc/dev/atmega2560/avr6/crtatmega2560.o
                0x00001848                __init
 *(.init0)
 *(.init1)
 *(.init1)
 *(.init2)
 .init2         0x00001848       0x10 C:/Program Files (x86)/Atmel/Studio/7.0/Packs/atmel/ATmega_DFP/2.0.401/gcc/dev/atmega2560/avr6/crtatmega2560.o
 *(.init2)
 *(.init3)
 *(.init3)
 *(.init4)
 .init4         0x00001858       0x1a c:/program files (x86)/atmel/studio/7.0/toolchain/avr8/avr8-gnu-toolchain/bin/../lib/gcc/avr/5.4.0/avr6\libgcc.a(_copy_data.o)
                0x00001858                __do_copy_data
 .init4         0x00001872       0x10 c:/program files (x86)/atmel/studio/7.0/toolchain/avr8/avr8-gnu-toolchain/bin/../lib/gcc/avr/5.4.0/avr6\libgcc.a(_clear_bss.o)
                0x00001872                __do_clear_bss
 *(.init4)
 *(.init5)
 *(.init5)
 *(.init6)
 *(.init6)
 *(.init7)
 *(.init7)
 *(.init8)
 *(.init8)
 *(.init9)
 .init9         0x00001882        0x8 C:/Program Files (x86)/Atmel/Studio/7.0/Packs/atmel/ATmega_DFP/2.0.401/gcc/dev/atmega2560/avr6/crtatmega2560.o
 *(.init9)
 *(.text)
 .text          0x0000188a        0x4 C:/Program Files (x86)/Atmel/Studio/7.0/Packs/atmel/ATmega_DFP/2.0.401/gcc/dev/atmega2560/avr6/crtatmega2560.o
                0x0000188a                __vector_38
                0x0000188a                __vector_22
                0x0000188a                __vector_28
                0x0000188a                __vector_1
                0x0000188a                __vector_32
                0x0000188a                __vector_34
                0x0000188a                __vector_24
                0x0000188a                __vector_12
                0x0000188a                __vector_55
                0x0000188a                __vector_46
                0x0000188a                __bad_interrupt
                0x0000188a                __vector_6
                0x0000188a                __vector_31
                0x0000188a                __vector_35
                0x0000188a                __vector_39
                0x0000188a                __vector_3
                0x0000188a                __vector_23
                0x0000188a                __vector_30
                0x0000188a                __vector_45
                0x0000188a                __vector_11
                0x0000188a                __vector_54
                0x0000188a                __vector_17
                0x0000188a                __vector_19
                0x0000188a                __vector_56
                0x0000188a                __vector_7
                0x0000188a                __vector_49
                0x0000188a                __vector_41
                0x0000188a                __vector_43
                0x0000188a                __vector_27
                0x0000188a                __vector_5
                0x0000188a                __vector_33
                0x0000188a                __vector_47
                0x0000188a                __vector_52
                0x0000188a                __vector_37
                0x0000188a                __vector_4
                0x0000188a                __vector_44
                0x0000188a                __vector_51
                0x0000188a                __vector_9
                0x0000188a                __vector_2
                0x0000188a                __vector_21
                0x0000188a                __vector_15
                0x0000188a                __vector_40
                0x0000188a                __vector_26
                0x0000188a                __vector_48
                0x0000188a                __vector_14
                0x0000188a                __vector_53
                0x0000188a                __vector_10
                0x0000188a                __vector_50
                0x0000188a                __vector_16
                0x0000188a                __vector_18
                0x0000188a                __vector_20
                0x0000188a                __vector_42
                0x0000188e                . = ALIGN (0x2)
 *(.text.*)
 .text.doFlashWriteTest
                0x0000188e       0xb8 Commands/testCommand1.o
                0x0000188e                doFlashWriteTest
 .text.doFlashReadTest
                0x00001946       0xc8 Commands/testCommand1.o
                0x00001946                doFlashReadTest
 .text.doFlashEraseTest
                0x00001a0e        0x6 Commands/testCommand1.o
                0x00001a0e                doFlashEraseTest
 .text.doFlashTestReadAll
                0x00001a14      0x158 Commands/testCommand1.o
                0x00001a14                doFlashTestReadAll
 .text.printSong
                0x00001b6c       0x72 Commands/testCommand1.o
                0x00001b6c                printSong
 .text.processCommand
                0x00001bde      0x3d2 Commands/testCommand1.o
                0x00001bde                processCommand
 .text.__vector_8
                0x00001fb0       0x14 CountersAndTimers.o
                0x00001fb0                __vector_8
 .text.__vector_13
                0x00001fc4       0x8c CountersAndTimers.o
                0x00001fc4                __vector_13
 .text.init_timer2
                0x00002050       0x30 CountersAndTimers.o
                0x00002050                init_timer2
 .text.init_CountersIimers
                0x00002080       0x16 CountersAndTimers.o
                0x00002080                init_CountersIimers
 .text.ADC_rdSystemStatus
                0x00002096       0x20 Drivers/ADC2518.o
                0x00002096                ADC_rdSystemStatus
 .text.ADC_wrGPO
                0x000020b6       0x3c Drivers/ADC2518.o
                0x000020b6                ADC_wrGPO
 .text.initADC2518
                0x000020f2       0x1a Drivers/ADC2518.o
                0x000020f2                initADC2518
 .text.ADC_OverSample
                0x0000210c       0x22 Drivers/ADC2518.o
                0x0000210c                ADC_OverSample
 .text.ADC_OscSpeed
                0x0000212e       0x38 Drivers/ADC2518.o
                0x0000212e                ADC_OscSpeed
 .text.ADC_manualMode
                0x00002166        0x8 Drivers/ADC2518.o
                0x00002166                ADC_manualMode
 .text.ADC_ReadManualModeAnalogCh
                0x0000216e       0x66 Drivers/ADC2518.o
                0x0000216e                ADC_ReadManualModeAnalogCh
 .text.nextADC  0x000021d4       0x5c Drivers/ADC_uC.o
                0x000021d4                nextADC
 .text.showActiveADCs
                0x00002230       0x78 Drivers/ADC_uC.o
                0x00002230                showActiveADCs
 .text.incADC_MUX
                0x000022a8       0x32 Drivers/ADC_uC.o
                0x000022a8                incADC_MUX
 .text.__vector_29
                0x000022da      0x106 Drivers/ADC_uC.o
                0x000022da                __vector_29
 .text.doAdc    0x000023e0       0x56 Drivers/ADC_uC.o
                0x000023e0                doAdc
 .text.startADCcycle
                0x00002436       0x2c Drivers/ADC_uC.o
                0x00002436                startADCcycle
 .text.init_adc
                0x00002462       0x3e Drivers/ADC_uC.o
                0x00002462                init_adc
 .text.readDiff_CH
                0x000024a0       0x1e Drivers/NPA700.o
                0x000024a0                readDiff_CH
 .text.readNPA700
                0x000024be      0x154 Drivers/NPA700.o
                0x000024be                readNPA700
 .text.initPressureSensors
                0x00002612       0x86 Drivers/NPA700.o
                0x00002612                initPressureSensors
 .text.readDiffPress
                0x00002698       0x1c Drivers/NPA700.o
                0x00002698                readDiffPress
 .text.readABSPress
                0x000026b4       0x1c Drivers/NPA700.o
                0x000026b4                readABSPress
 .text.readU47  0x000026d0       0x1c Drivers/NPA700.o
                0x000026d0                readU47
 .text.startRH_T_conversion
                0x000026ec       0x2a Drivers/RH_T.o
                0x000026ec                startRH_T_conversion
 .text.readRH_T
                0x00002716      0x102 Drivers/RH_T.o
                0x00002716                readRH_T
 .text.ADC_RegisterWrite
                0x00002818       0x1e Drivers/spi_ADC2518.o
                0x00002818                ADC_RegisterWrite
 .text.ADC_RegisterRead
                0x00002836       0x30 Drivers/spi_ADC2518.o
                0x00002836                ADC_RegisterRead
 .text.ADC_RegisterReadWrite
                0x00002866       0x54 Drivers/spi_ADC2518.o
                0x00002866                ADC_RegisterReadWrite
 .text.enableBuck014
                0x000028ba        0xc Drivers/EnablesAndCSs.o
                0x000028ba                enableBuck014
 .text.disableBuck014
                0x000028c6        0xc Drivers/EnablesAndCSs.o
                0x000028c6                disableBuck014
 .text.enableBuck2
                0x000028d2        0x8 Drivers/EnablesAndCSs.o
                0x000028d2                enableBuck2
 .text.disableBuck2
                0x000028da        0x8 Drivers/EnablesAndCSs.o
                0x000028da                disableBuck2
 .text.enableBuck3
                0x000028e2        0x8 Drivers/EnablesAndCSs.o
                0x000028e2                enableBuck3
 .text.disableBuck3
                0x000028ea        0x8 Drivers/EnablesAndCSs.o
                0x000028ea                disableBuck3
 .text.enableBuck5
                0x000028f2        0xc Drivers/EnablesAndCSs.o
                0x000028f2                enableBuck5
 .text.disableBuck5
                0x000028fe        0xc Drivers/EnablesAndCSs.o
                0x000028fe                disableBuck5
 .text.powerUpWickSensor
                0x0000290a        0x8 Drivers/EnablesAndCSs.o
                0x0000290a                powerUpWickSensor
 .text.powerDownWickSensor
                0x00002912        0x8 Drivers/EnablesAndCSs.o
                0x00002912                powerDownWickSensor
 .text.selectFRAM
                0x0000291a        0x8 Drivers/EnablesAndCSs.o
                0x0000291a                selectFRAM
 .text.deSelectFRAM
                0x00002922        0x8 Drivers/EnablesAndCSs.o
                0x00002922                deSelectFRAM
 .text.selectOpticsDAC
                0x0000292a        0xc Drivers/EnablesAndCSs.o
                0x0000292a                selectOpticsDAC
 .text.deSelectOpticsDAC
                0x00002936        0xc Drivers/EnablesAndCSs.o
                0x00002936                deSelectOpticsDAC
 .text.selectADC2518
                0x00002942        0xc Drivers/EnablesAndCSs.o
                0x00002942                selectADC2518
 .text.deSelectADC2518
                0x0000294e        0xc Drivers/EnablesAndCSs.o
                0x0000294e                deSelectADC2518
 .text.selectBuckCtrlDAC
                0x0000295a        0xc Drivers/EnablesAndCSs.o
                0x0000295a                selectBuckCtrlDAC
 .text.deSelectBuckCtrlDAC
                0x00002966        0xc Drivers/EnablesAndCSs.o
                0x00002966                deSelectBuckCtrlDAC
 .text.selectFlash
                0x00002972        0xc Drivers/EnablesAndCSs.o
                0x00002972                selectFlash
 .text.deSelectFlash
                0x0000297e        0xc Drivers/EnablesAndCSs.o
                0x0000297e                deSelectFlash
 .text.deSelectRTC
                0x0000298a        0xc Drivers/EnablesAndCSs.o
                0x0000298a                deSelectRTC
 .text.selectRTC
                0x00002996        0xc Drivers/EnablesAndCSs.o
                0x00002996                selectRTC
 .text.selectSDcard
                0x000029a2        0xc Drivers/EnablesAndCSs.o
                0x000029a2                selectSDcard
 .text.deSelectSDcard
                0x000029ae        0xc Drivers/EnablesAndCSs.o
                0x000029ae                deSelectSDcard
 .text.spi_FlashInitialize
                0x000029ba       0x62 Drivers/FLASH_Driver.o
                0x000029ba                spi_FlashInitialize
 .text.printbuffer
                0x00002a1c       0x82 Drivers/FLASH_Driver.o
                0x00002a1c                printbuffer
 .text.spi_FlashBlockIsMarkedBad
                0x00002a9e       0xd8 Drivers/FLASH_Driver.o
                0x00002a9e                spi_FlashBlockIsMarkedBad
 .text.spi_FlashReadID
                0x00002b76       0x66 Drivers/FLASH_Driver.o
                0x00002b76                spi_FlashReadID
 .text.spi_FlashWaitUntilReady
                0x00002bdc       0x32 Drivers/FLASH_Driver.o
                0x00002bdc                spi_FlashWaitUntilReady
 .text.spi_FlashIsBusy
                0x00002c0e       0x2a Drivers/FLASH_Driver.o
                0x00002c0e                spi_FlashIsBusy
 .text.spi_FlashGetStatusRegister
                0x00002c38       0x12 Drivers/FLASH_Driver.o
                0x00002c38                spi_FlashGetStatusRegister
 .text.spi_FlashDisplayFeatureRegisters
                0x00002c4a       0xb0 Drivers/FLASH_Driver.o
                0x00002c4a                spi_FlashDisplayFeatureRegisters
 .text.spi_FlashGetFeatures
                0x00002cfa       0x2c Drivers/FLASH_Driver.o
                0x00002cfa                spi_FlashGetFeatures
 .text.spi_FlashSetFeatures
                0x00002d26       0x2e Drivers/FLASH_Driver.o
                0x00002d26                spi_FlashSetFeatures
 .text.spi_FlashUnlockAllBlocks
                0x00002d54       0x46 Drivers/FLASH_Driver.o
                0x00002d54                spi_FlashUnlockAllBlocks
 .text.spi_FlashEnableWrite
                0x00002d9a       0x58 Drivers/FLASH_Driver.o
                0x00002d9a                spi_FlashEnableWrite
 .text.spi_FlashDisableWrite
                0x00002df2       0x58 Drivers/FLASH_Driver.o
                0x00002df2                spi_FlashDisableWrite
 .text.spi_FlashWriteToPage
                0x00002e4a      0x18e Drivers/FLASH_Driver.o
                0x00002e4a                spi_FlashWriteToPage
 .text.spi_FlashWrite
                0x00002fd8      0x136 Drivers/FLASH_Driver.o
                0x00002fd8                spi_FlashWrite
 .text.spi_FlashReadFromPage
                0x0000310e      0x128 Drivers/FLASH_Driver.o
                0x0000310e                spi_FlashReadFromPage
 .text.spi_FlashRead
                0x00003236      0x136 Drivers/FLASH_Driver.o
                0x00003236                spi_FlashRead
 .text.spi_FlashEraseBlock
                0x0000336c       0xf2 Drivers/FLASH_Driver.o
                0x0000336c                spi_FlashEraseBlock
 .text.spi_FlashEraseAllBlocks
                0x0000345e       0xbc Drivers/FLASH_Driver.o
                0x0000345e                spi_FlashEraseAllBlocks
 .text.spi_FlashReset
                0x0000351a       0x46 Drivers/FLASH_Driver.o
                0x0000351a                spi_FlashReset
 .text.RTC_config
                0x00003560       0x8c Drivers/RTC.o
                0x00003560                RTC_config
 .text.RTC_readCLKF
                0x000035ec       0x38 Drivers/RTC.o
                0x000035ec                RTC_readCLKF
 .text.init_spi
                0x00003624       0x14 Drivers/spi.o
                0x00003624                init_spi
 .text.spiTransferByte
                0x00003638        0xc Drivers/spi.o
                0x00003638                spiTransferByte
 .text.spiSendBytes
                0x00003644       0x24 Drivers/spi.o
                0x00003644                spiSendBytes
 .text.spiGetBytes
                0x00003668       0x22 Drivers/spi.o
                0x00003668                spiGetBytes
 .text.spiSend2ByteBigEndian
                0x0000368a       0x2e Drivers/spi.o
                0x0000368a                spiSend2ByteBigEndian
 .text.spi_buckCtrlDac
                0x000036b8       0x6e Drivers/spi_DACs.o
                0x000036b8                spi_buckCtrlDac
 .text.spi_OpticsDAC
                0x00003726       0x6e Drivers/spi_DACs.o
                0x00003726                spi_OpticsDAC
 .text.spi_OpticsDAC_BroadCast
                0x00003794       0x24 Drivers/spi_DACs.o
                0x00003794                spi_OpticsDAC_BroadCast
 .text.spi_OpticsBuckCtl_BroadCast
                0x000037b8       0x24 Drivers/spi_DACs.o
                0x000037b8                spi_OpticsBuckCtl_BroadCast
 .text.spi_FRAM_writeEnable
                0x000037dc        0xa Drivers/spi_FRAM.o
                0x000037dc                spi_FRAM_writeEnable
 .text.FRAM_ReadStatusRegister
                0x000037e6       0x2e Drivers/spi_FRAM.o
                0x000037e6                FRAM_ReadStatusRegister
 .text.spi_FRAM_write
                0x00003814       0x46 Drivers/spi_FRAM.o
                0x00003814                spi_FRAM_write
 .text.spi_FRAM_read
                0x0000385a       0x5a Drivers/spi_FRAM.o
                0x0000385a                spi_FRAM_read
 .text.read_FRAM_DeviceID
                0x000038b4       0x5a Drivers/spi_FRAM.o
                0x000038b4                read_FRAM_DeviceID
 .text.wrFRAM   0x0000390e       0x86 Drivers/spi_FRAM.o
                0x0000390e                wrFRAM
 .text.framSaveSerialNumber
                0x00003994       0x18 Drivers/spi_FRAM.o
                0x00003994                framSaveSerialNumber
 .text.framReadSerialNumber
                0x000039ac       0x30 Drivers/spi_FRAM.o
                0x000039ac                framReadSerialNumber
 .text.spi_RTC_Write
                0x000039dc       0x30 Drivers/spi_RTC.o
                0x000039dc                spi_RTC_Write
 .text.spi_RTC_Read
                0x00003a0c       0x30 Drivers/spi_RTC.o
                0x00003a0c                spi_RTC_Read
 .text.getMuxConfiguration
                0x00003a3c       0x2e Drivers/TWI_MUX.o
                0x00003a3c                getMuxConfiguration
 .text.setI2Cmux
                0x00003a6a       0xda Drivers/TWI_MUX.o
                0x00003a6a                setI2Cmux
 .text.setStatus
                0x00003b44       0x1a Drivers/twi_utils.o
                0x00003b44                setStatus
 .text.showERRORcode
                0x00003b5e       0x1a Drivers/twi_utils.o
                0x00003b5e                showERRORcode
 .text.init_twi
                0x00003b78       0x8a Drivers/twi_utils.o
                0x00003b78                init_twi
 .text.twi_start
                0x00003c02       0x64 Drivers/twi_utils.o
                0x00003c02                twi_start
 .text.twi_write_bytes
                0x00003c66       0xee Drivers/twi_utils.o
                0x00003c66                twi_write_bytes
 .text.twi_read_bytes
                0x00003d54      0x118 Drivers/twi_utils.o
                0x00003d54                twi_read_bytes
 .text.init_Ports
                0x00003e6c       0x36 Initialize.o
                0x00003e6c                init_Ports
 .text.initialize
                0x00003ea2       0x6e Initialize.o
                0x00003ea2                initialize
 .text.main     0x00003f10       0x5c main.o
                0x00003f10                main
 .text.majorGeneral_num_lines
                0x00003f6c        0x4 majorGeneral.o
                0x00003f6c                majorGeneral_num_lines
 .text.majorGeneral_get_line
                0x00003f70       0x18 majorGeneral.o
                0x00003f70                majorGeneral_get_line
 .text.ringbuf_init
                0x00003f88       0x16 uart.o
 .text.ringbuf_get
                0x00003f9e       0x52 uart.o
 .text.ringbuf_put
                0x00003ff0       0x56 uart.o
 .text.init_uart
                0x00004046       0x7a uart.o
                0x00004046                init_uart
 .text.uart0_putchar
                0x000040c0       0x28 uart.o
                0x000040c0                uart0_putchar
 .text.uart1_put
                0x000040e8       0x20 uart.o
                0x000040e8                uart1_put
 .text.uarts_getchar
                0x00004108        0x6 uart.o
                0x00004108                uarts_getchar
 .text.__vector_25
                0x0000410e      0x1be uart.o
                0x0000410e                __vector_25
 .text.__vector_36
                0x000042cc       0x9e uart.o
                0x000042cc                __vector_36
 .text.doUart   0x0000436a       0xcc uart.o
                0x0000436a                doUart
 .text.avr-libc.fplib
                0x00004436       0x58 c:/program files (x86)/atmel/studio/7.0/toolchain/avr8/avr8-gnu-toolchain/bin/../lib/gcc/avr/5.4.0/../../../../avr/lib/avr6\libm.a(fixunssfsi.o)
                0x00004436                __fixunssfsi
 .text.avr-libc.fplib
                0x0000448e       0x7a c:/program files (x86)/atmel/studio/7.0/toolchain/avr8/avr8-gnu-toolchain/bin/../lib/gcc/avr/5.4.0/../../../../avr/lib/avr6\libm.a(floatsisf.o)
                0x0000448e                __floatunsisf
                0x00004492                __floatsisf
 .text.avr-libc.fplib
                0x00004508       0x44 c:/program files (x86)/atmel/studio/7.0/toolchain/avr8/avr8-gnu-toolchain/bin/../lib/gcc/avr/5.4.0/../../../../avr/lib/avr6\libm.a(fp_split3.o)
                0x00004508                __fp_split3
                0x00004518                __fp_splitA
 .text.avr-libc.fplib
                0x0000454c        0xe c:/program files (x86)/atmel/studio/7.0/toolchain/avr8/avr8-gnu-toolchain/bin/../lib/gcc/avr/5.4.0/../../../../avr/lib/avr6\libm.a(fp_zero.o)
                0x0000454c                __fp_zero
                0x0000454e                __fp_szero
 .text.avr-libc.fplib
                0x0000455a        0x4 c:/program files (x86)/atmel/studio/7.0/toolchain/avr8/avr8-gnu-toolchain/bin/../lib/gcc/avr/5.4.0/../../../../avr/lib/avr6\libm.a(mulsf3.o)
                0x0000455a                __mulsf3
 .text.avr-libc.fplib
                0x0000455e       0xc2 c:/program files (x86)/atmel/studio/7.0/toolchain/avr8/avr8-gnu-toolchain/bin/../lib/gcc/avr/5.4.0/../../../../avr/lib/avr6\libm.a(mulsf3x.o)
                0x00004572                __mulsf3x
                0x00004576                __mulsf3_pse
 .text.avr-libc.fplib
                0x00004620        0xc c:/program files (x86)/atmel/studio/7.0/toolchain/avr8/avr8-gnu-toolchain/bin/../lib/gcc/avr/5.4.0/../../../../avr/lib/avr6\libm.a(fp_inf.o)
                0x00004620                __fp_inf
 .text.avr-libc.fplib
                0x0000462c        0x6 c:/program files (x86)/atmel/studio/7.0/toolchain/avr8/avr8-gnu-toolchain/bin/../lib/gcc/avr/5.4.0/../../../../avr/lib/avr6\libm.a(fp_nan.o)
                0x0000462c                __fp_nan
 .text.avr-libc.fplib
                0x00004632        0xe c:/program files (x86)/atmel/studio/7.0/toolchain/avr8/avr8-gnu-toolchain/bin/../lib/gcc/avr/5.4.0/../../../../avr/lib/avr6\libm.a(fp_pscA.o)
                0x00004632                __fp_pscA
 .text.avr-libc.fplib
                0x00004640        0xe c:/program files (x86)/atmel/studio/7.0/toolchain/avr8/avr8-gnu-toolchain/bin/../lib/gcc/avr/5.4.0/../../../../avr/lib/avr6\libm.a(fp_pscB.o)
                0x00004640                __fp_pscB
 .text.avr-libc.fplib
                0x0000464e       0x22 c:/program files (x86)/atmel/studio/7.0/toolchain/avr8/avr8-gnu-toolchain/bin/../lib/gcc/avr/5.4.0/../../../../avr/lib/avr6\libm.a(fp_round.o)
                0x0000464e                __fp_round
 .text.avr-libc
                0x00004670      0x712 c:/program files (x86)/atmel/studio/7.0/toolchain/avr8/avr8-gnu-toolchain/bin/../lib/gcc/avr/5.4.0/../../../../avr/lib/avr6\libprintf_flt.a(vfprintf_flt.o)
                0x00004670                vfprintf
 .text.libgcc.div
                0x00004d82       0x28 c:/program files (x86)/atmel/studio/7.0/toolchain/avr8/avr8-gnu-toolchain/bin/../lib/gcc/avr/5.4.0/avr6\libgcc.a(_divmodsi4.o)
                0x00004d82                __divmodsi4
 .text.libgcc.div
                0x00004daa       0x10 c:/program files (x86)/atmel/studio/7.0/toolchain/avr8/avr8-gnu-toolchain/bin/../lib/gcc/avr/5.4.0/avr6\libgcc.a(_negsi2.o)
                0x00004daa                __negsi2
 .text.libgcc.mul
                0x00004dba       0x1e c:/program files (x86)/atmel/studio/7.0/toolchain/avr8/avr8-gnu-toolchain/bin/../lib/gcc/avr/5.4.0/avr6\libgcc.a(_umulhisi3.o)
                0x00004dba                __umulhisi3
 .text.libgcc.mul
                0x00004dd8        0xc c:/program files (x86)/atmel/studio/7.0/toolchain/avr8/avr8-gnu-toolchain/bin/../lib/gcc/avr/5.4.0/avr6\libgcc.a(_usmulhisi3.o)
                0x00004dd8                __usmulhisi3
                0x00004dda                __usmulhisi3_tail
 .text.libgcc.div
                0x00004de4       0x44 c:/program files (x86)/atmel/studio/7.0/toolchain/avr8/avr8-gnu-toolchain/bin/../lib/gcc/avr/5.4.0/avr6\libgcc.a(_udivmodsi4.o)
                0x00004de4                __udivmodsi4
 .text.avr-libc
                0x00004e28       0x3a c:/program files (x86)/atmel/studio/7.0/toolchain/avr8/avr8-gnu-toolchain/bin/../lib/gcc/avr/5.4.0/../../../../avr/lib/avr6\libc.a(atoi.o)
                0x00004e28                atoi
 .text.avr-libc
                0x00004e62      0x1b0 c:/program files (x86)/atmel/studio/7.0/toolchain/avr8/avr8-gnu-toolchain/bin/../lib/gcc/avr/5.4.0/../../../../avr/lib/avr6\libc.a(ftoa_engine.o)
                0x00004e62                __ftoa_engine
 .text.avr-libc
                0x00005012        0xe c:/program files (x86)/atmel/studio/7.0/toolchain/avr8/avr8-gnu-toolchain/bin/../lib/gcc/avr/5.4.0/../../../../avr/lib/avr6\libc.a(strcpy_P.o)
                0x00005012                strcpy_P
 .text.avr-libc
                0x00005020       0x16 c:/program files (x86)/atmel/studio/7.0/toolchain/avr8/avr8-gnu-toolchain/bin/../lib/gcc/avr/5.4.0/../../../../avr/lib/avr6\libc.a(strnlen_P.o)
                0x00005020                strnlen_P
 .text.avr-libc
                0x00005036       0x12 c:/program files (x86)/atmel/studio/7.0/toolchain/avr8/avr8-gnu-toolchain/bin/../lib/gcc/avr/5.4.0/../../../../avr/lib/avr6\libc.a(strcmp.o)
                0x00005036                strcmp
 .text.avr-libc
                0x00005048       0x16 c:/program files (x86)/atmel/studio/7.0/toolchain/avr8/avr8-gnu-toolchain/bin/../lib/gcc/avr/5.4.0/../../../../avr/lib/avr6\libc.a(strnlen.o)
                0x00005048                strnlen
 .text.avr-libc
                0x0000505e       0x10 c:/program files (x86)/atmel/studio/7.0/toolchain/avr8/avr8-gnu-toolchain/bin/../lib/gcc/avr/5.4.0/../../../../avr/lib/avr6\libc.a(mul10.o)
                0x0000505e                __mulhi_const_10
 .text.avr-libc
                0x0000506e       0x78 c:/program files (x86)/atmel/studio/7.0/toolchain/avr8/avr8-gnu-toolchain/bin/../lib/gcc/avr/5.4.0/../../../../avr/lib/avr6\libc.a(fputc.o)
                0x0000506e                fputc
 .text.avr-libc
                0x000050e6       0x26 c:/program files (x86)/atmel/studio/7.0/toolchain/avr8/avr8-gnu-toolchain/bin/../lib/gcc/avr/5.4.0/../../../../avr/lib/avr6\libc.a(printf.o)
                0x000050e6                printf
 .text.avr-libc
                0x0000510c       0x4e c:/program files (x86)/atmel/studio/7.0/toolchain/avr8/avr8-gnu-toolchain/bin/../lib/gcc/avr/5.4.0/../../../../avr/lib/avr6\libc.a(printf_p.o)
                0x0000510c                printf_P
 .text.avr-libc
                0x0000515a        0xa c:/program files (x86)/atmel/studio/7.0/toolchain/avr8/avr8-gnu-toolchain/bin/../lib/gcc/avr/5.4.0/../../../../avr/lib/avr6\libc.a(putchar.o)
                0x0000515a                putchar
 .text.avr-libc
                0x00005164       0x60 c:/program files (x86)/atmel/studio/7.0/toolchain/avr8/avr8-gnu-toolchain/bin/../lib/gcc/avr/5.4.0/../../../../avr/lib/avr6\libc.a(puts.o)
                0x00005164                puts
 .text.avr-libc
                0x000051c4       0xbc c:/program files (x86)/atmel/studio/7.0/toolchain/avr8/avr8-gnu-toolchain/bin/../lib/gcc/avr/5.4.0/../../../../avr/lib/avr6\libc.a(ultoa_invert.o)
                0x000051c4                __ultoa_invert
                0x00005280                . = ALIGN (0x2)
 *(.fini9)
 .fini9         0x00005280        0x0 c:/program files (x86)/atmel/studio/7.0/toolchain/avr8/avr8-gnu-toolchain/bin/../lib/gcc/avr/5.4.0/avr6\libgcc.a(_exit.o)
                0x00005280                _exit
                0x00005280                exit
 *(.fini9)
 *(.fini8)
 *(.fini8)
 *(.fini7)
 *(.fini7)
 *(.fini6)
 *(.fini6)
 *(.fini5)
 *(.fini5)
 *(.fini4)
 *(.fini4)
 *(.fini3)
 *(.fini3)
 *(.fini2)
 *(.fini2)
 *(.fini1)
 *(.fini1)
 *(.fini0)
 .fini0         0x00005280        0x4 c:/program files (x86)/atmel/studio/7.0/toolchain/avr8/avr8-gnu-toolchain/bin/../lib/gcc/avr/5.4.0/avr6\libgcc.a(_exit.o)
 *(.fini0)
                0x00005284                _etext = .

.data           0x00800200      0x76e load address 0x00005284
                0x00800200                PROVIDE (__data_start, .)
 *(.data)
 *(.data*)
 .data.i        0x00800200        0x1 Commands/testCommand1.o
                0x00800200                i
 .data.uart_str
                0x00800201        0xe Initialize.o
 *(.gnu.linkonce.d*)
 *(.rodata)
 .rodata        0x0080020f      0x176 Drivers/FLASH_Driver.o
 *(.rodata*)
 .rodata.str1.1
                0x00800385      0x164 Commands/testCommand1.o
 .rodata.str1.1
                0x008004e9       0x30 CountersAndTimers.o
 .rodata.str1.1
                0x00800519       0x4a Drivers/ADC2518.o
 .rodata.str1.1
                0x00800563       0x4b Drivers/ADC_uC.o
 .rodata.str1.1
                0x008005ae       0x30 Drivers/NPA700.o
 .rodata.str1.1
                0x008005de       0x7b Drivers/RH_T.o
 .rodata.str1.1
                0x00800659       0x15 Drivers/spi_ADC2518.o
 .rodata.str1.1
                0x0080066e       0x70 Drivers/RTC.o
 .rodata.str1.1
                0x008006de       0x8f Drivers/spi_DACs.o
 .rodata.str1.1
                0x0080076d       0x4a Drivers/spi_FRAM.o
                                 0x52 (size before relaxing)
 .rodata.str1.1
                0x008007b7       0xa3 Drivers/TWI_MUX.o
 .rodata.numErrors.1817
                0x0080085a        0x4 Drivers/TWI_MUX.o
 .rodata.str1.1
                0x0080085e       0xb9 Drivers/twi_utils.o
 .rodata.str1.1
                0x00800917       0x11 Initialize.o
 .rodata.str1.1
                0x00800928        0xc main.o
 .rodata.str1.1
                0x00800934       0x39 uart.o
 *(.gnu.linkonce.r*)
                0x0080096e                . = ALIGN (0x2)
 *fill*         0x0080096d        0x1 
                0x0080096e                _edata = .
                0x0080096e                PROVIDE (__data_end, .)

.bss            0x0080096e      0x138
                0x0080096e                PROVIDE (__bss_start, .)
 *(.bss)
 *(.bss*)
 .bss.ms_twiCount
                0x0080096e        0x2 CountersAndTimers.o
                0x0080096e                ms_twiCount
 .bss.halfSecFlag
                0x00800970        0x1 CountersAndTimers.o
                0x00800970                halfSecFlag
 .bss.oneSecFlag
                0x00800971        0x1 CountersAndTimers.o
                0x00800971                oneSecFlag
 .bss.counter1024Hz
                0x00800972        0x2 CountersAndTimers.o
                0x00800972                counter1024Hz
 .bss.numReadings.2095
                0x00800974        0x2 Drivers/ADC_uC.o
 .bss.currentADCchannel
                0x00800976        0x1 Drivers/ADC_uC.o
 .bss.firstADCchannel
                0x00800977        0x1 Drivers/ADC_uC.o
 .bss.adcCompleteFlag
                0x00800978        0x1 Drivers/ADC_uC.o
                0x00800978                adcCompleteFlag
 .bss.adcReadings
                0x00800979       0x20 Drivers/ADC_uC.o
 .bss.npaU47    0x00800999        0x6 Drivers/NPA700.o
 .bss.npaAbsP   0x0080099f        0x6 Drivers/NPA700.o
 .bss.npaFlow   0x008009a5        0x6 Drivers/NPA700.o
 .bss.rhStarted
                0x008009ab        0x1 Drivers/RH_T.o
 .bss.serialNumber
                0x008009ac        0x2 Drivers/spi_FRAM.o
                0x008009ac                serialNumber
 .bss.verbose   0x008009ae        0x1 Drivers/twi_utils.o
 .bss.currentUart
                0x008009af        0x1 uart.o
                0x008009af                currentUart
 .bss.pauseOutputForCmdCnt
                0x008009b0        0x1 uart.o
                0x008009b0                pauseOutputForCmdCnt
 .bss.outputCharacters
                0x008009b1        0x1 uart.o
                0x008009b1                outputCharacters
 .bss.commandSize
                0x008009b2        0x1 uart.o
                0x008009b2                commandSize
 .bss.bufIndex0
                0x008009b3        0x1 uart.o
                0x008009b3                bufIndex0
 .bss.clrError  0x008009b4        0x2 uart.o
                0x008009b4                clrError
 .bss.commandCompleteFlag0
                0x008009b6        0x1 uart.o
                0x008009b6                commandCompleteFlag0
 *(COMMON)
 COMMON         0x008009b7       0x40 main.o
                0x008009b7                userSettings
                0x008009bc                readings
                0x008009ee                hdwConfig
 COMMON         0x008009f7       0xa9 uart.o
                0x008009f7                rb
                0x008009ff                buf1
                0x00800a7f                commandCompleteFlag1
                0x00800a80                buf
 COMMON         0x00800aa0        0x6 c:/program files (x86)/atmel/studio/7.0/toolchain/avr8/avr8-gnu-toolchain/bin/../lib/gcc/avr/5.4.0/../../../../avr/lib/avr6\libc.a(iob.o)
                0x00800aa0                __iob
                0x00800aa6                PROVIDE (__bss_end, .)
                0x00005284                __data_load_start = LOADADDR (.data)
                0x000059f2                __data_load_end = (__data_load_start + SIZEOF (.data))

.noinit         0x00800aa6        0x0
                [!provide]                PROVIDE (__noinit_start, .)
 *(.noinit*)
                [!provide]                PROVIDE (__noinit_end, .)
                0x00800aa6                _end = .
                [!provide]                PROVIDE (__heap_start, .)

.eeprom         0x00810000        0x0
 *(.eeprom*)
                0x00810000                __eeprom_end = .

.fuse
 *(.fuse)
 *(.lfuse)
 *(.hfuse)
 *(.efuse)

.lock
 *(.lock*)

.signature
 *(.signature*)

.user_signatures
 *(.user_signatures*)

.stab
 *(.stab)

.stabstr
 *(.stabstr)

.stab.excl
 *(.stab.excl)

.stab.exclstr
 *(.stab.exclstr)

.stab.index
 *(.stab.index)

.stab.indexstr
 *(.stab.indexstr)

.comment        0x00000000       0x5c
 *(.comment)
 .comment       0x00000000       0x30 Commands/testCommand1.o
                                 0x31 (size before relaxing)
 .comment       0x00000030       0x31 CountersAndTimers.o
 .comment       0x00000030       0x31 Drivers/ADC2518.o
 .comment       0x00000030       0x31 Drivers/ADC_uC.o
 .comment       0x00000030       0x31 Drivers/NPA700.o
 .comment       0x00000030       0x31 Drivers/RH_T.o
 .comment       0x00000030       0x31 Drivers/spi_ADC2518.o
 .comment       0x00000030       0x31 Drivers/EnablesAndCSs.o
 .comment       0x00000030       0x31 Drivers/FLASH_Driver.o
 .comment       0x00000030       0x31 Drivers/RTC.o
 .comment       0x00000030       0x31 Drivers/spi.o
 .comment       0x00000030       0x31 Drivers/spi_DACs.o
 .comment       0x00000030       0x31 Drivers/spi_FRAM.o
 .comment       0x00000030       0x31 Drivers/spi_RTC.o
 .comment       0x00000030       0x31 Drivers/TWI_MUX.o
 .comment       0x00000030       0x31 Drivers/twi_utils.o
 .comment       0x00000030       0x31 Initialize.o
 .comment       0x00000030       0x31 main.o
 .comment       0x00000030       0x31 majorGeneral.o
 .comment       0x00000030       0x31 uart.o
 .comment       0x00000030       0x2c c:/program files (x86)/atmel/studio/7.0/toolchain/avr8/avr8-gnu-toolchain/bin/../lib/gcc/avr/5.4.0/../../../../avr/lib/avr6\libprintf_flt.a(vfprintf_flt.o)
                                 0x2d (size before relaxing)
 .comment       0x0000005c       0x31 c:/program files (x86)/atmel/studio/7.0/toolchain/avr8/avr8-gnu-toolchain/bin/../lib/gcc/avr/5.4.0/../../../../avr/lib/avr6\libc.a(fputc.o)
 .comment       0x0000005c       0x31 c:/program files (x86)/atmel/studio/7.0/toolchain/avr8/avr8-gnu-toolchain/bin/../lib/gcc/avr/5.4.0/../../../../avr/lib/avr6\libc.a(iob.o)
 .comment       0x0000005c       0x31 c:/program files (x86)/atmel/studio/7.0/toolchain/avr8/avr8-gnu-toolchain/bin/../lib/gcc/avr/5.4.0/../../../../avr/lib/avr6\libc.a(printf.o)
 .comment       0x0000005c       0x31 c:/program files (x86)/atmel/studio/7.0/toolchain/avr8/avr8-gnu-toolchain/bin/../lib/gcc/avr/5.4.0/../../../../avr/lib/avr6\libc.a(printf_p.o)
 .comment       0x0000005c       0x31 c:/program files (x86)/atmel/studio/7.0/toolchain/avr8/avr8-gnu-toolchain/bin/../lib/gcc/avr/5.4.0/../../../../avr/lib/avr6\libc.a(putchar.o)
 .comment       0x0000005c       0x31 c:/program files (x86)/atmel/studio/7.0/toolchain/avr8/avr8-gnu-toolchain/bin/../lib/gcc/avr/5.4.0/../../../../avr/lib/avr6\libc.a(puts.o)

.note.gnu.avr.deviceinfo
                0x00000000       0x40
 .note.gnu.avr.deviceinfo
                0x00000000       0x40 C:/Program Files (x86)/Atmel/Studio/7.0/Packs/atmel/ATmega_DFP/2.0.401/gcc/dev/atmega2560/avr6/crtatmega2560.o

.note.gnu.build-id
 *(.note.gnu.build-id)

.debug
 *(.debug)

.line
 *(.line)

.debug_srcinfo
 *(.debug_srcinfo)

.debug_sfnames
 *(.debug_sfnames)

.debug_aranges  0x00000000      0x658
 *(.debug_aranges)
 .debug_aranges
                0x00000000       0x48 Commands/testCommand1.o
 .debug_aranges
                0x00000048       0x38 CountersAndTimers.o
 .debug_aranges
                0x00000080       0x58 Drivers/ADC2518.o
 .debug_aranges
                0x000000d8       0x50 Drivers/ADC_uC.o
 .debug_aranges
                0x00000128       0x50 Drivers/NPA700.o
 .debug_aranges
                0x00000178       0x38 Drivers/RH_T.o
 .debug_aranges
                0x000001b0       0x30 Drivers/spi_ADC2518.o
 .debug_aranges
                0x000001e0       0xf0 Drivers/EnablesAndCSs.o
 .debug_aranges
                0x000002d0       0xc0 Drivers/FLASH_Driver.o
 .debug_aranges
                0x00000390       0x30 Drivers/RTC.o
 .debug_aranges
                0x000003c0       0x58 Drivers/spi.o
 .debug_aranges
                0x00000418       0x48 Drivers/spi_DACs.o
 .debug_aranges
                0x00000460       0x58 Drivers/spi_FRAM.o
 .debug_aranges
                0x000004b8       0x28 Drivers/spi_RTC.o
 .debug_aranges
                0x000004e0       0x28 Drivers/TWI_MUX.o
 .debug_aranges
                0x00000508       0x50 Drivers/twi_utils.o
 .debug_aranges
                0x00000558       0x30 Initialize.o
 .debug_aranges
                0x00000588       0x20 main.o
 .debug_aranges
                0x000005a8       0x30 majorGeneral.o
 .debug_aranges
                0x000005d8       0x80 uart.o

.debug_pubnames
 *(.debug_pubnames)

.debug_info     0x00000000     0x6d80
 *(.debug_info .gnu.linkonce.wi.*)
 .debug_info    0x00000000      0xbbc C:/Program Files (x86)/Atmel/Studio/7.0/Packs/atmel/ATmega_DFP/2.0.401/gcc/dev/atmega2560/avr6/crtatmega2560.o
 .debug_info    0x00000bbc      0xb17 Commands/testCommand1.o
 .debug_info    0x000016d3      0x17d CountersAndTimers.o
 .debug_info    0x00001850      0x358 Drivers/ADC2518.o
 .debug_info    0x00001ba8      0x40a Drivers/ADC_uC.o
 .debug_info    0x00001fb2      0x430 Drivers/NPA700.o
 .debug_info    0x000023e2      0x3e3 Drivers/RH_T.o
 .debug_info    0x000027c5      0x2c2 Drivers/spi_ADC2518.o
 .debug_info    0x00002a87      0x32e Drivers/EnablesAndCSs.o
 .debug_info    0x00002db5     0x142e Drivers/FLASH_Driver.o
 .debug_info    0x000041e3      0x37a Drivers/RTC.o
 .debug_info    0x0000455d      0x2ee Drivers/spi.o
 .debug_info    0x0000484b      0x553 Drivers/spi_DACs.o
 .debug_info    0x00004d9e      0x521 Drivers/spi_FRAM.o
 .debug_info    0x000052bf      0x1d0 Drivers/spi_RTC.o
 .debug_info    0x0000548f      0x21a Drivers/TWI_MUX.o
 .debug_info    0x000056a9      0x5fc Drivers/twi_utils.o
 .debug_info    0x00005ca5      0x402 Initialize.o
 .debug_info    0x000060a7      0x33f main.o
 .debug_info    0x000063e6      0x15c majorGeneral.o
 .debug_info    0x00006542      0x83e uart.o

.debug_abbrev   0x00000000     0x26ee
 *(.debug_abbrev)
 .debug_abbrev  0x00000000      0xb1a C:/Program Files (x86)/Atmel/Studio/7.0/Packs/atmel/ATmega_DFP/2.0.401/gcc/dev/atmega2560/avr6/crtatmega2560.o
 .debug_abbrev  0x00000b1a      0x1c9 Commands/testCommand1.o
 .debug_abbrev  0x00000ce3       0xba CountersAndTimers.o
 .debug_abbrev  0x00000d9d      0x110 Drivers/ADC2518.o
 .debug_abbrev  0x00000ead      0x1b9 Drivers/ADC_uC.o
 .debug_abbrev  0x00001066      0x196 Drivers/NPA700.o
 .debug_abbrev  0x000011fc      0x1b2 Drivers/RH_T.o
 .debug_abbrev  0x000013ae       0xef Drivers/spi_ADC2518.o
 .debug_abbrev  0x0000149d       0xc2 Drivers/EnablesAndCSs.o
 .debug_abbrev  0x0000155f      0x211 Drivers/FLASH_Driver.o
 .debug_abbrev  0x00001770      0x11a Drivers/RTC.o
 .debug_abbrev  0x0000188a      0x10a Drivers/spi.o
 .debug_abbrev  0x00001994      0x102 Drivers/spi_DACs.o
 .debug_abbrev  0x00001a96      0x164 Drivers/spi_FRAM.o
 .debug_abbrev  0x00001bfa       0xa3 Drivers/spi_RTC.o
 .debug_abbrev  0x00001c9d      0x103 Drivers/TWI_MUX.o
 .debug_abbrev  0x00001da0      0x27e Drivers/twi_utils.o
 .debug_abbrev  0x0000201e      0x1fc Initialize.o
 .debug_abbrev  0x0000221a      0x112 main.o
 .debug_abbrev  0x0000232c       0xd8 majorGeneral.o
 .debug_abbrev  0x00002404      0x2ea uart.o

.debug_line     0x00000000     0x3d8a
 *(.debug_line .debug_line.* .debug_line_end)
 .debug_line    0x00000000      0x1fa C:/Program Files (x86)/Atmel/Studio/7.0/Packs/atmel/ATmega_DFP/2.0.401/gcc/dev/atmega2560/avr6/crtatmega2560.o
 .debug_line    0x000001fa      0x7b1 Commands/testCommand1.o
 .debug_line    0x000009ab      0x171 CountersAndTimers.o
 .debug_line    0x00000b1c      0x235 Drivers/ADC2518.o
 .debug_line    0x00000d51      0x2cd Drivers/ADC_uC.o
 .debug_line    0x0000101e      0x2bf Drivers/NPA700.o
 .debug_line    0x000012dd      0x242 Drivers/RH_T.o
 .debug_line    0x0000151f      0x192 Drivers/spi_ADC2518.o
 .debug_line    0x000016b1      0x2fd Drivers/EnablesAndCSs.o
 .debug_line    0x000019ae      0x816 Drivers/FLASH_Driver.o
 .debug_line    0x000021c4      0x1be Drivers/RTC.o
 .debug_line    0x00002382      0x273 Drivers/spi.o
 .debug_line    0x000025f5      0x284 Drivers/spi_DACs.o
 .debug_line    0x00002879      0x29f Drivers/spi_FRAM.o
 .debug_line    0x00002b18      0x120 Drivers/spi_RTC.o
 .debug_line    0x00002c38      0x17a Drivers/TWI_MUX.o
 .debug_line    0x00002db2      0x475 Drivers/twi_utils.o
 .debug_line    0x00003227      0x255 Initialize.o
 .debug_line    0x0000347c      0x191 main.o
 .debug_line    0x0000360d      0x140 majorGeneral.o
 .debug_line    0x0000374d      0x63d uart.o

.debug_frame    0x00000000     0x12f4
 *(.debug_frame)
 .debug_frame   0x00000000      0x1ac Commands/testCommand1.o
 .debug_frame   0x000001ac       0x7c CountersAndTimers.o
 .debug_frame   0x00000228      0x104 Drivers/ADC2518.o
 .debug_frame   0x0000032c      0x154 Drivers/ADC_uC.o
 .debug_frame   0x00000480       0xd8 Drivers/NPA700.o
 .debug_frame   0x00000558       0x78 Drivers/RH_T.o
 .debug_frame   0x000005d0       0x88 Drivers/spi_ADC2518.o
 .debug_frame   0x00000658      0x1c4 Drivers/EnablesAndCSs.o
 .debug_frame   0x0000081c      0x2e0 Drivers/FLASH_Driver.o
 .debug_frame   0x00000afc       0x84 Drivers/RTC.o
 .debug_frame   0x00000b80       0xb4 Drivers/spi.o
 .debug_frame   0x00000c34      0x104 Drivers/spi_DACs.o
 .debug_frame   0x00000d38      0x120 Drivers/spi_FRAM.o
 .debug_frame   0x00000e58       0x5c Drivers/spi_RTC.o
 .debug_frame   0x00000eb4       0x54 Drivers/TWI_MUX.o
 .debug_frame   0x00000f08      0x130 Drivers/twi_utils.o
 .debug_frame   0x00001038       0x50 Initialize.o
 .debug_frame   0x00001088       0x24 main.o
 .debug_frame   0x000010ac       0x44 majorGeneral.o
 .debug_frame   0x000010f0      0x204 uart.o

.debug_str      0x00000000     0x16a9
 *(.debug_str)
 .debug_str     0x00000000      0x3e6 C:/Program Files (x86)/Atmel/Studio/7.0/Packs/atmel/ATmega_DFP/2.0.401/gcc/dev/atmega2560/avr6/crtatmega2560.o
 .debug_str     0x000003e6      0x57d Commands/testCommand1.o
                                0x5ca (size before relaxing)
 .debug_str     0x00000963       0xde CountersAndTimers.o
                                0x222 (size before relaxing)
 .debug_str     0x00000a41       0xbe Drivers/ADC2518.o
                                0x2b4 (size before relaxing)
 .debug_str     0x00000aff      0x12f Drivers/ADC_uC.o
                                0x33f (size before relaxing)
 .debug_str     0x00000c2e      0x119 Drivers/NPA700.o
                                0x2ec (size before relaxing)
 .debug_str     0x00000d47       0x48 Drivers/RH_T.o
                                0x27b (size before relaxing)
 .debug_str     0x00000d8f       0x50 Drivers/spi_ADC2518.o
                                0x227 (size before relaxing)
 .debug_str     0x00000ddf       0xd4 Drivers/EnablesAndCSs.o
                                0x32a (size before relaxing)
 .debug_str     0x00000eb3      0x21e Drivers/FLASH_Driver.o
                                0x4e3 (size before relaxing)
 .debug_str     0x000010d1       0xc9 Drivers/RTC.o
                                0x2a6 (size before relaxing)
 .debug_str     0x0000119a       0x89 Drivers/spi.o
                                0x2a7 (size before relaxing)
 .debug_str     0x00001223       0x27 Drivers/spi_DACs.o
                                0x2b8 (size before relaxing)
 .debug_str     0x0000124a       0x40 Drivers/spi_FRAM.o
                                0x2d4 (size before relaxing)
 .debug_str     0x0000128a       0x15 Drivers/spi_RTC.o
                                0x206 (size before relaxing)
 .debug_str     0x0000129f       0x3c Drivers/TWI_MUX.o
                                0x229 (size before relaxing)
 .debug_str     0x000012db       0xf2 Drivers/twi_utils.o
                                0x318 (size before relaxing)
 .debug_str     0x000013cd       0x73 Initialize.o
                                0x340 (size before relaxing)
 .debug_str     0x00001440       0xdf main.o
                                0x377 (size before relaxing)
 .debug_str     0x0000151f       0x48 majorGeneral.o
                                0x1ef (size before relaxing)
 .debug_str     0x00001567      0x142 uart.o
                                0x3bd (size before relaxing)

.debug_loc      0x00000000     0x405f
 *(.debug_loc)
 .debug_loc     0x00000000      0x664 Commands/testCommand1.o
 .debug_loc     0x00000664       0x85 CountersAndTimers.o
 .debug_loc     0x000006e9      0x37e Drivers/ADC2518.o
 .debug_loc     0x00000a67      0x422 Drivers/ADC_uC.o
 .debug_loc     0x00000e89      0x284 Drivers/NPA700.o
 .debug_loc     0x0000110d       0xee Drivers/RH_T.o
 .debug_loc     0x000011fb      0x286 Drivers/spi_ADC2518.o
 .debug_loc     0x00001481     0x10bf Drivers/FLASH_Driver.o
 .debug_loc     0x00002540      0x12c Drivers/RTC.o
 .debug_loc     0x0000266c      0x22d Drivers/spi.o
 .debug_loc     0x00002899      0x33a Drivers/spi_DACs.o
 .debug_loc     0x00002bd3      0x3f0 Drivers/spi_FRAM.o
 .debug_loc     0x00002fc3      0x1a8 Drivers/spi_RTC.o
 .debug_loc     0x0000316b      0x109 Drivers/TWI_MUX.o
 .debug_loc     0x00003274      0x653 Drivers/twi_utils.o
 .debug_loc     0x000038c7       0x53 Initialize.o
 .debug_loc     0x0000391a       0x57 majorGeneral.o
 .debug_loc     0x00003971      0x6ee uart.o

.debug_macinfo
 *(.debug_macinfo)

.debug_weaknames
 *(.debug_weaknames)

.debug_funcnames
 *(.debug_funcnames)

.debug_typenames
 *(.debug_typenames)

.debug_varnames
 *(.debug_varnames)

.debug_pubtypes
 *(.debug_pubtypes)

.debug_ranges   0x00000000      0x5c0
 *(.debug_ranges)
 .debug_ranges  0x00000000       0xb0 Commands/testCommand1.o
 .debug_ranges  0x000000b0       0x28 CountersAndTimers.o
 .debug_ranges  0x000000d8       0x48 Drivers/ADC2518.o
 .debug_ranges  0x00000120       0x40 Drivers/ADC_uC.o
 .debug_ranges  0x00000160       0x40 Drivers/NPA700.o
 .debug_ranges  0x000001a0       0x28 Drivers/RH_T.o
 .debug_ranges  0x000001c8       0x20 Drivers/spi_ADC2518.o
 .debug_ranges  0x000001e8       0xe0 Drivers/EnablesAndCSs.o
 .debug_ranges  0x000002c8       0xb0 Drivers/FLASH_Driver.o
 .debug_ranges  0x00000378       0x20 Drivers/RTC.o
 .debug_ranges  0x00000398       0x60 Drivers/spi.o
 .debug_ranges  0x000003f8       0x38 Drivers/spi_DACs.o
 .debug_ranges  0x00000430       0x48 Drivers/spi_FRAM.o
 .debug_ranges  0x00000478       0x18 Drivers/spi_RTC.o
 .debug_ranges  0x00000490       0x18 Drivers/TWI_MUX.o
 .debug_ranges  0x000004a8       0x58 Drivers/twi_utils.o
 .debug_ranges  0x00000500       0x20 Initialize.o
 .debug_ranges  0x00000520       0x10 main.o
 .debug_ranges  0x00000530       0x20 majorGeneral.o
 .debug_ranges  0x00000550       0x70 uart.o

.debug_macro
 *(.debug_macro)
OUTPUT(SchuylerBoardTest.elf elf32-avr)
LOAD linker stubs
