Archive member included to satisfy reference by file (symbol)

c:/program files (x86)/atmel/studio/7.0/toolchain/avr8/avr8-gnu-toolchain/bin/../lib/gcc/avr/5.4.0/../../../../avr/lib/avr6\libm.a(fixunssfsi.o)
                              Drivers/ADC2518.o (__fixunssfsi)
c:/program files (x86)/atmel/studio/7.0/toolchain/avr8/avr8-gnu-toolchain/bin/../lib/gcc/avr/5.4.0/../../../../avr/lib/avr6\libm.a(floatsisf.o)
                              Drivers/ADC2518.o (__floatsisf)
c:/program files (x86)/atmel/studio/7.0/toolchain/avr8/avr8-gnu-toolchain/bin/../lib/gcc/avr/5.4.0/../../../../avr/lib/avr6\libm.a(fp_split3.o)
                              c:/program files (x86)/atmel/studio/7.0/toolchain/avr8/avr8-gnu-toolchain/bin/../lib/gcc/avr/5.4.0/../../../../avr/lib/avr6\libm.a(fixunssfsi.o) (__fp_splitA)
c:/program files (x86)/atmel/studio/7.0/toolchain/avr8/avr8-gnu-toolchain/bin/../lib/gcc/avr/5.4.0/../../../../avr/lib/avr6\libm.a(fp_zero.o)
                              c:/program files (x86)/atmel/studio/7.0/toolchain/avr8/avr8-gnu-toolchain/bin/../lib/gcc/avr/5.4.0/../../../../avr/lib/avr6\libm.a(fixunssfsi.o) (__fp_zero)
c:/program files (x86)/atmel/studio/7.0/toolchain/avr8/avr8-gnu-toolchain/bin/../lib/gcc/avr/5.4.0/../../../../avr/lib/avr6\libm.a(mulsf3.o)
                              Drivers/ADC2518.o (__mulsf3)
c:/program files (x86)/atmel/studio/7.0/toolchain/avr8/avr8-gnu-toolchain/bin/../lib/gcc/avr/5.4.0/../../../../avr/lib/avr6\libm.a(mulsf3x.o)
                              c:/program files (x86)/atmel/studio/7.0/toolchain/avr8/avr8-gnu-toolchain/bin/../lib/gcc/avr/5.4.0/../../../../avr/lib/avr6\libm.a(mulsf3.o) (__mulsf3x)
c:/program files (x86)/atmel/studio/7.0/toolchain/avr8/avr8-gnu-toolchain/bin/../lib/gcc/avr/5.4.0/../../../../avr/lib/avr6\libm.a(fp_inf.o)
                              c:/program files (x86)/atmel/studio/7.0/toolchain/avr8/avr8-gnu-toolchain/bin/../lib/gcc/avr/5.4.0/../../../../avr/lib/avr6\libm.a(mulsf3x.o) (__fp_inf)
c:/program files (x86)/atmel/studio/7.0/toolchain/avr8/avr8-gnu-toolchain/bin/../lib/gcc/avr/5.4.0/../../../../avr/lib/avr6\libm.a(fp_nan.o)
                              c:/program files (x86)/atmel/studio/7.0/toolchain/avr8/avr8-gnu-toolchain/bin/../lib/gcc/avr/5.4.0/../../../../avr/lib/avr6\libm.a(mulsf3x.o) (__fp_nan)
c:/program files (x86)/atmel/studio/7.0/toolchain/avr8/avr8-gnu-toolchain/bin/../lib/gcc/avr/5.4.0/../../../../avr/lib/avr6\libm.a(fp_pscA.o)
                              c:/program files (x86)/atmel/studio/7.0/toolchain/avr8/avr8-gnu-toolchain/bin/../lib/gcc/avr/5.4.0/../../../../avr/lib/avr6\libm.a(mulsf3x.o) (__fp_pscA)
c:/program files (x86)/atmel/studio/7.0/toolchain/avr8/avr8-gnu-toolchain/bin/../lib/gcc/avr/5.4.0/../../../../avr/lib/avr6\libm.a(fp_pscB.o)
                              c:/program files (x86)/atmel/studio/7.0/toolchain/avr8/avr8-gnu-toolchain/bin/../lib/gcc/avr/5.4.0/../../../../avr/lib/avr6\libm.a(mulsf3x.o) (__fp_pscB)
c:/program files (x86)/atmel/studio/7.0/toolchain/avr8/avr8-gnu-toolchain/bin/../lib/gcc/avr/5.4.0/../../../../avr/lib/avr6\libm.a(fp_round.o)
                              c:/program files (x86)/atmel/studio/7.0/toolchain/avr8/avr8-gnu-toolchain/bin/../lib/gcc/avr/5.4.0/../../../../avr/lib/avr6\libm.a(mulsf3.o) (__fp_round)
c:/program files (x86)/atmel/studio/7.0/toolchain/avr8/avr8-gnu-toolchain/bin/../lib/gcc/avr/5.4.0/../../../../avr/lib/avr6\libprintf_flt.a(vfprintf_flt.o)
                              (vfprintf)
c:/program files (x86)/atmel/studio/7.0/toolchain/avr8/avr8-gnu-toolchain/bin/../lib/gcc/avr/5.4.0/avr6\libgcc.a(_mulsi3.o)
                              Drivers/LowLevelFlashDriver/spi-nand-base.o (__mulsi3)
c:/program files (x86)/atmel/studio/7.0/toolchain/avr8/avr8-gnu-toolchain/bin/../lib/gcc/avr/5.4.0/avr6\libgcc.a(_divmodsi4.o)
                              Drivers/RH_T.o (__divmodsi4)
c:/program files (x86)/atmel/studio/7.0/toolchain/avr8/avr8-gnu-toolchain/bin/../lib/gcc/avr/5.4.0/avr6\libgcc.a(_negsi2.o)
                              c:/program files (x86)/atmel/studio/7.0/toolchain/avr8/avr8-gnu-toolchain/bin/../lib/gcc/avr/5.4.0/avr6\libgcc.a(_divmodsi4.o) (__negsi2)
c:/program files (x86)/atmel/studio/7.0/toolchain/avr8/avr8-gnu-toolchain/bin/../lib/gcc/avr/5.4.0/avr6\libgcc.a(_exit.o)
                              C:/Program Files (x86)/Atmel/Studio/7.0/Packs/atmel/ATmega_DFP/2.0.401/gcc/dev/atmega2560/avr6/crtatmega2560.o (exit)
c:/program files (x86)/atmel/studio/7.0/toolchain/avr8/avr8-gnu-toolchain/bin/../lib/gcc/avr/5.4.0/avr6\libgcc.a(_copy_data.o)
                              Commands/testCommand1.o (__do_copy_data)
c:/program files (x86)/atmel/studio/7.0/toolchain/avr8/avr8-gnu-toolchain/bin/../lib/gcc/avr/5.4.0/avr6\libgcc.a(_clear_bss.o)
                              Commands/testCommand1.o (__do_clear_bss)
c:/program files (x86)/atmel/studio/7.0/toolchain/avr8/avr8-gnu-toolchain/bin/../lib/gcc/avr/5.4.0/avr6\libgcc.a(_umulhisi3.o)
[...]
Memory Configuration

Name             Origin             Length             Attributes
text             0x00000000         0x00040000         xr
data             0x00800200         0x00002000         rw !x
eeprom           0x00810000         0x00001000         rw !x
fuse             0x00820000         0x00000003         rw !x
lock             0x00830000         0x00000400         rw !x
signature        0x00840000         0x00000400         rw !x
user_signatures  0x00850000         0x00000400         rw !x
*default*        0x00000000         0xffffffff

Linker script and memory map

Address of section .data set to 0x800200
LOAD C:/Program Files (x86)/Atmel/Studio/7.0/Packs/atmel/ATmega_DFP/2.0.401/gcc/dev/atmega2560/avr6/crtatmega2560.o
LOAD Commands/testCommand1.o
LOAD CountersAndTimers.o
LOAD Drivers/ADC2518.o
LOAD Drivers/ADC_uC.o
LOAD Drivers/FETS.o
LOAD Drivers/LowLevelFlashDriver/spi-nand-base.o
LOAD Drivers/LowLevelFlashDriver/spi-nand-cmd.o
LOAD Drivers/NPA700.o
LOAD Drivers/RH_T.o
LOAD Drivers/spi_ADC2518.o
LOAD Drivers/EnablesAndCSs.o
LOAD Drivers/FLASH_Driver.o
LOAD Drivers/RTC.o
LOAD Drivers/spi.o
LOAD Drivers/spi_DACs.o
LOAD Drivers/spi_FRAM.o
LOAD Drivers/spi_RTC.o
LOAD Drivers/TWI_MUX.o
LOAD Drivers/twi_utils.o
LOAD Initialize.o
LOAD main.o
LOAD majorGeneral.o
LOAD uart.o
START GROUP
LOAD c:/program files (x86)/atmel/studio/7.0/toolchain/avr8/avr8-gnu-toolchain/bin/../lib/gcc/avr/5.4.0/../../../../avr/lib/avr6\libm.a
END GROUP
LOAD c:/program files (x86)/atmel/studio/7.0/toolchain/avr8/avr8-gnu-toolchain/bin/../lib/gcc/avr/5.4.0/../../../../avr/lib/avr6\libprintf_flt.a
LOAD c:/program files (x86)/atmel/studio/7.0/toolchain/avr8/avr8-gnu-toolchain/bin/../lib/gcc/avr/5.4.0/../../../../avr/lib/avr6\libm.a
START GROUP
LOAD c:/program files (x86)/atmel/studio/7.0/toolchain/avr8/avr8-gnu-toolchain/bin/../lib/gcc/avr/5.4.0/avr6\libgcc.a
LOAD c:/program files (x86)/atmel/studio/7.0/toolchain/avr8/avr8-gnu-toolchain/bin/../lib/gcc/avr/5.4.0/../../../../avr/lib/avr6\libm.a
LOAD c:/program files (x86)/atmel/studio/7.0/toolchain/avr8/avr8-gnu-toolchain/bin/../lib/gcc/avr/5.4.0/../../../../avr/lib/avr6\libc.a
LOAD C:/Program Files (x86)/Atmel/Studio/7.0/Packs/atmel/ATmega_DFP/2.0.401/gcc/dev/atmega2560/avr6\libatmega2560.a
END GROUP
                0x00000000                __TEXT_REGION_ORIGIN__ = DEFINED (__TEXT_REGION_ORIGIN__)?__TEXT_REGION_ORIGIN__:0x0
                [0x00800200]                __DATA_REGION_ORIGIN__ = DEFINED (__DATA_REGION_ORIGIN__)?__DATA_REGION_ORIGIN__:0x800200
                [0x00040000]                __TEXT_REGION_LENGTH__ = DEFINED (__TEXT_REGION_LENGTH__)?__TEXT_REGION_LENGTH__:0x100000
                [0x00002000]                __DATA_REGION_LENGTH__ = DEFINED (__DATA_REGION_LENGTH__)?__DATA_REGION_LENGTH__:0xfe00
                [0x00001000]                __EEPROM_REGION_LENGTH__ = DEFINED (__EEPROM_REGION_LENGTH__)?__EEPROM_REGION_LENGTH__:0x10000
                [0x00000003]                __FUSE_REGION_LENGTH__ = DEFINED (__FUSE_REGION_LENGTH__)?__FUSE_REGION_LENGTH__:0x400
                0x00000400                __LOCK_REGION_LENGTH__ = DEFINED (__LOCK_REGION_LENGTH__)?__LOCK_REGION_LENGTH__:0x400
                0x00000400                __SIGNATURE_REGION_LENGTH__ = DEFINED (__SIGNATURE_REGION_LENGTH__)?__SIGNATURE_REGION_LENGTH__:0x400
                0x00000400                __USER_SIGNATURE_REGION_LENGTH__ = DEFINED (__USER_SIGNATURE_REGION_LENGTH__)?__USER_SIGNATURE_REGION_LENGTH__:0x400

.hash
 *(.hash)

.dynsym
 *(.dynsym)

.dynstr
 *(.dynstr)

.gnu.version
 *(.gnu.version)

.gnu.version_d
 *(.gnu.version_d)

.gnu.version_r
 *(.gnu.version_r)

.rel.init
 *(.rel.init)

.rela.init
 *(.rela.init)

.rel.text
 *(.rel.text)
 *(.rel.text.*)
 *(.rel.gnu.linkonce.t*)

.rela.text
 *(.rela.text)
 *(.rela.text.*)
 *(.rela.gnu.linkonce.t*)

.rel.fini
 *(.rel.fini)

.rela.fini
 *(.rela.fini)

.rel.rodata
 *(.rel.rodata)
 *(.rel.rodata.*)
 *(.rel.gnu.linkonce.r*)

.rela.rodata
 *(.rela.rodata)
 *(.rela.rodata.*)
 *(.rela.gnu.linkonce.r*)

.rel.data
 *(.rel.data)
 *(.rel.data.*)
 *(.rel.gnu.linkonce.d*)

.rela.data
 *(.rela.data)
 *(.rela.data.*)
 *(.rela.gnu.linkonce.d*)

.rel.ctors
 *(.rel.ctors)

.rela.ctors
 *(.rela.ctors)

.rel.dtors
 *(.rel.dtors)

.rela.dtors
 *(.rela.dtors)

.rel.got
 *(.rel.got)

.rela.got
 *(.rela.got)

.rel.bss
 *(.rel.bss)

.rela.bss
 *(.rela.bss)

.rel.plt
 *(.rel.plt)

.rela.plt
 *(.rela.plt)

.text           0x00000000     0x88f2
 *(.vectors)
 .vectors       0x00000000       0xe4 C:/Program Files (x86)/Atmel/Studio/7.0/Packs/atmel/ATmega_DFP/2.0.401/gcc/dev/atmega2560/avr6/crtatmega2560.o
                0x00000000                __vector_default
                0x00000000                __vectors
 *(.vectors)
 *(.progmem.gcc*)
                0x000000e4                . = ALIGN (0x2)
                0x000000e4                __trampolines_start = .
 *(.trampolines)
 .trampolines   0x000000e4        0x0 linker stubs
 *(.trampolines*)
                0x000000e4                __trampolines_end = .
 *libprintf_flt.a:*(.progmem.data)
 .progmem.data  0x000000e4        0x8 c:/program files (x86)/atmel/studio/7.0/toolchain/avr8/avr8-gnu-toolchain/bin/../lib/gcc/avr/5.4.0/../../../../avr/lib/avr6\libprintf_flt.a(vfprintf_flt.o)
 *libc.a:*(.progmem.data)
 .progmem.data  0x000000ec       0xfa c:/program files (x86)/atmel/studio/7.0/toolchain/avr8/avr8-gnu-toolchain/bin/../lib/gcc/avr/5.4.0/../../../../avr/lib/avr6\libc.a(ftoa_engine.o)
 *(.progmem*)
 .progmem.data.__c.2533
                0x000001e6       0x14 Commands/testCommand1.o
 .progmem.data.__c.2549
                0x000001fa       0x13 Commands/testCommand1.o
 .progmem.data.__c.2046
                0x0000020d       0x20 Drivers/ADC2518.o
 .progmem.data.__c.2037
                0x0000022d       0x15 Drivers/ADC2518.o
 .progmem.data.__c.2082
                0x00000242        0x2 Drivers/ADC_uC.o
 .progmem.data.__c.2077
                0x00000244        0x4 Drivers/ADC_uC.o
 .progmem.data.__c.2071
                0x00000248       0x1f Drivers/ADC_uC.o
 .progmem.data.__c.2042
                0x00000267       0x23 Drivers/NPA700.o
 .progmem.data.__c.2040
                0x0000028a       0x1c Drivers/NPA700.o
 .progmem.data.__c.2038
                0x000002a6       0x20 Drivers/NPA700.o
 .progmem.data.__c.2512
                0x000002c6       0x27 Drivers/FLASH_Driver.o
 .progmem.data.__c.2518
                0x000002ed       0x39 Drivers/FLASH_Driver.o
 .progmem.data.__c.2520
                0x00000326       0x30 Drivers/FLASH_Driver.o
 .progmem.data.__c.2522
                0x00000356       0x39 Drivers/FLASH_Driver.o
 .progmem.data.__c.2524
                0x0000038f       0x29 Drivers/FLASH_Driver.o
 .progmem.data.__c.2526
                0x000003b8       0x3e Drivers/FLASH_Driver.o
 .progmem.data.__c.2557
                0x000003f6       0x18 Drivers/FLASH_Driver.o
 .progmem.data.__c.2559
                0x0000040e       0x27 Drivers/FLASH_Driver.o
 .progmem.data.__c.2561
                0x00000435       0x31 Drivers/FLASH_Driver.o
 .progmem.data.__c.2563
                0x00000466       0x27 Drivers/FLASH_Driver.o
 .progmem.data.__c.2577
                0x0000048d       0x2d Drivers/FLASH_Driver.o
 .progmem.data.__c.2583
                0x000004ba       0x3a Drivers/FLASH_Driver.o
 .progmem.data.__c.2585
                0x000004f4       0x2a Drivers/FLASH_Driver.o
 .progmem.data.__c.2587
                0x0000051e       0x3f Drivers/FLASH_Driver.o
 .progmem.data.__c.2612
                0x0000055d       0x25 Drivers/FLASH_Driver.o
 .progmem.data.__c.2614
                0x00000582       0x3c Drivers/FLASH_Driver.o
 .progmem.data.__c.2616
                0x000005be       0x25 Drivers/FLASH_Driver.o
 .progmem.data.__c.2618
                0x000005e3       0x33 Drivers/FLASH_Driver.o
 .progmem.data.__c.2625
                0x00000616       0x2b Drivers/FLASH_Driver.o
 .progmem.data.__c.2627
                0x00000641       0x3a Drivers/FLASH_Driver.o
 .progmem.data.__c.2629
                0x0000067b       0x2f Drivers/FLASH_Driver.o
 .progmem.data.__c.2631
                0x000006aa       0x28 Drivers/FLASH_Driver.o
 .progmem.data.__c.2633
                0x000006d2       0x37 Drivers/FLASH_Driver.o
 .progmem.data.majorGeneral
                0x00000709     0x11ae majorGeneral.o
                0x00000709                majorGeneral
                0x000018b8                . = ALIGN (0x2)
 *fill*         0x000018b7        0x1 
 *(.jumptables)
 *(.jumptables*)
 *(.lowtext)
 *(.lowtext*)
                0x000018b8                __ctors_start = .
 *(.ctors)
                0x000018b8                __ctors_end = .
                0x000018b8                __dtors_start = .
 *(.dtors)
                0x000018b8                __dtors_end = .
 SORT(*)(.ctors)
 SORT(*)(.dtors)
 *(.init0)
 .init0         0x000018b8        0x0 C:/Program Files (x86)/Atmel/Studio/7.0/Packs/atmel/ATmega_DFP/2.0.401/gcc/dev/atmega2560/avr6/crtatmega2560.o
                0x000018b8                __init
 *(.init0)
 *(.init1)
 *(.init1)
 *(.init2)
 .init2         0x000018b8       0x10 C:/Program Files (x86)/Atmel/Studio/7.0/Packs/atmel/ATmega_DFP/2.0.401/gcc/dev/atmega2560/avr6/crtatmega2560.o
 *(.init2)
 *(.init3)
 *(.init3)
 *(.init4)
 .init4         0x000018c8       0x1a c:/program files (x86)/atmel/studio/7.0/toolchain/avr8/avr8-gnu-toolchain/bin/../lib/gcc/avr/5.4.0/avr6\libgcc.a(_copy_data.o)
                0x000018c8                __do_copy_data
 .init4         0x000018e2       0x10 c:/program files (x86)/atmel/studio/7.0/toolchain/avr8/avr8-gnu-toolchain/bin/../lib/gcc/avr/5.4.0/avr6\libgcc.a(_clear_bss.o)
                0x000018e2                __do_clear_bss
 *(.init4)
 *(.init5)
 *(.init5)
 *(.init6)
 *(.init6)
 *(.init7)
 *(.init7)
 *(.init8)
 *(.init8)
 *(.init9)
 .init9         0x000018f2        0x8 C:/Program Files (x86)/Atmel/Studio/7.0/Packs/atmel/ATmega_DFP/2.0.401/gcc/dev/atmega2560/avr6/crtatmega2560.o
 *(.init9)
 *(.text)
 .text          0x000018fa        0x4 C:/Program Files (x86)/Atmel/Studio/7.0/Packs/atmel/ATmega_DFP/2.0.401/gcc/dev/atmega2560/avr6/crtatmega2560.o
                0x000018fa                __vector_38
                0x000018fa                __vector_22
                0x000018fa                __vector_28
                0x000018fa                __vector_1
                0x000018fa                __vector_32
                0x000018fa                __vector_34
                0x000018fa                __vector_24
                0x000018fa                __vector_12
                0x000018fa                __vector_55
                0x000018fa                __vector_46
                0x000018fa                __bad_interrupt
                0x000018fa                __vector_6
                0x000018fa                __vector_31
                0x000018fa                __vector_35
                0x000018fa                __vector_39
                0x000018fa                __vector_3
                0x000018fa                __vector_23
                0x000018fa                __vector_30
                0x000018fa                __vector_45
                0x000018fa                __vector_11
                0x000018fa                __vector_54
                0x000018fa                __vector_17
                0x000018fa                __vector_19
                0x000018fa                __vector_56
                0x000018fa                __vector_7
                0x000018fa                __vector_49
                0x000018fa                __vector_41
                0x000018fa                __vector_43
                0x000018fa                __vector_27
                0x000018fa                __vector_5
                0x000018fa                __vector_33
                0x000018fa                __vector_47
                0x000018fa                __vector_52
                0x000018fa                __vector_37
                0x000018fa                __vector_4
                0x000018fa                __vector_44
                0x000018fa                __vector_51
                0x000018fa                __vector_9
                0x000018fa                __vector_2
                0x000018fa                __vector_21
                0x000018fa                __vector_15
                0x000018fa                __vector_40
                0x000018fa                __vector_26
                0x000018fa                __vector_48
                0x000018fa                __vector_14
                0x000018fa                __vector_53
                0x000018fa                __vector_10
                0x000018fa                __vector_50
                0x000018fa                __vector_16
                0x000018fa                __vector_18
                0x000018fa                __vector_20
                0x000018fa                __vector_42
                0x000018fe                . = ALIGN (0x2)
 *(.text.*)
 .text.processCommand
                0x000018fe      0x5a0 Commands/testCommand1.o
                0x000018fe                processCommand
 .text.setTestBlock
                0x00001e9e       0x5c Commands/testCommand1.o
                0x00001e9e                setTestBlock
 .text.doFlashWriteTest
                0x00001efa       0xec Commands/testCommand1.o
                0x00001efa                doFlashWriteTest
 .text.doFlashReadTest
                0x00001fe6       0xf8 Commands/testCommand1.o
                0x00001fe6                doFlashReadTest
 .text.doFlashEraseTest
                0x000020de       0x26 Commands/testCommand1.o
                0x000020de                doFlashEraseTest
 .text.doFlashTestReadAll
                0x00002104      0x1e0 Commands/testCommand1.o
                0x00002104                doFlashTestReadAll
 .text.testRandomWR
                0x000022e4      0x4e6 Commands/testCommand1.o
                0x000022e4                testRandomWR
 .text.FlashABTest
                0x000027ca      0x2c0 Commands/testCommand1.o
                0x000027ca                FlashABTest
 .text.FlashReadBlocksTest
                0x00002a8a      0x140 Commands/testCommand1.o
                0x00002a8a                FlashReadBlocksTest
 .text.FlashReadBlocksTest_micron
                0x00002bca      0x14c Commands/testCommand1.o
                0x00002bca                FlashReadBlocksTest_micron
 .text.dumpBuffer
                0x00002d16       0x78 Commands/testCommand1.o
                0x00002d16                dumpBuffer
 .text.FlashBasicTest
                0x00002d8e      0x140 Commands/testCommand1.o
                0x00002d8e                FlashBasicTest
 .text.__vector_8
                0x00002ece       0x14 CountersAndTimers.o
                0x00002ece                __vector_8
 .text.__vector_13
                0x00002ee2       0x8c CountersAndTimers.o
                0x00002ee2                __vector_13
 .text.init_timer2
                0x00002f6e       0x30 CountersAndTimers.o
                0x00002f6e                init_timer2
 .text.init_CountersIimers
                0x00002f9e       0x16 CountersAndTimers.o
                0x00002f9e                init_CountersIimers
 .text.ADC_rdSystemStatus
                0x00002fb4       0x22 Drivers/ADC2518.o
                0x00002fb4                ADC_rdSystemStatus
 .text.ADC_wrGPO
                0x00002fd6       0x3e Drivers/ADC2518.o
                0x00002fd6                ADC_wrGPO
 .text.initADC2518
                0x00003014       0x20 Drivers/ADC2518.o
                0x00003014                initADC2518
 .text.ADC_OverSample
                0x00003034       0x24 Drivers/ADC2518.o
                0x00003034                ADC_OverSample
 .text.ADC_OscSpeed
                0x00003058       0x3c Drivers/ADC2518.o
                0x00003058                ADC_OscSpeed
 .text.ADC_manualMode
                0x00003094        0xa Drivers/ADC2518.o
                0x00003094                ADC_manualMode
 .text.ADC_ReadManualModeAnalogCh
                0x0000309e       0x68 Drivers/ADC2518.o
                0x0000309e                ADC_ReadManualModeAnalogCh
 .text.nextADC  0x00003106       0x5c Drivers/ADC_uC.o
                0x00003106                nextADC
 .text.showActiveADCs
                0x00003162       0x78 Drivers/ADC_uC.o
                0x00003162                showActiveADCs
 .text.incADC_MUX
                0x000031da       0x32 Drivers/ADC_uC.o
                0x000031da                incADC_MUX
 .text.__vector_29
                0x0000320c      0x106 Drivers/ADC_uC.o
                0x0000320c                __vector_29
 .text.doAdc    0x00003312       0x56 Drivers/ADC_uC.o
                0x00003312                doAdc
 .text.startADCcycle
                0x00003368       0x2c Drivers/ADC_uC.o
                0x00003368                startADCcycle
 .text.init_adc
                0x00003394       0x3e Drivers/ADC_uC.o
                0x00003394                init_adc
 .text.spi_nand_ecc_status
                0x000033d2       0x60 Drivers/LowLevelFlashDriver/spi-nand-base.o
 .text.ilog2    0x00003432       0x36 Drivers/LowLevelFlashDriver/spi-nand-base.o
 .text.spi_nand_scan_id_table
                0x00003468      0x224 Drivers/LowLevelFlashDriver/spi-nand-base.o
 .text.onfi_crc16
                0x0000368c       0x52 Drivers/LowLevelFlashDriver/spi-nand-base.o
 .text.sanitize_string
                0x000036de       0x58 Drivers/LowLevelFlashDriver/spi-nand-base.o
 .text.spi_nand_set_rd_wr_op
                0x00003736       0x3c Drivers/LowLevelFlashDriver/spi-nand-base.o
 .text.spi_nand_read_page_to_cache
                0x00003772       0x48 Drivers/LowLevelFlashDriver/spi-nand-base.o
 .text.spi_nand_read_page_cache_random
                0x000037ba       0x48 Drivers/LowLevelFlashDriver/spi-nand-base.o
 .text.spi_nand_read_page_cache_last
                0x00003802       0x3e Drivers/LowLevelFlashDriver/spi-nand-base.o
 .text.spi_nand_read_from_cache
                0x00003840       0xcc Drivers/LowLevelFlashDriver/spi-nand-base.o
 .text.spi_nand_read_id
                0x0000390c       0x5a Drivers/LowLevelFlashDriver/spi-nand-base.o
 .text.spi_nand_write_reg
                0x00003966       0x8e Drivers/LowLevelFlashDriver/spi-nand-base.o
 .text.spi_nand_set_cfg
                0x000039f4        0x8 Drivers/LowLevelFlashDriver/spi-nand-base.o
 .text.spi_nand_set_ds
                0x000039fc        0x8 Drivers/LowLevelFlashDriver/spi-nand-base.o
 .text.spi_nand_lun_select
                0x00003a04       0x48 Drivers/LowLevelFlashDriver/spi-nand-base.o
 .text.spi_nand_read_reg
                0x00003a4c       0x8e Drivers/LowLevelFlashDriver/spi-nand-base.o
 .text.spi_nand_get_cfg
                0x00003ada        0x8 Drivers/LowLevelFlashDriver/spi-nand-base.o
 .text.spi_nand_disable_ecc
                0x00003ae2       0x40 Drivers/LowLevelFlashDriver/spi-nand-base.o
 .text.spi_nand_enable_ecc
                0x00003b22       0x40 Drivers/LowLevelFlashDriver/spi-nand-base.o
 .text.spi_nand_change_mode
                0x00003b62       0x6c Drivers/LowLevelFlashDriver/spi-nand-base.o
 .text.spi_nand_read_status
                0x00003bce        0x8 Drivers/LowLevelFlashDriver/spi-nand-base.o
 .text.spi_nand_wait_crbusy
                0x00003bd6       0x92 Drivers/LowLevelFlashDriver/spi-nand-base.o
 .text.spi_nand_wait
                0x00003c68       0xa8 Drivers/LowLevelFlashDriver/spi-nand-base.o
 .text.spi_nand_do_read_page
                0x00003d10      0x110 Drivers/LowLevelFlashDriver/spi-nand-base.o
 .text.spi_nand_transfer_oob
                0x00003e20      0x136 Drivers/LowLevelFlashDriver/spi-nand-base.o
 .text.spi_nand_read_pages_fast
                0x00003f56      0x578 Drivers/LowLevelFlashDriver/spi-nand-base.o
 .text.spi_nand_read_pages
                0x000044ce      0x378 Drivers/LowLevelFlashDriver/spi-nand-base.o
 .text.spi_nand_do_read_ops
                0x00004846      0x4b0 Drivers/LowLevelFlashDriver/spi-nand-base.o
 .text.spi_nand_reset
                0x00004cf6       0x54 Drivers/LowLevelFlashDriver/spi-nand-base.o
 .text.spi_nand_detect_onfi
                0x00004d4a      0x1f8 Drivers/LowLevelFlashDriver/spi-nand-base.o
 .text.spi_nand_lock_block
                0x00004f42       0x20 Drivers/LowLevelFlashDriver/spi-nand-base.o
                0x00004f42                spi_nand_lock_block
 .text.spi_nand_read
                0x00004f62       0x74 Drivers/LowLevelFlashDriver/spi-nand-base.o
                0x00004f62                spi_nand_read
 .text.spi_nand_init
                0x00004fd6      0x19e Drivers/LowLevelFlashDriver/spi-nand-base.o
                0x00004fd6                spi_nand_init
 .text.spi_nand_lookup_cmd_cfg_table
                0x00005174       0x34 Drivers/LowLevelFlashDriver/spi-nand-cmd.o
 .text.spi_nand_xfer
                0x000051a8       0x26 Drivers/LowLevelFlashDriver/spi-nand-cmd.o
 .text.spi_nand_issue_cmd
                0x000051ce      0x210 Drivers/LowLevelFlashDriver/spi-nand-cmd.o
                0x000051ce                spi_nand_issue_cmd
 .text.readDiff_CH
                0x000053de       0x1e Drivers/NPA700.o
                0x000053de                readDiff_CH
 .text.readNPA700
                0x000053fc      0x154 Drivers/NPA700.o
                0x000053fc                readNPA700
 .text.initPressureSensors
                0x00005550       0x86 Drivers/NPA700.o
                0x00005550                initPressureSensors
 .text.readDiffPress
                0x000055d6       0x1c Drivers/NPA700.o
                0x000055d6                readDiffPress
 .text.readABSPress
                0x000055f2       0x1c Drivers/NPA700.o
                0x000055f2                readABSPress
 .text.readU47  0x0000560e       0x1c Drivers/NPA700.o
                0x0000560e                readU47
 .text.startRH_T_conversion
                0x0000562a       0x2a Drivers/RH_T.o
                0x0000562a                startRH_T_conversion
 .text.readRH_T
                0x00005654      0x102 Drivers/RH_T.o
                0x00005654                readRH_T
 .text.ADC_RegisterWrite
                0x00005756       0x24 Drivers/spi_ADC2518.o
                0x00005756                ADC_RegisterWrite
 .text.ADC_RegisterRead
                0x0000577a       0x3c Drivers/spi_ADC2518.o
                0x0000577a                ADC_RegisterRead
 .text.ADC_RegisterReadWrite
                0x000057b6       0x5a Drivers/spi_ADC2518.o
                0x000057b6                ADC_RegisterReadWrite
 .text.enableBuck014
                0x00005810        0xe Drivers/EnablesAndCSs.o
                0x00005810                enableBuck014
 .text.disableBuck014
                0x0000581e        0xe Drivers/EnablesAndCSs.o
                0x0000581e                disableBuck014
 .text.enableBuck2
                0x0000582c        0x8 Drivers/EnablesAndCSs.o
                0x0000582c                enableBuck2
 .text.disableBuck2
                0x00005834        0x8 Drivers/EnablesAndCSs.o
                0x00005834                disableBuck2
 .text.enableBuck3
                0x0000583c        0x8 Drivers/EnablesAndCSs.o
                0x0000583c                enableBuck3
 .text.disableBuck3
                0x00005844        0x8 Drivers/EnablesAndCSs.o
                0x00005844                disableBuck3
 .text.enableBuck5
                0x0000584c        0xc Drivers/EnablesAndCSs.o
                0x0000584c                enableBuck5
 .text.disableBuck5
                0x00005858        0xc Drivers/EnablesAndCSs.o
                0x00005858                disableBuck5
 .text.powerUpWickSensor
                0x00005864        0x8 Drivers/EnablesAndCSs.o
                0x00005864                powerUpWickSensor
 .text.powerDownWickSensor
                0x0000586c        0x8 Drivers/EnablesAndCSs.o
                0x0000586c                powerDownWickSensor
 .text.selectFRAM
                0x00005874        0x8 Drivers/EnablesAndCSs.o
                0x00005874                selectFRAM
 .text.deSelectFRAM
                0x0000587c        0x8 Drivers/EnablesAndCSs.o
                0x0000587c                deSelectFRAM
 .text.selectOpticsDAC
                0x00005884        0xc Drivers/EnablesAndCSs.o
                0x00005884                selectOpticsDAC
 .text.deSelectOpticsDAC
                0x00005890        0xc Drivers/EnablesAndCSs.o
                0x00005890                deSelectOpticsDAC
 .text.selectADC2518
                0x0000589c        0xc Drivers/EnablesAndCSs.o
                0x0000589c                selectADC2518
 .text.deSelectADC2518
                0x000058a8        0xc Drivers/EnablesAndCSs.o
                0x000058a8                deSelectADC2518
 .text.selectBuckCtrlDAC
                0x000058b4        0xc Drivers/EnablesAndCSs.o
                0x000058b4                selectBuckCtrlDAC
 .text.deSelectBuckCtrlDAC
                0x000058c0        0xc Drivers/EnablesAndCSs.o
                0x000058c0                deSelectBuckCtrlDAC
 .text.selectFlash
                0x000058cc        0xc Drivers/EnablesAndCSs.o
                0x000058cc                selectFlash
 .text.deSelectFlash
                0x000058d8        0xc Drivers/EnablesAndCSs.o
                0x000058d8                deSelectFlash
 .text.deSelectRTC
                0x000058e4        0xc Drivers/EnablesAndCSs.o
                0x000058e4                deSelectRTC
 .text.selectRTC
                0x000058f0        0xc Drivers/EnablesAndCSs.o
                0x000058f0                selectRTC
 .text.selectSDcard
                0x000058fc        0xc Drivers/EnablesAndCSs.o
                0x000058fc                selectSDcard
 .text.deSelectSDcard
                0x00005908        0xc Drivers/EnablesAndCSs.o
                0x00005908                deSelectSDcard
 .text.spi_FlashInitialize
                0x00005914       0x3a Drivers/FLASH_Driver.o
                0x00005914                spi_FlashInitialize
 .text.spi_FlashDelay
                0x0000594e       0x6e Drivers/FLASH_Driver.o
                0x0000594e                spi_FlashDelay
 .text.spi_FlashReadID
                0x000059bc       0x6e Drivers/FLASH_Driver.o
                0x000059bc                spi_FlashReadID
 .text.spi_FlashWaitUntilReady
                0x00005a2a       0x4c Drivers/FLASH_Driver.o
                0x00005a2a                spi_FlashWaitUntilReady
 .text.spi_FlashIsBusy
                0x00005a76       0x30 Drivers/FLASH_Driver.o
                0x00005a76                spi_FlashIsBusy
 .text.spi_FlashGetStatusRegister
                0x00005aa6       0x12 Drivers/FLASH_Driver.o
                0x00005aa6                spi_FlashGetStatusRegister
 .text.spi_FlashDisplayFeatureRegisters
                0x00005ab8       0xb0 Drivers/FLASH_Driver.o
                0x00005ab8                spi_FlashDisplayFeatureRegisters
 .text.spi_FlashDisplayStatusRegister
                0x00005b68       0x38 Drivers/FLASH_Driver.o
                0x00005b68                spi_FlashDisplayStatusRegister
 .text.spi_FlashGetFeatures
                0x00005ba0       0x2c Drivers/FLASH_Driver.o
                0x00005ba0                spi_FlashGetFeatures
 .text.spi_FlashSetFeatures
                0x00005bcc       0x2e Drivers/FLASH_Driver.o
                0x00005bcc                spi_FlashSetFeatures
 .text.spi_FlashUnlockAllBlocks
                0x00005bfa       0x46 Drivers/FLASH_Driver.o
                0x00005bfa                spi_FlashUnlockAllBlocks
 .text.spi_FlashEnableWrite
                0x00005c40       0x32 Drivers/FLASH_Driver.o
                0x00005c40                spi_FlashEnableWrite
 .text.spi_FlashDisableWrite
                0x00005c72       0x32 Drivers/FLASH_Driver.o
                0x00005c72                spi_FlashDisableWrite
 .text.spi_FlashWriteToPage
                0x00005ca4      0x1f4 Drivers/FLASH_Driver.o
                0x00005ca4                spi_FlashWriteToPage
 .text.spi_FlashMapAddress
                0x00005e98       0x90 Drivers/FLASH_Driver.o
                0x00005e98                spi_FlashMapAddress
 .text.spi_FlashMaxAddress
                0x00005f28       0x98 Drivers/FLASH_Driver.o
                0x00005f28                spi_FlashMaxAddress
 .text.spi_FlashWrite
                0x00005fc0      0x1ac Drivers/FLASH_Driver.o
                0x00005fc0                spi_FlashWrite
 .text.spi_FlashReadFromPage
                0x0000616c      0x1be Drivers/FLASH_Driver.o
                0x0000616c                spi_FlashReadFromPage
 .text.spi_FlashReadFromPage_micron
                0x0000632a      0x10c Drivers/FLASH_Driver.o
                0x0000632a                spi_FlashReadFromPage_micron
 .text.spi_FlashRead
                0x00006436      0x176 Drivers/FLASH_Driver.o
                0x00006436                spi_FlashRead
 .text.spi_FlashEraseBlock
                0x000065ac      0x122 Drivers/FLASH_Driver.o
                0x000065ac                spi_FlashEraseBlock
 .text.spi_FlashReset
                0x000066ce       0x20 Drivers/FLASH_Driver.o
                0x000066ce                spi_FlashReset
 .text.spi_MT_flash_xfer
                0x000066ee      0x1f0 Drivers/FLASH_Driver.o
                0x000066ee                spi_MT_flash_xfer
 .text.spi_MT_flash_allocate_mem
                0x000068de       0x5c Drivers/FLASH_Driver.o
                0x000068de                spi_MT_flash_allocate_mem
 .text.spi_MT_flash_get_ticks
                0x0000693a       0x62 Drivers/FLASH_Driver.o
                0x0000693a                spi_MT_flash_get_ticks
 .text.spi_MT_flash_udelay
                0x0000699c       0x66 Drivers/FLASH_Driver.o
                0x0000699c                spi_MT_flash_udelay
 .text.RTC_config
                0x00006a02       0x8c Drivers/RTC.o
                0x00006a02                RTC_config
 .text.RTC_readCLKF
                0x00006a8e       0x38 Drivers/RTC.o
                0x00006a8e                RTC_readCLKF
 .text.init_spi
                0x00006ac6       0x20 Drivers/spi.o
                0x00006ac6                init_spi
 .text.spiTransferByte
                0x00006ae6        0xc Drivers/spi.o
                0x00006ae6                spiTransferByte
 .text.spiSendBytes
                0x00006af2       0x24 Drivers/spi.o
                0x00006af2                spiSendBytes
 .text.spiGetBytes
                0x00006b16       0x22 Drivers/spi.o
                0x00006b16                spiGetBytes
 .text.spiSend2ByteBigEndian
                0x00006b38       0x2e Drivers/spi.o
                0x00006b38                spiSend2ByteBigEndian
 .text.spi_buckCtrlDac
                0x00006b66       0x72 Drivers/spi_DACs.o
                0x00006b66                spi_buckCtrlDac
 .text.spi_OpticsDAC
                0x00006bd8       0x72 Drivers/spi_DACs.o
                0x00006bd8                spi_OpticsDAC
 .text.spi_OpticsDAC_BroadCast
                0x00006c4a       0x28 Drivers/spi_DACs.o
                0x00006c4a                spi_OpticsDAC_BroadCast
 .text.spi_OpticsBuckCtl_BroadCast
                0x00006c72       0x28 Drivers/spi_DACs.o
                0x00006c72                spi_OpticsBuckCtl_BroadCast
 .text.spi_FRAM_writeEnable
                0x00006c9a        0xe Drivers/spi_FRAM.o
                0x00006c9a                spi_FRAM_writeEnable
 .text.FRAM_ReadStatusRegister
                0x00006ca8       0x32 Drivers/spi_FRAM.o
                0x00006ca8                FRAM_ReadStatusRegister
 .text.spi_FRAM_write
                0x00006cda       0x4a Drivers/spi_FRAM.o
                0x00006cda                spi_FRAM_write
 .text.spi_FRAM_read
                0x00006d24       0x5e Drivers/spi_FRAM.o
                0x00006d24                spi_FRAM_read
 .text.read_FRAM_DeviceID
                0x00006d82       0x5e Drivers/spi_FRAM.o
                0x00006d82                read_FRAM_DeviceID
 .text.wrFRAM   0x00006de0       0x86 Drivers/spi_FRAM.o
                0x00006de0                wrFRAM
 .text.framSaveSerialNumber
                0x00006e66       0x18 Drivers/spi_FRAM.o
                0x00006e66                framSaveSerialNumber
 .text.framReadSerialNumber
                0x00006e7e       0x30 Drivers/spi_FRAM.o
                0x00006e7e                framReadSerialNumber
 .text.spi_RTC_Write
                0x00006eae       0x30 Drivers/spi_RTC.o
                0x00006eae                spi_RTC_Write
 .text.spi_RTC_Read
                0x00006ede       0x30 Drivers/spi_RTC.o
                0x00006ede                spi_RTC_Read
 .text.getMuxConfiguration
                0x00006f0e       0x2e Drivers/TWI_MUX.o
                0x00006f0e                getMuxConfiguration
 .text.setI2Cmux
                0x00006f3c       0xda Drivers/TWI_MUX.o
                0x00006f3c                setI2Cmux
 .text.setStatus
                0x00007016       0x1a Drivers/twi_utils.o
                0x00007016                setStatus
 .text.showERRORcode
                0x00007030       0x1a Drivers/twi_utils.o
                0x00007030                showERRORcode
 .text.init_twi
                0x0000704a       0x8a Drivers/twi_utils.o
                0x0000704a                init_twi
 .text.twi_start
                0x000070d4       0x64 Drivers/twi_utils.o
                0x000070d4                twi_start
 .text.twi_write_bytes
                0x00007138       0xee Drivers/twi_utils.o
                0x00007138                twi_write_bytes
 .text.twi_read_bytes
                0x00007226      0x118 Drivers/twi_utils.o
                0x00007226                twi_read_bytes
 .text.init_Ports
                0x0000733e       0x36 Initialize.o
                0x0000733e                init_Ports
 .text.initialize
                0x00007374       0x6e Initialize.o
                0x00007374                initialize
 .text.main     0x000073e2       0x5c main.o
                0x000073e2                main
 .text.majorGeneral_num_lines
                0x0000743e        0x4 majorGeneral.o
                0x0000743e                majorGeneral_num_lines
 .text.majorGeneral_get_line
                0x00007442       0x18 majorGeneral.o
                0x00007442                majorGeneral_get_line
 .text.majorGeneral_get_line_len
                0x0000745a       0x12 majorGeneral.o
                0x0000745a                majorGeneral_get_line_len
 .text.ringbuf_init
                0x0000746c       0x16 uart.o
 .text.ringbuf_get
                0x00007482       0x52 uart.o
 .text.ringbuf_put
                0x000074d4       0x56 uart.o
 .text.init_uart
                0x0000752a       0x7a uart.o
                0x0000752a                init_uart
 .text.uart0_putchar
                0x000075a4       0x28 uart.o
                0x000075a4                uart0_putchar
 .text.uart1_put
                0x000075cc       0x20 uart.o
                0x000075cc                uart1_put
 .text.uarts_getchar
                0x000075ec        0x6 uart.o
                0x000075ec                uarts_getchar
 .text.__vector_25
                0x000075f2      0x1be uart.o
                0x000075f2                __vector_25
 .text.__vector_36
                0x000077b0       0x9e uart.o
                0x000077b0                __vector_36
 .text.doUart   0x0000784e       0xcc uart.o
                0x0000784e                doUart
 .text.avr-libc.fplib
                0x0000791a       0x58 c:/program files (x86)/atmel/studio/7.0/toolchain/avr8/avr8-gnu-toolchain/bin/../lib/gcc/avr/5.4.0/../../../../avr/lib/avr6\libm.a(fixunssfsi.o)
                0x0000791a                __fixunssfsi
 .text.avr-libc.fplib
                0x00007972       0x7a c:/program files (x86)/atmel/studio/7.0/toolchain/avr8/avr8-gnu-toolchain/bin/../lib/gcc/avr/5.4.0/../../../../avr/lib/avr6\libm.a(floatsisf.o)
                0x00007972                __floatunsisf
                0x00007976                __floatsisf
 .text.avr-libc.fplib
                0x000079ec       0x44 c:/program files (x86)/atmel/studio/7.0/toolchain/avr8/avr8-gnu-toolchain/bin/../lib/gcc/avr/5.4.0/../../../../avr/lib/avr6\libm.a(fp_split3.o)
                0x000079ec                __fp_split3
                0x000079fc                __fp_splitA
 .text.avr-libc.fplib
                0x00007a30        0xe c:/program files (x86)/atmel/studio/7.0/toolchain/avr8/avr8-gnu-toolchain/bin/../lib/gcc/avr/5.4.0/../../../../avr/lib/avr6\libm.a(fp_zero.o)
                0x00007a30                __fp_zero
                0x00007a32                __fp_szero
 .text.avr-libc.fplib
                0x00007a3e        0x4 c:/program files (x86)/atmel/studio/7.0/toolchain/avr8/avr8-gnu-toolchain/bin/../lib/gcc/avr/5.4.0/../../../../avr/lib/avr6\libm.a(mulsf3.o)
                0x00007a3e                __mulsf3
 .text.avr-libc.fplib
                0x00007a42       0xc2 c:/program files (x86)/atmel/studio/7.0/toolchain/avr8/avr8-gnu-toolchain/bin/../lib/gcc/avr/5.4.0/../../../../avr/lib/avr6\libm.a(mulsf3x.o)
                0x00007a56                __mulsf3x
                0x00007a5a                __mulsf3_pse
 .text.avr-libc.fplib
                0x00007b04        0xc c:/program files (x86)/atmel/studio/7.0/toolchain/avr8/avr8-gnu-toolchain/bin/../lib/gcc/avr/5.4.0/../../../../avr/lib/avr6\libm.a(fp_inf.o)
                0x00007b04                __fp_inf
 .text.avr-libc.fplib
                0x00007b10        0x6 c:/program files (x86)/atmel/studio/7.0/toolchain/avr8/avr8-gnu-toolchain/bin/../lib/gcc/avr/5.4.0/../../../../avr/lib/avr6\libm.a(fp_nan.o)
                0x00007b10                __fp_nan
 .text.avr-libc.fplib
                0x00007b16        0xe c:/program files (x86)/atmel/studio/7.0/toolchain/avr8/avr8-gnu-toolchain/bin/../lib/gcc/avr/5.4.0/../../../../avr/lib/avr6\libm.a(fp_pscA.o)
                0x00007b16                __fp_pscA
 .text.avr-libc.fplib
                0x00007b24        0xe c:/program files (x86)/atmel/studio/7.0/toolchain/avr8/avr8-gnu-toolchain/bin/../lib/gcc/avr/5.4.0/../../../../avr/lib/avr6\libm.a(fp_pscB.o)
                0x00007b24                __fp_pscB
 .text.avr-libc.fplib
                0x00007b32       0x22 c:/program files (x86)/atmel/studio/7.0/toolchain/avr8/avr8-gnu-toolchain/bin/../lib/gcc/avr/5.4.0/../../../../avr/lib/avr6\libm.a(fp_round.o)
                0x00007b32                __fp_round
 .text.avr-libc
                0x00007b54      0x712 c:/program files (x86)/atmel/studio/7.0/toolchain/avr8/avr8-gnu-toolchain/bin/../lib/gcc/avr/5.4.0/../../../../avr/lib/avr6\libprintf_flt.a(vfprintf_flt.o)
                0x00007b54                vfprintf
 .text.libgcc.mul
                0x00008266       0x1e c:/program files (x86)/atmel/studio/7.0/toolchain/avr8/avr8-gnu-toolchain/bin/../lib/gcc/avr/5.4.0/avr6\libgcc.a(_mulsi3.o)
                0x00008266                __mulsi3
 .text.libgcc.div
                0x00008284       0x28 c:/program files (x86)/atmel/studio/7.0/toolchain/avr8/avr8-gnu-toolchain/bin/../lib/gcc/avr/5.4.0/avr6\libgcc.a(_divmodsi4.o)
                0x00008284                __divmodsi4
 .text.libgcc.div
                0x000082ac       0x10 c:/program files (x86)/atmel/studio/7.0/toolchain/avr8/avr8-gnu-toolchain/bin/../lib/gcc/avr/5.4.0/avr6\libgcc.a(_negsi2.o)
                0x000082ac                __negsi2
 .text.libgcc.mul
                0x000082bc       0x1e c:/program files (x86)/atmel/studio/7.0/toolchain/avr8/avr8-gnu-toolchain/bin/../lib/gcc/avr/5.4.0/avr6\libgcc.a(_umulhisi3.o)
                0x000082bc                __umulhisi3
 .text.libgcc.mul
                0x000082da        0xc c:/program files (x86)/atmel/studio/7.0/toolchain/avr8/avr8-gnu-toolchain/bin/../lib/gcc/avr/5.4.0/avr6\libgcc.a(_usmulhisi3.o)
                0x000082da                __usmulhisi3
                0x000082dc                __usmulhisi3_tail
 .text.libgcc.mul
                0x000082e6       0x14 c:/program files (x86)/atmel/studio/7.0/toolchain/avr8/avr8-gnu-toolchain/bin/../lib/gcc/avr/5.4.0/avr6\libgcc.a(_muluhisi3.o)
                0x000082e6                __muluhisi3
 .text.libgcc.mul
                0x000082fa       0x92 c:/program files (x86)/atmel/studio/7.0/toolchain/avr8/avr8-gnu-toolchain/bin/../lib/gcc/avr/5.4.0/avr6\libgcc.a(_muldi3.o)
                0x000082fa                __muldi3
 .text.libgcc.mul
                0x0000838c       0x10 c:/program files (x86)/atmel/studio/7.0/toolchain/avr8/avr8-gnu-toolchain/bin/../lib/gcc/avr/5.4.0/avr6\libgcc.a(_muldi3_6.o)
                0x0000838c                __muldi3_6
 .text.libgcc.builtins
                0x0000839c       0x3c c:/program files (x86)/atmel/studio/7.0/toolchain/avr8/avr8-gnu-toolchain/bin/../lib/gcc/avr/5.4.0/avr6\libgcc.a(_ashrdi3.o)
                0x0000839c                __ashrdi3
                0x000083a0                __lshrdi3
 .text.libgcc   0x000083d8       0x12 c:/program files (x86)/atmel/studio/7.0/toolchain/avr8/avr8-gnu-toolchain/bin/../lib/gcc/avr/5.4.0/avr6\libgcc.a(_adddi3.o)
                0x000083d8                __adddi3
 .text.libgcc   0x000083ea       0x12 c:/program files (x86)/atmel/studio/7.0/toolchain/avr8/avr8-gnu-toolchain/bin/../lib/gcc/avr/5.4.0/avr6\libgcc.a(_subdi3.o)
                0x000083ea                __subdi3
 .text.libgcc   0x000083fc       0x12 c:/program files (x86)/atmel/studio/7.0/toolchain/avr8/avr8-gnu-toolchain/bin/../lib/gcc/avr/5.4.0/avr6\libgcc.a(_cmpdi2.o)
                0x000083fc                __cmpdi2
 .text.libgcc.div
                0x0000840e       0x44 c:/program files (x86)/atmel/studio/7.0/toolchain/avr8/avr8-gnu-toolchain/bin/../lib/gcc/avr/5.4.0/avr6\libgcc.a(_udivmodsi4.o)
                0x0000840e                __udivmodsi4
 .text.avr-libc
                0x00008452       0x3a c:/program files (x86)/atmel/studio/7.0/toolchain/avr8/avr8-gnu-toolchain/bin/../lib/gcc/avr/5.4.0/../../../../avr/lib/avr6\libc.a(atoi.o)
                0x00008452                atoi
 .text.avr-libc
                0x0000848c      0x1b0 c:/program files (x86)/atmel/studio/7.0/toolchain/avr8/avr8-gnu-toolchain/bin/../lib/gcc/avr/5.4.0/../../../../avr/lib/avr6\libc.a(ftoa_engine.o)
                0x0000848c                __ftoa_engine
 .text.avr-libc
                0x0000863c        0xe c:/program files (x86)/atmel/studio/7.0/toolchain/avr8/avr8-gnu-toolchain/bin/../lib/gcc/avr/5.4.0/../../../../avr/lib/avr6\libc.a(strcpy_P.o)
                0x0000863c                strcpy_P
 .text.avr-libc
                0x0000864a       0x12 c:/program files (x86)/atmel/studio/7.0/toolchain/avr8/avr8-gnu-toolchain/bin/../lib/gcc/avr/5.4.0/../../../../avr/lib/avr6\libc.a(strlen_P.o)
                0x0000864a                __strlen_P
 .text.avr-libc
                0x0000865c       0x16 c:/program files (x86)/atmel/studio/7.0/toolchain/avr8/avr8-gnu-toolchain/bin/../lib/gcc/avr/5.4.0/../../../../avr/lib/avr6\libc.a(strnlen_P.o)
                0x0000865c                strnlen_P
 .text.avr-libc
                0x00008672       0x12 c:/program files (x86)/atmel/studio/7.0/toolchain/avr8/avr8-gnu-toolchain/bin/../lib/gcc/avr/5.4.0/../../../../avr/lib/avr6\libc.a(memcpy.o)
                0x00008672                memcpy
 .text.avr-libc
                0x00008684        0xe c:/program files (x86)/atmel/studio/7.0/toolchain/avr8/avr8-gnu-toolchain/bin/../lib/gcc/avr/5.4.0/../../../../avr/lib/avr6\libc.a(memset.o)
                0x00008684                memset
 .text.avr-libc
                0x00008692       0x12 c:/program files (x86)/atmel/studio/7.0/toolchain/avr8/avr8-gnu-toolchain/bin/../lib/gcc/avr/5.4.0/../../../../avr/lib/avr6\libc.a(strcmp.o)
                0x00008692                strcmp
 .text.avr-libc
                0x000086a4       0x12 c:/program files (x86)/atmel/studio/7.0/toolchain/avr8/avr8-gnu-toolchain/bin/../lib/gcc/avr/5.4.0/../../../../avr/lib/avr6\libc.a(strlen.o)
                0x000086a4                strlen
 .text.avr-libc
                0x000086b6       0x16 c:/program files (x86)/atmel/studio/7.0/toolchain/avr8/avr8-gnu-toolchain/bin/../lib/gcc/avr/5.4.0/../../../../avr/lib/avr6\libc.a(strnlen.o)
                0x000086b6                strnlen
 .text.avr-libc
                0x000086cc       0x10 c:/program files (x86)/atmel/studio/7.0/toolchain/avr8/avr8-gnu-toolchain/bin/../lib/gcc/avr/5.4.0/../../../../avr/lib/avr6\libc.a(mul10.o)
                0x000086cc                __mulhi_const_10
 .text.avr-libc
                0x000086dc       0x78 c:/program files (x86)/atmel/studio/7.0/toolchain/avr8/avr8-gnu-toolchain/bin/../lib/gcc/avr/5.4.0/../../../../avr/lib/avr6\libc.a(fputc.o)
                0x000086dc                fputc
 .text.avr-libc
                0x00008754       0x26 c:/program files (x86)/atmel/studio/7.0/toolchain/avr8/avr8-gnu-toolchain/bin/../lib/gcc/avr/5.4.0/../../../../avr/lib/avr6\libc.a(printf.o)
                0x00008754                printf
 .text.avr-libc
                0x0000877a       0x4e c:/program files (x86)/atmel/studio/7.0/toolchain/avr8/avr8-gnu-toolchain/bin/../lib/gcc/avr/5.4.0/../../../../avr/lib/avr6\libc.a(printf_p.o)
                0x0000877a                printf_P
 .text.avr-libc
                0x000087c8        0xa c:/program files (x86)/atmel/studio/7.0/toolchain/avr8/avr8-gnu-toolchain/bin/../lib/gcc/avr/5.4.0/../../../../avr/lib/avr6\libc.a(putchar.o)
                0x000087c8                putchar
 .text.avr-libc
                0x000087d2       0x60 c:/program files (x86)/atmel/studio/7.0/toolchain/avr8/avr8-gnu-toolchain/bin/../lib/gcc/avr/5.4.0/../../../../avr/lib/avr6\libc.a(puts.o)
                0x000087d2                puts
 .text.avr-libc
                0x00008832       0xbc c:/program files (x86)/atmel/studio/7.0/toolchain/avr8/avr8-gnu-toolchain/bin/../lib/gcc/avr/5.4.0/../../../../avr/lib/avr6\libc.a(ultoa_invert.o)
                0x00008832                __ultoa_invert
                0x000088ee                . = ALIGN (0x2)
 *(.fini9)
 .fini9         0x000088ee        0x0 c:/program files (x86)/atmel/studio/7.0/toolchain/avr8/avr8-gnu-toolchain/bin/../lib/gcc/avr/5.4.0/avr6\libgcc.a(_exit.o)
                0x000088ee                _exit
                0x000088ee                exit
 *(.fini9)
 *(.fini8)
 *(.fini8)
 *(.fini7)
 *(.fini7)
 *(.fini6)
 *(.fini6)
 *(.fini5)
 *(.fini5)
 *(.fini4)
 *(.fini4)
 *(.fini3)
 *(.fini3)
 *(.fini2)
 *(.fini2)
 *(.fini1)
 *(.fini1)
 *(.fini0)
 .fini0         0x000088ee        0x4 c:/program files (x86)/atmel/studio/7.0/toolchain/avr8/avr8-gnu-toolchain/bin/../lib/gcc/avr/5.4.0/avr6\libgcc.a(_exit.o)
 *(.fini0)
                0x000088f2                _etext = .

.data           0x00800200     0x121c load address 0x000088f2
                0x00800200                PROVIDE (__data_start, .)
 *(.data)
 *(.data*)
 .data.i        0x00800200        0x1 Commands/testCommand1.o
                0x00800200                i
 .data.micron_ecc_layout_128
                0x00800201      0x208 Drivers/LowLevelFlashDriver/spi-nand-base.o
 .data.micron_ecc_layout_64
                0x00800409      0x208 Drivers/LowLevelFlashDriver/spi-nand-base.o
 .data.spi_nand_table
                0x00800611       0xa0 Drivers/LowLevelFlashDriver/spi-nand-base.o
 .data.micron_cmd_cfg_table
                0x008006b1       0x6e Drivers/LowLevelFlashDriver/spi-nand-cmd.o
 .data.uart_str
                0x0080071f        0xe Initialize.o
 *(.gnu.linkonce.d*)
 *(.rodata)
 .rodata        0x0080072d      0x291 Commands/testCommand1.o
 .rodata        0x008009be      0x113 Drivers/FLASH_Driver.o
 *(.rodata*)
 .rodata.str1.1
                0x00800ad1       0x30 CountersAndTimers.o
 .rodata.str1.1
                0x00800b01       0x4a Drivers/ADC2518.o
 .rodata.str1.1
                0x00800b4b       0x4b Drivers/ADC_uC.o
 .rodata.str1.1
                0x00800b96      0x481 Drivers/LowLevelFlashDriver/spi-nand-base.o
 .rodata.__func__.2556
                0x00801017       0x14 Drivers/LowLevelFlashDriver/spi-nand-base.o
 .rodata.__func__.2599
                0x0080102b       0x15 Drivers/LowLevelFlashDriver/spi-nand-base.o
 .rodata.str1.1
                0x00801040       0x1c Drivers/LowLevelFlashDriver/spi-nand-cmd.o
 .rodata.str1.1
                0x0080105c       0x30 Drivers/NPA700.o
 .rodata.str1.1
                0x0080108c       0x7b Drivers/RH_T.o
 .rodata.str1.1
                0x00801107       0x15 Drivers/spi_ADC2518.o
 .rodata.str1.1
                0x0080111c       0x70 Drivers/RTC.o
 .rodata.str1.1
                0x0080118c       0x8f Drivers/spi_DACs.o
 .rodata.str1.1
                0x0080121b       0x4a Drivers/spi_FRAM.o
                                 0x52 (size before relaxing)
 .rodata.str1.1
                0x00801265       0xa3 Drivers/TWI_MUX.o
 .rodata.numErrors.1817
                0x00801308        0x4 Drivers/TWI_MUX.o
 .rodata.str1.1
                0x0080130c       0xb9 Drivers/twi_utils.o
 .rodata.str1.1
                0x008013c5       0x11 Initialize.o
 .rodata.str1.1
                0x008013d6        0xc main.o
 .rodata.str1.1
                0x008013e2       0x39 uart.o
 *(.gnu.linkonce.r*)
                0x0080141c                . = ALIGN (0x2)
 *fill*         0x0080141b        0x1 
                0x0080141c                _edata = .
                0x0080141c                PROVIDE (__data_end, .)

.bss            0x0080141c      0x2ef
                0x0080141c                PROVIDE (__bss_start, .)
 *(.bss)
 *(.bss*)
 .bss.test_block
                0x0080141c        0x2 Commands/testCommand1.o
                0x0080141c                test_block
 .bss.ms_twiCount
                0x0080141e        0x2 CountersAndTimers.o
                0x0080141e                ms_twiCount
 .bss.halfSecFlag
                0x00801420        0x1 CountersAndTimers.o
                0x00801420                halfSecFlag
 .bss.oneSecFlag
                0x00801421        0x1 CountersAndTimers.o
                0x00801421                oneSecFlag
 .bss.counter1024Hz
                0x00801422        0x2 CountersAndTimers.o
                0x00801422                counter1024Hz
 .bss.numReadings.2095
                0x00801424        0x2 Drivers/ADC_uC.o
 .bss.currentADCchannel
                0x00801426        0x1 Drivers/ADC_uC.o
 .bss.firstADCchannel
                0x00801427        0x1 Drivers/ADC_uC.o
 .bss.adcCompleteFlag
                0x00801428        0x1 Drivers/ADC_uC.o
                0x00801428                adcCompleteFlag
 .bss.adcReadings
                0x00801429       0x20 Drivers/ADC_uC.o
 .bss.npaU47    0x00801449        0x6 Drivers/NPA700.o
 .bss.npaAbsP   0x0080144f        0x6 Drivers/NPA700.o
 .bss.npaFlow   0x00801455        0x6 Drivers/NPA700.o
 .bss.rhStarted
                0x0080145b        0x1 Drivers/RH_T.o
 .bss.flash_spi
                0x0080145c        0x5 Drivers/FLASH_Driver.o
 .bss.serialNumber
                0x00801461        0x2 Drivers/spi_FRAM.o
                0x00801461                serialNumber
 .bss.verbose   0x00801463        0x1 Drivers/twi_utils.o
 .bss.currentUart
                0x00801464        0x1 uart.o
                0x00801464                currentUart
 .bss.pauseOutputForCmdCnt
                0x00801465        0x1 uart.o
                0x00801465                pauseOutputForCmdCnt
 .bss.outputCharacters
                0x00801466        0x1 uart.o
                0x00801466                outputCharacters
 .bss.commandSize
                0x00801467        0x1 uart.o
                0x00801467                commandSize
 .bss.bufIndex0
                0x00801468        0x1 uart.o
                0x00801468                bufIndex0
 .bss.clrError  0x00801469        0x2 uart.o
                0x00801469                clrError
 .bss.commandCompleteFlag0
                0x0080146b        0x1 uart.o
                0x0080146b                commandCompleteFlag0
 *(COMMON)
 COMMON         0x0080146c      0x1b0 Drivers/FLASH_Driver.o
                0x0080146c                flash_chip_ptr
                0x0080146e                MT_flash_chipBuff
                0x0080159a                MT_flash_paramPageBuffer
                0x0080159c                MT_flash_oobBuff
 COMMON         0x0080161c       0x40 main.o
                0x0080161c                userSettings
                0x00801621                readings
                0x00801653                hdwConfig
 COMMON         0x0080165c       0xa9 uart.o
                0x0080165c                rb
                0x00801664                buf1
                0x008016e4                commandCompleteFlag1
                0x008016e5                buf
 COMMON         0x00801705        0x6 c:/program files (x86)/atmel/studio/7.0/toolchain/avr8/avr8-gnu-toolchain/bin/../lib/gcc/avr/5.4.0/../../../../avr/lib/avr6\libc.a(iob.o)
                0x00801705                __iob
                0x0080170b                PROVIDE (__bss_end, .)
                0x000088f2                __data_load_start = LOADADDR (.data)
                0x00009b0e                __data_load_end = (__data_load_start + SIZEOF (.data))

.noinit         0x0080170b        0x0
                [!provide]                PROVIDE (__noinit_start, .)
 *(.noinit*)
                [!provide]                PROVIDE (__noinit_end, .)
                0x0080170b                _end = .
                [!provide]                PROVIDE (__heap_start, .)

.eeprom         0x00810000        0x0
 *(.eeprom*)
                0x00810000                __eeprom_end = .

.fuse
 *(.fuse)
 *(.lfuse)
 *(.hfuse)
 *(.efuse)

.lock
 *(.lock*)

.signature
 *(.signature*)

.user_signatures
 *(.user_signatures*)

.stab
 *(.stab)

.stabstr
 *(.stabstr)

.stab.excl
 *(.stab.excl)

.stab.exclstr
 *(.stab.exclstr)

.stab.index
 *(.stab.index)

.stab.indexstr
 *(.stab.indexstr)

.comment        0x00000000       0x5c
 *(.comment)
 .comment       0x00000000       0x30 Commands/testCommand1.o
                                 0x31 (size before relaxing)
 .comment       0x00000030       0x31 CountersAndTimers.o
 .comment       0x00000030       0x31 Drivers/ADC2518.o
 .comment       0x00000030       0x31 Drivers/ADC_uC.o
 .comment       0x00000030       0x31 Drivers/LowLevelFlashDriver/spi-nand-base.o
 .comment       0x00000030       0x31 Drivers/LowLevelFlashDriver/spi-nand-cmd.o
 .comment       0x00000030       0x31 Drivers/NPA700.o
 .comment       0x00000030       0x31 Drivers/RH_T.o
 .comment       0x00000030       0x31 Drivers/spi_ADC2518.o
 .comment       0x00000030       0x31 Drivers/EnablesAndCSs.o
 .comment       0x00000030       0x31 Drivers/FLASH_Driver.o
 .comment       0x00000030       0x31 Drivers/RTC.o
 .comment       0x00000030       0x31 Drivers/spi.o
 .comment       0x00000030       0x31 Drivers/spi_DACs.o
 .comment       0x00000030       0x31 Drivers/spi_FRAM.o
 .comment       0x00000030       0x31 Drivers/spi_RTC.o
 .comment       0x00000030       0x31 Drivers/TWI_MUX.o
 .comment       0x00000030       0x31 Drivers/twi_utils.o
 .comment       0x00000030       0x31 Initialize.o
 .comment       0x00000030       0x31 main.o
 .comment       0x00000030       0x31 majorGeneral.o
 .comment       0x00000030       0x31 uart.o
 .comment       0x00000030       0x2c c:/program files (x86)/atmel/studio/7.0/toolchain/avr8/avr8-gnu-toolchain/bin/../lib/gcc/avr/5.4.0/../../../../avr/lib/avr6\libprintf_flt.a(vfprintf_flt.o)
                                 0x2d (size before relaxing)
 .comment       0x0000005c       0x31 c:/program files (x86)/atmel/studio/7.0/toolchain/avr8/avr8-gnu-toolchain/bin/../lib/gcc/avr/5.4.0/../../../../avr/lib/avr6\libc.a(fputc.o)
 .comment       0x0000005c       0x31 c:/program files (x86)/atmel/studio/7.0/toolchain/avr8/avr8-gnu-toolchain/bin/../lib/gcc/avr/5.4.0/../../../../avr/lib/avr6\libc.a(iob.o)
 .comment       0x0000005c       0x31 c:/program files (x86)/atmel/studio/7.0/toolchain/avr8/avr8-gnu-toolchain/bin/../lib/gcc/avr/5.4.0/../../../../avr/lib/avr6\libc.a(printf.o)
 .comment       0x0000005c       0x31 c:/program files (x86)/atmel/studio/7.0/toolchain/avr8/avr8-gnu-toolchain/bin/../lib/gcc/avr/5.4.0/../../../../avr/lib/avr6\libc.a(printf_p.o)
 .comment       0x0000005c       0x31 c:/program files (x86)/atmel/studio/7.0/toolchain/avr8/avr8-gnu-toolchain/bin/../lib/gcc/avr/5.4.0/../../../../avr/lib/avr6\libc.a(putchar.o)
 .comment       0x0000005c       0x31 c:/program files (x86)/atmel/studio/7.0/toolchain/avr8/avr8-gnu-toolchain/bin/../lib/gcc/avr/5.4.0/../../../../avr/lib/avr6\libc.a(puts.o)

.note.gnu.avr.deviceinfo
                0x00000000       0x40
 .note.gnu.avr.deviceinfo
                0x00000000       0x40 C:/Program Files (x86)/Atmel/Studio/7.0/Packs/atmel/ATmega_DFP/2.0.401/gcc/dev/atmega2560/avr6/crtatmega2560.o

.note.gnu.build-id
 *(.note.gnu.build-id)

.debug
 *(.debug)

.line
 *(.line)

.debug_srcinfo
 *(.debug_srcinfo)

.debug_sfnames
 *(.debug_sfnames)

.debug_aranges  0x00000000      0x8e8
 *(.debug_aranges)
 .debug_aranges
                0x00000000       0x80 Commands/testCommand1.o
 .debug_aranges
                0x00000080       0x38 CountersAndTimers.o
 .debug_aranges
                0x000000b8       0x58 Drivers/ADC2518.o
 .debug_aranges
                0x00000110       0x50 Drivers/ADC_uC.o
 .debug_aranges
                0x00000160      0x1d0 Drivers/LowLevelFlashDriver/spi-nand-base.o
 .debug_aranges
                0x00000330       0x30 Drivers/LowLevelFlashDriver/spi-nand-cmd.o
 .debug_aranges
                0x00000360       0x50 Drivers/NPA700.o
 .debug_aranges
                0x000003b0       0x38 Drivers/RH_T.o
 .debug_aranges
                0x000003e8       0x30 Drivers/spi_ADC2518.o
 .debug_aranges
                0x00000418       0xf0 Drivers/EnablesAndCSs.o
 .debug_aranges
                0x00000508      0x110 Drivers/FLASH_Driver.o
 .debug_aranges
                0x00000618       0x30 Drivers/RTC.o
 .debug_aranges
                0x00000648       0x58 Drivers/spi.o
 .debug_aranges
                0x000006a0       0x48 Drivers/spi_DACs.o
 .debug_aranges
                0x000006e8       0x58 Drivers/spi_FRAM.o
 .debug_aranges
                0x00000740       0x28 Drivers/spi_RTC.o
 .debug_aranges
                0x00000768       0x28 Drivers/TWI_MUX.o
 .debug_aranges
                0x00000790       0x50 Drivers/twi_utils.o
 .debug_aranges
                0x000007e0       0x30 Initialize.o
 .debug_aranges
                0x00000810       0x20 main.o
 .debug_aranges
                0x00000830       0x38 majorGeneral.o
 .debug_aranges
                0x00000868       0x80 uart.o

.debug_pubnames
 *(.debug_pubnames)

.debug_info     0x00000000     0xd249
 *(.debug_info .gnu.linkonce.wi.*)
 .debug_info    0x00000000      0xbbc C:/Program Files (x86)/Atmel/Studio/7.0/Packs/atmel/ATmega_DFP/2.0.401/gcc/dev/atmega2560/avr6/crtatmega2560.o
 .debug_info    0x00000bbc     0x158c Commands/testCommand1.o
 .debug_info    0x00002148      0x17d CountersAndTimers.o
 .debug_info    0x000022c5      0x358 Drivers/ADC2518.o
 .debug_info    0x0000261d      0x40a Drivers/ADC_uC.o
 .debug_info    0x00002a27     0x3d8f Drivers/LowLevelFlashDriver/spi-nand-base.o
 .debug_info    0x000067b6      0xb98 Drivers/LowLevelFlashDriver/spi-nand-cmd.o
 .debug_info    0x0000734e      0x430 Drivers/NPA700.o
 .debug_info    0x0000777e      0x3e3 Drivers/RH_T.o
 .debug_info    0x00007b61      0x2c2 Drivers/spi_ADC2518.o
 .debug_info    0x00007e23      0x32e Drivers/EnablesAndCSs.o
 .debug_info    0x00008151     0x24ab Drivers/FLASH_Driver.o
 .debug_info    0x0000a5fc      0x37a Drivers/RTC.o
 .debug_info    0x0000a976      0x2ee Drivers/spi.o
 .debug_info    0x0000ac64      0x553 Drivers/spi_DACs.o
 .debug_info    0x0000b1b7      0x521 Drivers/spi_FRAM.o
 .debug_info    0x0000b6d8      0x1d0 Drivers/spi_RTC.o
 .debug_info    0x0000b8a8      0x21a Drivers/TWI_MUX.o
 .debug_info    0x0000bac2      0x5fc Drivers/twi_utils.o
 .debug_info    0x0000c0be      0x402 Initialize.o
 .debug_info    0x0000c4c0      0x33f main.o
 .debug_info    0x0000c7ff      0x20c majorGeneral.o
 .debug_info    0x0000ca0b      0x83e uart.o

.debug_abbrev   0x00000000     0x2f29
 *(.debug_abbrev)
 .debug_abbrev  0x00000000      0xb1a C:/Program Files (x86)/Atmel/Studio/7.0/Packs/atmel/ATmega_DFP/2.0.401/gcc/dev/atmega2560/avr6/crtatmega2560.o
 .debug_abbrev  0x00000b1a      0x22b Commands/testCommand1.o
 .debug_abbrev  0x00000d45       0xba CountersAndTimers.o
 .debug_abbrev  0x00000dff      0x110 Drivers/ADC2518.o
 .debug_abbrev  0x00000f0f      0x1b9 Drivers/ADC_uC.o
 .debug_abbrev  0x000010c8      0x443 Drivers/LowLevelFlashDriver/spi-nand-base.o
 .debug_abbrev  0x0000150b      0x23e Drivers/LowLevelFlashDriver/spi-nand-cmd.o
 .debug_abbrev  0x00001749      0x196 Drivers/NPA700.o
 .debug_abbrev  0x000018df      0x1b2 Drivers/RH_T.o
 .debug_abbrev  0x00001a91       0xef Drivers/spi_ADC2518.o
 .debug_abbrev  0x00001b80       0xc2 Drivers/EnablesAndCSs.o
 .debug_abbrev  0x00001c42      0x315 Drivers/FLASH_Driver.o
 .debug_abbrev  0x00001f57      0x11a Drivers/RTC.o
 .debug_abbrev  0x00002071      0x10a Drivers/spi.o
 .debug_abbrev  0x0000217b      0x102 Drivers/spi_DACs.o
 .debug_abbrev  0x0000227d      0x164 Drivers/spi_FRAM.o
 .debug_abbrev  0x000023e1       0xa3 Drivers/spi_RTC.o
 .debug_abbrev  0x00002484      0x103 Drivers/TWI_MUX.o
 .debug_abbrev  0x00002587      0x27e Drivers/twi_utils.o
 .debug_abbrev  0x00002805      0x1fc Initialize.o
 .debug_abbrev  0x00002a01      0x112 main.o
 .debug_abbrev  0x00002b13      0x12c majorGeneral.o
 .debug_abbrev  0x00002c3f      0x2ea uart.o

.debug_line     0x00000000     0x66d1
 *(.debug_line .debug_line.* .debug_line_end)
 .debug_line    0x00000000      0x1fa C:/Program Files (x86)/Atmel/Studio/7.0/Packs/atmel/ATmega_DFP/2.0.401/gcc/dev/atmega2560/avr6/crtatmega2560.o
 .debug_line    0x000001fa      0xea8 Commands/testCommand1.o
 .debug_line    0x000010a2      0x171 CountersAndTimers.o
 .debug_line    0x00001213      0x235 Drivers/ADC2518.o
 .debug_line    0x00001448      0x2cd Drivers/ADC_uC.o
 .debug_line    0x00001715     0x1af5 Drivers/LowLevelFlashDriver/spi-nand-base.o
 .debug_line    0x0000320a      0x21a Drivers/LowLevelFlashDriver/spi-nand-cmd.o
 .debug_line    0x00003424      0x2bf Drivers/NPA700.o
 .debug_line    0x000036e3      0x242 Drivers/RH_T.o
 .debug_line    0x00003925      0x192 Drivers/spi_ADC2518.o
 .debug_line    0x00003ab7      0x2fd Drivers/EnablesAndCSs.o
 .debug_line    0x00003db4      0xcbe Drivers/FLASH_Driver.o
 .debug_line    0x00004a72      0x1be Drivers/RTC.o
 .debug_line    0x00004c30      0x273 Drivers/spi.o
 .debug_line    0x00004ea3      0x284 Drivers/spi_DACs.o
 .debug_line    0x00005127      0x29f Drivers/spi_FRAM.o
 .debug_line    0x000053c6      0x120 Drivers/spi_RTC.o
 .debug_line    0x000054e6      0x17a Drivers/TWI_MUX.o
 .debug_line    0x00005660      0x475 Drivers/twi_utils.o
 .debug_line    0x00005ad5      0x255 Initialize.o
 .debug_line    0x00005d2a      0x191 main.o
 .debug_line    0x00005ebb      0x1d9 majorGeneral.o
 .debug_line    0x00006094      0x63d uart.o

.debug_frame    0x00000000     0x24ac
 *(.debug_frame)
 .debug_frame   0x00000000      0x204 Commands/testCommand1.o
 .debug_frame   0x00000204       0x7c CountersAndTimers.o
 .debug_frame   0x00000280      0x104 Drivers/ADC2518.o
 .debug_frame   0x00000384      0x154 Drivers/ADC_uC.o
 .debug_frame   0x000004d8      0xe58 Drivers/LowLevelFlashDriver/spi-nand-base.o
 .debug_frame   0x00001330       0xc0 Drivers/LowLevelFlashDriver/spi-nand-cmd.o
 .debug_frame   0x000013f0       0xd8 Drivers/NPA700.o
 .debug_frame   0x000014c8       0x78 Drivers/RH_T.o
 .debug_frame   0x00001540       0x88 Drivers/spi_ADC2518.o
 .debug_frame   0x000015c8      0x1c4 Drivers/EnablesAndCSs.o
 .debug_frame   0x0000178c      0x518 Drivers/FLASH_Driver.o
 .debug_frame   0x00001ca4       0x84 Drivers/RTC.o
 .debug_frame   0x00001d28       0xb4 Drivers/spi.o
 .debug_frame   0x00001ddc      0x104 Drivers/spi_DACs.o
 .debug_frame   0x00001ee0      0x120 Drivers/spi_FRAM.o
 .debug_frame   0x00002000       0x5c Drivers/spi_RTC.o
 .debug_frame   0x0000205c       0x54 Drivers/TWI_MUX.o
 .debug_frame   0x000020b0      0x130 Drivers/twi_utils.o
 .debug_frame   0x000021e0       0x50 Initialize.o
 .debug_frame   0x00002230       0x24 main.o
 .debug_frame   0x00002254       0x54 majorGeneral.o
 .debug_frame   0x000022a8      0x204 uart.o

.debug_str      0x00000000     0x252e
 *(.debug_str)
 .debug_str     0x00000000      0x3e6 C:/Program Files (x86)/Atmel/Studio/7.0/Packs/atmel/ATmega_DFP/2.0.401/gcc/dev/atmega2560/avr6/crtatmega2560.o
 .debug_str     0x000003e6      0x6d4 Commands/testCommand1.o
                                0x73b (size before relaxing)
 .debug_str     0x00000aba       0x81 CountersAndTimers.o
                                0x208 (size before relaxing)
 .debug_str     0x00000b3b       0xbe Drivers/ADC2518.o
                                0x29a (size before relaxing)
 .debug_str     0x00000bf9      0x11d Drivers/ADC_uC.o
                                0x325 (size before relaxing)
 .debug_str     0x00000d16      0xba2 Drivers/LowLevelFlashDriver/spi-nand-base.o
                                0xe20 (size before relaxing)
 .debug_str     0x000018b8       0xe5 Drivers/LowLevelFlashDriver/spi-nand-cmd.o
                                0x736 (size before relaxing)
 .debug_str     0x0000199d      0x119 Drivers/NPA700.o
                                0x2d2 (size before relaxing)
 .debug_str     0x00001ab6       0x48 Drivers/RH_T.o
                                0x261 (size before relaxing)
 .debug_str     0x00001afe       0x50 Drivers/spi_ADC2518.o
                                0x20d (size before relaxing)
 .debug_str     0x00001b4e       0xd4 Drivers/EnablesAndCSs.o
                                0x310 (size before relaxing)
 .debug_str     0x00001c22      0x32f Drivers/FLASH_Driver.o
                                0xb7d (size before relaxing)
 .debug_str     0x00001f51       0xc9 Drivers/RTC.o
                                0x28c (size before relaxing)
 .debug_str     0x0000201a       0x89 Drivers/spi.o
                                0x28d (size before relaxing)
 .debug_str     0x000020a3       0x27 Drivers/spi_DACs.o
                                0x29e (size before relaxing)
 .debug_str     0x000020ca       0x40 Drivers/spi_FRAM.o
                                0x2ba (size before relaxing)
 .debug_str     0x0000210a       0x15 Drivers/spi_RTC.o
                                0x1ec (size before relaxing)
 .debug_str     0x0000211f       0x3c Drivers/TWI_MUX.o
                                0x20f (size before relaxing)
 .debug_str     0x0000215b       0xf2 Drivers/twi_utils.o
                                0x2fe (size before relaxing)
 .debug_str     0x0000224d       0x6d Initialize.o
                                0x326 (size before relaxing)
 .debug_str     0x000022ba       0xdf main.o
                                0x35d (size before relaxing)
 .debug_str     0x00002399       0x53 majorGeneral.o
                                0x22d (size before relaxing)
 .debug_str     0x000023ec      0x142 uart.o
                                0x3a3 (size before relaxing)

.debug_loc      0x00000000     0xb12a
 *(.debug_loc)
 .debug_loc     0x00000000      0xec3 Commands/testCommand1.o
 .debug_loc     0x00000ec3       0x85 CountersAndTimers.o
 .debug_loc     0x00000f48      0x37e Drivers/ADC2518.o
 .debug_loc     0x000012c6      0x422 Drivers/ADC_uC.o
 .debug_loc     0x000016e8     0x5600 Drivers/LowLevelFlashDriver/spi-nand-base.o
 .debug_loc     0x00006ce8      0x4ef Drivers/LowLevelFlashDriver/spi-nand-cmd.o
 .debug_loc     0x000071d7      0x284 Drivers/NPA700.o
 .debug_loc     0x0000745b       0xee Drivers/RH_T.o
 .debug_loc     0x00007549      0x286 Drivers/spi_ADC2518.o
 .debug_loc     0x000077cf     0x1dd6 Drivers/FLASH_Driver.o
 .debug_loc     0x000095a5      0x12c Drivers/RTC.o
 .debug_loc     0x000096d1      0x22d Drivers/spi.o
 .debug_loc     0x000098fe      0x33a Drivers/spi_DACs.o
 .debug_loc     0x00009c38      0x3f0 Drivers/spi_FRAM.o
 .debug_loc     0x0000a028      0x1a8 Drivers/spi_RTC.o
 .debug_loc     0x0000a1d0      0x109 Drivers/TWI_MUX.o
 .debug_loc     0x0000a2d9      0x653 Drivers/twi_utils.o
 .debug_loc     0x0000a92c       0x53 Initialize.o
 .debug_loc     0x0000a97f       0xbd majorGeneral.o
 .debug_loc     0x0000aa3c      0x6ee uart.o

.debug_macinfo
 *(.debug_macinfo)

.debug_weaknames
 *(.debug_weaknames)

.debug_funcnames
 *(.debug_funcnames)

.debug_typenames
 *(.debug_typenames)

.debug_varnames
 *(.debug_varnames)

.debug_pubtypes
 *(.debug_pubtypes)

.debug_ranges   0x00000000      0x7b8
 *(.debug_ranges)
 .debug_ranges  0x00000000       0x70 Commands/testCommand1.o
 .debug_ranges  0x00000070       0x28 CountersAndTimers.o
 .debug_ranges  0x00000098       0x48 Drivers/ADC2518.o
 .debug_ranges  0x000000e0       0x40 Drivers/ADC_uC.o
 .debug_ranges  0x00000120      0x1c0 Drivers/LowLevelFlashDriver/spi-nand-base.o
 .debug_ranges  0x000002e0       0x20 Drivers/LowLevelFlashDriver/spi-nand-cmd.o
 .debug_ranges  0x00000300       0x40 Drivers/NPA700.o
 .debug_ranges  0x00000340       0x28 Drivers/RH_T.o
 .debug_ranges  0x00000368       0x20 Drivers/spi_ADC2518.o
 .debug_ranges  0x00000388       0xe0 Drivers/EnablesAndCSs.o
 .debug_ranges  0x00000468      0x100 Drivers/FLASH_Driver.o
 .debug_ranges  0x00000568       0x20 Drivers/RTC.o
 .debug_ranges  0x00000588       0x60 Drivers/spi.o
 .debug_ranges  0x000005e8       0x38 Drivers/spi_DACs.o
 .debug_ranges  0x00000620       0x48 Drivers/spi_FRAM.o
 .debug_ranges  0x00000668       0x18 Drivers/spi_RTC.o
 .debug_ranges  0x00000680       0x18 Drivers/TWI_MUX.o
 .debug_ranges  0x00000698       0x58 Drivers/twi_utils.o
 .debug_ranges  0x000006f0       0x20 Initialize.o
 .debug_ranges  0x00000710       0x10 main.o
 .debug_ranges  0x00000720       0x28 majorGeneral.o
 .debug_ranges  0x00000748       0x70 uart.o

.debug_macro
 *(.debug_macro)
OUTPUT(SchuylerBoardTest.elf elf32-avr)
LOAD linker stubs
