Archive member included to satisfy reference by file (symbol)

c:/program files (x86)/atmel/studio/7.0/toolchain/avr8/avr8-gnu-toolchain/bin/../lib/gcc/avr/5.4.0/../../../../avr/lib/avr6\libm.a(fixunssfsi.o)
                              Drivers/ADC2518.o (__fixunssfsi)
c:/program files (x86)/atmel/studio/7.0/toolchain/avr8/avr8-gnu-toolchain/bin/../lib/gcc/avr/5.4.0/../../../../avr/lib/avr6\libm.a(floatsisf.o)
                              Drivers/ADC2518.o (__floatsisf)
c:/program files (x86)/atmel/studio/7.0/toolchain/avr8/avr8-gnu-toolchain/bin/../lib/gcc/avr/5.4.0/../../../../avr/lib/avr6\libm.a(fp_split3.o)
                              c:/program files (x86)/atmel/studio/7.0/toolchain/avr8/avr8-gnu-toolchain/bin/../lib/gcc/avr/5.4.0/../../../../avr/lib/avr6\libm.a(fixunssfsi.o) (__fp_splitA)
c:/program files (x86)/atmel/studio/7.0/toolchain/avr8/avr8-gnu-toolchain/bin/../lib/gcc/avr/5.4.0/../../../../avr/lib/avr6\libm.a(fp_zero.o)
                              c:/program files (x86)/atmel/studio/7.0/toolchain/avr8/avr8-gnu-toolchain/bin/../lib/gcc/avr/5.4.0/../../../../avr/lib/avr6\libm.a(fixunssfsi.o) (__fp_zero)
c:/program files (x86)/atmel/studio/7.0/toolchain/avr8/avr8-gnu-toolchain/bin/../lib/gcc/avr/5.4.0/../../../../avr/lib/avr6\libm.a(mulsf3.o)
                              Drivers/ADC2518.o (__mulsf3)
c:/program files (x86)/atmel/studio/7.0/toolchain/avr8/avr8-gnu-toolchain/bin/../lib/gcc/avr/5.4.0/../../../../avr/lib/avr6\libm.a(mulsf3x.o)
                              c:/program files (x86)/atmel/studio/7.0/toolchain/avr8/avr8-gnu-toolchain/bin/../lib/gcc/avr/5.4.0/../../../../avr/lib/avr6\libm.a(mulsf3.o) (__mulsf3x)
c:/program files (x86)/atmel/studio/7.0/toolchain/avr8/avr8-gnu-toolchain/bin/../lib/gcc/avr/5.4.0/../../../../avr/lib/avr6\libm.a(fp_inf.o)
                              c:/program files (x86)/atmel/studio/7.0/toolchain/avr8/avr8-gnu-toolchain/bin/../lib/gcc/avr/5.4.0/../../../../avr/lib/avr6\libm.a(mulsf3x.o) (__fp_inf)
c:/program files (x86)/atmel/studio/7.0/toolchain/avr8/avr8-gnu-toolchain/bin/../lib/gcc/avr/5.4.0/../../../../avr/lib/avr6\libm.a(fp_nan.o)
                              c:/program files (x86)/atmel/studio/7.0/toolchain/avr8/avr8-gnu-toolchain/bin/../lib/gcc/avr/5.4.0/../../../../avr/lib/avr6\libm.a(mulsf3x.o) (__fp_nan)
c:/program files (x86)/atmel/studio/7.0/toolchain/avr8/avr8-gnu-toolchain/bin/../lib/gcc/avr/5.4.0/../../../../avr/lib/avr6\libm.a(fp_pscA.o)
                              c:/program files (x86)/atmel/studio/7.0/toolchain/avr8/avr8-gnu-toolchain/bin/../lib/gcc/avr/5.4.0/../../../../avr/lib/avr6\libm.a(mulsf3x.o) (__fp_pscA)
c:/program files (x86)/atmel/studio/7.0/toolchain/avr8/avr8-gnu-toolchain/bin/../lib/gcc/avr/5.4.0/../../../../avr/lib/avr6\libm.a(fp_pscB.o)
                              c:/program files (x86)/atmel/studio/7.0/toolchain/avr8/avr8-gnu-toolchain/bin/../lib/gcc/avr/5.4.0/../../../../avr/lib/avr6\libm.a(mulsf3x.o) (__fp_pscB)
c:/program files (x86)/atmel/studio/7.0/toolchain/avr8/avr8-gnu-toolchain/bin/../lib/gcc/avr/5.4.0/../../../../avr/lib/avr6\libm.a(fp_round.o)
                              c:/program files (x86)/atmel/studio/7.0/toolchain/avr8/avr8-gnu-toolchain/bin/../lib/gcc/avr/5.4.0/../../../../avr/lib/avr6\libm.a(mulsf3.o) (__fp_round)
c:/program files (x86)/atmel/studio/7.0/toolchain/avr8/avr8-gnu-toolchain/bin/../lib/gcc/avr/5.4.0/../../../../avr/lib/avr6\libprintf_flt.a(vfprintf_flt.o)
                              (vfprintf)
c:/program files (x86)/atmel/studio/7.0/toolchain/avr8/avr8-gnu-toolchain/bin/../lib/gcc/avr/5.4.0/avr6\libgcc.a(_mulsi3.o)
                              Drivers/LowLevelFlashDriver/spi-nand-base.o (__mulsi3)
c:/program files (x86)/atmel/studio/7.0/toolchain/avr8/avr8-gnu-toolchain/bin/../lib/gcc/avr/5.4.0/avr6\libgcc.a(_divmodsi4.o)
                              Drivers/RH_T.o (__divmodsi4)
c:/program files (x86)/atmel/studio/7.0/toolchain/avr8/avr8-gnu-toolchain/bin/../lib/gcc/avr/5.4.0/avr6\libgcc.a(_negsi2.o)
                              c:/program files (x86)/atmel/studio/7.0/toolchain/avr8/avr8-gnu-toolchain/bin/../lib/gcc/avr/5.4.0/avr6\libgcc.a(_divmodsi4.o) (__negsi2)
c:/program files (x86)/atmel/studio/7.0/toolchain/avr8/avr8-gnu-toolchain/bin/../lib/gcc/avr/5.4.0/avr6\libgcc.a(_exit.o)
                              C:/Program Files (x86)/Atmel/Studio/7.0/Packs/atmel/ATmega_DFP/2.0.401/gcc/dev/atmega2560/avr6/crtatmega2560.o (exit)
c:/program files (x86)/atmel/studio/7.0/toolchain/avr8/avr8-gnu-toolchain/bin/../lib/gcc/avr/5.4.0/avr6\libgcc.a(_copy_data.o)
                              Commands/testCommand1.o (__do_copy_data)
c:/program files (x86)/atmel/studio/7.0/toolchain/avr8/avr8-gnu-toolchain/bin/../lib/gcc/avr/5.4.0/avr6\libgcc.a(_clear_bss.o)
                              Commands/testCommand1.o (__do_clear_bss)
c:/program files (x86)/atmel/studio/7.0/toolchain/avr8/avr8-gnu-toolchain/bin/../lib/gcc/avr/5.4.0/avr6\libgcc.a(_umulhisi3.o)
[...]
Memory Configuration

Name             Origin             Length             Attributes
text             0x00000000         0x00040000         xr
data             0x00800200         0x00002000         rw !x
eeprom           0x00810000         0x00001000         rw !x
fuse             0x00820000         0x00000003         rw !x
lock             0x00830000         0x00000400         rw !x
signature        0x00840000         0x00000400         rw !x
user_signatures  0x00850000         0x00000400         rw !x
*default*        0x00000000         0xffffffff

Linker script and memory map

Address of section .data set to 0x800200
LOAD C:/Program Files (x86)/Atmel/Studio/7.0/Packs/atmel/ATmega_DFP/2.0.401/gcc/dev/atmega2560/avr6/crtatmega2560.o
LOAD Commands/testCommand1.o
LOAD CountersAndTimers.o
LOAD Drivers/ADC2518.o
LOAD Drivers/ADC_uC.o
LOAD Drivers/FETS.o
LOAD Drivers/LowLevelFlashDriver/spi-nand-base.o
LOAD Drivers/LowLevelFlashDriver/spi-nand-cmd.o
LOAD Drivers/NPA700.o
LOAD Drivers/RH_T.o
LOAD Drivers/spi_ADC2518.o
LOAD Drivers/EnablesAndCSs.o
LOAD Drivers/FLASH_Driver.o
LOAD Drivers/RTC.o
LOAD Drivers/spi.o
LOAD Drivers/spi_DACs.o
LOAD Drivers/spi_FRAM.o
LOAD Drivers/spi_RTC.o
LOAD Drivers/TWI_MUX.o
LOAD Drivers/twi_utils.o
LOAD Initialize.o
LOAD main.o
LOAD majorGeneral.o
LOAD uart.o
START GROUP
LOAD c:/program files (x86)/atmel/studio/7.0/toolchain/avr8/avr8-gnu-toolchain/bin/../lib/gcc/avr/5.4.0/../../../../avr/lib/avr6\libm.a
END GROUP
LOAD c:/program files (x86)/atmel/studio/7.0/toolchain/avr8/avr8-gnu-toolchain/bin/../lib/gcc/avr/5.4.0/../../../../avr/lib/avr6\libprintf_flt.a
LOAD c:/program files (x86)/atmel/studio/7.0/toolchain/avr8/avr8-gnu-toolchain/bin/../lib/gcc/avr/5.4.0/../../../../avr/lib/avr6\libm.a
START GROUP
LOAD c:/program files (x86)/atmel/studio/7.0/toolchain/avr8/avr8-gnu-toolchain/bin/../lib/gcc/avr/5.4.0/avr6\libgcc.a
LOAD c:/program files (x86)/atmel/studio/7.0/toolchain/avr8/avr8-gnu-toolchain/bin/../lib/gcc/avr/5.4.0/../../../../avr/lib/avr6\libm.a
LOAD c:/program files (x86)/atmel/studio/7.0/toolchain/avr8/avr8-gnu-toolchain/bin/../lib/gcc/avr/5.4.0/../../../../avr/lib/avr6\libc.a
LOAD C:/Program Files (x86)/Atmel/Studio/7.0/Packs/atmel/ATmega_DFP/2.0.401/gcc/dev/atmega2560/avr6\libatmega2560.a
END GROUP
                0x00000000                __TEXT_REGION_ORIGIN__ = DEFINED (__TEXT_REGION_ORIGIN__)?__TEXT_REGION_ORIGIN__:0x0
                [0x00800200]                __DATA_REGION_ORIGIN__ = DEFINED (__DATA_REGION_ORIGIN__)?__DATA_REGION_ORIGIN__:0x800200
                [0x00040000]                __TEXT_REGION_LENGTH__ = DEFINED (__TEXT_REGION_LENGTH__)?__TEXT_REGION_LENGTH__:0x100000
                [0x00002000]                __DATA_REGION_LENGTH__ = DEFINED (__DATA_REGION_LENGTH__)?__DATA_REGION_LENGTH__:0xfe00
                [0x00001000]                __EEPROM_REGION_LENGTH__ = DEFINED (__EEPROM_REGION_LENGTH__)?__EEPROM_REGION_LENGTH__:0x10000
                [0x00000003]                __FUSE_REGION_LENGTH__ = DEFINED (__FUSE_REGION_LENGTH__)?__FUSE_REGION_LENGTH__:0x400
                0x00000400                __LOCK_REGION_LENGTH__ = DEFINED (__LOCK_REGION_LENGTH__)?__LOCK_REGION_LENGTH__:0x400
                0x00000400                __SIGNATURE_REGION_LENGTH__ = DEFINED (__SIGNATURE_REGION_LENGTH__)?__SIGNATURE_REGION_LENGTH__:0x400
                0x00000400                __USER_SIGNATURE_REGION_LENGTH__ = DEFINED (__USER_SIGNATURE_REGION_LENGTH__)?__USER_SIGNATURE_REGION_LENGTH__:0x400

.hash
 *(.hash)

.dynsym
 *(.dynsym)

.dynstr
 *(.dynstr)

.gnu.version
 *(.gnu.version)

.gnu.version_d
 *(.gnu.version_d)

.gnu.version_r
 *(.gnu.version_r)

.rel.init
 *(.rel.init)

.rela.init
 *(.rela.init)

.rel.text
 *(.rel.text)
 *(.rel.text.*)
 *(.rel.gnu.linkonce.t*)

.rela.text
 *(.rela.text)
 *(.rela.text.*)
 *(.rela.gnu.linkonce.t*)

.rel.fini
 *(.rel.fini)

.rela.fini
 *(.rela.fini)

.rel.rodata
 *(.rel.rodata)
 *(.rel.rodata.*)
 *(.rel.gnu.linkonce.r*)

.rela.rodata
 *(.rela.rodata)
 *(.rela.rodata.*)
 *(.rela.gnu.linkonce.r*)

.rel.data
 *(.rel.data)
 *(.rel.data.*)
 *(.rel.gnu.linkonce.d*)

.rela.data
 *(.rela.data)
 *(.rela.data.*)
 *(.rela.gnu.linkonce.d*)

.rel.ctors
 *(.rel.ctors)

.rela.ctors
 *(.rela.ctors)

.rel.dtors
 *(.rel.dtors)

.rela.dtors
 *(.rela.dtors)

.rel.got
 *(.rel.got)

.rela.got
 *(.rela.got)

.rel.bss
 *(.rel.bss)

.rela.bss
 *(.rela.bss)

.rel.plt
 *(.rel.plt)

.rela.plt
 *(.rela.plt)

.text           0x00000000     0x5d9e
 *(.vectors)
 .vectors       0x00000000       0xe4 C:/Program Files (x86)/Atmel/Studio/7.0/Packs/atmel/ATmega_DFP/2.0.401/gcc/dev/atmega2560/avr6/crtatmega2560.o
                0x00000000                __vector_default
                0x00000000                __vectors
 *(.vectors)
 *(.progmem.gcc*)
                0x000000e4                . = ALIGN (0x2)
                0x000000e4                __trampolines_start = .
 *(.trampolines)
 .trampolines   0x000000e4        0x0 linker stubs
 *(.trampolines*)
                0x000000e4                __trampolines_end = .
 *libprintf_flt.a:*(.progmem.data)
 .progmem.data  0x000000e4        0x8 c:/program files (x86)/atmel/studio/7.0/toolchain/avr8/avr8-gnu-toolchain/bin/../lib/gcc/avr/5.4.0/../../../../avr/lib/avr6\libprintf_flt.a(vfprintf_flt.o)
 *libc.a:*(.progmem.data)
 .progmem.data  0x000000ec       0xfa c:/program files (x86)/atmel/studio/7.0/toolchain/avr8/avr8-gnu-toolchain/bin/../lib/gcc/avr/5.4.0/../../../../avr/lib/avr6\libc.a(ftoa_engine.o)
 *(.progmem*)
 .progmem.data.__c.2522
                0x000001e6       0x14 Commands/testCommand1.o
 .progmem.data.__c.2538
                0x000001fa       0x13 Commands/testCommand1.o
 .progmem.data.__c.2046
                0x0000020d       0x20 Drivers/ADC2518.o
 .progmem.data.__c.2037
                0x0000022d       0x15 Drivers/ADC2518.o
 .progmem.data.__c.2082
                0x00000242        0x2 Drivers/ADC_uC.o
 .progmem.data.__c.2077
                0x00000244        0x4 Drivers/ADC_uC.o
 .progmem.data.__c.2071
                0x00000248       0x1f Drivers/ADC_uC.o
 .progmem.data.__c.2042
                0x00000267       0x23 Drivers/NPA700.o
 .progmem.data.__c.2040
                0x0000028a       0x1c Drivers/NPA700.o
 .progmem.data.__c.2038
                0x000002a6       0x20 Drivers/NPA700.o
 .progmem.data.__c.2509
                0x000002c6       0x27 Drivers/FLASH_Driver.o
 .progmem.data.__c.2515
                0x000002ed       0x39 Drivers/FLASH_Driver.o
 .progmem.data.__c.2517
                0x00000326       0x39 Drivers/FLASH_Driver.o
 .progmem.data.__c.2519
                0x0000035f       0x30 Drivers/FLASH_Driver.o
 .progmem.data.__c.2521
                0x0000038f       0x39 Drivers/FLASH_Driver.o
 .progmem.data.__c.2523
                0x000003c8       0x29 Drivers/FLASH_Driver.o
 .progmem.data.__c.2525
                0x000003f1       0x3e Drivers/FLASH_Driver.o
 .progmem.data.__c.2556
                0x0000042f       0x18 Drivers/FLASH_Driver.o
 .progmem.data.__c.2558
                0x00000447       0x27 Drivers/FLASH_Driver.o
 .progmem.data.__c.2560
                0x0000046e       0x31 Drivers/FLASH_Driver.o
 .progmem.data.__c.2562
                0x0000049f       0x27 Drivers/FLASH_Driver.o
 .progmem.data.__c.2576
                0x000004c6       0x2d Drivers/FLASH_Driver.o
 .progmem.data.__c.2582
                0x000004f3       0x3a Drivers/FLASH_Driver.o
 .progmem.data.__c.2584
                0x0000052d       0x2a Drivers/FLASH_Driver.o
 .progmem.data.__c.2586
                0x00000557       0x3f Drivers/FLASH_Driver.o
 .progmem.data.__c.2607
                0x00000596       0x25 Drivers/FLASH_Driver.o
 .progmem.data.__c.2609
                0x000005bb       0x25 Drivers/FLASH_Driver.o
 .progmem.data.__c.2616
                0x000005e0       0x2b Drivers/FLASH_Driver.o
 .progmem.data.__c.2618
                0x0000060b       0x3a Drivers/FLASH_Driver.o
 .progmem.data.__c.2620
                0x00000645       0x2f Drivers/FLASH_Driver.o
 .progmem.data.__c.2622
                0x00000674       0x28 Drivers/FLASH_Driver.o
 .progmem.data.__c.2624
                0x0000069c       0x37 Drivers/FLASH_Driver.o
 .progmem.data.majorGeneral
                0x000006d3     0x11ae majorGeneral.o
                0x000006d3                majorGeneral
                0x00001882                . = ALIGN (0x2)
 *fill*         0x00001881        0x1 
 *(.jumptables)
 *(.jumptables*)
 *(.lowtext)
 *(.lowtext*)
                0x00001882                __ctors_start = .
 *(.ctors)
                0x00001882                __ctors_end = .
                0x00001882                __dtors_start = .
 *(.dtors)
                0x00001882                __dtors_end = .
 SORT(*)(.ctors)
 SORT(*)(.dtors)
 *(.init0)
 .init0         0x00001882        0x0 C:/Program Files (x86)/Atmel/Studio/7.0/Packs/atmel/ATmega_DFP/2.0.401/gcc/dev/atmega2560/avr6/crtatmega2560.o
                0x00001882                __init
 *(.init0)
 *(.init1)
 *(.init1)
 *(.init2)
 .init2         0x00001882       0x10 C:/Program Files (x86)/Atmel/Studio/7.0/Packs/atmel/ATmega_DFP/2.0.401/gcc/dev/atmega2560/avr6/crtatmega2560.o
 *(.init2)
 *(.init3)
 *(.init3)
 *(.init4)
 .init4         0x00001892       0x1a c:/program files (x86)/atmel/studio/7.0/toolchain/avr8/avr8-gnu-toolchain/bin/../lib/gcc/avr/5.4.0/avr6\libgcc.a(_copy_data.o)
                0x00001892                __do_copy_data
 .init4         0x000018ac       0x10 c:/program files (x86)/atmel/studio/7.0/toolchain/avr8/avr8-gnu-toolchain/bin/../lib/gcc/avr/5.4.0/avr6\libgcc.a(_clear_bss.o)
                0x000018ac                __do_clear_bss
 *(.init4)
 *(.init5)
 *(.init5)
 *(.init6)
 *(.init6)
 *(.init7)
 *(.init7)
 *(.init8)
 *(.init8)
 *(.init9)
 .init9         0x000018bc        0x8 C:/Program Files (x86)/Atmel/Studio/7.0/Packs/atmel/ATmega_DFP/2.0.401/gcc/dev/atmega2560/avr6/crtatmega2560.o
 *(.init9)
 *(.text)
 .text          0x000018c4        0x4 C:/Program Files (x86)/Atmel/Studio/7.0/Packs/atmel/ATmega_DFP/2.0.401/gcc/dev/atmega2560/avr6/crtatmega2560.o
                0x000018c4                __vector_38
                0x000018c4                __vector_22
                0x000018c4                __vector_28
                0x000018c4                __vector_1
                0x000018c4                __vector_32
                0x000018c4                __vector_34
                0x000018c4                __vector_24
                0x000018c4                __vector_12
                0x000018c4                __vector_55
                0x000018c4                __vector_46
                0x000018c4                __bad_interrupt
                0x000018c4                __vector_6
                0x000018c4                __vector_31
                0x000018c4                __vector_35
                0x000018c4                __vector_39
                0x000018c4                __vector_3
                0x000018c4                __vector_23
                0x000018c4                __vector_30
                0x000018c4                __vector_45
                0x000018c4                __vector_11
                0x000018c4                __vector_54
                0x000018c4                __vector_17
                0x000018c4                __vector_19
                0x000018c4                __vector_56
                0x000018c4                __vector_7
                0x000018c4                __vector_49
                0x000018c4                __vector_41
                0x000018c4                __vector_43
                0x000018c4                __vector_27
                0x000018c4                __vector_5
                0x000018c4                __vector_33
                0x000018c4                __vector_47
                0x000018c4                __vector_52
                0x000018c4                __vector_37
                0x000018c4                __vector_4
                0x000018c4                __vector_44
                0x000018c4                __vector_51
                0x000018c4                __vector_9
                0x000018c4                __vector_2
                0x000018c4                __vector_21
                0x000018c4                __vector_15
                0x000018c4                __vector_40
                0x000018c4                __vector_26
                0x000018c4                __vector_48
                0x000018c4                __vector_14
                0x000018c4                __vector_53
                0x000018c4                __vector_10
                0x000018c4                __vector_50
                0x000018c4                __vector_16
                0x000018c4                __vector_18
                0x000018c4                __vector_20
                0x000018c4                __vector_42
                0x000018c8                . = ALIGN (0x2)
 *(.text.*)
 .text.processCommand
                0x000018c8      0x572 Commands/testCommand1.o
                0x000018c8                processCommand
 .text.doFlashWriteTest
                0x00001e3a       0xec Commands/testCommand1.o
                0x00001e3a                doFlashWriteTest
 .text.doFlashReadTest
                0x00001f26       0xf8 Commands/testCommand1.o
                0x00001f26                doFlashReadTest
 .text.doFlashEraseTest
                0x0000201e       0x1a Commands/testCommand1.o
                0x0000201e                doFlashEraseTest
 .text.doFlashTestReadAll
                0x00002038      0x1d8 Commands/testCommand1.o
                0x00002038                doFlashTestReadAll
 .text.testRandomWR
                0x00002210      0x262 Commands/testCommand1.o
                0x00002210                testRandomWR
 .text.FlashABTest
                0x00002472      0x2bc Commands/testCommand1.o
                0x00002472                FlashABTest
 .text.FlashReadBlocksTest
                0x0000272e      0x110 Commands/testCommand1.o
                0x0000272e                FlashReadBlocksTest
 .text.dumpBuffer
                0x0000283e       0x78 Commands/testCommand1.o
                0x0000283e                dumpBuffer
 .text.FlashBasicTest
                0x000028b6      0x136 Commands/testCommand1.o
                0x000028b6                FlashBasicTest
 .text.__vector_8
                0x000029ec       0x14 CountersAndTimers.o
                0x000029ec                __vector_8
 .text.__vector_13
                0x00002a00       0x8c CountersAndTimers.o
                0x00002a00                __vector_13
 .text.init_timer2
                0x00002a8c       0x30 CountersAndTimers.o
                0x00002a8c                init_timer2
 .text.init_CountersIimers
                0x00002abc       0x16 CountersAndTimers.o
                0x00002abc                init_CountersIimers
 .text.ADC_rdSystemStatus
                0x00002ad2       0x20 Drivers/ADC2518.o
                0x00002ad2                ADC_rdSystemStatus
 .text.ADC_wrGPO
                0x00002af2       0x3c Drivers/ADC2518.o
                0x00002af2                ADC_wrGPO
 .text.initADC2518
                0x00002b2e       0x1a Drivers/ADC2518.o
                0x00002b2e                initADC2518
 .text.ADC_OverSample
                0x00002b48       0x22 Drivers/ADC2518.o
                0x00002b48                ADC_OverSample
 .text.ADC_OscSpeed
                0x00002b6a       0x38 Drivers/ADC2518.o
                0x00002b6a                ADC_OscSpeed
 .text.ADC_manualMode
                0x00002ba2        0x8 Drivers/ADC2518.o
                0x00002ba2                ADC_manualMode
 .text.ADC_ReadManualModeAnalogCh
                0x00002baa       0x66 Drivers/ADC2518.o
                0x00002baa                ADC_ReadManualModeAnalogCh
 .text.nextADC  0x00002c10       0x5c Drivers/ADC_uC.o
                0x00002c10                nextADC
 .text.showActiveADCs
                0x00002c6c       0x78 Drivers/ADC_uC.o
                0x00002c6c                showActiveADCs
 .text.incADC_MUX
                0x00002ce4       0x32 Drivers/ADC_uC.o
                0x00002ce4                incADC_MUX
 .text.__vector_29
                0x00002d16      0x106 Drivers/ADC_uC.o
                0x00002d16                __vector_29
 .text.doAdc    0x00002e1c       0x56 Drivers/ADC_uC.o
                0x00002e1c                doAdc
 .text.startADCcycle
                0x00002e72       0x2c Drivers/ADC_uC.o
                0x00002e72                startADCcycle
 .text.init_adc
                0x00002e9e       0x3e Drivers/ADC_uC.o
                0x00002e9e                init_adc
 .text.readDiff_CH
                0x00002edc       0x1e Drivers/NPA700.o
                0x00002edc                readDiff_CH
 .text.readNPA700
                0x00002efa      0x154 Drivers/NPA700.o
                0x00002efa                readNPA700
 .text.initPressureSensors
                0x0000304e       0x86 Drivers/NPA700.o
                0x0000304e                initPressureSensors
 .text.readDiffPress
                0x000030d4       0x1c Drivers/NPA700.o
                0x000030d4                readDiffPress
 .text.readABSPress
                0x000030f0       0x1c Drivers/NPA700.o
                0x000030f0                readABSPress
 .text.readU47  0x0000310c       0x1c Drivers/NPA700.o
                0x0000310c                readU47
 .text.startRH_T_conversion
                0x00003128       0x2a Drivers/RH_T.o
                0x00003128                startRH_T_conversion
 .text.readRH_T
                0x00003152      0x102 Drivers/RH_T.o
                0x00003152                readRH_T
 .text.ADC_RegisterWrite
                0x00003254       0x1e Drivers/spi_ADC2518.o
                0x00003254                ADC_RegisterWrite
 .text.ADC_RegisterRead
                0x00003272       0x30 Drivers/spi_ADC2518.o
                0x00003272                ADC_RegisterRead
 .text.ADC_RegisterReadWrite
                0x000032a2       0x54 Drivers/spi_ADC2518.o
                0x000032a2                ADC_RegisterReadWrite
 .text.enableBuck014
                0x000032f6        0xc Drivers/EnablesAndCSs.o
                0x000032f6                enableBuck014
 .text.disableBuck014
                0x00003302        0xc Drivers/EnablesAndCSs.o
                0x00003302                disableBuck014
 .text.enableBuck2
                0x0000330e        0x8 Drivers/EnablesAndCSs.o
                0x0000330e                enableBuck2
 .text.disableBuck2
                0x00003316        0x8 Drivers/EnablesAndCSs.o
                0x00003316                disableBuck2
 .text.enableBuck3
                0x0000331e        0x8 Drivers/EnablesAndCSs.o
                0x0000331e                enableBuck3
 .text.disableBuck3
                0x00003326        0x8 Drivers/EnablesAndCSs.o
                0x00003326                disableBuck3
 .text.enableBuck5
                0x0000332e        0xc Drivers/EnablesAndCSs.o
                0x0000332e                enableBuck5
 .text.disableBuck5
                0x0000333a        0xc Drivers/EnablesAndCSs.o
                0x0000333a                disableBuck5
 .text.powerUpWickSensor
                0x00003346        0x8 Drivers/EnablesAndCSs.o
                0x00003346                powerUpWickSensor
 .text.powerDownWickSensor
                0x0000334e        0x8 Drivers/EnablesAndCSs.o
                0x0000334e                powerDownWickSensor
 .text.selectFRAM
                0x00003356        0x8 Drivers/EnablesAndCSs.o
                0x00003356                selectFRAM
 .text.deSelectFRAM
                0x0000335e        0x8 Drivers/EnablesAndCSs.o
                0x0000335e                deSelectFRAM
 .text.selectOpticsDAC
                0x00003366        0xc Drivers/EnablesAndCSs.o
                0x00003366                selectOpticsDAC
 .text.deSelectOpticsDAC
                0x00003372        0xc Drivers/EnablesAndCSs.o
                0x00003372                deSelectOpticsDAC
 .text.selectADC2518
                0x0000337e        0xc Drivers/EnablesAndCSs.o
                0x0000337e                selectADC2518
 .text.deSelectADC2518
                0x0000338a        0xc Drivers/EnablesAndCSs.o
                0x0000338a                deSelectADC2518
 .text.selectBuckCtrlDAC
                0x00003396        0xc Drivers/EnablesAndCSs.o
                0x00003396                selectBuckCtrlDAC
 .text.deSelectBuckCtrlDAC
                0x000033a2        0xc Drivers/EnablesAndCSs.o
                0x000033a2                deSelectBuckCtrlDAC
 .text.selectFlash
                0x000033ae        0xc Drivers/EnablesAndCSs.o
                0x000033ae                selectFlash
 .text.deSelectFlash
                0x000033ba        0xc Drivers/EnablesAndCSs.o
                0x000033ba                deSelectFlash
 .text.deSelectRTC
                0x000033c6        0xc Drivers/EnablesAndCSs.o
                0x000033c6                deSelectRTC
 .text.selectRTC
                0x000033d2        0xc Drivers/EnablesAndCSs.o
                0x000033d2                selectRTC
 .text.selectSDcard
                0x000033de        0xc Drivers/EnablesAndCSs.o
                0x000033de                selectSDcard
 .text.deSelectSDcard
                0x000033ea        0xc Drivers/EnablesAndCSs.o
                0x000033ea                deSelectSDcard
 .text.spi_FlashInitialize
                0x000033f6       0x2c Drivers/FLASH_Driver.o
                0x000033f6                spi_FlashInitialize
 .text.spi_FlashDelay
                0x00003422       0x6e Drivers/FLASH_Driver.o
                0x00003422                spi_FlashDelay
 .text.spi_FlashReadID
                0x00003490       0x66 Drivers/FLASH_Driver.o
                0x00003490                spi_FlashReadID
 .text.spi_FlashWaitUntilReady
                0x000034f6       0x4c Drivers/FLASH_Driver.o
                0x000034f6                spi_FlashWaitUntilReady
 .text.spi_FlashIsBusy
                0x00003542       0x30 Drivers/FLASH_Driver.o
                0x00003542                spi_FlashIsBusy
 .text.spi_FlashGetStatusRegister
                0x00003572       0x12 Drivers/FLASH_Driver.o
                0x00003572                spi_FlashGetStatusRegister
 .text.spi_FlashDisplayFeatureRegisters
                0x00003584       0xb0 Drivers/FLASH_Driver.o
                0x00003584                spi_FlashDisplayFeatureRegisters
 .text.spi_FlashGetFeatures
                0x00003634       0x2c Drivers/FLASH_Driver.o
                0x00003634                spi_FlashGetFeatures
 .text.spi_FlashSetFeatures
                0x00003660       0x2e Drivers/FLASH_Driver.o
                0x00003660                spi_FlashSetFeatures
 .text.spi_FlashUnlockAllBlocks
                0x0000368e       0x46 Drivers/FLASH_Driver.o
                0x0000368e                spi_FlashUnlockAllBlocks
 .text.spi_FlashEnableWrite
                0x000036d4       0x32 Drivers/FLASH_Driver.o
                0x000036d4                spi_FlashEnableWrite
 .text.spi_FlashDisableWrite
                0x00003706       0x32 Drivers/FLASH_Driver.o
                0x00003706                spi_FlashDisableWrite
 .text.spi_FlashWriteToPage
                0x00003738      0x24a Drivers/FLASH_Driver.o
                0x00003738                spi_FlashWriteToPage
 .text.spi_FlashMapAddress
                0x00003982       0x90 Drivers/FLASH_Driver.o
                0x00003982                spi_FlashMapAddress
 .text.spi_FlashMaxAddress
                0x00003a12       0x98 Drivers/FLASH_Driver.o
                0x00003a12                spi_FlashMaxAddress
 .text.spi_FlashWrite
                0x00003aaa      0x1ac Drivers/FLASH_Driver.o
                0x00003aaa                spi_FlashWrite
 .text.spi_FlashReadFromPage
                0x00003c56      0x198 Drivers/FLASH_Driver.o
                0x00003c56                spi_FlashReadFromPage
 .text.spi_FlashRead
                0x00003dee      0x13e Drivers/FLASH_Driver.o
                0x00003dee                spi_FlashRead
 .text.spi_FlashEraseBlock
                0x00003f2c       0xf2 Drivers/FLASH_Driver.o
                0x00003f2c                spi_FlashEraseBlock
 .text.spi_FlashReset
                0x0000401e       0x20 Drivers/FLASH_Driver.o
                0x0000401e                spi_FlashReset
 .text.RTC_config
                0x0000403e       0x8c Drivers/RTC.o
                0x0000403e                RTC_config
 .text.RTC_readCLKF
                0x000040ca       0x38 Drivers/RTC.o
                0x000040ca                RTC_readCLKF
 .text.init_spi
                0x00004102       0x14 Drivers/spi.o
                0x00004102                init_spi
 .text.spiTransferByte
                0x00004116        0xc Drivers/spi.o
                0x00004116                spiTransferByte
 .text.spiSendBytes
                0x00004122       0x24 Drivers/spi.o
                0x00004122                spiSendBytes
 .text.spiGetBytes
                0x00004146       0x22 Drivers/spi.o
                0x00004146                spiGetBytes
 .text.spiSend2ByteBigEndian
                0x00004168       0x2e Drivers/spi.o
                0x00004168                spiSend2ByteBigEndian
 .text.spi_buckCtrlDac
                0x00004196       0x6e Drivers/spi_DACs.o
                0x00004196                spi_buckCtrlDac
 .text.spi_OpticsDAC
                0x00004204       0x6e Drivers/spi_DACs.o
                0x00004204                spi_OpticsDAC
 .text.spi_OpticsDAC_BroadCast
                0x00004272       0x24 Drivers/spi_DACs.o
                0x00004272                spi_OpticsDAC_BroadCast
 .text.spi_OpticsBuckCtl_BroadCast
                0x00004296       0x24 Drivers/spi_DACs.o
                0x00004296                spi_OpticsBuckCtl_BroadCast
 .text.spi_FRAM_writeEnable
                0x000042ba        0xa Drivers/spi_FRAM.o
                0x000042ba                spi_FRAM_writeEnable
 .text.FRAM_ReadStatusRegister
                0x000042c4       0x2e Drivers/spi_FRAM.o
                0x000042c4                FRAM_ReadStatusRegister
 .text.spi_FRAM_write
                0x000042f2       0x46 Drivers/spi_FRAM.o
                0x000042f2                spi_FRAM_write
 .text.spi_FRAM_read
                0x00004338       0x5c Drivers/spi_FRAM.o
                0x00004338                spi_FRAM_read
 .text.read_FRAM_DeviceID
                0x00004394       0x5e Drivers/spi_FRAM.o
                0x00004394                read_FRAM_DeviceID
 .text.wrFRAM   0x000043f2       0x86 Drivers/spi_FRAM.o
                0x000043f2                wrFRAM
 .text.framSaveSerialNumber
                0x00004478       0x18 Drivers/spi_FRAM.o
                0x00004478                framSaveSerialNumber
 .text.framReadSerialNumber
                0x00004490       0x30 Drivers/spi_FRAM.o
                0x00004490                framReadSerialNumber
 .text.spi_RTC_Write
                0x000044c0       0x30 Drivers/spi_RTC.o
                0x000044c0                spi_RTC_Write
 .text.spi_RTC_Read
                0x000044f0       0x30 Drivers/spi_RTC.o
                0x000044f0                spi_RTC_Read
 .text.getMuxConfiguration
                0x00004520       0x2e Drivers/TWI_MUX.o
                0x00004520                getMuxConfiguration
 .text.setI2Cmux
                0x0000454e       0xda Drivers/TWI_MUX.o
                0x0000454e                setI2Cmux
 .text.setStatus
                0x00004628       0x1a Drivers/twi_utils.o
                0x00004628                setStatus
 .text.showERRORcode
                0x00004642       0x1a Drivers/twi_utils.o
                0x00004642                showERRORcode
 .text.init_twi
                0x0000465c       0x8a Drivers/twi_utils.o
                0x0000465c                init_twi
 .text.twi_start
                0x000046e6       0x64 Drivers/twi_utils.o
                0x000046e6                twi_start
 .text.twi_write_bytes
                0x0000474a       0xee Drivers/twi_utils.o
                0x0000474a                twi_write_bytes
 .text.twi_read_bytes
                0x00004838      0x118 Drivers/twi_utils.o
                0x00004838                twi_read_bytes
 .text.init_Ports
                0x00004950       0x36 Initialize.o
                0x00004950                init_Ports
 .text.initialize
                0x00004986       0x6e Initialize.o
                0x00004986                initialize
 .text.main     0x000049f4       0x5c main.o
                0x000049f4                main
 .text.majorGeneral_num_lines
                0x00004a50        0x4 majorGeneral.o
                0x00004a50                majorGeneral_num_lines
 .text.majorGeneral_get_line
                0x00004a54       0x18 majorGeneral.o
                0x00004a54                majorGeneral_get_line
 .text.majorGeneral_get_line_len
                0x00004a6c       0x12 majorGeneral.o
                0x00004a6c                majorGeneral_get_line_len
 .text.ringbuf_init
                0x00004a7e       0x16 uart.o
 .text.ringbuf_get
                0x00004a94       0x52 uart.o
 .text.ringbuf_put
                0x00004ae6       0x56 uart.o
 .text.init_uart
                0x00004b3c       0x7a uart.o
                0x00004b3c                init_uart
 .text.uart0_putchar
                0x00004bb6       0x28 uart.o
                0x00004bb6                uart0_putchar
 .text.uart1_put
                0x00004bde       0x20 uart.o
                0x00004bde                uart1_put
 .text.uarts_getchar
                0x00004bfe        0x6 uart.o
                0x00004bfe                uarts_getchar
 .text.__vector_25
                0x00004c04      0x1be uart.o
                0x00004c04                __vector_25
 .text.__vector_36
                0x00004dc2       0x9e uart.o
                0x00004dc2                __vector_36
 .text.doUart   0x00004e60       0xcc uart.o
                0x00004e60                doUart
 .text.avr-libc.fplib
                0x00004f2c       0x58 c:/program files (x86)/atmel/studio/7.0/toolchain/avr8/avr8-gnu-toolchain/bin/../lib/gcc/avr/5.4.0/../../../../avr/lib/avr6\libm.a(fixunssfsi.o)
                0x00004f2c                __fixunssfsi
 .text.avr-libc.fplib
                0x00004f84       0x7a c:/program files (x86)/atmel/studio/7.0/toolchain/avr8/avr8-gnu-toolchain/bin/../lib/gcc/avr/5.4.0/../../../../avr/lib/avr6\libm.a(floatsisf.o)
                0x00004f84                __floatunsisf
                0x00004f88                __floatsisf
 .text.avr-libc.fplib
                0x00004ffe       0x44 c:/program files (x86)/atmel/studio/7.0/toolchain/avr8/avr8-gnu-toolchain/bin/../lib/gcc/avr/5.4.0/../../../../avr/lib/avr6\libm.a(fp_split3.o)
                0x00004ffe                __fp_split3
                0x0000500e                __fp_splitA
 .text.avr-libc.fplib
                0x00005042        0xe c:/program files (x86)/atmel/studio/7.0/toolchain/avr8/avr8-gnu-toolchain/bin/../lib/gcc/avr/5.4.0/../../../../avr/lib/avr6\libm.a(fp_zero.o)
                0x00005042                __fp_zero
                0x00005044                __fp_szero
 .text.avr-libc.fplib
                0x00005050        0x4 c:/program files (x86)/atmel/studio/7.0/toolchain/avr8/avr8-gnu-toolchain/bin/../lib/gcc/avr/5.4.0/../../../../avr/lib/avr6\libm.a(mulsf3.o)
                0x00005050                __mulsf3
 .text.avr-libc.fplib
                0x00005054       0xc2 c:/program files (x86)/atmel/studio/7.0/toolchain/avr8/avr8-gnu-toolchain/bin/../lib/gcc/avr/5.4.0/../../../../avr/lib/avr6\libm.a(mulsf3x.o)
                0x00005068                __mulsf3x
                0x0000506c                __mulsf3_pse
 .text.avr-libc.fplib
                0x00005116        0xc c:/program files (x86)/atmel/studio/7.0/toolchain/avr8/avr8-gnu-toolchain/bin/../lib/gcc/avr/5.4.0/../../../../avr/lib/avr6\libm.a(fp_inf.o)
                0x00005116                __fp_inf
 .text.avr-libc.fplib
                0x00005122        0x6 c:/program files (x86)/atmel/studio/7.0/toolchain/avr8/avr8-gnu-toolchain/bin/../lib/gcc/avr/5.4.0/../../../../avr/lib/avr6\libm.a(fp_nan.o)
                0x00005122                __fp_nan
 .text.avr-libc.fplib
                0x00005128        0xe c:/program files (x86)/atmel/studio/7.0/toolchain/avr8/avr8-gnu-toolchain/bin/../lib/gcc/avr/5.4.0/../../../../avr/lib/avr6\libm.a(fp_pscA.o)
                0x00005128                __fp_pscA
 .text.avr-libc.fplib
                0x00005136        0xe c:/program files (x86)/atmel/studio/7.0/toolchain/avr8/avr8-gnu-toolchain/bin/../lib/gcc/avr/5.4.0/../../../../avr/lib/avr6\libm.a(fp_pscB.o)
                0x00005136                __fp_pscB
 .text.avr-libc.fplib
                0x00005144       0x22 c:/program files (x86)/atmel/studio/7.0/toolchain/avr8/avr8-gnu-toolchain/bin/../lib/gcc/avr/5.4.0/../../../../avr/lib/avr6\libm.a(fp_round.o)
                0x00005144                __fp_round
 .text.avr-libc
                0x00005166      0x712 c:/program files (x86)/atmel/studio/7.0/toolchain/avr8/avr8-gnu-toolchain/bin/../lib/gcc/avr/5.4.0/../../../../avr/lib/avr6\libprintf_flt.a(vfprintf_flt.o)
                0x00005166                vfprintf
 .text.libgcc.div
                0x00005878       0x28 c:/program files (x86)/atmel/studio/7.0/toolchain/avr8/avr8-gnu-toolchain/bin/../lib/gcc/avr/5.4.0/avr6\libgcc.a(_divmodsi4.o)
                0x00005878                __divmodsi4
 .text.libgcc.div
                0x000058a0       0x10 c:/program files (x86)/atmel/studio/7.0/toolchain/avr8/avr8-gnu-toolchain/bin/../lib/gcc/avr/5.4.0/avr6\libgcc.a(_negsi2.o)
                0x000058a0                __negsi2
 .text.libgcc.mul
                0x000058b0       0x1e c:/program files (x86)/atmel/studio/7.0/toolchain/avr8/avr8-gnu-toolchain/bin/../lib/gcc/avr/5.4.0/avr6\libgcc.a(_umulhisi3.o)
                0x000058b0                __umulhisi3
 .text.libgcc.mul
                0x000058ce        0xc c:/program files (x86)/atmel/studio/7.0/toolchain/avr8/avr8-gnu-toolchain/bin/../lib/gcc/avr/5.4.0/avr6\libgcc.a(_usmulhisi3.o)
                0x000058ce                __usmulhisi3
                0x000058d0                __usmulhisi3_tail
 .text.libgcc.div
                0x000058da       0x44 c:/program files (x86)/atmel/studio/7.0/toolchain/avr8/avr8-gnu-toolchain/bin/../lib/gcc/avr/5.4.0/avr6\libgcc.a(_udivmodsi4.o)
                0x000058da                __udivmodsi4
 .text.avr-libc
                0x0000591e       0x3a c:/program files (x86)/atmel/studio/7.0/toolchain/avr8/avr8-gnu-toolchain/bin/../lib/gcc/avr/5.4.0/../../../../avr/lib/avr6\libc.a(atoi.o)
                0x0000591e                atoi
 .text.avr-libc
                0x00005958      0x1b0 c:/program files (x86)/atmel/studio/7.0/toolchain/avr8/avr8-gnu-toolchain/bin/../lib/gcc/avr/5.4.0/../../../../avr/lib/avr6\libc.a(ftoa_engine.o)
                0x00005958                __ftoa_engine
 .text.avr-libc
                0x00005b08        0xe c:/program files (x86)/atmel/studio/7.0/toolchain/avr8/avr8-gnu-toolchain/bin/../lib/gcc/avr/5.4.0/../../../../avr/lib/avr6\libc.a(strcpy_P.o)
                0x00005b08                strcpy_P
 .text.avr-libc
                0x00005b16       0x12 c:/program files (x86)/atmel/studio/7.0/toolchain/avr8/avr8-gnu-toolchain/bin/../lib/gcc/avr/5.4.0/../../../../avr/lib/avr6\libc.a(strlen_P.o)
                0x00005b16                __strlen_P
 .text.avr-libc
                0x00005b28       0x16 c:/program files (x86)/atmel/studio/7.0/toolchain/avr8/avr8-gnu-toolchain/bin/../lib/gcc/avr/5.4.0/../../../../avr/lib/avr6\libc.a(strnlen_P.o)
                0x00005b28                strnlen_P
 .text.avr-libc
                0x00005b3e       0x12 c:/program files (x86)/atmel/studio/7.0/toolchain/avr8/avr8-gnu-toolchain/bin/../lib/gcc/avr/5.4.0/../../../../avr/lib/avr6\libc.a(strcmp.o)
                0x00005b3e                strcmp
 .text.avr-libc
                0x00005b50       0x12 c:/program files (x86)/atmel/studio/7.0/toolchain/avr8/avr8-gnu-toolchain/bin/../lib/gcc/avr/5.4.0/../../../../avr/lib/avr6\libc.a(strlen.o)
                0x00005b50                strlen
 .text.avr-libc
                0x00005b62       0x16 c:/program files (x86)/atmel/studio/7.0/toolchain/avr8/avr8-gnu-toolchain/bin/../lib/gcc/avr/5.4.0/../../../../avr/lib/avr6\libc.a(strnlen.o)
                0x00005b62                strnlen
 .text.avr-libc
                0x00005b78       0x10 c:/program files (x86)/atmel/studio/7.0/toolchain/avr8/avr8-gnu-toolchain/bin/../lib/gcc/avr/5.4.0/../../../../avr/lib/avr6\libc.a(mul10.o)
                0x00005b78                __mulhi_const_10
 .text.avr-libc
                0x00005b88       0x78 c:/program files (x86)/atmel/studio/7.0/toolchain/avr8/avr8-gnu-toolchain/bin/../lib/gcc/avr/5.4.0/../../../../avr/lib/avr6\libc.a(fputc.o)
                0x00005b88                fputc
 .text.avr-libc
                0x00005c00       0x26 c:/program files (x86)/atmel/studio/7.0/toolchain/avr8/avr8-gnu-toolchain/bin/../lib/gcc/avr/5.4.0/../../../../avr/lib/avr6\libc.a(printf.o)
                0x00005c00                printf
 .text.avr-libc
                0x00005c26       0x4e c:/program files (x86)/atmel/studio/7.0/toolchain/avr8/avr8-gnu-toolchain/bin/../lib/gcc/avr/5.4.0/../../../../avr/lib/avr6\libc.a(printf_p.o)
                0x00005c26                printf_P
 .text.avr-libc
                0x00005c74        0xa c:/program files (x86)/atmel/studio/7.0/toolchain/avr8/avr8-gnu-toolchain/bin/../lib/gcc/avr/5.4.0/../../../../avr/lib/avr6\libc.a(putchar.o)
                0x00005c74                putchar
 .text.avr-libc
                0x00005c7e       0x60 c:/program files (x86)/atmel/studio/7.0/toolchain/avr8/avr8-gnu-toolchain/bin/../lib/gcc/avr/5.4.0/../../../../avr/lib/avr6\libc.a(puts.o)
                0x00005c7e                puts
 .text.avr-libc
                0x00005cde       0xbc c:/program files (x86)/atmel/studio/7.0/toolchain/avr8/avr8-gnu-toolchain/bin/../lib/gcc/avr/5.4.0/../../../../avr/lib/avr6\libc.a(ultoa_invert.o)
                0x00005cde                __ultoa_invert
                0x00005d9a                . = ALIGN (0x2)
 *(.fini9)
 .fini9         0x00005d9a        0x0 c:/program files (x86)/atmel/studio/7.0/toolchain/avr8/avr8-gnu-toolchain/bin/../lib/gcc/avr/5.4.0/avr6\libgcc.a(_exit.o)
                0x00005d9a                _exit
                0x00005d9a                exit
 *(.fini9)
 *(.fini8)
 *(.fini8)
 *(.fini7)
 *(.fini7)
 *(.fini6)
 *(.fini6)
 *(.fini5)
 *(.fini5)
 *(.fini4)
 *(.fini4)
 *(.fini3)
 *(.fini3)
 *(.fini2)
 *(.fini2)
 *(.fini1)
 *(.fini1)
 *(.fini0)
 .fini0         0x00005d9a        0x4 c:/program files (x86)/atmel/studio/7.0/toolchain/avr8/avr8-gnu-toolchain/bin/../lib/gcc/avr/5.4.0/avr6\libgcc.a(_exit.o)
 *(.fini0)
                0x00005d9e                _etext = .

.data           0x00800200      0x7b0 load address 0x00005d9e
                0x00800200                PROVIDE (__data_start, .)
 *(.data)
 *(.data*)
 .data.i        0x00800200        0x1 Commands/testCommand1.o
                0x00800200                i
 .data.uart_str
                0x00800201        0xe Initialize.o
 *(.gnu.linkonce.d*)
 *(.rodata)
 .rodata        0x0080020f      0x20f Commands/testCommand1.o
 .rodata        0x0080041e      0x10e Drivers/FLASH_Driver.o
 *(.rodata*)
 .rodata.str1.1
                0x0080052c       0x30 CountersAndTimers.o
 .rodata.str1.1
                0x0080055c       0x4a Drivers/ADC2518.o
 .rodata.str1.1
                0x008005a6       0x4b Drivers/ADC_uC.o
 .rodata.str1.1
                0x008005f1       0x30 Drivers/NPA700.o
 .rodata.str1.1
                0x00800621       0x7b Drivers/RH_T.o
 .rodata.str1.1
                0x0080069c       0x15 Drivers/spi_ADC2518.o
 .rodata.str1.1
                0x008006b1       0x70 Drivers/RTC.o
 .rodata.str1.1
                0x00800721       0x8f Drivers/spi_DACs.o
 .rodata.str1.1
                0x008007b0       0x4a Drivers/spi_FRAM.o
                                 0x52 (size before relaxing)
 .rodata.str1.1
                0x008007fa       0xa3 Drivers/TWI_MUX.o
 .rodata.numErrors.1817
                0x0080089d        0x4 Drivers/TWI_MUX.o
 .rodata.str1.1
                0x008008a1       0xb9 Drivers/twi_utils.o
 .rodata.str1.1
                0x0080095a       0x11 Initialize.o
 .rodata.str1.1
                0x0080096b        0xc main.o
 .rodata.str1.1
                0x00800977       0x39 uart.o
 *(.gnu.linkonce.r*)
                0x008009b0                . = ALIGN (0x2)
                0x008009b0                _edata = .
                0x008009b0                PROVIDE (__data_end, .)

.bss            0x008009b0      0x138
                0x008009b0                PROVIDE (__bss_start, .)
 *(.bss)
 *(.bss*)
 .bss.ms_twiCount
                0x008009b0        0x2 CountersAndTimers.o
                0x008009b0                ms_twiCount
 .bss.halfSecFlag
                0x008009b2        0x1 CountersAndTimers.o
                0x008009b2                halfSecFlag
 .bss.oneSecFlag
                0x008009b3        0x1 CountersAndTimers.o
                0x008009b3                oneSecFlag
 .bss.counter1024Hz
                0x008009b4        0x2 CountersAndTimers.o
                0x008009b4                counter1024Hz
 .bss.numReadings.2095
                0x008009b6        0x2 Drivers/ADC_uC.o
 .bss.currentADCchannel
                0x008009b8        0x1 Drivers/ADC_uC.o
 .bss.firstADCchannel
                0x008009b9        0x1 Drivers/ADC_uC.o
 .bss.adcCompleteFlag
                0x008009ba        0x1 Drivers/ADC_uC.o
                0x008009ba                adcCompleteFlag
 .bss.adcReadings
                0x008009bb       0x20 Drivers/ADC_uC.o
 .bss.npaU47    0x008009db        0x6 Drivers/NPA700.o
 .bss.npaAbsP   0x008009e1        0x6 Drivers/NPA700.o
 .bss.npaFlow   0x008009e7        0x6 Drivers/NPA700.o
 .bss.rhStarted
                0x008009ed        0x1 Drivers/RH_T.o
 .bss.serialNumber
                0x008009ee        0x2 Drivers/spi_FRAM.o
                0x008009ee                serialNumber
 .bss.verbose   0x008009f0        0x1 Drivers/twi_utils.o
 .bss.currentUart
                0x008009f1        0x1 uart.o
                0x008009f1                currentUart
 .bss.pauseOutputForCmdCnt
                0x008009f2        0x1 uart.o
                0x008009f2                pauseOutputForCmdCnt
 .bss.outputCharacters
                0x008009f3        0x1 uart.o
                0x008009f3                outputCharacters
 .bss.commandSize
                0x008009f4        0x1 uart.o
                0x008009f4                commandSize
 .bss.bufIndex0
                0x008009f5        0x1 uart.o
                0x008009f5                bufIndex0
 .bss.clrError  0x008009f6        0x2 uart.o
                0x008009f6                clrError
 .bss.commandCompleteFlag0
                0x008009f8        0x1 uart.o
                0x008009f8                commandCompleteFlag0
 *(COMMON)
 COMMON         0x008009f9       0x40 main.o
                0x008009f9                userSettings
                0x008009fe                readings
                0x00800a30                hdwConfig
 COMMON         0x00800a39       0xa9 uart.o
                0x00800a39                rb
                0x00800a41                buf1
                0x00800ac1                commandCompleteFlag1
                0x00800ac2                buf
 COMMON         0x00800ae2        0x6 c:/program files (x86)/atmel/studio/7.0/toolchain/avr8/avr8-gnu-toolchain/bin/../lib/gcc/avr/5.4.0/../../../../avr/lib/avr6\libc.a(iob.o)
                0x00800ae2                __iob
                0x00800ae8                PROVIDE (__bss_end, .)
                0x00005d9e                __data_load_start = LOADADDR (.data)
                0x0000654e                __data_load_end = (__data_load_start + SIZEOF (.data))

.noinit         0x00800ae8        0x0
                [!provide]                PROVIDE (__noinit_start, .)
 *(.noinit*)
                [!provide]                PROVIDE (__noinit_end, .)
                0x00800ae8                _end = .
                [!provide]                PROVIDE (__heap_start, .)

.eeprom         0x00810000        0x0
 *(.eeprom*)
                0x00810000                __eeprom_end = .

.fuse
 *(.fuse)
 *(.lfuse)
 *(.hfuse)
 *(.efuse)

.lock
 *(.lock*)

.signature
 *(.signature*)

.user_signatures
 *(.user_signatures*)

.stab
 *(.stab)

.stabstr
 *(.stabstr)

.stab.excl
 *(.stab.excl)

.stab.exclstr
 *(.stab.exclstr)

.stab.index
 *(.stab.index)

.stab.indexstr
 *(.stab.indexstr)

.comment        0x00000000       0x5c
 *(.comment)
 .comment       0x00000000       0x30 Commands/testCommand1.o
                                 0x31 (size before relaxing)
 .comment       0x00000030       0x31 CountersAndTimers.o
 .comment       0x00000030       0x31 Drivers/ADC2518.o
 .comment       0x00000030       0x31 Drivers/ADC_uC.o
 .comment       0x00000030       0x31 Drivers/NPA700.o
 .comment       0x00000030       0x31 Drivers/RH_T.o
 .comment       0x00000030       0x31 Drivers/spi_ADC2518.o
 .comment       0x00000030       0x31 Drivers/EnablesAndCSs.o
 .comment       0x00000030       0x31 Drivers/FLASH_Driver.o
 .comment       0x00000030       0x31 Drivers/RTC.o
 .comment       0x00000030       0x31 Drivers/spi.o
 .comment       0x00000030       0x31 Drivers/spi_DACs.o
 .comment       0x00000030       0x31 Drivers/spi_FRAM.o
 .comment       0x00000030       0x31 Drivers/spi_RTC.o
 .comment       0x00000030       0x31 Drivers/TWI_MUX.o
 .comment       0x00000030       0x31 Drivers/twi_utils.o
 .comment       0x00000030       0x31 Initialize.o
 .comment       0x00000030       0x31 main.o
 .comment       0x00000030       0x31 majorGeneral.o
 .comment       0x00000030       0x31 uart.o
 .comment       0x00000030       0x2c c:/program files (x86)/atmel/studio/7.0/toolchain/avr8/avr8-gnu-toolchain/bin/../lib/gcc/avr/5.4.0/../../../../avr/lib/avr6\libprintf_flt.a(vfprintf_flt.o)
                                 0x2d (size before relaxing)
 .comment       0x0000005c       0x31 c:/program files (x86)/atmel/studio/7.0/toolchain/avr8/avr8-gnu-toolchain/bin/../lib/gcc/avr/5.4.0/../../../../avr/lib/avr6\libc.a(fputc.o)
 .comment       0x0000005c       0x31 c:/program files (x86)/atmel/studio/7.0/toolchain/avr8/avr8-gnu-toolchain/bin/../lib/gcc/avr/5.4.0/../../../../avr/lib/avr6\libc.a(iob.o)
 .comment       0x0000005c       0x31 c:/program files (x86)/atmel/studio/7.0/toolchain/avr8/avr8-gnu-toolchain/bin/../lib/gcc/avr/5.4.0/../../../../avr/lib/avr6\libc.a(printf.o)
 .comment       0x0000005c       0x31 c:/program files (x86)/atmel/studio/7.0/toolchain/avr8/avr8-gnu-toolchain/bin/../lib/gcc/avr/5.4.0/../../../../avr/lib/avr6\libc.a(printf_p.o)
 .comment       0x0000005c       0x31 c:/program files (x86)/atmel/studio/7.0/toolchain/avr8/avr8-gnu-toolchain/bin/../lib/gcc/avr/5.4.0/../../../../avr/lib/avr6\libc.a(putchar.o)
 .comment       0x0000005c       0x31 c:/program files (x86)/atmel/studio/7.0/toolchain/avr8/avr8-gnu-toolchain/bin/../lib/gcc/avr/5.4.0/../../../../avr/lib/avr6\libc.a(puts.o)

.note.gnu.avr.deviceinfo
                0x00000000       0x40
 .note.gnu.avr.deviceinfo
                0x00000000       0x40 C:/Program Files (x86)/Atmel/Studio/7.0/Packs/atmel/ATmega_DFP/2.0.401/gcc/dev/atmega2560/avr6/crtatmega2560.o

.note.gnu.build-id
 *(.note.gnu.build-id)

.debug
 *(.debug)

.line
 *(.line)

.debug_srcinfo
 *(.debug_srcinfo)

.debug_sfnames
 *(.debug_sfnames)

.debug_aranges  0x00000000      0x6d0
 *(.debug_aranges)
 .debug_aranges
                0x00000000       0x70 Commands/testCommand1.o
 .debug_aranges
                0x00000070       0x38 CountersAndTimers.o
 .debug_aranges
                0x000000a8       0x58 Drivers/ADC2518.o
 .debug_aranges
                0x00000100       0x50 Drivers/ADC_uC.o
 .debug_aranges
                0x00000150       0x50 Drivers/NPA700.o
 .debug_aranges
                0x000001a0       0x38 Drivers/RH_T.o
 .debug_aranges
                0x000001d8       0x30 Drivers/spi_ADC2518.o
 .debug_aranges
                0x00000208       0xf0 Drivers/EnablesAndCSs.o
 .debug_aranges
                0x000002f8      0x108 Drivers/FLASH_Driver.o
 .debug_aranges
                0x00000400       0x30 Drivers/RTC.o
 .debug_aranges
                0x00000430       0x58 Drivers/spi.o
 .debug_aranges
                0x00000488       0x48 Drivers/spi_DACs.o
 .debug_aranges
                0x000004d0       0x58 Drivers/spi_FRAM.o
 .debug_aranges
                0x00000528       0x28 Drivers/spi_RTC.o
 .debug_aranges
                0x00000550       0x28 Drivers/TWI_MUX.o
 .debug_aranges
                0x00000578       0x50 Drivers/twi_utils.o
 .debug_aranges
                0x000005c8       0x30 Initialize.o
 .debug_aranges
                0x000005f8       0x20 main.o
 .debug_aranges
                0x00000618       0x38 majorGeneral.o
 .debug_aranges
                0x00000650       0x80 uart.o

.debug_pubnames
 *(.debug_pubnames)

.debug_info     0x00000000     0x85d6
 *(.debug_info .gnu.linkonce.wi.*)
 .debug_info    0x00000000      0xbbc C:/Program Files (x86)/Atmel/Studio/7.0/Packs/atmel/ATmega_DFP/2.0.401/gcc/dev/atmega2560/avr6/crtatmega2560.o
 .debug_info    0x00000bbc     0x135b Commands/testCommand1.o
 .debug_info    0x00001f17      0x17d CountersAndTimers.o
 .debug_info    0x00002094      0x358 Drivers/ADC2518.o
 .debug_info    0x000023ec      0x40a Drivers/ADC_uC.o
 .debug_info    0x000027f6      0x430 Drivers/NPA700.o
 .debug_info    0x00002c26      0x3e3 Drivers/RH_T.o
 .debug_info    0x00003009      0x2c2 Drivers/spi_ADC2518.o
 .debug_info    0x000032cb      0x32e Drivers/EnablesAndCSs.o
 .debug_info    0x000035f9     0x2390 Drivers/FLASH_Driver.o
 .debug_info    0x00005989      0x37a Drivers/RTC.o
 .debug_info    0x00005d03      0x2ee Drivers/spi.o
 .debug_info    0x00005ff1      0x553 Drivers/spi_DACs.o
 .debug_info    0x00006544      0x521 Drivers/spi_FRAM.o
 .debug_info    0x00006a65      0x1d0 Drivers/spi_RTC.o
 .debug_info    0x00006c35      0x21a Drivers/TWI_MUX.o
 .debug_info    0x00006e4f      0x5fc Drivers/twi_utils.o
 .debug_info    0x0000744b      0x402 Initialize.o
 .debug_info    0x0000784d      0x33f main.o
 .debug_info    0x00007b8c      0x20c majorGeneral.o
 .debug_info    0x00007d98      0x83e uart.o

.debug_abbrev   0x00000000     0x28a0
 *(.debug_abbrev)
 .debug_abbrev  0x00000000      0xb1a C:/Program Files (x86)/Atmel/Studio/7.0/Packs/atmel/ATmega_DFP/2.0.401/gcc/dev/atmega2560/avr6/crtatmega2560.o
 .debug_abbrev  0x00000b1a      0x223 Commands/testCommand1.o
 .debug_abbrev  0x00000d3d       0xba CountersAndTimers.o
 .debug_abbrev  0x00000df7      0x110 Drivers/ADC2518.o
 .debug_abbrev  0x00000f07      0x1b9 Drivers/ADC_uC.o
 .debug_abbrev  0x000010c0      0x196 Drivers/NPA700.o
 .debug_abbrev  0x00001256      0x1b2 Drivers/RH_T.o
 .debug_abbrev  0x00001408       0xef Drivers/spi_ADC2518.o
 .debug_abbrev  0x000014f7       0xc2 Drivers/EnablesAndCSs.o
 .debug_abbrev  0x000015b9      0x315 Drivers/FLASH_Driver.o
 .debug_abbrev  0x000018ce      0x11a Drivers/RTC.o
 .debug_abbrev  0x000019e8      0x10a Drivers/spi.o
 .debug_abbrev  0x00001af2      0x102 Drivers/spi_DACs.o
 .debug_abbrev  0x00001bf4      0x164 Drivers/spi_FRAM.o
 .debug_abbrev  0x00001d58       0xa3 Drivers/spi_RTC.o
 .debug_abbrev  0x00001dfb      0x103 Drivers/TWI_MUX.o
 .debug_abbrev  0x00001efe      0x27e Drivers/twi_utils.o
 .debug_abbrev  0x0000217c      0x1fc Initialize.o
 .debug_abbrev  0x00002378      0x112 main.o
 .debug_abbrev  0x0000248a      0x12c majorGeneral.o
 .debug_abbrev  0x000025b6      0x2ea uart.o

.debug_line     0x00000000     0x479e
 *(.debug_line .debug_line.* .debug_line_end)
 .debug_line    0x00000000      0x1fa C:/Program Files (x86)/Atmel/Studio/7.0/Packs/atmel/ATmega_DFP/2.0.401/gcc/dev/atmega2560/avr6/crtatmega2560.o
 .debug_line    0x000001fa      0xced Commands/testCommand1.o
 .debug_line    0x00000ee7      0x171 CountersAndTimers.o
 .debug_line    0x00001058      0x235 Drivers/ADC2518.o
 .debug_line    0x0000128d      0x2cd Drivers/ADC_uC.o
 .debug_line    0x0000155a      0x2bf Drivers/NPA700.o
 .debug_line    0x00001819      0x242 Drivers/RH_T.o
 .debug_line    0x00001a5b      0x192 Drivers/spi_ADC2518.o
 .debug_line    0x00001bed      0x2fd Drivers/EnablesAndCSs.o
 .debug_line    0x00001eea      0xc55 Drivers/FLASH_Driver.o
 .debug_line    0x00002b3f      0x1be Drivers/RTC.o
 .debug_line    0x00002cfd      0x273 Drivers/spi.o
 .debug_line    0x00002f70      0x284 Drivers/spi_DACs.o
 .debug_line    0x000031f4      0x29f Drivers/spi_FRAM.o
 .debug_line    0x00003493      0x120 Drivers/spi_RTC.o
 .debug_line    0x000035b3      0x17a Drivers/TWI_MUX.o
 .debug_line    0x0000372d      0x475 Drivers/twi_utils.o
 .debug_line    0x00003ba2      0x255 Initialize.o
 .debug_line    0x00003df7      0x191 main.o
 .debug_line    0x00003f88      0x1d9 majorGeneral.o
 .debug_line    0x00004161      0x63d uart.o

.debug_frame    0x00000000     0x152c
 *(.debug_frame)
 .debug_frame   0x00000000      0x1bc Commands/testCommand1.o
 .debug_frame   0x000001bc       0x7c CountersAndTimers.o
 .debug_frame   0x00000238      0x104 Drivers/ADC2518.o
 .debug_frame   0x0000033c      0x154 Drivers/ADC_uC.o
 .debug_frame   0x00000490       0xd8 Drivers/NPA700.o
 .debug_frame   0x00000568       0x78 Drivers/RH_T.o
 .debug_frame   0x000005e0       0x88 Drivers/spi_ADC2518.o
 .debug_frame   0x00000668      0x1c4 Drivers/EnablesAndCSs.o
 .debug_frame   0x0000082c      0x4f8 Drivers/FLASH_Driver.o
 .debug_frame   0x00000d24       0x84 Drivers/RTC.o
 .debug_frame   0x00000da8       0xb4 Drivers/spi.o
 .debug_frame   0x00000e5c      0x104 Drivers/spi_DACs.o
 .debug_frame   0x00000f60      0x120 Drivers/spi_FRAM.o
 .debug_frame   0x00001080       0x5c Drivers/spi_RTC.o
 .debug_frame   0x000010dc       0x54 Drivers/TWI_MUX.o
 .debug_frame   0x00001130      0x130 Drivers/twi_utils.o
 .debug_frame   0x00001260       0x50 Initialize.o
 .debug_frame   0x000012b0       0x24 main.o
 .debug_frame   0x000012d4       0x54 majorGeneral.o
 .debug_frame   0x00001328      0x204 uart.o

.debug_str      0x00000000     0x1ca3
 *(.debug_str)
 .debug_str     0x00000000      0x3e6 C:/Program Files (x86)/Atmel/Studio/7.0/Packs/atmel/ATmega_DFP/2.0.401/gcc/dev/atmega2560/avr6/crtatmega2560.o
 .debug_str     0x000003e6      0x650 Commands/testCommand1.o
                                0x6b7 (size before relaxing)
 .debug_str     0x00000a36       0x81 CountersAndTimers.o
                                0x208 (size before relaxing)
 .debug_str     0x00000ab7       0xbe Drivers/ADC2518.o
                                0x29a (size before relaxing)
 .debug_str     0x00000b75      0x11d Drivers/ADC_uC.o
                                0x325 (size before relaxing)
 .debug_str     0x00000c92      0x119 Drivers/NPA700.o
                                0x2d2 (size before relaxing)
 .debug_str     0x00000dab       0x48 Drivers/RH_T.o
                                0x261 (size before relaxing)
 .debug_str     0x00000df3       0x50 Drivers/spi_ADC2518.o
                                0x20d (size before relaxing)
 .debug_str     0x00000e43       0xd4 Drivers/EnablesAndCSs.o
                                0x310 (size before relaxing)
 .debug_str     0x00000f17      0x7af Drivers/FLASH_Driver.o
                                0xb17 (size before relaxing)
 .debug_str     0x000016c6       0xc9 Drivers/RTC.o
                                0x28c (size before relaxing)
 .debug_str     0x0000178f       0x89 Drivers/spi.o
                                0x28d (size before relaxing)
 .debug_str     0x00001818       0x27 Drivers/spi_DACs.o
                                0x29e (size before relaxing)
 .debug_str     0x0000183f       0x40 Drivers/spi_FRAM.o
                                0x2ba (size before relaxing)
 .debug_str     0x0000187f       0x15 Drivers/spi_RTC.o
                                0x1ec (size before relaxing)
 .debug_str     0x00001894       0x3c Drivers/TWI_MUX.o
                                0x20f (size before relaxing)
 .debug_str     0x000018d0       0xf2 Drivers/twi_utils.o
                                0x2fe (size before relaxing)
 .debug_str     0x000019c2       0x6d Initialize.o
                                0x326 (size before relaxing)
 .debug_str     0x00001a2f       0xdf main.o
                                0x35d (size before relaxing)
 .debug_str     0x00001b0e       0x53 majorGeneral.o
                                0x22d (size before relaxing)
 .debug_str     0x00001b61      0x142 uart.o
                                0x3a3 (size before relaxing)

.debug_loc      0x00000000     0x51f4
 *(.debug_loc)
 .debug_loc     0x00000000      0xada Commands/testCommand1.o
 .debug_loc     0x00000ada       0x85 CountersAndTimers.o
 .debug_loc     0x00000b5f      0x37e Drivers/ADC2518.o
 .debug_loc     0x00000edd      0x422 Drivers/ADC_uC.o
 .debug_loc     0x000012ff      0x284 Drivers/NPA700.o
 .debug_loc     0x00001583       0xee Drivers/RH_T.o
 .debug_loc     0x00001671      0x286 Drivers/spi_ADC2518.o
 .debug_loc     0x000018f7     0x1d78 Drivers/FLASH_Driver.o
 .debug_loc     0x0000366f      0x12c Drivers/RTC.o
 .debug_loc     0x0000379b      0x22d Drivers/spi.o
 .debug_loc     0x000039c8      0x33a Drivers/spi_DACs.o
 .debug_loc     0x00003d02      0x3f0 Drivers/spi_FRAM.o
 .debug_loc     0x000040f2      0x1a8 Drivers/spi_RTC.o
 .debug_loc     0x0000429a      0x109 Drivers/TWI_MUX.o
 .debug_loc     0x000043a3      0x653 Drivers/twi_utils.o
 .debug_loc     0x000049f6       0x53 Initialize.o
 .debug_loc     0x00004a49       0xbd majorGeneral.o
 .debug_loc     0x00004b06      0x6ee uart.o

.debug_macinfo
 *(.debug_macinfo)

.debug_weaknames
 *(.debug_weaknames)

.debug_funcnames
 *(.debug_funcnames)

.debug_typenames
 *(.debug_typenames)

.debug_varnames
 *(.debug_varnames)

.debug_pubtypes
 *(.debug_pubtypes)

.debug_ranges   0x00000000      0x5c0
 *(.debug_ranges)
 .debug_ranges  0x00000000       0x60 Commands/testCommand1.o
 .debug_ranges  0x00000060       0x28 CountersAndTimers.o
 .debug_ranges  0x00000088       0x48 Drivers/ADC2518.o
 .debug_ranges  0x000000d0       0x40 Drivers/ADC_uC.o
 .debug_ranges  0x00000110       0x40 Drivers/NPA700.o
 .debug_ranges  0x00000150       0x28 Drivers/RH_T.o
 .debug_ranges  0x00000178       0x20 Drivers/spi_ADC2518.o
 .debug_ranges  0x00000198       0xe0 Drivers/EnablesAndCSs.o
 .debug_ranges  0x00000278       0xf8 Drivers/FLASH_Driver.o
 .debug_ranges  0x00000370       0x20 Drivers/RTC.o
 .debug_ranges  0x00000390       0x60 Drivers/spi.o
 .debug_ranges  0x000003f0       0x38 Drivers/spi_DACs.o
 .debug_ranges  0x00000428       0x48 Drivers/spi_FRAM.o
 .debug_ranges  0x00000470       0x18 Drivers/spi_RTC.o
 .debug_ranges  0x00000488       0x18 Drivers/TWI_MUX.o
 .debug_ranges  0x000004a0       0x58 Drivers/twi_utils.o
 .debug_ranges  0x000004f8       0x20 Initialize.o
 .debug_ranges  0x00000518       0x10 main.o
 .debug_ranges  0x00000528       0x28 majorGeneral.o
 .debug_ranges  0x00000550       0x70 uart.o

.debug_macro
 *(.debug_macro)
OUTPUT(SchuylerBoardTest.elf elf32-avr)
LOAD linker stubs
