Archive member included to satisfy reference by file (symbol)

c:/program files (x86)/atmel/studio/7.0/toolchain/avr8/avr8-gnu-toolchain/bin/../lib/gcc/avr/5.4.0/../../../../avr/lib/avr6\libm.a(fixunssfsi.o)
                              Drivers/ADC2518.o (__fixunssfsi)
c:/program files (x86)/atmel/studio/7.0/toolchain/avr8/avr8-gnu-toolchain/bin/../lib/gcc/avr/5.4.0/../../../../avr/lib/avr6\libm.a(floatsisf.o)
                              Drivers/ADC2518.o (__floatsisf)
c:/program files (x86)/atmel/studio/7.0/toolchain/avr8/avr8-gnu-toolchain/bin/../lib/gcc/avr/5.4.0/../../../../avr/lib/avr6\libm.a(fp_split3.o)
                              c:/program files (x86)/atmel/studio/7.0/toolchain/avr8/avr8-gnu-toolchain/bin/../lib/gcc/avr/5.4.0/../../../../avr/lib/avr6\libm.a(fixunssfsi.o) (__fp_splitA)
c:/program files (x86)/atmel/studio/7.0/toolchain/avr8/avr8-gnu-toolchain/bin/../lib/gcc/avr/5.4.0/../../../../avr/lib/avr6\libm.a(fp_zero.o)
                              c:/program files (x86)/atmel/studio/7.0/toolchain/avr8/avr8-gnu-toolchain/bin/../lib/gcc/avr/5.4.0/../../../../avr/lib/avr6\libm.a(fixunssfsi.o) (__fp_zero)
c:/program files (x86)/atmel/studio/7.0/toolchain/avr8/avr8-gnu-toolchain/bin/../lib/gcc/avr/5.4.0/../../../../avr/lib/avr6\libm.a(mulsf3.o)
                              Drivers/ADC2518.o (__mulsf3)
c:/program files (x86)/atmel/studio/7.0/toolchain/avr8/avr8-gnu-toolchain/bin/../lib/gcc/avr/5.4.0/../../../../avr/lib/avr6\libm.a(mulsf3x.o)
                              c:/program files (x86)/atmel/studio/7.0/toolchain/avr8/avr8-gnu-toolchain/bin/../lib/gcc/avr/5.4.0/../../../../avr/lib/avr6\libm.a(mulsf3.o) (__mulsf3x)
c:/program files (x86)/atmel/studio/7.0/toolchain/avr8/avr8-gnu-toolchain/bin/../lib/gcc/avr/5.4.0/../../../../avr/lib/avr6\libm.a(fp_inf.o)
                              c:/program files (x86)/atmel/studio/7.0/toolchain/avr8/avr8-gnu-toolchain/bin/../lib/gcc/avr/5.4.0/../../../../avr/lib/avr6\libm.a(mulsf3x.o) (__fp_inf)
c:/program files (x86)/atmel/studio/7.0/toolchain/avr8/avr8-gnu-toolchain/bin/../lib/gcc/avr/5.4.0/../../../../avr/lib/avr6\libm.a(fp_nan.o)
                              c:/program files (x86)/atmel/studio/7.0/toolchain/avr8/avr8-gnu-toolchain/bin/../lib/gcc/avr/5.4.0/../../../../avr/lib/avr6\libm.a(mulsf3x.o) (__fp_nan)
c:/program files (x86)/atmel/studio/7.0/toolchain/avr8/avr8-gnu-toolchain/bin/../lib/gcc/avr/5.4.0/../../../../avr/lib/avr6\libm.a(fp_pscA.o)
                              c:/program files (x86)/atmel/studio/7.0/toolchain/avr8/avr8-gnu-toolchain/bin/../lib/gcc/avr/5.4.0/../../../../avr/lib/avr6\libm.a(mulsf3x.o) (__fp_pscA)
c:/program files (x86)/atmel/studio/7.0/toolchain/avr8/avr8-gnu-toolchain/bin/../lib/gcc/avr/5.4.0/../../../../avr/lib/avr6\libm.a(fp_pscB.o)
                              c:/program files (x86)/atmel/studio/7.0/toolchain/avr8/avr8-gnu-toolchain/bin/../lib/gcc/avr/5.4.0/../../../../avr/lib/avr6\libm.a(mulsf3x.o) (__fp_pscB)
c:/program files (x86)/atmel/studio/7.0/toolchain/avr8/avr8-gnu-toolchain/bin/../lib/gcc/avr/5.4.0/../../../../avr/lib/avr6\libm.a(fp_round.o)
                              c:/program files (x86)/atmel/studio/7.0/toolchain/avr8/avr8-gnu-toolchain/bin/../lib/gcc/avr/5.4.0/../../../../avr/lib/avr6\libm.a(mulsf3.o) (__fp_round)
c:/program files (x86)/atmel/studio/7.0/toolchain/avr8/avr8-gnu-toolchain/bin/../lib/gcc/avr/5.4.0/../../../../avr/lib/avr6\libprintf_flt.a(vfprintf_flt.o)
                              (vfprintf)
c:/program files (x86)/atmel/studio/7.0/toolchain/avr8/avr8-gnu-toolchain/bin/../lib/gcc/avr/5.4.0/avr6\libgcc.a(_mulsi3.o)
                              Drivers/LowLevelFlashDriver/spi-nand-base.o (__mulsi3)
c:/program files (x86)/atmel/studio/7.0/toolchain/avr8/avr8-gnu-toolchain/bin/../lib/gcc/avr/5.4.0/avr6\libgcc.a(_divmodsi4.o)
                              Drivers/RH_T.o (__divmodsi4)
c:/program files (x86)/atmel/studio/7.0/toolchain/avr8/avr8-gnu-toolchain/bin/../lib/gcc/avr/5.4.0/avr6\libgcc.a(_negsi2.o)
                              c:/program files (x86)/atmel/studio/7.0/toolchain/avr8/avr8-gnu-toolchain/bin/../lib/gcc/avr/5.4.0/avr6\libgcc.a(_divmodsi4.o) (__negsi2)
c:/program files (x86)/atmel/studio/7.0/toolchain/avr8/avr8-gnu-toolchain/bin/../lib/gcc/avr/5.4.0/avr6\libgcc.a(_exit.o)
                              C:/Program Files (x86)/Atmel/Studio/7.0/Packs/atmel/ATmega_DFP/2.0.401/gcc/dev/atmega2560/avr6/crtatmega2560.o (exit)
c:/program files (x86)/atmel/studio/7.0/toolchain/avr8/avr8-gnu-toolchain/bin/../lib/gcc/avr/5.4.0/avr6\libgcc.a(_copy_data.o)
                              Commands/testCommand1.o (__do_copy_data)
c:/program files (x86)/atmel/studio/7.0/toolchain/avr8/avr8-gnu-toolchain/bin/../lib/gcc/avr/5.4.0/avr6\libgcc.a(_clear_bss.o)
                              Commands/testCommand1.o (__do_clear_bss)
c:/program files (x86)/atmel/studio/7.0/toolchain/avr8/avr8-gnu-toolchain/bin/../lib/gcc/avr/5.4.0/avr6\libgcc.a(_umulhisi3.o)
[...]
Memory Configuration

Name             Origin             Length             Attributes
text             0x00000000         0x00040000         xr
data             0x00800200         0x00002000         rw !x
eeprom           0x00810000         0x00001000         rw !x
fuse             0x00820000         0x00000003         rw !x
lock             0x00830000         0x00000400         rw !x
signature        0x00840000         0x00000400         rw !x
user_signatures  0x00850000         0x00000400         rw !x
*default*        0x00000000         0xffffffff

Linker script and memory map

Address of section .data set to 0x800200
LOAD C:/Program Files (x86)/Atmel/Studio/7.0/Packs/atmel/ATmega_DFP/2.0.401/gcc/dev/atmega2560/avr6/crtatmega2560.o
LOAD Commands/testCommand1.o
LOAD CountersAndTimers.o
LOAD Drivers/ADC2518.o
LOAD Drivers/ADC_uC.o
LOAD Drivers/FETS.o
LOAD Drivers/LowLevelFlashDriver/spi-nand-base.o
LOAD Drivers/LowLevelFlashDriver/spi-nand-cmd.o
LOAD Drivers/NPA700.o
LOAD Drivers/RH_T.o
LOAD Drivers/spi_ADC2518.o
LOAD Drivers/EnablesAndCSs.o
LOAD Drivers/FLASH_Driver.o
LOAD Drivers/RTC.o
LOAD Drivers/spi.o
LOAD Drivers/spi_DACs.o
LOAD Drivers/spi_FRAM.o
LOAD Drivers/spi_RTC.o
LOAD Drivers/TWI_MUX.o
LOAD Drivers/twi_utils.o
LOAD Initialize.o
LOAD main.o
LOAD majorGeneral.o
LOAD uart.o
START GROUP
LOAD c:/program files (x86)/atmel/studio/7.0/toolchain/avr8/avr8-gnu-toolchain/bin/../lib/gcc/avr/5.4.0/../../../../avr/lib/avr6\libm.a
END GROUP
LOAD c:/program files (x86)/atmel/studio/7.0/toolchain/avr8/avr8-gnu-toolchain/bin/../lib/gcc/avr/5.4.0/../../../../avr/lib/avr6\libprintf_flt.a
LOAD c:/program files (x86)/atmel/studio/7.0/toolchain/avr8/avr8-gnu-toolchain/bin/../lib/gcc/avr/5.4.0/../../../../avr/lib/avr6\libm.a
START GROUP
LOAD c:/program files (x86)/atmel/studio/7.0/toolchain/avr8/avr8-gnu-toolchain/bin/../lib/gcc/avr/5.4.0/avr6\libgcc.a
LOAD c:/program files (x86)/atmel/studio/7.0/toolchain/avr8/avr8-gnu-toolchain/bin/../lib/gcc/avr/5.4.0/../../../../avr/lib/avr6\libm.a
LOAD c:/program files (x86)/atmel/studio/7.0/toolchain/avr8/avr8-gnu-toolchain/bin/../lib/gcc/avr/5.4.0/../../../../avr/lib/avr6\libc.a
LOAD C:/Program Files (x86)/Atmel/Studio/7.0/Packs/atmel/ATmega_DFP/2.0.401/gcc/dev/atmega2560/avr6\libatmega2560.a
END GROUP
                0x00000000                __TEXT_REGION_ORIGIN__ = DEFINED (__TEXT_REGION_ORIGIN__)?__TEXT_REGION_ORIGIN__:0x0
                [0x00800200]                __DATA_REGION_ORIGIN__ = DEFINED (__DATA_REGION_ORIGIN__)?__DATA_REGION_ORIGIN__:0x800200
                [0x00040000]                __TEXT_REGION_LENGTH__ = DEFINED (__TEXT_REGION_LENGTH__)?__TEXT_REGION_LENGTH__:0x100000
                [0x00002000]                __DATA_REGION_LENGTH__ = DEFINED (__DATA_REGION_LENGTH__)?__DATA_REGION_LENGTH__:0xfe00
                [0x00001000]                __EEPROM_REGION_LENGTH__ = DEFINED (__EEPROM_REGION_LENGTH__)?__EEPROM_REGION_LENGTH__:0x10000
                [0x00000003]                __FUSE_REGION_LENGTH__ = DEFINED (__FUSE_REGION_LENGTH__)?__FUSE_REGION_LENGTH__:0x400
                0x00000400                __LOCK_REGION_LENGTH__ = DEFINED (__LOCK_REGION_LENGTH__)?__LOCK_REGION_LENGTH__:0x400
                0x00000400                __SIGNATURE_REGION_LENGTH__ = DEFINED (__SIGNATURE_REGION_LENGTH__)?__SIGNATURE_REGION_LENGTH__:0x400
                0x00000400                __USER_SIGNATURE_REGION_LENGTH__ = DEFINED (__USER_SIGNATURE_REGION_LENGTH__)?__USER_SIGNATURE_REGION_LENGTH__:0x400

.hash
 *(.hash)

.dynsym
 *(.dynsym)

.dynstr
 *(.dynstr)

.gnu.version
 *(.gnu.version)

.gnu.version_d
 *(.gnu.version_d)

.gnu.version_r
 *(.gnu.version_r)

.rel.init
 *(.rel.init)

.rela.init
 *(.rela.init)

.rel.text
 *(.rel.text)
 *(.rel.text.*)
 *(.rel.gnu.linkonce.t*)

.rela.text
 *(.rela.text)
 *(.rela.text.*)
 *(.rela.gnu.linkonce.t*)

.rel.fini
 *(.rel.fini)

.rela.fini
 *(.rela.fini)

.rel.rodata
 *(.rel.rodata)
 *(.rel.rodata.*)
 *(.rel.gnu.linkonce.r*)

.rela.rodata
 *(.rela.rodata)
 *(.rela.rodata.*)
 *(.rela.gnu.linkonce.r*)

.rel.data
 *(.rel.data)
 *(.rel.data.*)
 *(.rel.gnu.linkonce.d*)

.rela.data
 *(.rela.data)
 *(.rela.data.*)
 *(.rela.gnu.linkonce.d*)

.rel.ctors
 *(.rel.ctors)

.rela.ctors
 *(.rela.ctors)

.rel.dtors
 *(.rel.dtors)

.rela.dtors
 *(.rela.dtors)

.rel.got
 *(.rel.got)

.rela.got
 *(.rela.got)

.rel.bss
 *(.rel.bss)

.rela.bss
 *(.rela.bss)

.rel.plt
 *(.rel.plt)

.rela.plt
 *(.rela.plt)

.text           0x00000000     0x8664
 *(.vectors)
 .vectors       0x00000000       0xe4 C:/Program Files (x86)/Atmel/Studio/7.0/Packs/atmel/ATmega_DFP/2.0.401/gcc/dev/atmega2560/avr6/crtatmega2560.o
                0x00000000                __vector_default
                0x00000000                __vectors
 *(.vectors)
 *(.progmem.gcc*)
                0x000000e4                . = ALIGN (0x2)
                0x000000e4                __trampolines_start = .
 *(.trampolines)
 .trampolines   0x000000e4        0x0 linker stubs
 *(.trampolines*)
                0x000000e4                __trampolines_end = .
 *libprintf_flt.a:*(.progmem.data)
 .progmem.data  0x000000e4        0x8 c:/program files (x86)/atmel/studio/7.0/toolchain/avr8/avr8-gnu-toolchain/bin/../lib/gcc/avr/5.4.0/../../../../avr/lib/avr6\libprintf_flt.a(vfprintf_flt.o)
 *libc.a:*(.progmem.data)
 .progmem.data  0x000000ec       0xfa c:/program files (x86)/atmel/studio/7.0/toolchain/avr8/avr8-gnu-toolchain/bin/../lib/gcc/avr/5.4.0/../../../../avr/lib/avr6\libc.a(ftoa_engine.o)
 *(.progmem*)
 .progmem.data.__c.2514
                0x000001e6       0x14 Commands/testCommand1.o
 .progmem.data.__c.2530
                0x000001fa       0x13 Commands/testCommand1.o
 .progmem.data.__c.2046
                0x0000020d       0x20 Drivers/ADC2518.o
 .progmem.data.__c.2037
                0x0000022d       0x15 Drivers/ADC2518.o
 .progmem.data.__c.2082
                0x00000242        0x2 Drivers/ADC_uC.o
 .progmem.data.__c.2077
                0x00000244        0x4 Drivers/ADC_uC.o
 .progmem.data.__c.2071
                0x00000248       0x1f Drivers/ADC_uC.o
 .progmem.data.__c.2042
                0x00000267       0x23 Drivers/NPA700.o
 .progmem.data.__c.2040
                0x0000028a       0x1c Drivers/NPA700.o
 .progmem.data.__c.2038
                0x000002a6       0x20 Drivers/NPA700.o
 .progmem.data.__c.2551
                0x000002c6       0x18 Drivers/FLASH_Driver.o
 .progmem.data.__c.2553
                0x000002de       0x27 Drivers/FLASH_Driver.o
 .progmem.data.__c.2555
                0x00000305       0x31 Drivers/FLASH_Driver.o
 .progmem.data.__c.2557
                0x00000336       0x27 Drivers/FLASH_Driver.o
 .progmem.data.__c.2600
                0x0000035d       0x25 Drivers/FLASH_Driver.o
 .progmem.data.__c.2602
                0x00000382       0x25 Drivers/FLASH_Driver.o
 .progmem.data.__c.2609
                0x000003a7       0x2b Drivers/FLASH_Driver.o
 .progmem.data.__c.2611
                0x000003d2       0x3a Drivers/FLASH_Driver.o
 .progmem.data.__c.2613
                0x0000040c       0x2f Drivers/FLASH_Driver.o
 .progmem.data.__c.2615
                0x0000043b       0x28 Drivers/FLASH_Driver.o
 .progmem.data.__c.2617
                0x00000463       0x37 Drivers/FLASH_Driver.o
 .progmem.data.__c.2625
                0x0000049a       0x12 Drivers/FLASH_Driver.o
 .progmem.data.__c.2627
                0x000004ac       0x34 Drivers/FLASH_Driver.o
 .progmem.data.majorGeneral
                0x000004e0     0x11ae majorGeneral.o
                0x000004e0                majorGeneral
                0x0000168e                . = ALIGN (0x2)
 *(.jumptables)
 *(.jumptables*)
 *(.lowtext)
 *(.lowtext*)
                0x0000168e                __ctors_start = .
 *(.ctors)
                0x0000168e                __ctors_end = .
                0x0000168e                __dtors_start = .
 *(.dtors)
                0x0000168e                __dtors_end = .
 SORT(*)(.ctors)
 SORT(*)(.dtors)
 *(.init0)
 .init0         0x0000168e        0x0 C:/Program Files (x86)/Atmel/Studio/7.0/Packs/atmel/ATmega_DFP/2.0.401/gcc/dev/atmega2560/avr6/crtatmega2560.o
                0x0000168e                __init
 *(.init0)
 *(.init1)
 *(.init1)
 *(.init2)
 .init2         0x0000168e       0x10 C:/Program Files (x86)/Atmel/Studio/7.0/Packs/atmel/ATmega_DFP/2.0.401/gcc/dev/atmega2560/avr6/crtatmega2560.o
 *(.init2)
 *(.init3)
 *(.init3)
 *(.init4)
 .init4         0x0000169e       0x1a c:/program files (x86)/atmel/studio/7.0/toolchain/avr8/avr8-gnu-toolchain/bin/../lib/gcc/avr/5.4.0/avr6\libgcc.a(_copy_data.o)
                0x0000169e                __do_copy_data
 .init4         0x000016b8       0x10 c:/program files (x86)/atmel/studio/7.0/toolchain/avr8/avr8-gnu-toolchain/bin/../lib/gcc/avr/5.4.0/avr6\libgcc.a(_clear_bss.o)
                0x000016b8                __do_clear_bss
 *(.init4)
 *(.init5)
 *(.init5)
 *(.init6)
 *(.init6)
 *(.init7)
 *(.init7)
 *(.init8)
 *(.init8)
 *(.init9)
 .init9         0x000016c8        0x8 C:/Program Files (x86)/Atmel/Studio/7.0/Packs/atmel/ATmega_DFP/2.0.401/gcc/dev/atmega2560/avr6/crtatmega2560.o
 *(.init9)
 *(.text)
 .text          0x000016d0        0x4 C:/Program Files (x86)/Atmel/Studio/7.0/Packs/atmel/ATmega_DFP/2.0.401/gcc/dev/atmega2560/avr6/crtatmega2560.o
                0x000016d0                __vector_38
                0x000016d0                __vector_22
                0x000016d0                __vector_28
                0x000016d0                __vector_1
                0x000016d0                __vector_32
                0x000016d0                __vector_34
                0x000016d0                __vector_24
                0x000016d0                __vector_12
                0x000016d0                __vector_55
                0x000016d0                __vector_46
                0x000016d0                __bad_interrupt
                0x000016d0                __vector_6
                0x000016d0                __vector_31
                0x000016d0                __vector_35
                0x000016d0                __vector_39
                0x000016d0                __vector_3
                0x000016d0                __vector_23
                0x000016d0                __vector_30
                0x000016d0                __vector_45
                0x000016d0                __vector_11
                0x000016d0                __vector_54
                0x000016d0                __vector_17
                0x000016d0                __vector_19
                0x000016d0                __vector_56
                0x000016d0                __vector_7
                0x000016d0                __vector_49
                0x000016d0                __vector_41
                0x000016d0                __vector_43
                0x000016d0                __vector_27
                0x000016d0                __vector_5
                0x000016d0                __vector_33
                0x000016d0                __vector_47
                0x000016d0                __vector_52
                0x000016d0                __vector_37
                0x000016d0                __vector_4
                0x000016d0                __vector_44
                0x000016d0                __vector_51
                0x000016d0                __vector_9
                0x000016d0                __vector_2
                0x000016d0                __vector_21
                0x000016d0                __vector_15
                0x000016d0                __vector_40
                0x000016d0                __vector_26
                0x000016d0                __vector_48
                0x000016d0                __vector_14
                0x000016d0                __vector_53
                0x000016d0                __vector_10
                0x000016d0                __vector_50
                0x000016d0                __vector_16
                0x000016d0                __vector_18
                0x000016d0                __vector_20
                0x000016d0                __vector_42
                0x000016d4                . = ALIGN (0x2)
 *(.text.*)
 .text.processCommand
                0x000016d4      0x566 Commands/testCommand1.o
                0x000016d4                processCommand
 .text.doFlashWriteTest
                0x00001c3a       0xec Commands/testCommand1.o
                0x00001c3a                doFlashWriteTest
 .text.doFlashReadTest
                0x00001d26       0xf8 Commands/testCommand1.o
                0x00001d26                doFlashReadTest
 .text.doFlashEraseTest
                0x00001e1e       0x14 Commands/testCommand1.o
                0x00001e1e                doFlashEraseTest
 .text.doFlashTestReadAll
                0x00001e32      0x1ce Commands/testCommand1.o
                0x00001e32                doFlashTestReadAll
 .text.testRandomWR
                0x00002000      0x256 Commands/testCommand1.o
                0x00002000                testRandomWR
 .text.FlashABTest
                0x00002256      0x2b2 Commands/testCommand1.o
                0x00002256                FlashABTest
 .text.FlashReadBlocksTest
                0x00002508      0x14e Commands/testCommand1.o
                0x00002508                FlashReadBlocksTest
 .text.__vector_8
                0x00002656       0x14 CountersAndTimers.o
                0x00002656                __vector_8
 .text.__vector_13
                0x0000266a       0x8c CountersAndTimers.o
                0x0000266a                __vector_13
 .text.init_timer2
                0x000026f6       0x30 CountersAndTimers.o
                0x000026f6                init_timer2
 .text.init_CountersIimers
                0x00002726       0x16 CountersAndTimers.o
                0x00002726                init_CountersIimers
 .text.ADC_rdSystemStatus
                0x0000273c       0x22 Drivers/ADC2518.o
                0x0000273c                ADC_rdSystemStatus
 .text.ADC_wrGPO
                0x0000275e       0x3e Drivers/ADC2518.o
                0x0000275e                ADC_wrGPO
 .text.initADC2518
                0x0000279c       0x20 Drivers/ADC2518.o
                0x0000279c                initADC2518
 .text.ADC_OverSample
                0x000027bc       0x24 Drivers/ADC2518.o
                0x000027bc                ADC_OverSample
 .text.ADC_OscSpeed
                0x000027e0       0x3c Drivers/ADC2518.o
                0x000027e0                ADC_OscSpeed
 .text.ADC_manualMode
                0x0000281c        0xa Drivers/ADC2518.o
                0x0000281c                ADC_manualMode
 .text.ADC_ReadManualModeAnalogCh
                0x00002826       0x68 Drivers/ADC2518.o
                0x00002826                ADC_ReadManualModeAnalogCh
 .text.nextADC  0x0000288e       0x5c Drivers/ADC_uC.o
                0x0000288e                nextADC
 .text.showActiveADCs
                0x000028ea       0x78 Drivers/ADC_uC.o
                0x000028ea                showActiveADCs
 .text.incADC_MUX
                0x00002962       0x32 Drivers/ADC_uC.o
                0x00002962                incADC_MUX
 .text.__vector_29
                0x00002994      0x106 Drivers/ADC_uC.o
                0x00002994                __vector_29
 .text.doAdc    0x00002a9a       0x56 Drivers/ADC_uC.o
                0x00002a9a                doAdc
 .text.startADCcycle
                0x00002af0       0x2c Drivers/ADC_uC.o
                0x00002af0                startADCcycle
 .text.init_adc
                0x00002b1c       0x3e Drivers/ADC_uC.o
                0x00002b1c                init_adc
 .text.spi_nand_ecc_status
                0x00002b5a       0x60 Drivers/LowLevelFlashDriver/spi-nand-base.o
 .text.ilog2    0x00002bba       0x36 Drivers/LowLevelFlashDriver/spi-nand-base.o
 .text.spi_nand_scan_id_table
                0x00002bf0      0x228 Drivers/LowLevelFlashDriver/spi-nand-base.o
 .text.onfi_crc16
                0x00002e18       0x52 Drivers/LowLevelFlashDriver/spi-nand-base.o
 .text.sanitize_string
                0x00002e6a       0x58 Drivers/LowLevelFlashDriver/spi-nand-base.o
 .text.spi_nand_set_rd_wr_op
                0x00002ec2       0x3c Drivers/LowLevelFlashDriver/spi-nand-base.o
 .text.spi_nand_read_page_to_cache
                0x00002efe       0x48 Drivers/LowLevelFlashDriver/spi-nand-base.o
 .text.spi_nand_read_page_cache_random
                0x00002f46       0x48 Drivers/LowLevelFlashDriver/spi-nand-base.o
 .text.spi_nand_read_page_cache_last
                0x00002f8e       0x3e Drivers/LowLevelFlashDriver/spi-nand-base.o
 .text.spi_nand_read_from_cache
                0x00002fcc       0xcc Drivers/LowLevelFlashDriver/spi-nand-base.o
 .text.spi_nand_program_data_to_cache
                0x00003098       0xda Drivers/LowLevelFlashDriver/spi-nand-base.o
 .text.spi_nand_write_enable
                0x00003172       0x3e Drivers/LowLevelFlashDriver/spi-nand-base.o
 .text.spi_nand_program_execute
                0x000031b0       0x48 Drivers/LowLevelFlashDriver/spi-nand-base.o
 .text.spi_nand_read_id
                0x000031f8       0x5a Drivers/LowLevelFlashDriver/spi-nand-base.o
 .text.spi_nand_write_reg
                0x00003252       0x8e Drivers/LowLevelFlashDriver/spi-nand-base.o
 .text.spi_nand_set_cfg
                0x000032e0        0x8 Drivers/LowLevelFlashDriver/spi-nand-base.o
 .text.spi_nand_set_ds
                0x000032e8        0x8 Drivers/LowLevelFlashDriver/spi-nand-base.o
 .text.spi_nand_lun_select
                0x000032f0       0x48 Drivers/LowLevelFlashDriver/spi-nand-base.o
 .text.spi_nand_read_reg
                0x00003338       0x8e Drivers/LowLevelFlashDriver/spi-nand-base.o
 .text.spi_nand_get_cfg
                0x000033c6        0x8 Drivers/LowLevelFlashDriver/spi-nand-base.o
 .text.spi_nand_disable_ecc
                0x000033ce       0x40 Drivers/LowLevelFlashDriver/spi-nand-base.o
 .text.spi_nand_enable_ecc
                0x0000340e       0x40 Drivers/LowLevelFlashDriver/spi-nand-base.o
 .text.spi_nand_change_mode
                0x0000344e       0x6c Drivers/LowLevelFlashDriver/spi-nand-base.o
 .text.spi_nand_read_status
                0x000034ba        0x8 Drivers/LowLevelFlashDriver/spi-nand-base.o
 .text.spi_nand_wait_crbusy
                0x000034c2       0x92 Drivers/LowLevelFlashDriver/spi-nand-base.o
 .text.spi_nand_wait
                0x00003554       0xa8 Drivers/LowLevelFlashDriver/spi-nand-base.o
 .text.spi_nand_do_read_page
                0x000035fc      0x110 Drivers/LowLevelFlashDriver/spi-nand-base.o
 .text.spi_nand_do_write_page
                0x0000370c       0xfe Drivers/LowLevelFlashDriver/spi-nand-base.o
 .text.spi_nand_transfer_oob
                0x0000380a      0x136 Drivers/LowLevelFlashDriver/spi-nand-base.o
 .text.spi_nand_read_pages_fast
                0x00003940      0x582 Drivers/LowLevelFlashDriver/spi-nand-base.o
 .text.spi_nand_read_pages
                0x00003ec2      0x382 Drivers/LowLevelFlashDriver/spi-nand-base.o
 .text.spi_nand_do_read_ops
                0x00004244      0x4ba Drivers/LowLevelFlashDriver/spi-nand-base.o
 .text.spi_nand_fill_oob
                0x000046fe      0x144 Drivers/LowLevelFlashDriver/spi-nand-base.o
 .text.spi_nand_do_write_ops
                0x00004842      0x55a Drivers/LowLevelFlashDriver/spi-nand-base.o
 .text.spi_nand_reset
                0x00004d9c       0x54 Drivers/LowLevelFlashDriver/spi-nand-base.o
 .text.spi_nand_detect_onfi
                0x00004df0      0x1fc Drivers/LowLevelFlashDriver/spi-nand-base.o
 .text.spi_nand_lock_block
                0x00004fec       0x20 Drivers/LowLevelFlashDriver/spi-nand-base.o
                0x00004fec                spi_nand_lock_block
 .text.spi_nand_read
                0x0000500c       0x74 Drivers/LowLevelFlashDriver/spi-nand-base.o
                0x0000500c                spi_nand_read
 .text.spi_nand_write
                0x00005080       0x74 Drivers/LowLevelFlashDriver/spi-nand-base.o
                0x00005080                spi_nand_write
 .text.spi_nand_init
                0x000050f4      0x19e Drivers/LowLevelFlashDriver/spi-nand-base.o
                0x000050f4                spi_nand_init
 .text.spi_nand_lookup_cmd_cfg_table
                0x00005292       0x34 Drivers/LowLevelFlashDriver/spi-nand-cmd.o
 .text.spi_nand_xfer
                0x000052c6       0x26 Drivers/LowLevelFlashDriver/spi-nand-cmd.o
 .text.spi_nand_issue_cmd
                0x000052ec      0x210 Drivers/LowLevelFlashDriver/spi-nand-cmd.o
                0x000052ec                spi_nand_issue_cmd
 .text.readDiff_CH
                0x000054fc       0x1e Drivers/NPA700.o
                0x000054fc                readDiff_CH
 .text.readNPA700
                0x0000551a      0x154 Drivers/NPA700.o
                0x0000551a                readNPA700
 .text.initPressureSensors
                0x0000566e       0x86 Drivers/NPA700.o
                0x0000566e                initPressureSensors
 .text.readDiffPress
                0x000056f4       0x1c Drivers/NPA700.o
                0x000056f4                readDiffPress
 .text.readABSPress
                0x00005710       0x1c Drivers/NPA700.o
                0x00005710                readABSPress
 .text.readU47  0x0000572c       0x1c Drivers/NPA700.o
                0x0000572c                readU47
 .text.startRH_T_conversion
                0x00005748       0x2a Drivers/RH_T.o
                0x00005748                startRH_T_conversion
 .text.readRH_T
                0x00005772      0x102 Drivers/RH_T.o
                0x00005772                readRH_T
 .text.ADC_RegisterWrite
                0x00005874       0x20 Drivers/spi_ADC2518.o
                0x00005874                ADC_RegisterWrite
 .text.ADC_RegisterRead
                0x00005894       0x30 Drivers/spi_ADC2518.o
                0x00005894                ADC_RegisterRead
 .text.ADC_RegisterReadWrite
                0x000058c4       0x54 Drivers/spi_ADC2518.o
                0x000058c4                ADC_RegisterReadWrite
 .text.enableBuck014
                0x00005918        0xe Drivers/EnablesAndCSs.o
                0x00005918                enableBuck014
 .text.disableBuck014
                0x00005926        0xe Drivers/EnablesAndCSs.o
                0x00005926                disableBuck014
 .text.enableBuck2
                0x00005934        0x8 Drivers/EnablesAndCSs.o
                0x00005934                enableBuck2
 .text.disableBuck2
                0x0000593c        0x8 Drivers/EnablesAndCSs.o
                0x0000593c                disableBuck2
 .text.enableBuck3
                0x00005944        0x8 Drivers/EnablesAndCSs.o
                0x00005944                enableBuck3
 .text.disableBuck3
                0x0000594c        0x8 Drivers/EnablesAndCSs.o
                0x0000594c                disableBuck3
 .text.enableBuck5
                0x00005954        0xc Drivers/EnablesAndCSs.o
                0x00005954                enableBuck5
 .text.disableBuck5
                0x00005960        0xc Drivers/EnablesAndCSs.o
                0x00005960                disableBuck5
 .text.powerUpWickSensor
                0x0000596c        0x8 Drivers/EnablesAndCSs.o
                0x0000596c                powerUpWickSensor
 .text.powerDownWickSensor
                0x00005974        0x8 Drivers/EnablesAndCSs.o
                0x00005974                powerDownWickSensor
 .text.selectFRAM
                0x0000597c        0x8 Drivers/EnablesAndCSs.o
                0x0000597c                selectFRAM
 .text.deSelectFRAM
                0x00005984        0x8 Drivers/EnablesAndCSs.o
                0x00005984                deSelectFRAM
 .text.selectOpticsDAC
                0x0000598c        0xc Drivers/EnablesAndCSs.o
                0x0000598c                selectOpticsDAC
 .text.deSelectOpticsDAC
                0x00005998        0xc Drivers/EnablesAndCSs.o
                0x00005998                deSelectOpticsDAC
 .text.selectADC2518
                0x000059a4        0xc Drivers/EnablesAndCSs.o
                0x000059a4                selectADC2518
 .text.deSelectADC2518
                0x000059b0        0xc Drivers/EnablesAndCSs.o
                0x000059b0                deSelectADC2518
 .text.selectBuckCtrlDAC
                0x000059bc        0xc Drivers/EnablesAndCSs.o
                0x000059bc                selectBuckCtrlDAC
 .text.deSelectBuckCtrlDAC
                0x000059c8        0xc Drivers/EnablesAndCSs.o
                0x000059c8                deSelectBuckCtrlDAC
 .text.selectFlash
                0x000059d4        0xc Drivers/EnablesAndCSs.o
                0x000059d4                selectFlash
 .text.deSelectFlash
                0x000059e0        0xc Drivers/EnablesAndCSs.o
                0x000059e0                deSelectFlash
 .text.deSelectRTC
                0x000059ec        0xc Drivers/EnablesAndCSs.o
                0x000059ec                deSelectRTC
 .text.selectRTC
                0x000059f8        0xc Drivers/EnablesAndCSs.o
                0x000059f8                selectRTC
 .text.selectSDcard
                0x00005a04        0xc Drivers/EnablesAndCSs.o
                0x00005a04                selectSDcard
 .text.deSelectSDcard
                0x00005a10        0xc Drivers/EnablesAndCSs.o
                0x00005a10                deSelectSDcard
 .text.spi_FlashInitialize
                0x00005a1c       0x2c Drivers/FLASH_Driver.o
                0x00005a1c                spi_FlashInitialize
 .text.spi_FlashDelay
                0x00005a48       0x6e Drivers/FLASH_Driver.o
                0x00005a48                spi_FlashDelay
 .text.spi_FlashReadID
                0x00005ab6       0x66 Drivers/FLASH_Driver.o
                0x00005ab6                spi_FlashReadID
 .text.spi_FlashWaitUntilReady
                0x00005b1c       0x3a Drivers/FLASH_Driver.o
                0x00005b1c                spi_FlashWaitUntilReady
 .text.spi_FlashIsBusy
                0x00005b56       0x56 Drivers/FLASH_Driver.o
                0x00005b56                spi_FlashIsBusy
 .text.spi_FlashGetStatusRegister
                0x00005bac       0x12 Drivers/FLASH_Driver.o
                0x00005bac                spi_FlashGetStatusRegister
 .text.spi_FlashDisplayFeatureRegisters
                0x00005bbe       0xb0 Drivers/FLASH_Driver.o
                0x00005bbe                spi_FlashDisplayFeatureRegisters
 .text.spi_FlashGetFeatures
                0x00005c6e       0x2c Drivers/FLASH_Driver.o
                0x00005c6e                spi_FlashGetFeatures
 .text.spi_FlashSetFeatures
                0x00005c9a       0x2e Drivers/FLASH_Driver.o
                0x00005c9a                spi_FlashSetFeatures
 .text.spi_FlashUnlockAllBlocks
                0x00005cc8       0x46 Drivers/FLASH_Driver.o
                0x00005cc8                spi_FlashUnlockAllBlocks
 .text.spi_FlashEnableWrite
                0x00005d0e       0x32 Drivers/FLASH_Driver.o
                0x00005d0e                spi_FlashEnableWrite
 .text.spi_FlashDisableWrite
                0x00005d40       0x32 Drivers/FLASH_Driver.o
                0x00005d40                spi_FlashDisableWrite
 .text.spi_FlashWriteToPage
                0x00005d72      0x108 Drivers/FLASH_Driver.o
                0x00005d72                spi_FlashWriteToPage
 .text.spi_FlashMapAddress
                0x00005e7a       0x90 Drivers/FLASH_Driver.o
                0x00005e7a                spi_FlashMapAddress
 .text.spi_FlashMaxAddress
                0x00005f0a       0x98 Drivers/FLASH_Driver.o
                0x00005f0a                spi_FlashMaxAddress
 .text.spi_FlashWrite
                0x00005fa2      0x1a4 Drivers/FLASH_Driver.o
                0x00005fa2                spi_FlashWrite
 .text.spi_FlashReadFromPage
                0x00006146      0x10a Drivers/FLASH_Driver.o
                0x00006146                spi_FlashReadFromPage
 .text.spi_FlashRead
                0x00006250      0x136 Drivers/FLASH_Driver.o
                0x00006250                spi_FlashRead
 .text.spi_FlashEraseBlock
                0x00006386       0xf2 Drivers/FLASH_Driver.o
                0x00006386                spi_FlashEraseBlock
 .text.spi_FlashEraseAllBlocks
                0x00006478       0xbc Drivers/FLASH_Driver.o
                0x00006478                spi_FlashEraseAllBlocks
 .text.spi_FlashReset
                0x00006534       0x46 Drivers/FLASH_Driver.o
                0x00006534                spi_FlashReset
 .text.spi_MT_flash_xfer
                0x0000657a      0x10e Drivers/FLASH_Driver.o
                0x0000657a                spi_MT_flash_xfer
 .text.spi_MT_flash_allocate_mem
                0x00006688       0x5c Drivers/FLASH_Driver.o
                0x00006688                spi_MT_flash_allocate_mem
 .text.spi_MT_flash_get_ticks
                0x000066e4       0x62 Drivers/FLASH_Driver.o
                0x000066e4                spi_MT_flash_get_ticks
 .text.spi_MT_flash_udelay
                0x00006746       0x66 Drivers/FLASH_Driver.o
                0x00006746                spi_MT_flash_udelay
 .text.RTC_config
                0x000067ac       0x8c Drivers/RTC.o
                0x000067ac                RTC_config
 .text.RTC_readCLKF
                0x00006838       0x38 Drivers/RTC.o
                0x00006838                RTC_readCLKF
 .text.init_spi
                0x00006870       0x14 Drivers/spi.o
                0x00006870                init_spi
 .text.spiTransferByte
                0x00006884        0xc Drivers/spi.o
                0x00006884                spiTransferByte
 .text.spiSendBytes
                0x00006890       0x24 Drivers/spi.o
                0x00006890                spiSendBytes
 .text.spiGetBytes
                0x000068b4       0x22 Drivers/spi.o
                0x000068b4                spiGetBytes
 .text.spiSend2ByteBigEndian
                0x000068d6       0x2e Drivers/spi.o
                0x000068d6                spiSend2ByteBigEndian
 .text.spi_buckCtrlDac
                0x00006904       0x6e Drivers/spi_DACs.o
                0x00006904                spi_buckCtrlDac
 .text.spi_OpticsDAC
                0x00006972       0x72 Drivers/spi_DACs.o
                0x00006972                spi_OpticsDAC
 .text.spi_OpticsDAC_BroadCast
                0x000069e4       0x28 Drivers/spi_DACs.o
                0x000069e4                spi_OpticsDAC_BroadCast
 .text.spi_OpticsBuckCtl_BroadCast
                0x00006a0c       0x28 Drivers/spi_DACs.o
                0x00006a0c                spi_OpticsBuckCtl_BroadCast
 .text.spi_FRAM_writeEnable
                0x00006a34        0xe Drivers/spi_FRAM.o
                0x00006a34                spi_FRAM_writeEnable
 .text.FRAM_ReadStatusRegister
                0x00006a42       0x32 Drivers/spi_FRAM.o
                0x00006a42                FRAM_ReadStatusRegister
 .text.spi_FRAM_write
                0x00006a74       0x4a Drivers/spi_FRAM.o
                0x00006a74                spi_FRAM_write
 .text.spi_FRAM_read
                0x00006abe       0x5e Drivers/spi_FRAM.o
                0x00006abe                spi_FRAM_read
 .text.read_FRAM_DeviceID
                0x00006b1c       0x5e Drivers/spi_FRAM.o
                0x00006b1c                read_FRAM_DeviceID
 .text.wrFRAM   0x00006b7a       0x86 Drivers/spi_FRAM.o
                0x00006b7a                wrFRAM
 .text.framSaveSerialNumber
                0x00006c00       0x18 Drivers/spi_FRAM.o
                0x00006c00                framSaveSerialNumber
 .text.framReadSerialNumber
                0x00006c18       0x30 Drivers/spi_FRAM.o
                0x00006c18                framReadSerialNumber
 .text.spi_RTC_Write
                0x00006c48       0x30 Drivers/spi_RTC.o
                0x00006c48                spi_RTC_Write
 .text.spi_RTC_Read
                0x00006c78       0x30 Drivers/spi_RTC.o
                0x00006c78                spi_RTC_Read
 .text.getMuxConfiguration
                0x00006ca8       0x2e Drivers/TWI_MUX.o
                0x00006ca8                getMuxConfiguration
 .text.setI2Cmux
                0x00006cd6       0xda Drivers/TWI_MUX.o
                0x00006cd6                setI2Cmux
 .text.setStatus
                0x00006db0       0x1a Drivers/twi_utils.o
                0x00006db0                setStatus
 .text.showERRORcode
                0x00006dca       0x1a Drivers/twi_utils.o
                0x00006dca                showERRORcode
 .text.init_twi
                0x00006de4       0x8a Drivers/twi_utils.o
                0x00006de4                init_twi
 .text.twi_start
                0x00006e6e       0x64 Drivers/twi_utils.o
                0x00006e6e                twi_start
 .text.twi_write_bytes
                0x00006ed2       0xee Drivers/twi_utils.o
                0x00006ed2                twi_write_bytes
 .text.twi_read_bytes
                0x00006fc0      0x118 Drivers/twi_utils.o
                0x00006fc0                twi_read_bytes
 .text.init_Ports
                0x000070d8       0x36 Initialize.o
                0x000070d8                init_Ports
 .text.initialize
                0x0000710e       0x6e Initialize.o
                0x0000710e                initialize
 .text.main     0x0000717c       0x5c main.o
                0x0000717c                main
 .text.majorGeneral_get_line
                0x000071d8       0x18 majorGeneral.o
                0x000071d8                majorGeneral_get_line
 .text.ringbuf_init
                0x000071f0       0x16 uart.o
 .text.ringbuf_get
                0x00007206       0x52 uart.o
 .text.ringbuf_put
                0x00007258       0x56 uart.o
 .text.init_uart
                0x000072ae       0x7a uart.o
                0x000072ae                init_uart
 .text.uart0_putchar
                0x00007328       0x28 uart.o
                0x00007328                uart0_putchar
 .text.uart1_put
                0x00007350       0x20 uart.o
                0x00007350                uart1_put
 .text.uarts_getchar
                0x00007370        0x6 uart.o
                0x00007370                uarts_getchar
 .text.__vector_25
                0x00007376      0x1be uart.o
                0x00007376                __vector_25
 .text.__vector_36
                0x00007534       0x9e uart.o
                0x00007534                __vector_36
 .text.doUart   0x000075d2       0xcc uart.o
                0x000075d2                doUart
 .text.avr-libc.fplib
                0x0000769e       0x58 c:/program files (x86)/atmel/studio/7.0/toolchain/avr8/avr8-gnu-toolchain/bin/../lib/gcc/avr/5.4.0/../../../../avr/lib/avr6\libm.a(fixunssfsi.o)
                0x0000769e                __fixunssfsi
 .text.avr-libc.fplib
                0x000076f6       0x7a c:/program files (x86)/atmel/studio/7.0/toolchain/avr8/avr8-gnu-toolchain/bin/../lib/gcc/avr/5.4.0/../../../../avr/lib/avr6\libm.a(floatsisf.o)
                0x000076f6                __floatunsisf
                0x000076fa                __floatsisf
 .text.avr-libc.fplib
                0x00007770       0x44 c:/program files (x86)/atmel/studio/7.0/toolchain/avr8/avr8-gnu-toolchain/bin/../lib/gcc/avr/5.4.0/../../../../avr/lib/avr6\libm.a(fp_split3.o)
                0x00007770                __fp_split3
                0x00007780                __fp_splitA
 .text.avr-libc.fplib
                0x000077b4        0xe c:/program files (x86)/atmel/studio/7.0/toolchain/avr8/avr8-gnu-toolchain/bin/../lib/gcc/avr/5.4.0/../../../../avr/lib/avr6\libm.a(fp_zero.o)
                0x000077b4                __fp_zero
                0x000077b6                __fp_szero
 .text.avr-libc.fplib
                0x000077c2        0x4 c:/program files (x86)/atmel/studio/7.0/toolchain/avr8/avr8-gnu-toolchain/bin/../lib/gcc/avr/5.4.0/../../../../avr/lib/avr6\libm.a(mulsf3.o)
                0x000077c2                __mulsf3
 .text.avr-libc.fplib
                0x000077c6       0xc2 c:/program files (x86)/atmel/studio/7.0/toolchain/avr8/avr8-gnu-toolchain/bin/../lib/gcc/avr/5.4.0/../../../../avr/lib/avr6\libm.a(mulsf3x.o)
                0x000077da                __mulsf3x
                0x000077de                __mulsf3_pse
 .text.avr-libc.fplib
                0x00007888        0xc c:/program files (x86)/atmel/studio/7.0/toolchain/avr8/avr8-gnu-toolchain/bin/../lib/gcc/avr/5.4.0/../../../../avr/lib/avr6\libm.a(fp_inf.o)
                0x00007888                __fp_inf
 .text.avr-libc.fplib
                0x00007894        0x6 c:/program files (x86)/atmel/studio/7.0/toolchain/avr8/avr8-gnu-toolchain/bin/../lib/gcc/avr/5.4.0/../../../../avr/lib/avr6\libm.a(fp_nan.o)
                0x00007894                __fp_nan
 .text.avr-libc.fplib
                0x0000789a        0xe c:/program files (x86)/atmel/studio/7.0/toolchain/avr8/avr8-gnu-toolchain/bin/../lib/gcc/avr/5.4.0/../../../../avr/lib/avr6\libm.a(fp_pscA.o)
                0x0000789a                __fp_pscA
 .text.avr-libc.fplib
                0x000078a8        0xe c:/program files (x86)/atmel/studio/7.0/toolchain/avr8/avr8-gnu-toolchain/bin/../lib/gcc/avr/5.4.0/../../../../avr/lib/avr6\libm.a(fp_pscB.o)
                0x000078a8                __fp_pscB
 .text.avr-libc.fplib
                0x000078b6       0x22 c:/program files (x86)/atmel/studio/7.0/toolchain/avr8/avr8-gnu-toolchain/bin/../lib/gcc/avr/5.4.0/../../../../avr/lib/avr6\libm.a(fp_round.o)
                0x000078b6                __fp_round
 .text.avr-libc
                0x000078d8      0x712 c:/program files (x86)/atmel/studio/7.0/toolchain/avr8/avr8-gnu-toolchain/bin/../lib/gcc/avr/5.4.0/../../../../avr/lib/avr6\libprintf_flt.a(vfprintf_flt.o)
                0x000078d8                vfprintf
 .text.libgcc.mul
                0x00007fea       0x1e c:/program files (x86)/atmel/studio/7.0/toolchain/avr8/avr8-gnu-toolchain/bin/../lib/gcc/avr/5.4.0/avr6\libgcc.a(_mulsi3.o)
                0x00007fea                __mulsi3
 .text.libgcc.div
                0x00008008       0x28 c:/program files (x86)/atmel/studio/7.0/toolchain/avr8/avr8-gnu-toolchain/bin/../lib/gcc/avr/5.4.0/avr6\libgcc.a(_divmodsi4.o)
                0x00008008                __divmodsi4
 .text.libgcc.div
                0x00008030       0x10 c:/program files (x86)/atmel/studio/7.0/toolchain/avr8/avr8-gnu-toolchain/bin/../lib/gcc/avr/5.4.0/avr6\libgcc.a(_negsi2.o)
                0x00008030                __negsi2
 .text.libgcc.mul
                0x00008040       0x1e c:/program files (x86)/atmel/studio/7.0/toolchain/avr8/avr8-gnu-toolchain/bin/../lib/gcc/avr/5.4.0/avr6\libgcc.a(_umulhisi3.o)
                0x00008040                __umulhisi3
 .text.libgcc.mul
                0x0000805e        0xc c:/program files (x86)/atmel/studio/7.0/toolchain/avr8/avr8-gnu-toolchain/bin/../lib/gcc/avr/5.4.0/avr6\libgcc.a(_usmulhisi3.o)
                0x0000805e                __usmulhisi3
                0x00008060                __usmulhisi3_tail
 .text.libgcc.mul
                0x0000806a       0x14 c:/program files (x86)/atmel/studio/7.0/toolchain/avr8/avr8-gnu-toolchain/bin/../lib/gcc/avr/5.4.0/avr6\libgcc.a(_muluhisi3.o)
                0x0000806a                __muluhisi3
 .text.libgcc.mul
                0x0000807e       0x92 c:/program files (x86)/atmel/studio/7.0/toolchain/avr8/avr8-gnu-toolchain/bin/../lib/gcc/avr/5.4.0/avr6\libgcc.a(_muldi3.o)
                0x0000807e                __muldi3
 .text.libgcc.mul
                0x00008110       0x10 c:/program files (x86)/atmel/studio/7.0/toolchain/avr8/avr8-gnu-toolchain/bin/../lib/gcc/avr/5.4.0/avr6\libgcc.a(_muldi3_6.o)
                0x00008110                __muldi3_6
 .text.libgcc.builtins
                0x00008120       0x3c c:/program files (x86)/atmel/studio/7.0/toolchain/avr8/avr8-gnu-toolchain/bin/../lib/gcc/avr/5.4.0/avr6\libgcc.a(_ashrdi3.o)
                0x00008120                __ashrdi3
                0x00008124                __lshrdi3
 .text.libgcc   0x0000815c       0x12 c:/program files (x86)/atmel/studio/7.0/toolchain/avr8/avr8-gnu-toolchain/bin/../lib/gcc/avr/5.4.0/avr6\libgcc.a(_adddi3.o)
                0x0000815c                __adddi3
 .text.libgcc   0x0000816e       0x12 c:/program files (x86)/atmel/studio/7.0/toolchain/avr8/avr8-gnu-toolchain/bin/../lib/gcc/avr/5.4.0/avr6\libgcc.a(_subdi3.o)
                0x0000816e                __subdi3
 .text.libgcc   0x00008180       0x12 c:/program files (x86)/atmel/studio/7.0/toolchain/avr8/avr8-gnu-toolchain/bin/../lib/gcc/avr/5.4.0/avr6\libgcc.a(_cmpdi2.o)
                0x00008180                __cmpdi2
 .text.libgcc.div
                0x00008192       0x44 c:/program files (x86)/atmel/studio/7.0/toolchain/avr8/avr8-gnu-toolchain/bin/../lib/gcc/avr/5.4.0/avr6\libgcc.a(_udivmodsi4.o)
                0x00008192                __udivmodsi4
 .text.avr-libc
                0x000081d6       0x3a c:/program files (x86)/atmel/studio/7.0/toolchain/avr8/avr8-gnu-toolchain/bin/../lib/gcc/avr/5.4.0/../../../../avr/lib/avr6\libc.a(atoi.o)
                0x000081d6                atoi
 .text.avr-libc
                0x00008210      0x1b0 c:/program files (x86)/atmel/studio/7.0/toolchain/avr8/avr8-gnu-toolchain/bin/../lib/gcc/avr/5.4.0/../../../../avr/lib/avr6\libc.a(ftoa_engine.o)
                0x00008210                __ftoa_engine
 .text.avr-libc
                0x000083c0        0xe c:/program files (x86)/atmel/studio/7.0/toolchain/avr8/avr8-gnu-toolchain/bin/../lib/gcc/avr/5.4.0/../../../../avr/lib/avr6\libc.a(strcpy_P.o)
                0x000083c0                strcpy_P
 .text.avr-libc
                0x000083ce       0x16 c:/program files (x86)/atmel/studio/7.0/toolchain/avr8/avr8-gnu-toolchain/bin/../lib/gcc/avr/5.4.0/../../../../avr/lib/avr6\libc.a(strnlen_P.o)
                0x000083ce                strnlen_P
 .text.avr-libc
                0x000083e4       0x12 c:/program files (x86)/atmel/studio/7.0/toolchain/avr8/avr8-gnu-toolchain/bin/../lib/gcc/avr/5.4.0/../../../../avr/lib/avr6\libc.a(memcpy.o)
                0x000083e4                memcpy
 .text.avr-libc
                0x000083f6        0xe c:/program files (x86)/atmel/studio/7.0/toolchain/avr8/avr8-gnu-toolchain/bin/../lib/gcc/avr/5.4.0/../../../../avr/lib/avr6\libc.a(memset.o)
                0x000083f6                memset
 .text.avr-libc
                0x00008404       0x12 c:/program files (x86)/atmel/studio/7.0/toolchain/avr8/avr8-gnu-toolchain/bin/../lib/gcc/avr/5.4.0/../../../../avr/lib/avr6\libc.a(strcmp.o)
                0x00008404                strcmp
 .text.avr-libc
                0x00008416       0x12 c:/program files (x86)/atmel/studio/7.0/toolchain/avr8/avr8-gnu-toolchain/bin/../lib/gcc/avr/5.4.0/../../../../avr/lib/avr6\libc.a(strlen.o)
                0x00008416                strlen
 .text.avr-libc
                0x00008428       0x16 c:/program files (x86)/atmel/studio/7.0/toolchain/avr8/avr8-gnu-toolchain/bin/../lib/gcc/avr/5.4.0/../../../../avr/lib/avr6\libc.a(strnlen.o)
                0x00008428                strnlen
 .text.avr-libc
                0x0000843e       0x10 c:/program files (x86)/atmel/studio/7.0/toolchain/avr8/avr8-gnu-toolchain/bin/../lib/gcc/avr/5.4.0/../../../../avr/lib/avr6\libc.a(mul10.o)
                0x0000843e                __mulhi_const_10
 .text.avr-libc
                0x0000844e       0x78 c:/program files (x86)/atmel/studio/7.0/toolchain/avr8/avr8-gnu-toolchain/bin/../lib/gcc/avr/5.4.0/../../../../avr/lib/avr6\libc.a(fputc.o)
                0x0000844e                fputc
 .text.avr-libc
                0x000084c6       0x26 c:/program files (x86)/atmel/studio/7.0/toolchain/avr8/avr8-gnu-toolchain/bin/../lib/gcc/avr/5.4.0/../../../../avr/lib/avr6\libc.a(printf.o)
                0x000084c6                printf
 .text.avr-libc
                0x000084ec       0x4e c:/program files (x86)/atmel/studio/7.0/toolchain/avr8/avr8-gnu-toolchain/bin/../lib/gcc/avr/5.4.0/../../../../avr/lib/avr6\libc.a(printf_p.o)
                0x000084ec                printf_P
 .text.avr-libc
                0x0000853a        0xa c:/program files (x86)/atmel/studio/7.0/toolchain/avr8/avr8-gnu-toolchain/bin/../lib/gcc/avr/5.4.0/../../../../avr/lib/avr6\libc.a(putchar.o)
                0x0000853a                putchar
 .text.avr-libc
                0x00008544       0x60 c:/program files (x86)/atmel/studio/7.0/toolchain/avr8/avr8-gnu-toolchain/bin/../lib/gcc/avr/5.4.0/../../../../avr/lib/avr6\libc.a(puts.o)
                0x00008544                puts
 .text.avr-libc
                0x000085a4       0xbc c:/program files (x86)/atmel/studio/7.0/toolchain/avr8/avr8-gnu-toolchain/bin/../lib/gcc/avr/5.4.0/../../../../avr/lib/avr6\libc.a(ultoa_invert.o)
                0x000085a4                __ultoa_invert
                0x00008660                . = ALIGN (0x2)
 *(.fini9)
 .fini9         0x00008660        0x0 c:/program files (x86)/atmel/studio/7.0/toolchain/avr8/avr8-gnu-toolchain/bin/../lib/gcc/avr/5.4.0/avr6\libgcc.a(_exit.o)
                0x00008660                _exit
                0x00008660                exit
 *(.fini9)
 *(.fini8)
 *(.fini8)
 *(.fini7)
 *(.fini7)
 *(.fini6)
 *(.fini6)
 *(.fini5)
 *(.fini5)
 *(.fini4)
 *(.fini4)
 *(.fini3)
 *(.fini3)
 *(.fini2)
 *(.fini2)
 *(.fini1)
 *(.fini1)
 *(.fini0)
 .fini0         0x00008660        0x4 c:/program files (x86)/atmel/studio/7.0/toolchain/avr8/avr8-gnu-toolchain/bin/../lib/gcc/avr/5.4.0/avr6\libgcc.a(_exit.o)
 *(.fini0)
                0x00008664                _etext = .

.data           0x00800200     0x118c load address 0x00008664
                0x00800200                PROVIDE (__data_start, .)
 *(.data)
 *(.data*)
 .data.i        0x00800200        0x1 Commands/testCommand1.o
                0x00800200                i
 .data.micron_ecc_layout_128
                0x00800201      0x208 Drivers/LowLevelFlashDriver/spi-nand-base.o
 .data.micron_ecc_layout_64
                0x00800409      0x208 Drivers/LowLevelFlashDriver/spi-nand-base.o
 .data.spi_nand_table
                0x00800611       0xa0 Drivers/LowLevelFlashDriver/spi-nand-base.o
 .data.micron_cmd_cfg_table
                0x008006b1       0x6e Drivers/LowLevelFlashDriver/spi-nand-cmd.o
 .data.uart_str
                0x0080071f        0xe Initialize.o
 *(.gnu.linkonce.d*)
 *(.rodata)
 .rodata        0x0080072d      0x1da Commands/testCommand1.o
 .rodata        0x00800907      0x144 Drivers/FLASH_Driver.o
 *(.rodata*)
 .rodata.str1.1
                0x00800a4b       0x30 CountersAndTimers.o
 .rodata.str1.1
                0x00800a7b       0x4a Drivers/ADC2518.o
 .rodata.str1.1
                0x00800ac5       0x4b Drivers/ADC_uC.o
 .rodata.str1.1
                0x00800b10      0x462 Drivers/LowLevelFlashDriver/spi-nand-base.o
 .rodata.__func__.2617
                0x00800f72       0x16 Drivers/LowLevelFlashDriver/spi-nand-base.o
 .rodata.__func__.2558
                0x00800f88       0x14 Drivers/LowLevelFlashDriver/spi-nand-base.o
 .rodata.__func__.2601
                0x00800f9c       0x15 Drivers/LowLevelFlashDriver/spi-nand-base.o
 .rodata.str1.1
                0x00800fb1       0x1c Drivers/LowLevelFlashDriver/spi-nand-cmd.o
 .rodata.str1.1
                0x00800fcd       0x30 Drivers/NPA700.o
 .rodata.str1.1
                0x00800ffd       0x7b Drivers/RH_T.o
 .rodata.str1.1
                0x00801078       0x15 Drivers/spi_ADC2518.o
 .rodata.str1.1
                0x0080108d       0x70 Drivers/RTC.o
 .rodata.str1.1
                0x008010fd       0x8f Drivers/spi_DACs.o
 .rodata.str1.1
                0x0080118c       0x4a Drivers/spi_FRAM.o
                                 0x52 (size before relaxing)
 .rodata.str1.1
                0x008011d6       0xa3 Drivers/TWI_MUX.o
 .rodata.numErrors.1817
                0x00801279        0x4 Drivers/TWI_MUX.o
 .rodata.str1.1
                0x0080127d       0xb9 Drivers/twi_utils.o
 .rodata.str1.1
                0x00801336       0x11 Initialize.o
 .rodata.str1.1
                0x00801347        0xc main.o
 .rodata.str1.1
                0x00801353       0x39 uart.o
 *(.gnu.linkonce.r*)
                0x0080138c                . = ALIGN (0x2)
                0x0080138c                _edata = .
                0x0080138c                PROVIDE (__data_end, .)

.bss            0x0080138c      0x2ed
                0x0080138c                PROVIDE (__bss_start, .)
 *(.bss)
 *(.bss*)
 .bss.ms_twiCount
                0x0080138c        0x2 CountersAndTimers.o
                0x0080138c                ms_twiCount
 .bss.halfSecFlag
                0x0080138e        0x1 CountersAndTimers.o
                0x0080138e                halfSecFlag
 .bss.oneSecFlag
                0x0080138f        0x1 CountersAndTimers.o
                0x0080138f                oneSecFlag
 .bss.counter1024Hz
                0x00801390        0x2 CountersAndTimers.o
                0x00801390                counter1024Hz
 .bss.numReadings.2095
                0x00801392        0x2 Drivers/ADC_uC.o
 .bss.currentADCchannel
                0x00801394        0x1 Drivers/ADC_uC.o
 .bss.firstADCchannel
                0x00801395        0x1 Drivers/ADC_uC.o
 .bss.adcCompleteFlag
                0x00801396        0x1 Drivers/ADC_uC.o
                0x00801396                adcCompleteFlag
 .bss.adcReadings
                0x00801397       0x20 Drivers/ADC_uC.o
 .bss.npaU47    0x008013b7        0x6 Drivers/NPA700.o
 .bss.npaAbsP   0x008013bd        0x6 Drivers/NPA700.o
 .bss.npaFlow   0x008013c3        0x6 Drivers/NPA700.o
 .bss.rhStarted
                0x008013c9        0x1 Drivers/RH_T.o
 .bss.flash_spi
                0x008013ca        0x5 Drivers/FLASH_Driver.o
 .bss.serialNumber
                0x008013cf        0x2 Drivers/spi_FRAM.o
                0x008013cf                serialNumber
 .bss.verbose   0x008013d1        0x1 Drivers/twi_utils.o
 .bss.currentUart
                0x008013d2        0x1 uart.o
                0x008013d2                currentUart
 .bss.pauseOutputForCmdCnt
                0x008013d3        0x1 uart.o
                0x008013d3                pauseOutputForCmdCnt
 .bss.outputCharacters
                0x008013d4        0x1 uart.o
                0x008013d4                outputCharacters
 .bss.commandSize
                0x008013d5        0x1 uart.o
                0x008013d5                commandSize
 .bss.bufIndex0
                0x008013d6        0x1 uart.o
                0x008013d6                bufIndex0
 .bss.clrError  0x008013d7        0x2 uart.o
                0x008013d7                clrError
 .bss.commandCompleteFlag0
                0x008013d9        0x1 uart.o
                0x008013d9                commandCompleteFlag0
 *(COMMON)
 COMMON         0x008013da      0x1b0 Drivers/FLASH_Driver.o
                0x008013da                flash_chip_ptr
                0x008013dc                MT_flash_chipBuff
                0x00801508                MT_flash_paramPageBuffer
                0x0080150a                MT_flash_oobBuff
 COMMON         0x0080158a       0x40 main.o
                0x0080158a                userSettings
                0x0080158f                readings
                0x008015c1                hdwConfig
 COMMON         0x008015ca       0xa9 uart.o
                0x008015ca                rb
                0x008015d2                buf1
                0x00801652                commandCompleteFlag1
                0x00801653                buf
 COMMON         0x00801673        0x6 c:/program files (x86)/atmel/studio/7.0/toolchain/avr8/avr8-gnu-toolchain/bin/../lib/gcc/avr/5.4.0/../../../../avr/lib/avr6\libc.a(iob.o)
                0x00801673                __iob
                0x00801679                PROVIDE (__bss_end, .)
                0x00008664                __data_load_start = LOADADDR (.data)
                0x000097f0                __data_load_end = (__data_load_start + SIZEOF (.data))

.noinit         0x00801679        0x0
                [!provide]                PROVIDE (__noinit_start, .)
 *(.noinit*)
                [!provide]                PROVIDE (__noinit_end, .)
                0x00801679                _end = .
                [!provide]                PROVIDE (__heap_start, .)

.eeprom         0x00810000        0x0
 *(.eeprom*)
                0x00810000                __eeprom_end = .

.fuse
 *(.fuse)
 *(.lfuse)
 *(.hfuse)
 *(.efuse)

.lock
 *(.lock*)

.signature
 *(.signature*)

.user_signatures
 *(.user_signatures*)

.stab
 *(.stab)

.stabstr
 *(.stabstr)

.stab.excl
 *(.stab.excl)

.stab.exclstr
 *(.stab.exclstr)

.stab.index
 *(.stab.index)

.stab.indexstr
 *(.stab.indexstr)

.comment        0x00000000       0x5c
 *(.comment)
 .comment       0x00000000       0x30 Commands/testCommand1.o
                                 0x31 (size before relaxing)
 .comment       0x00000030       0x31 CountersAndTimers.o
 .comment       0x00000030       0x31 Drivers/ADC2518.o
 .comment       0x00000030       0x31 Drivers/ADC_uC.o
 .comment       0x00000030       0x31 Drivers/LowLevelFlashDriver/spi-nand-base.o
 .comment       0x00000030       0x31 Drivers/LowLevelFlashDriver/spi-nand-cmd.o
 .comment       0x00000030       0x31 Drivers/NPA700.o
 .comment       0x00000030       0x31 Drivers/RH_T.o
 .comment       0x00000030       0x31 Drivers/spi_ADC2518.o
 .comment       0x00000030       0x31 Drivers/EnablesAndCSs.o
 .comment       0x00000030       0x31 Drivers/FLASH_Driver.o
 .comment       0x00000030       0x31 Drivers/RTC.o
 .comment       0x00000030       0x31 Drivers/spi.o
 .comment       0x00000030       0x31 Drivers/spi_DACs.o
 .comment       0x00000030       0x31 Drivers/spi_FRAM.o
 .comment       0x00000030       0x31 Drivers/spi_RTC.o
 .comment       0x00000030       0x31 Drivers/TWI_MUX.o
 .comment       0x00000030       0x31 Drivers/twi_utils.o
 .comment       0x00000030       0x31 Initialize.o
 .comment       0x00000030       0x31 main.o
 .comment       0x00000030       0x31 majorGeneral.o
 .comment       0x00000030       0x31 uart.o
 .comment       0x00000030       0x2c c:/program files (x86)/atmel/studio/7.0/toolchain/avr8/avr8-gnu-toolchain/bin/../lib/gcc/avr/5.4.0/../../../../avr/lib/avr6\libprintf_flt.a(vfprintf_flt.o)
                                 0x2d (size before relaxing)
 .comment       0x0000005c       0x31 c:/program files (x86)/atmel/studio/7.0/toolchain/avr8/avr8-gnu-toolchain/bin/../lib/gcc/avr/5.4.0/../../../../avr/lib/avr6\libc.a(fputc.o)
 .comment       0x0000005c       0x31 c:/program files (x86)/atmel/studio/7.0/toolchain/avr8/avr8-gnu-toolchain/bin/../lib/gcc/avr/5.4.0/../../../../avr/lib/avr6\libc.a(iob.o)
 .comment       0x0000005c       0x31 c:/program files (x86)/atmel/studio/7.0/toolchain/avr8/avr8-gnu-toolchain/bin/../lib/gcc/avr/5.4.0/../../../../avr/lib/avr6\libc.a(printf.o)
 .comment       0x0000005c       0x31 c:/program files (x86)/atmel/studio/7.0/toolchain/avr8/avr8-gnu-toolchain/bin/../lib/gcc/avr/5.4.0/../../../../avr/lib/avr6\libc.a(printf_p.o)
 .comment       0x0000005c       0x31 c:/program files (x86)/atmel/studio/7.0/toolchain/avr8/avr8-gnu-toolchain/bin/../lib/gcc/avr/5.4.0/../../../../avr/lib/avr6\libc.a(putchar.o)
 .comment       0x0000005c       0x31 c:/program files (x86)/atmel/studio/7.0/toolchain/avr8/avr8-gnu-toolchain/bin/../lib/gcc/avr/5.4.0/../../../../avr/lib/avr6\libc.a(puts.o)

.note.gnu.avr.deviceinfo
                0x00000000       0x40
 .note.gnu.avr.deviceinfo
                0x00000000       0x40 C:/Program Files (x86)/Atmel/Studio/7.0/Packs/atmel/ATmega_DFP/2.0.401/gcc/dev/atmega2560/avr6/crtatmega2560.o

.note.gnu.build-id
 *(.note.gnu.build-id)

.debug
 *(.debug)

.line
 *(.line)

.debug_srcinfo
 *(.debug_srcinfo)

.debug_sfnames
 *(.debug_sfnames)

.debug_aranges  0x00000000      0x8b8
 *(.debug_aranges)
 .debug_aranges
                0x00000000       0x60 Commands/testCommand1.o
 .debug_aranges
                0x00000060       0x38 CountersAndTimers.o
 .debug_aranges
                0x00000098       0x58 Drivers/ADC2518.o
 .debug_aranges
                0x000000f0       0x50 Drivers/ADC_uC.o
 .debug_aranges
                0x00000140      0x1d0 Drivers/LowLevelFlashDriver/spi-nand-base.o
 .debug_aranges
                0x00000310       0x30 Drivers/LowLevelFlashDriver/spi-nand-cmd.o
 .debug_aranges
                0x00000340       0x50 Drivers/NPA700.o
 .debug_aranges
                0x00000390       0x38 Drivers/RH_T.o
 .debug_aranges
                0x000003c8       0x30 Drivers/spi_ADC2518.o
 .debug_aranges
                0x000003f8       0xf0 Drivers/EnablesAndCSs.o
 .debug_aranges
                0x000004e8      0x108 Drivers/FLASH_Driver.o
 .debug_aranges
                0x000005f0       0x30 Drivers/RTC.o
 .debug_aranges
                0x00000620       0x58 Drivers/spi.o
 .debug_aranges
                0x00000678       0x48 Drivers/spi_DACs.o
 .debug_aranges
                0x000006c0       0x58 Drivers/spi_FRAM.o
 .debug_aranges
                0x00000718       0x28 Drivers/spi_RTC.o
 .debug_aranges
                0x00000740       0x28 Drivers/TWI_MUX.o
 .debug_aranges
                0x00000768       0x50 Drivers/twi_utils.o
 .debug_aranges
                0x000007b8       0x30 Initialize.o
 .debug_aranges
                0x000007e8       0x20 main.o
 .debug_aranges
                0x00000808       0x30 majorGeneral.o
 .debug_aranges
                0x00000838       0x80 uart.o

.debug_pubnames
 *(.debug_pubnames)

.debug_info     0x00000000     0xcb74
 *(.debug_info .gnu.linkonce.wi.*)
 .debug_info    0x00000000      0xbbc C:/Program Files (x86)/Atmel/Studio/7.0/Packs/atmel/ATmega_DFP/2.0.401/gcc/dev/atmega2560/avr6/crtatmega2560.o
 .debug_info    0x00000bbc     0x10a8 Commands/testCommand1.o
 .debug_info    0x00001c64      0x17d CountersAndTimers.o
 .debug_info    0x00001de1      0x358 Drivers/ADC2518.o
 .debug_info    0x00002139      0x40a Drivers/ADC_uC.o
 .debug_info    0x00002543     0x3db7 Drivers/LowLevelFlashDriver/spi-nand-base.o
 .debug_info    0x000062fa      0xb98 Drivers/LowLevelFlashDriver/spi-nand-cmd.o
 .debug_info    0x00006e92      0x430 Drivers/NPA700.o
 .debug_info    0x000072c2      0x3e3 Drivers/RH_T.o
 .debug_info    0x000076a5      0x2c2 Drivers/spi_ADC2518.o
 .debug_info    0x00007967      0x32e Drivers/EnablesAndCSs.o
 .debug_info    0x00007c95     0x2342 Drivers/FLASH_Driver.o
 .debug_info    0x00009fd7      0x37a Drivers/RTC.o
 .debug_info    0x0000a351      0x2ee Drivers/spi.o
 .debug_info    0x0000a63f      0x553 Drivers/spi_DACs.o
 .debug_info    0x0000ab92      0x521 Drivers/spi_FRAM.o
 .debug_info    0x0000b0b3      0x1d0 Drivers/spi_RTC.o
 .debug_info    0x0000b283      0x21a Drivers/TWI_MUX.o
 .debug_info    0x0000b49d      0x5fc Drivers/twi_utils.o
 .debug_info    0x0000ba99      0x402 Initialize.o
 .debug_info    0x0000be9b      0x33f main.o
 .debug_info    0x0000c1da      0x15c majorGeneral.o
 .debug_info    0x0000c336      0x83e uart.o

.debug_abbrev   0x00000000     0x2e8a
 *(.debug_abbrev)
 .debug_abbrev  0x00000000      0xb1a C:/Program Files (x86)/Atmel/Studio/7.0/Packs/atmel/ATmega_DFP/2.0.401/gcc/dev/atmega2560/avr6/crtatmega2560.o
 .debug_abbrev  0x00000b1a      0x1ed Commands/testCommand1.o
 .debug_abbrev  0x00000d07       0xba CountersAndTimers.o
 .debug_abbrev  0x00000dc1      0x110 Drivers/ADC2518.o
 .debug_abbrev  0x00000ed1      0x1b9 Drivers/ADC_uC.o
 .debug_abbrev  0x0000108a      0x443 Drivers/LowLevelFlashDriver/spi-nand-base.o
 .debug_abbrev  0x000014cd      0x23e Drivers/LowLevelFlashDriver/spi-nand-cmd.o
 .debug_abbrev  0x0000170b      0x196 Drivers/NPA700.o
 .debug_abbrev  0x000018a1      0x1b2 Drivers/RH_T.o
 .debug_abbrev  0x00001a53       0xef Drivers/spi_ADC2518.o
 .debug_abbrev  0x00001b42       0xc2 Drivers/EnablesAndCSs.o
 .debug_abbrev  0x00001c04      0x308 Drivers/FLASH_Driver.o
 .debug_abbrev  0x00001f0c      0x11a Drivers/RTC.o
 .debug_abbrev  0x00002026      0x10a Drivers/spi.o
 .debug_abbrev  0x00002130      0x102 Drivers/spi_DACs.o
 .debug_abbrev  0x00002232      0x164 Drivers/spi_FRAM.o
 .debug_abbrev  0x00002396       0xa3 Drivers/spi_RTC.o
 .debug_abbrev  0x00002439      0x103 Drivers/TWI_MUX.o
 .debug_abbrev  0x0000253c      0x27e Drivers/twi_utils.o
 .debug_abbrev  0x000027ba      0x1fc Initialize.o
 .debug_abbrev  0x000029b6      0x112 main.o
 .debug_abbrev  0x00002ac8       0xd8 majorGeneral.o
 .debug_abbrev  0x00002ba0      0x2ea uart.o

.debug_line     0x00000000     0x6308
 *(.debug_line .debug_line.* .debug_line_end)
 .debug_line    0x00000000      0x1fa C:/Program Files (x86)/Atmel/Studio/7.0/Packs/atmel/ATmega_DFP/2.0.401/gcc/dev/atmega2560/avr6/crtatmega2560.o
 .debug_line    0x000001fa      0xc03 Commands/testCommand1.o
 .debug_line    0x00000dfd      0x171 CountersAndTimers.o
 .debug_line    0x00000f6e      0x235 Drivers/ADC2518.o
 .debug_line    0x000011a3      0x2cd Drivers/ADC_uC.o
 .debug_line    0x00001470     0x1af1 Drivers/LowLevelFlashDriver/spi-nand-base.o
 .debug_line    0x00002f61      0x21a Drivers/LowLevelFlashDriver/spi-nand-cmd.o
 .debug_line    0x0000317b      0x2bf Drivers/NPA700.o
 .debug_line    0x0000343a      0x242 Drivers/RH_T.o
 .debug_line    0x0000367c      0x192 Drivers/spi_ADC2518.o
 .debug_line    0x0000380e      0x2fd Drivers/EnablesAndCSs.o
 .debug_line    0x00003b0b      0xc37 Drivers/FLASH_Driver.o
 .debug_line    0x00004742      0x1be Drivers/RTC.o
 .debug_line    0x00004900      0x273 Drivers/spi.o
 .debug_line    0x00004b73      0x284 Drivers/spi_DACs.o
 .debug_line    0x00004df7      0x29f Drivers/spi_FRAM.o
 .debug_line    0x00005096      0x120 Drivers/spi_RTC.o
 .debug_line    0x000051b6      0x17a Drivers/TWI_MUX.o
 .debug_line    0x00005330      0x475 Drivers/twi_utils.o
 .debug_line    0x000057a5      0x255 Initialize.o
 .debug_line    0x000059fa      0x191 main.o
 .debug_line    0x00005b8b      0x140 majorGeneral.o
 .debug_line    0x00005ccb      0x63d uart.o

.debug_frame    0x00000000     0x23d0
 *(.debug_frame)
 .debug_frame   0x00000000      0x160 Commands/testCommand1.o
 .debug_frame   0x00000160       0x7c CountersAndTimers.o
 .debug_frame   0x000001dc      0x104 Drivers/ADC2518.o
 .debug_frame   0x000002e0      0x154 Drivers/ADC_uC.o
 .debug_frame   0x00000434      0xe64 Drivers/LowLevelFlashDriver/spi-nand-base.o
 .debug_frame   0x00001298       0xc0 Drivers/LowLevelFlashDriver/spi-nand-cmd.o
 .debug_frame   0x00001358       0xd8 Drivers/NPA700.o
 .debug_frame   0x00001430       0x78 Drivers/RH_T.o
 .debug_frame   0x000014a8       0x88 Drivers/spi_ADC2518.o
 .debug_frame   0x00001530      0x1c4 Drivers/EnablesAndCSs.o
 .debug_frame   0x000016f4      0x4e4 Drivers/FLASH_Driver.o
 .debug_frame   0x00001bd8       0x84 Drivers/RTC.o
 .debug_frame   0x00001c5c       0xb4 Drivers/spi.o
 .debug_frame   0x00001d10      0x104 Drivers/spi_DACs.o
 .debug_frame   0x00001e14      0x120 Drivers/spi_FRAM.o
 .debug_frame   0x00001f34       0x5c Drivers/spi_RTC.o
 .debug_frame   0x00001f90       0x54 Drivers/TWI_MUX.o
 .debug_frame   0x00001fe4      0x130 Drivers/twi_utils.o
 .debug_frame   0x00002114       0x50 Initialize.o
 .debug_frame   0x00002164       0x24 main.o
 .debug_frame   0x00002188       0x44 majorGeneral.o
 .debug_frame   0x000021cc      0x204 uart.o

.debug_str      0x00000000     0x23fa
 *(.debug_str)
 .debug_str     0x00000000      0x3e6 C:/Program Files (x86)/Atmel/Studio/7.0/Packs/atmel/ATmega_DFP/2.0.401/gcc/dev/atmega2560/avr6/crtatmega2560.o
 .debug_str     0x000003e6      0x605 Commands/testCommand1.o
                                0x665 (size before relaxing)
 .debug_str     0x000009eb       0x81 CountersAndTimers.o
                                0x208 (size before relaxing)
 .debug_str     0x00000a6c       0xbe Drivers/ADC2518.o
                                0x29a (size before relaxing)
 .debug_str     0x00000b2a      0x11d Drivers/ADC_uC.o
                                0x325 (size before relaxing)
 .debug_str     0x00000c47      0xba1 Drivers/LowLevelFlashDriver/spi-nand-base.o
                                0xe1f (size before relaxing)
 .debug_str     0x000017e8       0xe5 Drivers/LowLevelFlashDriver/spi-nand-cmd.o
                                0x736 (size before relaxing)
 .debug_str     0x000018cd      0x119 Drivers/NPA700.o
                                0x2d2 (size before relaxing)
 .debug_str     0x000019e6       0x48 Drivers/RH_T.o
                                0x261 (size before relaxing)
 .debug_str     0x00001a2e       0x50 Drivers/spi_ADC2518.o
                                0x20d (size before relaxing)
 .debug_str     0x00001a7e       0xd4 Drivers/EnablesAndCSs.o
                                0x310 (size before relaxing)
 .debug_str     0x00001b52      0x2d6 Drivers/FLASH_Driver.o
                                0xb12 (size before relaxing)
 .debug_str     0x00001e28       0xc9 Drivers/RTC.o
                                0x28c (size before relaxing)
 .debug_str     0x00001ef1       0x89 Drivers/spi.o
                                0x28d (size before relaxing)
 .debug_str     0x00001f7a       0x27 Drivers/spi_DACs.o
                                0x29e (size before relaxing)
 .debug_str     0x00001fa1       0x40 Drivers/spi_FRAM.o
                                0x2ba (size before relaxing)
 .debug_str     0x00001fe1       0x15 Drivers/spi_RTC.o
                                0x1ec (size before relaxing)
 .debug_str     0x00001ff6       0x3c Drivers/TWI_MUX.o
                                0x20f (size before relaxing)
 .debug_str     0x00002032       0xf2 Drivers/twi_utils.o
                                0x2fe (size before relaxing)
 .debug_str     0x00002124       0x6d Initialize.o
                                0x326 (size before relaxing)
 .debug_str     0x00002191       0xdf main.o
                                0x35d (size before relaxing)
 .debug_str     0x00002270       0x48 majorGeneral.o
                                0x1ef (size before relaxing)
 .debug_str     0x000022b8      0x142 uart.o
                                0x3a3 (size before relaxing)

.debug_loc      0x00000000     0xaa7f
 *(.debug_loc)
 .debug_loc     0x00000000      0x978 Commands/testCommand1.o
 .debug_loc     0x00000978       0x85 CountersAndTimers.o
 .debug_loc     0x000009fd      0x37e Drivers/ADC2518.o
 .debug_loc     0x00000d7b      0x422 Drivers/ADC_uC.o
 .debug_loc     0x0000119d     0x560d Drivers/LowLevelFlashDriver/spi-nand-base.o
 .debug_loc     0x000067aa      0x4ef Drivers/LowLevelFlashDriver/spi-nand-cmd.o
 .debug_loc     0x00006c99      0x284 Drivers/NPA700.o
 .debug_loc     0x00006f1d       0xee Drivers/RH_T.o
 .debug_loc     0x0000700b      0x286 Drivers/spi_ADC2518.o
 .debug_loc     0x00007291     0x1ccf Drivers/FLASH_Driver.o
 .debug_loc     0x00008f60      0x12c Drivers/RTC.o
 .debug_loc     0x0000908c      0x22d Drivers/spi.o
 .debug_loc     0x000092b9      0x33a Drivers/spi_DACs.o
 .debug_loc     0x000095f3      0x3f0 Drivers/spi_FRAM.o
 .debug_loc     0x000099e3      0x1a8 Drivers/spi_RTC.o
 .debug_loc     0x00009b8b      0x109 Drivers/TWI_MUX.o
 .debug_loc     0x00009c94      0x653 Drivers/twi_utils.o
 .debug_loc     0x0000a2e7       0x53 Initialize.o
 .debug_loc     0x0000a33a       0x57 majorGeneral.o
 .debug_loc     0x0000a391      0x6ee uart.o

.debug_macinfo
 *(.debug_macinfo)

.debug_weaknames
 *(.debug_weaknames)

.debug_funcnames
 *(.debug_funcnames)

.debug_typenames
 *(.debug_typenames)

.debug_varnames
 *(.debug_varnames)

.debug_pubtypes
 *(.debug_pubtypes)

.debug_ranges   0x00000000      0x788
 *(.debug_ranges)
 .debug_ranges  0x00000000       0x50 Commands/testCommand1.o
 .debug_ranges  0x00000050       0x28 CountersAndTimers.o
 .debug_ranges  0x00000078       0x48 Drivers/ADC2518.o
 .debug_ranges  0x000000c0       0x40 Drivers/ADC_uC.o
 .debug_ranges  0x00000100      0x1c0 Drivers/LowLevelFlashDriver/spi-nand-base.o
 .debug_ranges  0x000002c0       0x20 Drivers/LowLevelFlashDriver/spi-nand-cmd.o
 .debug_ranges  0x000002e0       0x40 Drivers/NPA700.o
 .debug_ranges  0x00000320       0x28 Drivers/RH_T.o
 .debug_ranges  0x00000348       0x20 Drivers/spi_ADC2518.o
 .debug_ranges  0x00000368       0xe0 Drivers/EnablesAndCSs.o
 .debug_ranges  0x00000448       0xf8 Drivers/FLASH_Driver.o
 .debug_ranges  0x00000540       0x20 Drivers/RTC.o
 .debug_ranges  0x00000560       0x60 Drivers/spi.o
 .debug_ranges  0x000005c0       0x38 Drivers/spi_DACs.o
 .debug_ranges  0x000005f8       0x48 Drivers/spi_FRAM.o
 .debug_ranges  0x00000640       0x18 Drivers/spi_RTC.o
 .debug_ranges  0x00000658       0x18 Drivers/TWI_MUX.o
 .debug_ranges  0x00000670       0x58 Drivers/twi_utils.o
 .debug_ranges  0x000006c8       0x20 Initialize.o
 .debug_ranges  0x000006e8       0x10 main.o
 .debug_ranges  0x000006f8       0x20 majorGeneral.o
 .debug_ranges  0x00000718       0x70 uart.o

.debug_macro
 *(.debug_macro)
OUTPUT(SchuylerBoardTest.elf elf32-avr)
LOAD linker stubs
