Archive member included to satisfy reference by file (symbol)

c:/program files (x86)/atmel/studio/7.0/toolchain/avr8/avr8-gnu-toolchain/bin/../lib/gcc/avr/5.4.0/../../../../avr/lib/avr6\libm.a(fixunssfsi.o)
                              Drivers/ADC2518.o (__fixunssfsi)
c:/program files (x86)/atmel/studio/7.0/toolchain/avr8/avr8-gnu-toolchain/bin/../lib/gcc/avr/5.4.0/../../../../avr/lib/avr6\libm.a(floatsisf.o)
                              Drivers/ADC2518.o (__floatsisf)
c:/program files (x86)/atmel/studio/7.0/toolchain/avr8/avr8-gnu-toolchain/bin/../lib/gcc/avr/5.4.0/../../../../avr/lib/avr6\libm.a(fp_split3.o)
                              c:/program files (x86)/atmel/studio/7.0/toolchain/avr8/avr8-gnu-toolchain/bin/../lib/gcc/avr/5.4.0/../../../../avr/lib/avr6\libm.a(fixunssfsi.o) (__fp_splitA)
c:/program files (x86)/atmel/studio/7.0/toolchain/avr8/avr8-gnu-toolchain/bin/../lib/gcc/avr/5.4.0/../../../../avr/lib/avr6\libm.a(fp_zero.o)
                              c:/program files (x86)/atmel/studio/7.0/toolchain/avr8/avr8-gnu-toolchain/bin/../lib/gcc/avr/5.4.0/../../../../avr/lib/avr6\libm.a(fixunssfsi.o) (__fp_zero)
c:/program files (x86)/atmel/studio/7.0/toolchain/avr8/avr8-gnu-toolchain/bin/../lib/gcc/avr/5.4.0/../../../../avr/lib/avr6\libm.a(mulsf3.o)
                              Drivers/ADC2518.o (__mulsf3)
c:/program files (x86)/atmel/studio/7.0/toolchain/avr8/avr8-gnu-toolchain/bin/../lib/gcc/avr/5.4.0/../../../../avr/lib/avr6\libm.a(mulsf3x.o)
                              c:/program files (x86)/atmel/studio/7.0/toolchain/avr8/avr8-gnu-toolchain/bin/../lib/gcc/avr/5.4.0/../../../../avr/lib/avr6\libm.a(mulsf3.o) (__mulsf3x)
c:/program files (x86)/atmel/studio/7.0/toolchain/avr8/avr8-gnu-toolchain/bin/../lib/gcc/avr/5.4.0/../../../../avr/lib/avr6\libm.a(fp_inf.o)
                              c:/program files (x86)/atmel/studio/7.0/toolchain/avr8/avr8-gnu-toolchain/bin/../lib/gcc/avr/5.4.0/../../../../avr/lib/avr6\libm.a(mulsf3x.o) (__fp_inf)
c:/program files (x86)/atmel/studio/7.0/toolchain/avr8/avr8-gnu-toolchain/bin/../lib/gcc/avr/5.4.0/../../../../avr/lib/avr6\libm.a(fp_nan.o)
                              c:/program files (x86)/atmel/studio/7.0/toolchain/avr8/avr8-gnu-toolchain/bin/../lib/gcc/avr/5.4.0/../../../../avr/lib/avr6\libm.a(mulsf3x.o) (__fp_nan)
c:/program files (x86)/atmel/studio/7.0/toolchain/avr8/avr8-gnu-toolchain/bin/../lib/gcc/avr/5.4.0/../../../../avr/lib/avr6\libm.a(fp_pscA.o)
                              c:/program files (x86)/atmel/studio/7.0/toolchain/avr8/avr8-gnu-toolchain/bin/../lib/gcc/avr/5.4.0/../../../../avr/lib/avr6\libm.a(mulsf3x.o) (__fp_pscA)
c:/program files (x86)/atmel/studio/7.0/toolchain/avr8/avr8-gnu-toolchain/bin/../lib/gcc/avr/5.4.0/../../../../avr/lib/avr6\libm.a(fp_pscB.o)
                              c:/program files (x86)/atmel/studio/7.0/toolchain/avr8/avr8-gnu-toolchain/bin/../lib/gcc/avr/5.4.0/../../../../avr/lib/avr6\libm.a(mulsf3x.o) (__fp_pscB)
c:/program files (x86)/atmel/studio/7.0/toolchain/avr8/avr8-gnu-toolchain/bin/../lib/gcc/avr/5.4.0/../../../../avr/lib/avr6\libm.a(fp_round.o)
                              c:/program files (x86)/atmel/studio/7.0/toolchain/avr8/avr8-gnu-toolchain/bin/../lib/gcc/avr/5.4.0/../../../../avr/lib/avr6\libm.a(mulsf3.o) (__fp_round)
c:/program files (x86)/atmel/studio/7.0/toolchain/avr8/avr8-gnu-toolchain/bin/../lib/gcc/avr/5.4.0/../../../../avr/lib/avr6\libprintf_flt.a(vfprintf_flt.o)
                              (vfprintf)
c:/program files (x86)/atmel/studio/7.0/toolchain/avr8/avr8-gnu-toolchain/bin/../lib/gcc/avr/5.4.0/avr6\libgcc.a(_mulsi3.o)
                              Drivers/FLASH_Driver.o (__mulsi3)
c:/program files (x86)/atmel/studio/7.0/toolchain/avr8/avr8-gnu-toolchain/bin/../lib/gcc/avr/5.4.0/avr6\libgcc.a(_divmodsi4.o)
                              Drivers/RH_T.o (__divmodsi4)
c:/program files (x86)/atmel/studio/7.0/toolchain/avr8/avr8-gnu-toolchain/bin/../lib/gcc/avr/5.4.0/avr6\libgcc.a(_negsi2.o)
                              c:/program files (x86)/atmel/studio/7.0/toolchain/avr8/avr8-gnu-toolchain/bin/../lib/gcc/avr/5.4.0/avr6\libgcc.a(_divmodsi4.o) (__negsi2)
c:/program files (x86)/atmel/studio/7.0/toolchain/avr8/avr8-gnu-toolchain/bin/../lib/gcc/avr/5.4.0/avr6\libgcc.a(_exit.o)
                              C:/Program Files (x86)/Atmel/Studio/7.0/Packs/atmel/ATmega_DFP/2.0.401/gcc/dev/atmega2560/avr6/crtatmega2560.o (exit)
c:/program files (x86)/atmel/studio/7.0/toolchain/avr8/avr8-gnu-toolchain/bin/../lib/gcc/avr/5.4.0/avr6\libgcc.a(_copy_data.o)
                              Commands/testCommand1.o (__do_copy_data)
c:/program files (x86)/atmel/studio/7.0/toolchain/avr8/avr8-gnu-toolchain/bin/../lib/gcc/avr/5.4.0/avr6\libgcc.a(_clear_bss.o)
                              Commands/testCommand1.o (__do_clear_bss)
c:/program files (x86)/atmel/studio/7.0/toolchain/avr8/avr8-gnu-toolchain/bin/../lib/gcc/avr/5.4.0/avr6\libgcc.a(_umulhisi3.o)
[...]
Memory Configuration

Name             Origin             Length             Attributes
text             0x00000000         0x00040000         xr
data             0x00800200         0x00002000         rw !x
eeprom           0x00810000         0x00001000         rw !x
fuse             0x00820000         0x00000003         rw !x
lock             0x00830000         0x00000400         rw !x
signature        0x00840000         0x00000400         rw !x
user_signatures  0x00850000         0x00000400         rw !x
*default*        0x00000000         0xffffffff

Linker script and memory map

Address of section .data set to 0x800200
LOAD C:/Program Files (x86)/Atmel/Studio/7.0/Packs/atmel/ATmega_DFP/2.0.401/gcc/dev/atmega2560/avr6/crtatmega2560.o
LOAD Commands/testCommand1.o
LOAD CountersAndTimers.o
LOAD Drivers/ADC2518.o
LOAD Drivers/ADC_uC.o
LOAD Drivers/FETS.o
LOAD Drivers/NPA700.o
LOAD Drivers/RH_T.o
LOAD Drivers/spi_ADC2518.o
LOAD Drivers/EnablesAndCSs.o
LOAD Drivers/FLASH_Driver.o
LOAD Drivers/RTC.o
LOAD Drivers/spi.o
LOAD Drivers/spi_DACs.o
LOAD Drivers/spi_FRAM.o
LOAD Drivers/spi_RTC.o
LOAD Drivers/TWI_MUX.o
LOAD Drivers/twi_utils.o
LOAD Initialize.o
LOAD main.o
LOAD majorGeneral.o
LOAD uart.o
START GROUP
LOAD c:/program files (x86)/atmel/studio/7.0/toolchain/avr8/avr8-gnu-toolchain/bin/../lib/gcc/avr/5.4.0/../../../../avr/lib/avr6\libm.a
END GROUP
LOAD c:/program files (x86)/atmel/studio/7.0/toolchain/avr8/avr8-gnu-toolchain/bin/../lib/gcc/avr/5.4.0/../../../../avr/lib/avr6\libprintf_flt.a
LOAD c:/program files (x86)/atmel/studio/7.0/toolchain/avr8/avr8-gnu-toolchain/bin/../lib/gcc/avr/5.4.0/../../../../avr/lib/avr6\libm.a
START GROUP
LOAD c:/program files (x86)/atmel/studio/7.0/toolchain/avr8/avr8-gnu-toolchain/bin/../lib/gcc/avr/5.4.0/avr6\libgcc.a
LOAD c:/program files (x86)/atmel/studio/7.0/toolchain/avr8/avr8-gnu-toolchain/bin/../lib/gcc/avr/5.4.0/../../../../avr/lib/avr6\libm.a
LOAD c:/program files (x86)/atmel/studio/7.0/toolchain/avr8/avr8-gnu-toolchain/bin/../lib/gcc/avr/5.4.0/../../../../avr/lib/avr6\libc.a
LOAD C:/Program Files (x86)/Atmel/Studio/7.0/Packs/atmel/ATmega_DFP/2.0.401/gcc/dev/atmega2560/avr6\libatmega2560.a
END GROUP
                0x00000000                __TEXT_REGION_ORIGIN__ = DEFINED (__TEXT_REGION_ORIGIN__)?__TEXT_REGION_ORIGIN__:0x0
                [0x00800200]                __DATA_REGION_ORIGIN__ = DEFINED (__DATA_REGION_ORIGIN__)?__DATA_REGION_ORIGIN__:0x800200
                [0x00040000]                __TEXT_REGION_LENGTH__ = DEFINED (__TEXT_REGION_LENGTH__)?__TEXT_REGION_LENGTH__:0x100000
                [0x00002000]                __DATA_REGION_LENGTH__ = DEFINED (__DATA_REGION_LENGTH__)?__DATA_REGION_LENGTH__:0xfe00
                [0x00001000]                __EEPROM_REGION_LENGTH__ = DEFINED (__EEPROM_REGION_LENGTH__)?__EEPROM_REGION_LENGTH__:0x10000
                [0x00000003]                __FUSE_REGION_LENGTH__ = DEFINED (__FUSE_REGION_LENGTH__)?__FUSE_REGION_LENGTH__:0x400
                0x00000400                __LOCK_REGION_LENGTH__ = DEFINED (__LOCK_REGION_LENGTH__)?__LOCK_REGION_LENGTH__:0x400
                0x00000400                __SIGNATURE_REGION_LENGTH__ = DEFINED (__SIGNATURE_REGION_LENGTH__)?__SIGNATURE_REGION_LENGTH__:0x400
                0x00000400                __USER_SIGNATURE_REGION_LENGTH__ = DEFINED (__USER_SIGNATURE_REGION_LENGTH__)?__USER_SIGNATURE_REGION_LENGTH__:0x400

.hash
 *(.hash)

.dynsym
 *(.dynsym)

.dynstr
 *(.dynstr)

.gnu.version
 *(.gnu.version)

.gnu.version_d
 *(.gnu.version_d)

.gnu.version_r
 *(.gnu.version_r)

.rel.init
 *(.rel.init)

.rela.init
 *(.rela.init)

.rel.text
 *(.rel.text)
 *(.rel.text.*)
 *(.rel.gnu.linkonce.t*)

.rela.text
 *(.rela.text)
 *(.rela.text.*)
 *(.rela.gnu.linkonce.t*)

.rel.fini
 *(.rel.fini)

.rela.fini
 *(.rela.fini)

.rel.rodata
 *(.rel.rodata)
 *(.rel.rodata.*)
 *(.rel.gnu.linkonce.r*)

.rela.rodata
 *(.rela.rodata)
 *(.rela.rodata.*)
 *(.rela.gnu.linkonce.r*)

.rel.data
 *(.rel.data)
 *(.rel.data.*)
 *(.rel.gnu.linkonce.d*)

.rela.data
 *(.rela.data)
 *(.rela.data.*)
 *(.rela.gnu.linkonce.d*)

.rel.ctors
 *(.rel.ctors)

.rela.ctors
 *(.rela.ctors)

.rel.dtors
 *(.rel.dtors)

.rela.dtors
 *(.rela.dtors)

.rel.got
 *(.rel.got)

.rela.got
 *(.rela.got)

.rel.bss
 *(.rel.bss)

.rela.bss
 *(.rela.bss)

.rel.plt
 *(.rel.plt)

.rela.plt
 *(.rela.plt)

.text           0x00000000     0x5460
 *(.vectors)
 .vectors       0x00000000       0xe4 C:/Program Files (x86)/Atmel/Studio/7.0/Packs/atmel/ATmega_DFP/2.0.401/gcc/dev/atmega2560/avr6/crtatmega2560.o
                0x00000000                __vector_default
                0x00000000                __vectors
 *(.vectors)
 *(.progmem.gcc*)
                0x000000e4                . = ALIGN (0x2)
                0x000000e4                __trampolines_start = .
 *(.trampolines)
 .trampolines   0x000000e4        0x0 linker stubs
 *(.trampolines*)
                0x000000e4                __trampolines_end = .
 *libprintf_flt.a:*(.progmem.data)
 .progmem.data  0x000000e4        0x8 c:/program files (x86)/atmel/studio/7.0/toolchain/avr8/avr8-gnu-toolchain/bin/../lib/gcc/avr/5.4.0/../../../../avr/lib/avr6\libprintf_flt.a(vfprintf_flt.o)
 *libc.a:*(.progmem.data)
 .progmem.data  0x000000ec       0xfa c:/program files (x86)/atmel/studio/7.0/toolchain/avr8/avr8-gnu-toolchain/bin/../lib/gcc/avr/5.4.0/../../../../avr/lib/avr6\libc.a(ftoa_engine.o)
 *(.progmem*)
 .progmem.data.__c.2527
                0x000001e6       0x14 Commands/testCommand1.o
 .progmem.data.__c.2543
                0x000001fa       0x13 Commands/testCommand1.o
 .progmem.data.__c.2046
                0x0000020d       0x20 Drivers/ADC2518.o
 .progmem.data.__c.2037
                0x0000022d       0x15 Drivers/ADC2518.o
 .progmem.data.__c.2082
                0x00000242        0x2 Drivers/ADC_uC.o
 .progmem.data.__c.2077
                0x00000244        0x4 Drivers/ADC_uC.o
 .progmem.data.__c.2071
                0x00000248       0x1f Drivers/ADC_uC.o
 .progmem.data.__c.2042
                0x00000267       0x23 Drivers/NPA700.o
 .progmem.data.__c.2040
                0x0000028a       0x1c Drivers/NPA700.o
 .progmem.data.__c.2038
                0x000002a6       0x20 Drivers/NPA700.o
 .progmem.data.__c.2554
                0x000002c6       0x39 Drivers/FLASH_Driver.o
 .progmem.data.__c.2556
                0x000002ff       0x33 Drivers/FLASH_Driver.o
 .progmem.data.__c.2558
                0x00000332       0x29 Drivers/FLASH_Driver.o
 .progmem.data.__c.2560
                0x0000035b       0x34 Drivers/FLASH_Driver.o
 .progmem.data.__c.2576
                0x0000038f       0x27 Drivers/FLASH_Driver.o
 .progmem.data.__c.2578
                0x000003b6       0x27 Drivers/FLASH_Driver.o
 .progmem.data.majorGeneral
                0x000003dd     0x11ae majorGeneral.o
                0x000003dd                majorGeneral
                0x0000158c                . = ALIGN (0x2)
 *fill*         0x0000158b        0x1 
 *(.jumptables)
 *(.jumptables*)
 *(.lowtext)
 *(.lowtext*)
                0x0000158c                __ctors_start = .
 *(.ctors)
                0x0000158c                __ctors_end = .
                0x0000158c                __dtors_start = .
 *(.dtors)
                0x0000158c                __dtors_end = .
 SORT(*)(.ctors)
 SORT(*)(.dtors)
 *(.init0)
 .init0         0x0000158c        0x0 C:/Program Files (x86)/Atmel/Studio/7.0/Packs/atmel/ATmega_DFP/2.0.401/gcc/dev/atmega2560/avr6/crtatmega2560.o
                0x0000158c                __init
 *(.init0)
 *(.init1)
 *(.init1)
 *(.init2)
 .init2         0x0000158c       0x10 C:/Program Files (x86)/Atmel/Studio/7.0/Packs/atmel/ATmega_DFP/2.0.401/gcc/dev/atmega2560/avr6/crtatmega2560.o
 *(.init2)
 *(.init3)
 *(.init3)
 *(.init4)
 .init4         0x0000159c       0x1a c:/program files (x86)/atmel/studio/7.0/toolchain/avr8/avr8-gnu-toolchain/bin/../lib/gcc/avr/5.4.0/avr6\libgcc.a(_copy_data.o)
                0x0000159c                __do_copy_data
 .init4         0x000015b6       0x10 c:/program files (x86)/atmel/studio/7.0/toolchain/avr8/avr8-gnu-toolchain/bin/../lib/gcc/avr/5.4.0/avr6\libgcc.a(_clear_bss.o)
                0x000015b6                __do_clear_bss
 *(.init4)
 *(.init5)
 *(.init5)
 *(.init6)
 *(.init6)
 *(.init7)
 *(.init7)
 *(.init8)
 *(.init8)
 *(.init9)
 .init9         0x000015c6        0x8 C:/Program Files (x86)/Atmel/Studio/7.0/Packs/atmel/ATmega_DFP/2.0.401/gcc/dev/atmega2560/avr6/crtatmega2560.o
 *(.init9)
 *(.text)
 .text          0x000015ce        0x4 C:/Program Files (x86)/Atmel/Studio/7.0/Packs/atmel/ATmega_DFP/2.0.401/gcc/dev/atmega2560/avr6/crtatmega2560.o
                0x000015ce                __vector_38
                0x000015ce                __vector_22
                0x000015ce                __vector_28
                0x000015ce                __vector_1
                0x000015ce                __vector_32
                0x000015ce                __vector_34
                0x000015ce                __vector_24
                0x000015ce                __vector_12
                0x000015ce                __vector_55
                0x000015ce                __vector_46
                0x000015ce                __bad_interrupt
                0x000015ce                __vector_6
                0x000015ce                __vector_31
                0x000015ce                __vector_35
                0x000015ce                __vector_39
                0x000015ce                __vector_3
                0x000015ce                __vector_23
                0x000015ce                __vector_30
                0x000015ce                __vector_45
                0x000015ce                __vector_11
                0x000015ce                __vector_54
                0x000015ce                __vector_17
                0x000015ce                __vector_19
                0x000015ce                __vector_56
                0x000015ce                __vector_7
                0x000015ce                __vector_49
                0x000015ce                __vector_41
                0x000015ce                __vector_43
                0x000015ce                __vector_27
                0x000015ce                __vector_5
                0x000015ce                __vector_33
                0x000015ce                __vector_47
                0x000015ce                __vector_52
                0x000015ce                __vector_37
                0x000015ce                __vector_4
                0x000015ce                __vector_44
                0x000015ce                __vector_51
                0x000015ce                __vector_9
                0x000015ce                __vector_2
                0x000015ce                __vector_21
                0x000015ce                __vector_15
                0x000015ce                __vector_40
                0x000015ce                __vector_26
                0x000015ce                __vector_48
                0x000015ce                __vector_14
                0x000015ce                __vector_53
                0x000015ce                __vector_10
                0x000015ce                __vector_50
                0x000015ce                __vector_16
                0x000015ce                __vector_18
                0x000015ce                __vector_20
                0x000015ce                __vector_42
                0x000015d2                . = ALIGN (0x2)
 *(.text.*)
 .text.processCommand
                0x000015d2      0x596 Commands/testCommand1.o
                0x000015d2                processCommand
 .text.setTestBlock
                0x00001b68       0x5c Commands/testCommand1.o
                0x00001b68                setTestBlock
 .text.doFlashWriteTest
                0x00001bc4       0xec Commands/testCommand1.o
                0x00001bc4                doFlashWriteTest
 .text.doFlashReadTest
                0x00001cb0       0xf8 Commands/testCommand1.o
                0x00001cb0                doFlashReadTest
 .text.doFlashEraseTest
                0x00001da8       0x14 Commands/testCommand1.o
                0x00001da8                doFlashEraseTest
 .text.doFlashMarkBlockBad
                0x00001dbc       0x10 Commands/testCommand1.o
                0x00001dbc                doFlashMarkBlockBad
 .text.doFlashTestReadAll
                0x00001dcc       0x10 Commands/testCommand1.o
                0x00001dcc                doFlashTestReadAll
 .text.toggleMicron
                0x00001ddc       0x48 Commands/testCommand1.o
                0x00001ddc                toggleMicron
 .text.testRandomWR
                0x00001e24      0x4d2 Commands/testCommand1.o
                0x00001e24                testRandomWR
 .text.FlashABTest
                0x000022f6       0x10 Commands/testCommand1.o
                0x000022f6                FlashABTest
 .text.FlashReadPageTest
                0x00002306      0x160 Commands/testCommand1.o
                0x00002306                FlashReadPageTest
 .text.FlashReadBlocksTest_micron
                0x00002466       0x10 Commands/testCommand1.o
                0x00002466                FlashReadBlocksTest_micron
 .text.dumpBuffer
                0x00002476       0x7c Commands/testCommand1.o
                0x00002476                dumpBuffer
 .text.FlashBasicTest
                0x000024f2       0x10 Commands/testCommand1.o
                0x000024f2                FlashBasicTest
 .text.__vector_8
                0x00002502       0x14 CountersAndTimers.o
                0x00002502                __vector_8
 .text.__vector_13
                0x00002516       0x8c CountersAndTimers.o
                0x00002516                __vector_13
 .text.init_timer2
                0x000025a2       0x30 CountersAndTimers.o
                0x000025a2                init_timer2
 .text.init_CountersIimers
                0x000025d2       0x16 CountersAndTimers.o
                0x000025d2                init_CountersIimers
 .text.ADC_rdSystemStatus
                0x000025e8       0x20 Drivers/ADC2518.o
                0x000025e8                ADC_rdSystemStatus
 .text.ADC_wrGPO
                0x00002608       0x3c Drivers/ADC2518.o
                0x00002608                ADC_wrGPO
 .text.initADC2518
                0x00002644       0x1a Drivers/ADC2518.o
                0x00002644                initADC2518
 .text.ADC_OverSample
                0x0000265e       0x22 Drivers/ADC2518.o
                0x0000265e                ADC_OverSample
 .text.ADC_OscSpeed
                0x00002680       0x38 Drivers/ADC2518.o
                0x00002680                ADC_OscSpeed
 .text.ADC_manualMode
                0x000026b8        0x8 Drivers/ADC2518.o
                0x000026b8                ADC_manualMode
 .text.ADC_ReadManualModeAnalogCh
                0x000026c0       0x66 Drivers/ADC2518.o
                0x000026c0                ADC_ReadManualModeAnalogCh
 .text.nextADC  0x00002726       0x5c Drivers/ADC_uC.o
                0x00002726                nextADC
 .text.showActiveADCs
                0x00002782       0x78 Drivers/ADC_uC.o
                0x00002782                showActiveADCs
 .text.incADC_MUX
                0x000027fa       0x32 Drivers/ADC_uC.o
                0x000027fa                incADC_MUX
 .text.__vector_29
                0x0000282c      0x106 Drivers/ADC_uC.o
                0x0000282c                __vector_29
 .text.doAdc    0x00002932       0x56 Drivers/ADC_uC.o
                0x00002932                doAdc
 .text.startADCcycle
                0x00002988       0x2c Drivers/ADC_uC.o
                0x00002988                startADCcycle
 .text.init_adc
                0x000029b4       0x3e Drivers/ADC_uC.o
                0x000029b4                init_adc
 .text.readDiff_CH
                0x000029f2       0x1e Drivers/NPA700.o
                0x000029f2                readDiff_CH
 .text.readNPA700
                0x00002a10      0x154 Drivers/NPA700.o
                0x00002a10                readNPA700
 .text.initPressureSensors
                0x00002b64       0x86 Drivers/NPA700.o
                0x00002b64                initPressureSensors
 .text.readDiffPress
                0x00002bea       0x1c Drivers/NPA700.o
                0x00002bea                readDiffPress
 .text.readABSPress
                0x00002c06       0x1c Drivers/NPA700.o
                0x00002c06                readABSPress
 .text.readU47  0x00002c22       0x1c Drivers/NPA700.o
                0x00002c22                readU47
 .text.startRH_T_conversion
                0x00002c3e       0x2a Drivers/RH_T.o
                0x00002c3e                startRH_T_conversion
 .text.readRH_T
                0x00002c68      0x102 Drivers/RH_T.o
                0x00002c68                readRH_T
 .text.ADC_RegisterWrite
                0x00002d6a       0x1e Drivers/spi_ADC2518.o
                0x00002d6a                ADC_RegisterWrite
 .text.ADC_RegisterRead
                0x00002d88       0x30 Drivers/spi_ADC2518.o
                0x00002d88                ADC_RegisterRead
 .text.ADC_RegisterReadWrite
                0x00002db8       0x54 Drivers/spi_ADC2518.o
                0x00002db8                ADC_RegisterReadWrite
 .text.enableBuck014
                0x00002e0c        0xc Drivers/EnablesAndCSs.o
                0x00002e0c                enableBuck014
 .text.disableBuck014
                0x00002e18        0xc Drivers/EnablesAndCSs.o
                0x00002e18                disableBuck014
 .text.enableBuck2
                0x00002e24        0x8 Drivers/EnablesAndCSs.o
                0x00002e24                enableBuck2
 .text.disableBuck2
                0x00002e2c        0x8 Drivers/EnablesAndCSs.o
                0x00002e2c                disableBuck2
 .text.enableBuck3
                0x00002e34        0x8 Drivers/EnablesAndCSs.o
                0x00002e34                enableBuck3
 .text.disableBuck3
                0x00002e3c        0x8 Drivers/EnablesAndCSs.o
                0x00002e3c                disableBuck3
 .text.enableBuck5
                0x00002e44        0xc Drivers/EnablesAndCSs.o
                0x00002e44                enableBuck5
 .text.disableBuck5
                0x00002e50        0xc Drivers/EnablesAndCSs.o
                0x00002e50                disableBuck5
 .text.powerUpWickSensor
                0x00002e5c        0x8 Drivers/EnablesAndCSs.o
                0x00002e5c                powerUpWickSensor
 .text.powerDownWickSensor
                0x00002e64        0x8 Drivers/EnablesAndCSs.o
                0x00002e64                powerDownWickSensor
 .text.selectFRAM
                0x00002e6c        0x8 Drivers/EnablesAndCSs.o
                0x00002e6c                selectFRAM
 .text.deSelectFRAM
                0x00002e74        0x8 Drivers/EnablesAndCSs.o
                0x00002e74                deSelectFRAM
 .text.selectOpticsDAC
                0x00002e7c        0xc Drivers/EnablesAndCSs.o
                0x00002e7c                selectOpticsDAC
 .text.deSelectOpticsDAC
                0x00002e88        0xc Drivers/EnablesAndCSs.o
                0x00002e88                deSelectOpticsDAC
 .text.selectADC2518
                0x00002e94        0xc Drivers/EnablesAndCSs.o
                0x00002e94                selectADC2518
 .text.deSelectADC2518
                0x00002ea0        0xc Drivers/EnablesAndCSs.o
                0x00002ea0                deSelectADC2518
 .text.selectBuckCtrlDAC
                0x00002eac        0xc Drivers/EnablesAndCSs.o
                0x00002eac                selectBuckCtrlDAC
 .text.deSelectBuckCtrlDAC
                0x00002eb8        0xc Drivers/EnablesAndCSs.o
                0x00002eb8                deSelectBuckCtrlDAC
 .text.selectFlash
                0x00002ec4        0xc Drivers/EnablesAndCSs.o
                0x00002ec4                selectFlash
 .text.deSelectFlash
                0x00002ed0        0xc Drivers/EnablesAndCSs.o
                0x00002ed0                deSelectFlash
 .text.deSelectRTC
                0x00002edc        0xc Drivers/EnablesAndCSs.o
                0x00002edc                deSelectRTC
 .text.selectRTC
                0x00002ee8        0xc Drivers/EnablesAndCSs.o
                0x00002ee8                selectRTC
 .text.selectSDcard
                0x00002ef4        0xc Drivers/EnablesAndCSs.o
                0x00002ef4                selectSDcard
 .text.deSelectSDcard
                0x00002f00        0xc Drivers/EnablesAndCSs.o
                0x00002f00                deSelectSDcard
 .text.spi_FlashInitialize
                0x00002f0c       0x16 Drivers/FLASH_Driver.o
                0x00002f0c                spi_FlashInitialize
 .text.spi_FlashDelay
                0x00002f22       0x6e Drivers/FLASH_Driver.o
                0x00002f22                spi_FlashDelay
 .text.spi_FlashReadID
                0x00002f90       0x78 Drivers/FLASH_Driver.o
                0x00002f90                spi_FlashReadID
 .text.spi_FlashWaitUntilReady
                0x00003008       0x4c Drivers/FLASH_Driver.o
                0x00003008                spi_FlashWaitUntilReady
 .text.spi_FlashIsBusy
                0x00003054       0x30 Drivers/FLASH_Driver.o
                0x00003054                spi_FlashIsBusy
 .text.spi_FlashGetStatusRegister
                0x00003084       0x22 Drivers/FLASH_Driver.o
                0x00003084                spi_FlashGetStatusRegister
 .text.spi_FlashGetFlagStatusRegister
                0x000030a6       0x22 Drivers/FLASH_Driver.o
                0x000030a6                spi_FlashGetFlagStatusRegister
 .text.spi_ProgramReady
                0x000030c8       0x1e Drivers/FLASH_Driver.o
                0x000030c8                spi_ProgramReady
 .text.spi_FlashDisplayStatusRegister
                0x000030e6       0x5c Drivers/FLASH_Driver.o
                0x000030e6                spi_FlashDisplayStatusRegister
 .text.spi_FlashEnableWrite
                0x00003142       0x32 Drivers/FLASH_Driver.o
                0x00003142                spi_FlashEnableWrite
 .text.spi_FlashDisableWrite
                0x00003174       0x32 Drivers/FLASH_Driver.o
                0x00003174                spi_FlashDisableWrite
 .text.spi_FlashEnable4ByteAddress
                0x000031a6       0x18 Drivers/FLASH_Driver.o
                0x000031a6                spi_FlashEnable4ByteAddress
 .text.spi_FlashSetExtendedAddressRegister
                0x000031be       0x24 Drivers/FLASH_Driver.o
                0x000031be                spi_FlashSetExtendedAddressRegister
 .text.spi_FlashWriteToPage_mt25q
                0x000031e2      0x152 Drivers/FLASH_Driver.o
                0x000031e2                spi_FlashWriteToPage_mt25q
 .text.spi_FlashMaxAddress
                0x00003334       0x36 Drivers/FLASH_Driver.o
                0x00003334                spi_FlashMaxAddress
 .text.spi_FlashWrite
                0x0000336a      0x12a Drivers/FLASH_Driver.o
                0x0000336a                spi_FlashWrite
 .text.spi_FlashReadFromPage_mt25q
                0x00003494       0xd8 Drivers/FLASH_Driver.o
                0x00003494                spi_FlashReadFromPage_mt25q
 .text.spi_FlashRead
                0x0000356c       0x48 Drivers/FLASH_Driver.o
                0x0000356c                spi_FlashRead
 .text.spi_FlashErase
                0x000035b4       0xfa Drivers/FLASH_Driver.o
                0x000035b4                spi_FlashErase
 .text.spi_FlashReset
                0x000036ae       0x2e Drivers/FLASH_Driver.o
                0x000036ae                spi_FlashReset
 .text.RTC_config
                0x000036dc       0x8c Drivers/RTC.o
                0x000036dc                RTC_config
 .text.RTC_readCLKF
                0x00003768       0x38 Drivers/RTC.o
                0x00003768                RTC_readCLKF
 .text.init_spi
                0x000037a0       0x14 Drivers/spi.o
                0x000037a0                init_spi
 .text.spiTransferByte
                0x000037b4        0xc Drivers/spi.o
                0x000037b4                spiTransferByte
 .text.spiSendBytes
                0x000037c0       0x24 Drivers/spi.o
                0x000037c0                spiSendBytes
 .text.spiGetBytes
                0x000037e4       0x22 Drivers/spi.o
                0x000037e4                spiGetBytes
 .text.spiSend2ByteBigEndian
                0x00003806       0x2e Drivers/spi.o
                0x00003806                spiSend2ByteBigEndian
 .text.spi_buckCtrlDac
                0x00003834       0x6e Drivers/spi_DACs.o
                0x00003834                spi_buckCtrlDac
 .text.spi_OpticsDAC
                0x000038a2       0x6e Drivers/spi_DACs.o
                0x000038a2                spi_OpticsDAC
 .text.spi_OpticsDAC_BroadCast
                0x00003910       0x24 Drivers/spi_DACs.o
                0x00003910                spi_OpticsDAC_BroadCast
 .text.spi_OpticsBuckCtl_BroadCast
                0x00003934       0x24 Drivers/spi_DACs.o
                0x00003934                spi_OpticsBuckCtl_BroadCast
 .text.spi_FRAM_writeEnable
                0x00003958        0xa Drivers/spi_FRAM.o
                0x00003958                spi_FRAM_writeEnable
 .text.FRAM_ReadStatusRegister
                0x00003962       0x2e Drivers/spi_FRAM.o
                0x00003962                FRAM_ReadStatusRegister
 .text.spi_FRAM_write
                0x00003990       0x46 Drivers/spi_FRAM.o
                0x00003990                spi_FRAM_write
 .text.spi_FRAM_read
                0x000039d6       0x5a Drivers/spi_FRAM.o
                0x000039d6                spi_FRAM_read
 .text.read_FRAM_DeviceID
                0x00003a30       0x5a Drivers/spi_FRAM.o
                0x00003a30                read_FRAM_DeviceID
 .text.wrFRAM   0x00003a8a       0x86 Drivers/spi_FRAM.o
                0x00003a8a                wrFRAM
 .text.framSaveSerialNumber
                0x00003b10       0x18 Drivers/spi_FRAM.o
                0x00003b10                framSaveSerialNumber
 .text.framReadSerialNumber
                0x00003b28       0x30 Drivers/spi_FRAM.o
                0x00003b28                framReadSerialNumber
 .text.spi_RTC_Write
                0x00003b58       0x2c Drivers/spi_RTC.o
                0x00003b58                spi_RTC_Write
 .text.spi_RTC_Read
                0x00003b84       0x2c Drivers/spi_RTC.o
                0x00003b84                spi_RTC_Read
 .text.getMuxConfiguration
                0x00003bb0       0x2e Drivers/TWI_MUX.o
                0x00003bb0                getMuxConfiguration
 .text.setI2Cmux
                0x00003bde       0xda Drivers/TWI_MUX.o
                0x00003bde                setI2Cmux
 .text.setStatus
                0x00003cb8       0x1a Drivers/twi_utils.o
                0x00003cb8                setStatus
 .text.showERRORcode
                0x00003cd2       0x1a Drivers/twi_utils.o
                0x00003cd2                showERRORcode
 .text.init_twi
                0x00003cec       0x8a Drivers/twi_utils.o
                0x00003cec                init_twi
 .text.twi_start
                0x00003d76       0x64 Drivers/twi_utils.o
                0x00003d76                twi_start
 .text.twi_write_bytes
                0x00003dda       0xee Drivers/twi_utils.o
                0x00003dda                twi_write_bytes
 .text.twi_read_bytes
                0x00003ec8      0x118 Drivers/twi_utils.o
                0x00003ec8                twi_read_bytes
 .text.init_Ports
                0x00003fe0       0x36 Initialize.o
                0x00003fe0                init_Ports
 .text.initialize
                0x00004016       0x6e Initialize.o
                0x00004016                initialize
 .text.main     0x00004084       0x5c main.o
                0x00004084                main
 .text.majorGeneral_num_lines
                0x000040e0        0x4 majorGeneral.o
                0x000040e0                majorGeneral_num_lines
 .text.majorGeneral_get_line
                0x000040e4       0x18 majorGeneral.o
                0x000040e4                majorGeneral_get_line
 .text.majorGeneral_get_line_len
                0x000040fc       0x12 majorGeneral.o
                0x000040fc                majorGeneral_get_line_len
 .text.ringbuf_init
                0x0000410e       0x16 uart.o
 .text.ringbuf_get
                0x00004124       0x52 uart.o
 .text.ringbuf_put
                0x00004176       0x56 uart.o
 .text.init_uart
                0x000041cc       0x7a uart.o
                0x000041cc                init_uart
 .text.uart0_putchar
                0x00004246       0x28 uart.o
                0x00004246                uart0_putchar
 .text.uart1_put
                0x0000426e       0x20 uart.o
                0x0000426e                uart1_put
 .text.uarts_getchar
                0x0000428e        0x6 uart.o
                0x0000428e                uarts_getchar
 .text.__vector_25
                0x00004294      0x1be uart.o
                0x00004294                __vector_25
 .text.__vector_36
                0x00004452       0x9e uart.o
                0x00004452                __vector_36
 .text.doUart   0x000044f0       0xcc uart.o
                0x000044f0                doUart
 .text.avr-libc.fplib
                0x000045bc       0x58 c:/program files (x86)/atmel/studio/7.0/toolchain/avr8/avr8-gnu-toolchain/bin/../lib/gcc/avr/5.4.0/../../../../avr/lib/avr6\libm.a(fixunssfsi.o)
                0x000045bc                __fixunssfsi
 .text.avr-libc.fplib
                0x00004614       0x7a c:/program files (x86)/atmel/studio/7.0/toolchain/avr8/avr8-gnu-toolchain/bin/../lib/gcc/avr/5.4.0/../../../../avr/lib/avr6\libm.a(floatsisf.o)
                0x00004614                __floatunsisf
                0x00004618                __floatsisf
 .text.avr-libc.fplib
                0x0000468e       0x44 c:/program files (x86)/atmel/studio/7.0/toolchain/avr8/avr8-gnu-toolchain/bin/../lib/gcc/avr/5.4.0/../../../../avr/lib/avr6\libm.a(fp_split3.o)
                0x0000468e                __fp_split3
                0x0000469e                __fp_splitA
 .text.avr-libc.fplib
                0x000046d2        0xe c:/program files (x86)/atmel/studio/7.0/toolchain/avr8/avr8-gnu-toolchain/bin/../lib/gcc/avr/5.4.0/../../../../avr/lib/avr6\libm.a(fp_zero.o)
                0x000046d2                __fp_zero
                0x000046d4                __fp_szero
 .text.avr-libc.fplib
                0x000046e0        0x4 c:/program files (x86)/atmel/studio/7.0/toolchain/avr8/avr8-gnu-toolchain/bin/../lib/gcc/avr/5.4.0/../../../../avr/lib/avr6\libm.a(mulsf3.o)
                0x000046e0                __mulsf3
 .text.avr-libc.fplib
                0x000046e4       0xc2 c:/program files (x86)/atmel/studio/7.0/toolchain/avr8/avr8-gnu-toolchain/bin/../lib/gcc/avr/5.4.0/../../../../avr/lib/avr6\libm.a(mulsf3x.o)
                0x000046f8                __mulsf3x
                0x000046fc                __mulsf3_pse
 .text.avr-libc.fplib
                0x000047a6        0xc c:/program files (x86)/atmel/studio/7.0/toolchain/avr8/avr8-gnu-toolchain/bin/../lib/gcc/avr/5.4.0/../../../../avr/lib/avr6\libm.a(fp_inf.o)
                0x000047a6                __fp_inf
 .text.avr-libc.fplib
                0x000047b2        0x6 c:/program files (x86)/atmel/studio/7.0/toolchain/avr8/avr8-gnu-toolchain/bin/../lib/gcc/avr/5.4.0/../../../../avr/lib/avr6\libm.a(fp_nan.o)
                0x000047b2                __fp_nan
 .text.avr-libc.fplib
                0x000047b8        0xe c:/program files (x86)/atmel/studio/7.0/toolchain/avr8/avr8-gnu-toolchain/bin/../lib/gcc/avr/5.4.0/../../../../avr/lib/avr6\libm.a(fp_pscA.o)
                0x000047b8                __fp_pscA
 .text.avr-libc.fplib
                0x000047c6        0xe c:/program files (x86)/atmel/studio/7.0/toolchain/avr8/avr8-gnu-toolchain/bin/../lib/gcc/avr/5.4.0/../../../../avr/lib/avr6\libm.a(fp_pscB.o)
                0x000047c6                __fp_pscB
 .text.avr-libc.fplib
                0x000047d4       0x22 c:/program files (x86)/atmel/studio/7.0/toolchain/avr8/avr8-gnu-toolchain/bin/../lib/gcc/avr/5.4.0/../../../../avr/lib/avr6\libm.a(fp_round.o)
                0x000047d4                __fp_round
 .text.avr-libc
                0x000047f6      0x712 c:/program files (x86)/atmel/studio/7.0/toolchain/avr8/avr8-gnu-toolchain/bin/../lib/gcc/avr/5.4.0/../../../../avr/lib/avr6\libprintf_flt.a(vfprintf_flt.o)
                0x000047f6                vfprintf
 .text.libgcc.mul
                0x00004f08       0x1e c:/program files (x86)/atmel/studio/7.0/toolchain/avr8/avr8-gnu-toolchain/bin/../lib/gcc/avr/5.4.0/avr6\libgcc.a(_mulsi3.o)
                0x00004f08                __mulsi3
 .text.libgcc.div
                0x00004f26       0x28 c:/program files (x86)/atmel/studio/7.0/toolchain/avr8/avr8-gnu-toolchain/bin/../lib/gcc/avr/5.4.0/avr6\libgcc.a(_divmodsi4.o)
                0x00004f26                __divmodsi4
 .text.libgcc.div
                0x00004f4e       0x10 c:/program files (x86)/atmel/studio/7.0/toolchain/avr8/avr8-gnu-toolchain/bin/../lib/gcc/avr/5.4.0/avr6\libgcc.a(_negsi2.o)
                0x00004f4e                __negsi2
 .text.libgcc.mul
                0x00004f5e       0x1e c:/program files (x86)/atmel/studio/7.0/toolchain/avr8/avr8-gnu-toolchain/bin/../lib/gcc/avr/5.4.0/avr6\libgcc.a(_umulhisi3.o)
                0x00004f5e                __umulhisi3
 .text.libgcc.mul
                0x00004f7c        0xc c:/program files (x86)/atmel/studio/7.0/toolchain/avr8/avr8-gnu-toolchain/bin/../lib/gcc/avr/5.4.0/avr6\libgcc.a(_usmulhisi3.o)
                0x00004f7c                __usmulhisi3
                0x00004f7e                __usmulhisi3_tail
 .text.libgcc.mul
                0x00004f88       0x14 c:/program files (x86)/atmel/studio/7.0/toolchain/avr8/avr8-gnu-toolchain/bin/../lib/gcc/avr/5.4.0/avr6\libgcc.a(_muluhisi3.o)
                0x00004f88                __muluhisi3
 .text.libgcc.div
                0x00004f9c       0x44 c:/program files (x86)/atmel/studio/7.0/toolchain/avr8/avr8-gnu-toolchain/bin/../lib/gcc/avr/5.4.0/avr6\libgcc.a(_udivmodsi4.o)
                0x00004f9c                __udivmodsi4
 .text.avr-libc
                0x00004fe0       0x3a c:/program files (x86)/atmel/studio/7.0/toolchain/avr8/avr8-gnu-toolchain/bin/../lib/gcc/avr/5.4.0/../../../../avr/lib/avr6\libc.a(atoi.o)
                0x00004fe0                atoi
 .text.avr-libc
                0x0000501a      0x1b0 c:/program files (x86)/atmel/studio/7.0/toolchain/avr8/avr8-gnu-toolchain/bin/../lib/gcc/avr/5.4.0/../../../../avr/lib/avr6\libc.a(ftoa_engine.o)
                0x0000501a                __ftoa_engine
 .text.avr-libc
                0x000051ca        0xe c:/program files (x86)/atmel/studio/7.0/toolchain/avr8/avr8-gnu-toolchain/bin/../lib/gcc/avr/5.4.0/../../../../avr/lib/avr6\libc.a(strcpy_P.o)
                0x000051ca                strcpy_P
 .text.avr-libc
                0x000051d8       0x12 c:/program files (x86)/atmel/studio/7.0/toolchain/avr8/avr8-gnu-toolchain/bin/../lib/gcc/avr/5.4.0/../../../../avr/lib/avr6\libc.a(strlen_P.o)
                0x000051d8                __strlen_P
 .text.avr-libc
                0x000051ea       0x16 c:/program files (x86)/atmel/studio/7.0/toolchain/avr8/avr8-gnu-toolchain/bin/../lib/gcc/avr/5.4.0/../../../../avr/lib/avr6\libc.a(strnlen_P.o)
                0x000051ea                strnlen_P
 .text.avr-libc
                0x00005200       0x12 c:/program files (x86)/atmel/studio/7.0/toolchain/avr8/avr8-gnu-toolchain/bin/../lib/gcc/avr/5.4.0/../../../../avr/lib/avr6\libc.a(strcmp.o)
                0x00005200                strcmp
 .text.avr-libc
                0x00005212       0x12 c:/program files (x86)/atmel/studio/7.0/toolchain/avr8/avr8-gnu-toolchain/bin/../lib/gcc/avr/5.4.0/../../../../avr/lib/avr6\libc.a(strlen.o)
                0x00005212                strlen
 .text.avr-libc
                0x00005224       0x16 c:/program files (x86)/atmel/studio/7.0/toolchain/avr8/avr8-gnu-toolchain/bin/../lib/gcc/avr/5.4.0/../../../../avr/lib/avr6\libc.a(strnlen.o)
                0x00005224                strnlen
 .text.avr-libc
                0x0000523a       0x10 c:/program files (x86)/atmel/studio/7.0/toolchain/avr8/avr8-gnu-toolchain/bin/../lib/gcc/avr/5.4.0/../../../../avr/lib/avr6\libc.a(mul10.o)
                0x0000523a                __mulhi_const_10
 .text.avr-libc
                0x0000524a       0x78 c:/program files (x86)/atmel/studio/7.0/toolchain/avr8/avr8-gnu-toolchain/bin/../lib/gcc/avr/5.4.0/../../../../avr/lib/avr6\libc.a(fputc.o)
                0x0000524a                fputc
 .text.avr-libc
                0x000052c2       0x26 c:/program files (x86)/atmel/studio/7.0/toolchain/avr8/avr8-gnu-toolchain/bin/../lib/gcc/avr/5.4.0/../../../../avr/lib/avr6\libc.a(printf.o)
                0x000052c2                printf
 .text.avr-libc
                0x000052e8       0x4e c:/program files (x86)/atmel/studio/7.0/toolchain/avr8/avr8-gnu-toolchain/bin/../lib/gcc/avr/5.4.0/../../../../avr/lib/avr6\libc.a(printf_p.o)
                0x000052e8                printf_P
 .text.avr-libc
                0x00005336        0xa c:/program files (x86)/atmel/studio/7.0/toolchain/avr8/avr8-gnu-toolchain/bin/../lib/gcc/avr/5.4.0/../../../../avr/lib/avr6\libc.a(putchar.o)
                0x00005336                putchar
 .text.avr-libc
                0x00005340       0x60 c:/program files (x86)/atmel/studio/7.0/toolchain/avr8/avr8-gnu-toolchain/bin/../lib/gcc/avr/5.4.0/../../../../avr/lib/avr6\libc.a(puts.o)
                0x00005340                puts
 .text.avr-libc
                0x000053a0       0xbc c:/program files (x86)/atmel/studio/7.0/toolchain/avr8/avr8-gnu-toolchain/bin/../lib/gcc/avr/5.4.0/../../../../avr/lib/avr6\libc.a(ultoa_invert.o)
                0x000053a0                __ultoa_invert
                0x0000545c                . = ALIGN (0x2)
 *(.fini9)
 .fini9         0x0000545c        0x0 c:/program files (x86)/atmel/studio/7.0/toolchain/avr8/avr8-gnu-toolchain/bin/../lib/gcc/avr/5.4.0/avr6\libgcc.a(_exit.o)
                0x0000545c                _exit
                0x0000545c                exit
 *(.fini9)
 *(.fini8)
 *(.fini8)
 *(.fini7)
 *(.fini7)
 *(.fini6)
 *(.fini6)
 *(.fini5)
 *(.fini5)
 *(.fini4)
 *(.fini4)
 *(.fini3)
 *(.fini3)
 *(.fini2)
 *(.fini2)
 *(.fini1)
 *(.fini1)
 *(.fini0)
 .fini0         0x0000545c        0x4 c:/program files (x86)/atmel/studio/7.0/toolchain/avr8/avr8-gnu-toolchain/bin/../lib/gcc/avr/5.4.0/avr6\libgcc.a(_exit.o)
 *(.fini0)
                0x00005460                _etext = .

.data           0x00800200      0x6fe load address 0x00005460
                0x00800200                PROVIDE (__data_start, .)
 *(.data)
 *(.data*)
 .data.i        0x00800200        0x1 Commands/testCommand1.o
                0x00800200                i
 .data.uart_str
                0x00800201        0xe Initialize.o
 *(.gnu.linkonce.d*)
 *(.rodata)
 .rodata        0x0080020f      0x213 Commands/testCommand1.o
 .rodata        0x00800422       0x57 Drivers/FLASH_Driver.o
 *(.rodata*)
 .rodata.str1.1
                0x00800479       0x30 CountersAndTimers.o
 .rodata.str1.1
                0x008004a9       0x4a Drivers/ADC2518.o
 .rodata.str1.1
                0x008004f3       0x4b Drivers/ADC_uC.o
 .rodata.str1.1
                0x0080053e       0x30 Drivers/NPA700.o
 .rodata.str1.1
                0x0080056e       0x7b Drivers/RH_T.o
 .rodata.str1.1
                0x008005e9       0x15 Drivers/spi_ADC2518.o
 .rodata.str1.1
                0x008005fe       0x70 Drivers/RTC.o
 .rodata.str1.1
                0x0080066e       0x8f Drivers/spi_DACs.o
 .rodata.str1.1
                0x008006fd       0x4a Drivers/spi_FRAM.o
                                 0x52 (size before relaxing)
 .rodata.str1.1
                0x00800747       0xa3 Drivers/TWI_MUX.o
 .rodata.numErrors.1817
                0x008007ea        0x4 Drivers/TWI_MUX.o
 .rodata.str1.1
                0x008007ee       0xb9 Drivers/twi_utils.o
 .rodata.str1.1
                0x008008a7       0x11 Initialize.o
 .rodata.str1.1
                0x008008b8        0xc main.o
 .rodata.str1.1
                0x008008c4       0x39 uart.o
 *(.gnu.linkonce.r*)
                0x008008fe                . = ALIGN (0x2)
 *fill*         0x008008fd        0x1 
                0x008008fe                _edata = .
                0x008008fe                PROVIDE (__data_end, .)

.bss            0x008008fe      0x13b
                0x008008fe                PROVIDE (__bss_start, .)
 *(.bss)
 *(.bss*)
 .bss.test_block
                0x008008fe        0x2 Commands/testCommand1.o
                0x008008fe                test_block
 .bss.useMicron
                0x00800900        0x1 Commands/testCommand1.o
                0x00800900                useMicron
 .bss.ms_twiCount
                0x00800901        0x2 CountersAndTimers.o
                0x00800901                ms_twiCount
 .bss.halfSecFlag
                0x00800903        0x1 CountersAndTimers.o
                0x00800903                halfSecFlag
 .bss.oneSecFlag
                0x00800904        0x1 CountersAndTimers.o
                0x00800904                oneSecFlag
 .bss.counter1024Hz
                0x00800905        0x2 CountersAndTimers.o
                0x00800905                counter1024Hz
 .bss.numReadings.2095
                0x00800907        0x2 Drivers/ADC_uC.o
 .bss.currentADCchannel
                0x00800909        0x1 Drivers/ADC_uC.o
 .bss.firstADCchannel
                0x0080090a        0x1 Drivers/ADC_uC.o
 .bss.adcCompleteFlag
                0x0080090b        0x1 Drivers/ADC_uC.o
                0x0080090b                adcCompleteFlag
 .bss.adcReadings
                0x0080090c       0x20 Drivers/ADC_uC.o
 .bss.npaU47    0x0080092c        0x6 Drivers/NPA700.o
 .bss.npaAbsP   0x00800932        0x6 Drivers/NPA700.o
 .bss.npaFlow   0x00800938        0x6 Drivers/NPA700.o
 .bss.rhStarted
                0x0080093e        0x1 Drivers/RH_T.o
 .bss.serialNumber
                0x0080093f        0x2 Drivers/spi_FRAM.o
                0x0080093f                serialNumber
 .bss.verbose   0x00800941        0x1 Drivers/twi_utils.o
 .bss.currentUart
                0x00800942        0x1 uart.o
                0x00800942                currentUart
 .bss.pauseOutputForCmdCnt
                0x00800943        0x1 uart.o
                0x00800943                pauseOutputForCmdCnt
 .bss.outputCharacters
                0x00800944        0x1 uart.o
                0x00800944                outputCharacters
 .bss.commandSize
                0x00800945        0x1 uart.o
                0x00800945                commandSize
 .bss.bufIndex0
                0x00800946        0x1 uart.o
                0x00800946                bufIndex0
 .bss.clrError  0x00800947        0x2 uart.o
                0x00800947                clrError
 .bss.commandCompleteFlag0
                0x00800949        0x1 uart.o
                0x00800949                commandCompleteFlag0
 *(COMMON)
 COMMON         0x0080094a       0x40 main.o
                0x0080094a                userSettings
                0x0080094f                readings
                0x00800981                hdwConfig
 COMMON         0x0080098a       0xa9 uart.o
                0x0080098a                rb
                0x00800992                buf1
                0x00800a12                commandCompleteFlag1
                0x00800a13                buf
 COMMON         0x00800a33        0x6 c:/program files (x86)/atmel/studio/7.0/toolchain/avr8/avr8-gnu-toolchain/bin/../lib/gcc/avr/5.4.0/../../../../avr/lib/avr6\libc.a(iob.o)
                0x00800a33                __iob
                0x00800a39                PROVIDE (__bss_end, .)
                0x00005460                __data_load_start = LOADADDR (.data)
                0x00005b5e                __data_load_end = (__data_load_start + SIZEOF (.data))

.noinit         0x00800a39        0x0
                [!provide]                PROVIDE (__noinit_start, .)
 *(.noinit*)
                [!provide]                PROVIDE (__noinit_end, .)
                0x00800a39                _end = .
                [!provide]                PROVIDE (__heap_start, .)

.eeprom         0x00810000        0x0
 *(.eeprom*)
                0x00810000                __eeprom_end = .

.fuse
 *(.fuse)
 *(.lfuse)
 *(.hfuse)
 *(.efuse)

.lock
 *(.lock*)

.signature
 *(.signature*)

.user_signatures
 *(.user_signatures*)

.stab
 *(.stab)

.stabstr
 *(.stabstr)

.stab.excl
 *(.stab.excl)

.stab.exclstr
 *(.stab.exclstr)

.stab.index
 *(.stab.index)

.stab.indexstr
 *(.stab.indexstr)

.comment        0x00000000       0x5c
 *(.comment)
 .comment       0x00000000       0x30 Commands/testCommand1.o
                                 0x31 (size before relaxing)
 .comment       0x00000030       0x31 CountersAndTimers.o
 .comment       0x00000030       0x31 Drivers/ADC2518.o
 .comment       0x00000030       0x31 Drivers/ADC_uC.o
 .comment       0x00000030       0x31 Drivers/NPA700.o
 .comment       0x00000030       0x31 Drivers/RH_T.o
 .comment       0x00000030       0x31 Drivers/spi_ADC2518.o
 .comment       0x00000030       0x31 Drivers/EnablesAndCSs.o
 .comment       0x00000030       0x31 Drivers/FLASH_Driver.o
 .comment       0x00000030       0x31 Drivers/RTC.o
 .comment       0x00000030       0x31 Drivers/spi.o
 .comment       0x00000030       0x31 Drivers/spi_DACs.o
 .comment       0x00000030       0x31 Drivers/spi_FRAM.o
 .comment       0x00000030       0x31 Drivers/spi_RTC.o
 .comment       0x00000030       0x31 Drivers/TWI_MUX.o
 .comment       0x00000030       0x31 Drivers/twi_utils.o
 .comment       0x00000030       0x31 Initialize.o
 .comment       0x00000030       0x31 main.o
 .comment       0x00000030       0x31 majorGeneral.o
 .comment       0x00000030       0x31 uart.o
 .comment       0x00000030       0x2c c:/program files (x86)/atmel/studio/7.0/toolchain/avr8/avr8-gnu-toolchain/bin/../lib/gcc/avr/5.4.0/../../../../avr/lib/avr6\libprintf_flt.a(vfprintf_flt.o)
                                 0x2d (size before relaxing)
 .comment       0x0000005c       0x31 c:/program files (x86)/atmel/studio/7.0/toolchain/avr8/avr8-gnu-toolchain/bin/../lib/gcc/avr/5.4.0/../../../../avr/lib/avr6\libc.a(fputc.o)
 .comment       0x0000005c       0x31 c:/program files (x86)/atmel/studio/7.0/toolchain/avr8/avr8-gnu-toolchain/bin/../lib/gcc/avr/5.4.0/../../../../avr/lib/avr6\libc.a(iob.o)
 .comment       0x0000005c       0x31 c:/program files (x86)/atmel/studio/7.0/toolchain/avr8/avr8-gnu-toolchain/bin/../lib/gcc/avr/5.4.0/../../../../avr/lib/avr6\libc.a(printf.o)
 .comment       0x0000005c       0x31 c:/program files (x86)/atmel/studio/7.0/toolchain/avr8/avr8-gnu-toolchain/bin/../lib/gcc/avr/5.4.0/../../../../avr/lib/avr6\libc.a(printf_p.o)
 .comment       0x0000005c       0x31 c:/program files (x86)/atmel/studio/7.0/toolchain/avr8/avr8-gnu-toolchain/bin/../lib/gcc/avr/5.4.0/../../../../avr/lib/avr6\libc.a(putchar.o)
 .comment       0x0000005c       0x31 c:/program files (x86)/atmel/studio/7.0/toolchain/avr8/avr8-gnu-toolchain/bin/../lib/gcc/avr/5.4.0/../../../../avr/lib/avr6\libc.a(puts.o)

.note.gnu.avr.deviceinfo
                0x00000000       0x40
 .note.gnu.avr.deviceinfo
                0x00000000       0x40 C:/Program Files (x86)/Atmel/Studio/7.0/Packs/atmel/ATmega_DFP/2.0.401/gcc/dev/atmega2560/avr6/crtatmega2560.o

.note.gnu.build-id
 *(.note.gnu.build-id)

.debug
 *(.debug)

.line
 *(.line)

.debug_srcinfo
 *(.debug_srcinfo)

.debug_sfnames
 *(.debug_sfnames)

.debug_aranges  0x00000000      0x6b0
 *(.debug_aranges)
 .debug_aranges
                0x00000000       0x90 Commands/testCommand1.o
 .debug_aranges
                0x00000090       0x38 CountersAndTimers.o
 .debug_aranges
                0x000000c8       0x58 Drivers/ADC2518.o
 .debug_aranges
                0x00000120       0x50 Drivers/ADC_uC.o
 .debug_aranges
                0x00000170       0x50 Drivers/NPA700.o
 .debug_aranges
                0x000001c0       0x38 Drivers/RH_T.o
 .debug_aranges
                0x000001f8       0x30 Drivers/spi_ADC2518.o
 .debug_aranges
                0x00000228       0xf0 Drivers/EnablesAndCSs.o
 .debug_aranges
                0x00000318       0xc8 Drivers/FLASH_Driver.o
 .debug_aranges
                0x000003e0       0x30 Drivers/RTC.o
 .debug_aranges
                0x00000410       0x58 Drivers/spi.o
 .debug_aranges
                0x00000468       0x48 Drivers/spi_DACs.o
 .debug_aranges
                0x000004b0       0x58 Drivers/spi_FRAM.o
 .debug_aranges
                0x00000508       0x28 Drivers/spi_RTC.o
 .debug_aranges
                0x00000530       0x28 Drivers/TWI_MUX.o
 .debug_aranges
                0x00000558       0x50 Drivers/twi_utils.o
 .debug_aranges
                0x000005a8       0x30 Initialize.o
 .debug_aranges
                0x000005d8       0x20 main.o
 .debug_aranges
                0x000005f8       0x38 majorGeneral.o
 .debug_aranges
                0x00000630       0x80 uart.o

.debug_pubnames
 *(.debug_pubnames)

.debug_info     0x00000000     0x7025
 *(.debug_info .gnu.linkonce.wi.*)
 .debug_info    0x00000000      0xbbc C:/Program Files (x86)/Atmel/Studio/7.0/Packs/atmel/ATmega_DFP/2.0.401/gcc/dev/atmega2560/avr6/crtatmega2560.o
 .debug_info    0x00000bbc     0x1104 Commands/testCommand1.o
 .debug_info    0x00001cc0      0x17d CountersAndTimers.o
 .debug_info    0x00001e3d      0x358 Drivers/ADC2518.o
 .debug_info    0x00002195      0x40a Drivers/ADC_uC.o
 .debug_info    0x0000259f      0x430 Drivers/NPA700.o
 .debug_info    0x000029cf      0x3e3 Drivers/RH_T.o
 .debug_info    0x00002db2      0x2c2 Drivers/spi_ADC2518.o
 .debug_info    0x00003074      0x32e Drivers/EnablesAndCSs.o
 .debug_info    0x000033a2     0x1036 Drivers/FLASH_Driver.o
 .debug_info    0x000043d8      0x37a Drivers/RTC.o
 .debug_info    0x00004752      0x2ee Drivers/spi.o
 .debug_info    0x00004a40      0x553 Drivers/spi_DACs.o
 .debug_info    0x00004f93      0x521 Drivers/spi_FRAM.o
 .debug_info    0x000054b4      0x1d0 Drivers/spi_RTC.o
 .debug_info    0x00005684      0x21a Drivers/TWI_MUX.o
 .debug_info    0x0000589e      0x5fc Drivers/twi_utils.o
 .debug_info    0x00005e9a      0x402 Initialize.o
 .debug_info    0x0000629c      0x33f main.o
 .debug_info    0x000065db      0x20c majorGeneral.o
 .debug_info    0x000067e7      0x83e uart.o

.debug_abbrev   0x00000000     0x27fb
 *(.debug_abbrev)
 .debug_abbrev  0x00000000      0xb1a C:/Program Files (x86)/Atmel/Studio/7.0/Packs/atmel/ATmega_DFP/2.0.401/gcc/dev/atmega2560/avr6/crtatmega2560.o
 .debug_abbrev  0x00000b1a      0x284 Commands/testCommand1.o
 .debug_abbrev  0x00000d9e       0xba CountersAndTimers.o
 .debug_abbrev  0x00000e58      0x110 Drivers/ADC2518.o
 .debug_abbrev  0x00000f68      0x1b9 Drivers/ADC_uC.o
 .debug_abbrev  0x00001121      0x196 Drivers/NPA700.o
 .debug_abbrev  0x000012b7      0x1b2 Drivers/RH_T.o
 .debug_abbrev  0x00001469       0xef Drivers/spi_ADC2518.o
 .debug_abbrev  0x00001558       0xc2 Drivers/EnablesAndCSs.o
 .debug_abbrev  0x0000161a      0x20f Drivers/FLASH_Driver.o
 .debug_abbrev  0x00001829      0x11a Drivers/RTC.o
 .debug_abbrev  0x00001943      0x10a Drivers/spi.o
 .debug_abbrev  0x00001a4d      0x102 Drivers/spi_DACs.o
 .debug_abbrev  0x00001b4f      0x164 Drivers/spi_FRAM.o
 .debug_abbrev  0x00001cb3       0xa3 Drivers/spi_RTC.o
 .debug_abbrev  0x00001d56      0x103 Drivers/TWI_MUX.o
 .debug_abbrev  0x00001e59      0x27e Drivers/twi_utils.o
 .debug_abbrev  0x000020d7      0x1fc Initialize.o
 .debug_abbrev  0x000022d3      0x112 main.o
 .debug_abbrev  0x000023e5      0x12c majorGeneral.o
 .debug_abbrev  0x00002511      0x2ea uart.o

.debug_line     0x00000000     0x41b3
 *(.debug_line .debug_line.* .debug_line_end)
 .debug_line    0x00000000      0x1fa C:/Program Files (x86)/Atmel/Studio/7.0/Packs/atmel/ATmega_DFP/2.0.401/gcc/dev/atmega2560/avr6/crtatmega2560.o
 .debug_line    0x000001fa      0xc5a Commands/testCommand1.o
 .debug_line    0x00000e54      0x171 CountersAndTimers.o
 .debug_line    0x00000fc5      0x235 Drivers/ADC2518.o
 .debug_line    0x000011fa      0x2cd Drivers/ADC_uC.o
 .debug_line    0x000014c7      0x2bf Drivers/NPA700.o
 .debug_line    0x00001786      0x242 Drivers/RH_T.o
 .debug_line    0x000019c8      0x192 Drivers/spi_ADC2518.o
 .debug_line    0x00001b5a      0x2fd Drivers/EnablesAndCSs.o
 .debug_line    0x00001e57      0x6fd Drivers/FLASH_Driver.o
 .debug_line    0x00002554      0x1be Drivers/RTC.o
 .debug_line    0x00002712      0x273 Drivers/spi.o
 .debug_line    0x00002985      0x284 Drivers/spi_DACs.o
 .debug_line    0x00002c09      0x29f Drivers/spi_FRAM.o
 .debug_line    0x00002ea8      0x120 Drivers/spi_RTC.o
 .debug_line    0x00002fc8      0x17a Drivers/TWI_MUX.o
 .debug_line    0x00003142      0x475 Drivers/twi_utils.o
 .debug_line    0x000035b7      0x255 Initialize.o
 .debug_line    0x0000380c      0x191 main.o
 .debug_line    0x0000399d      0x1d9 majorGeneral.o
 .debug_line    0x00003b76      0x63d uart.o

.debug_frame    0x00000000     0x1358
 *(.debug_frame)
 .debug_frame   0x00000000      0x200 Commands/testCommand1.o
 .debug_frame   0x00000200       0x7c CountersAndTimers.o
 .debug_frame   0x0000027c      0x104 Drivers/ADC2518.o
 .debug_frame   0x00000380      0x154 Drivers/ADC_uC.o
 .debug_frame   0x000004d4       0xd8 Drivers/NPA700.o
 .debug_frame   0x000005ac       0x78 Drivers/RH_T.o
 .debug_frame   0x00000624       0x88 Drivers/spi_ADC2518.o
 .debug_frame   0x000006ac      0x1c4 Drivers/EnablesAndCSs.o
 .debug_frame   0x00000870      0x2e0 Drivers/FLASH_Driver.o
 .debug_frame   0x00000b50       0x84 Drivers/RTC.o
 .debug_frame   0x00000bd4       0xb4 Drivers/spi.o
 .debug_frame   0x00000c88      0x104 Drivers/spi_DACs.o
 .debug_frame   0x00000d8c      0x120 Drivers/spi_FRAM.o
 .debug_frame   0x00000eac       0x5c Drivers/spi_RTC.o
 .debug_frame   0x00000f08       0x54 Drivers/TWI_MUX.o
 .debug_frame   0x00000f5c      0x130 Drivers/twi_utils.o
 .debug_frame   0x0000108c       0x50 Initialize.o
 .debug_frame   0x000010dc       0x24 main.o
 .debug_frame   0x00001100       0x54 majorGeneral.o
 .debug_frame   0x00001154      0x204 uart.o

.debug_str      0x00000000     0x214c
 *(.debug_str)
 .debug_str     0x00000000      0x3e6 C:/Program Files (x86)/Atmel/Studio/7.0/Packs/atmel/ATmega_DFP/2.0.401/gcc/dev/atmega2560/avr6/crtatmega2560.o
 .debug_str     0x000003e6      0x665 Commands/testCommand1.o
                                0x6be (size before relaxing)
 .debug_str     0x00000a4b       0x81 CountersAndTimers.o
                                0x208 (size before relaxing)
 .debug_str     0x00000acc       0xbe Drivers/ADC2518.o
                                0x29a (size before relaxing)
 .debug_str     0x00000b8a      0x11d Drivers/ADC_uC.o
                                0x325 (size before relaxing)
 .debug_str     0x00000ca7      0x119 Drivers/NPA700.o
                                0x2d2 (size before relaxing)
 .debug_str     0x00000dc0       0x48 Drivers/RH_T.o
                                0x261 (size before relaxing)
 .debug_str     0x00000e08       0x50 Drivers/spi_ADC2518.o
                                0x20d (size before relaxing)
 .debug_str     0x00000e58       0xd4 Drivers/EnablesAndCSs.o
                                0x310 (size before relaxing)
 .debug_str     0x00000f2c      0xc37 Drivers/FLASH_Driver.o
                                0xead (size before relaxing)
 .debug_str     0x00001b63       0xc9 Drivers/RTC.o
                                0x28c (size before relaxing)
 .debug_str     0x00001c2c       0x89 Drivers/spi.o
                                0x28d (size before relaxing)
 .debug_str     0x00001cb5       0x27 Drivers/spi_DACs.o
                                0x29e (size before relaxing)
 .debug_str     0x00001cdc       0x40 Drivers/spi_FRAM.o
                                0x2ba (size before relaxing)
 .debug_str     0x00001d1c       0x15 Drivers/spi_RTC.o
                                0x1ec (size before relaxing)
 .debug_str     0x00001d31       0x3c Drivers/TWI_MUX.o
                                0x20f (size before relaxing)
 .debug_str     0x00001d6d       0xf7 Drivers/twi_utils.o
                                0x2fe (size before relaxing)
 .debug_str     0x00001e64       0x6d Initialize.o
                                0x326 (size before relaxing)
 .debug_str     0x00001ed1       0xdf main.o
                                0x35d (size before relaxing)
 .debug_str     0x00001fb0       0x5a majorGeneral.o
                                0x22d (size before relaxing)
 .debug_str     0x0000200a      0x142 uart.o
                                0x3a3 (size before relaxing)

.debug_loc      0x00000000     0x42dc
 *(.debug_loc)
 .debug_loc     0x00000000      0xb63 Commands/testCommand1.o
 .debug_loc     0x00000b63       0x85 CountersAndTimers.o
 .debug_loc     0x00000be8      0x37e Drivers/ADC2518.o
 .debug_loc     0x00000f66      0x422 Drivers/ADC_uC.o
 .debug_loc     0x00001388      0x284 Drivers/NPA700.o
 .debug_loc     0x0000160c       0xee Drivers/RH_T.o
 .debug_loc     0x000016fa      0x286 Drivers/spi_ADC2518.o
 .debug_loc     0x00001980      0xdd7 Drivers/FLASH_Driver.o
 .debug_loc     0x00002757      0x12c Drivers/RTC.o
 .debug_loc     0x00002883      0x22d Drivers/spi.o
 .debug_loc     0x00002ab0      0x33a Drivers/spi_DACs.o
 .debug_loc     0x00002dea      0x3f0 Drivers/spi_FRAM.o
 .debug_loc     0x000031da      0x1a8 Drivers/spi_RTC.o
 .debug_loc     0x00003382      0x109 Drivers/TWI_MUX.o
 .debug_loc     0x0000348b      0x653 Drivers/twi_utils.o
 .debug_loc     0x00003ade       0x53 Initialize.o
 .debug_loc     0x00003b31       0xbd majorGeneral.o
 .debug_loc     0x00003bee      0x6ee uart.o

.debug_macinfo
 *(.debug_macinfo)

.debug_weaknames
 *(.debug_weaknames)

.debug_funcnames
 *(.debug_funcnames)

.debug_typenames
 *(.debug_typenames)

.debug_varnames
 *(.debug_varnames)

.debug_pubtypes
 *(.debug_pubtypes)

.debug_ranges   0x00000000      0x5a0
 *(.debug_ranges)
 .debug_ranges  0x00000000       0x80 Commands/testCommand1.o
 .debug_ranges  0x00000080       0x28 CountersAndTimers.o
 .debug_ranges  0x000000a8       0x48 Drivers/ADC2518.o
 .debug_ranges  0x000000f0       0x40 Drivers/ADC_uC.o
 .debug_ranges  0x00000130       0x40 Drivers/NPA700.o
 .debug_ranges  0x00000170       0x28 Drivers/RH_T.o
 .debug_ranges  0x00000198       0x20 Drivers/spi_ADC2518.o
 .debug_ranges  0x000001b8       0xe0 Drivers/EnablesAndCSs.o
 .debug_ranges  0x00000298       0xb8 Drivers/FLASH_Driver.o
 .debug_ranges  0x00000350       0x20 Drivers/RTC.o
 .debug_ranges  0x00000370       0x60 Drivers/spi.o
 .debug_ranges  0x000003d0       0x38 Drivers/spi_DACs.o
 .debug_ranges  0x00000408       0x48 Drivers/spi_FRAM.o
 .debug_ranges  0x00000450       0x18 Drivers/spi_RTC.o
 .debug_ranges  0x00000468       0x18 Drivers/TWI_MUX.o
 .debug_ranges  0x00000480       0x58 Drivers/twi_utils.o
 .debug_ranges  0x000004d8       0x20 Initialize.o
 .debug_ranges  0x000004f8       0x10 main.o
 .debug_ranges  0x00000508       0x28 majorGeneral.o
 .debug_ranges  0x00000530       0x70 uart.o

.debug_macro
 *(.debug_macro)
OUTPUT(SchuylerBoardTest.elf elf32-avr)
LOAD linker stubs
